{
  "all_application_file_write_bytes": null,
  "commits": 30,
  "executable_sha256": "aaf4a5ed3626ffa0502948f1911027eca888e2f09460c1d86ad94f7cffb51b9b",
  "final_files_and_pages": {
    "active_page_bytes": 3166208,
    "archive_failed": 0,
    "archive_ok": 1116,
    "archive_spool_present_bytes": 0,
    "db_bytes": 2740224,
    "freelist_count": 0,
    "journal_mode": "wal",
    "page_count": 773,
    "page_size": 4096,
    "reusable_page_bytes": 0,
    "schema_version": 5,
    "shm_bytes": 32768,
    "spool_present_bytes": 0,
    "synchronous": 2,
    "wal_bytes": 4140632
  },
  "fixture_hash": "3b863d21eff492ec00e7c7238521690df4a0c099fa9295cda6880795af521739",
  "frame_budget_overruns": 0,
  "frames": 30,
  "initial_files_and_pages": {
    "active_page_bytes": 3166208,
    "archive_failed": 0,
    "archive_ok": 1116,
    "archive_spool_present_bytes": 0,
    "db_bytes": 2740224,
    "freelist_count": 0,
    "journal_mode": "wal",
    "page_count": 773,
    "page_size": 4096,
    "reusable_page_bytes": 0,
    "schema_version": 5,
    "shm_bytes": 32768,
    "spool_present_bytes": 0,
    "synchronous": 2,
    "wal_bytes": 4140632
  },
  "kind": "isolated-real-facade",
  "latency": {
    "archive_tick": {
      "count": 30,
      "max_ms": 0.0036,
      "p50_ms": 0.0019,
      "p95_ms": 0.0024,
      "p99_ms": 0.0025
    },
    "facade_ingest_including_durable_commit": {
      "count": 30,
      "max_ms": 19.6933,
      "p50_ms": 18.4273,
      "p95_ms": 19.4638,
      "p99_ms": 19.546999999999997
    },
    "live_query": {
      "count": 6,
      "max_ms": 1.0732000000000002,
      "p50_ms": 0.8011999999999999,
      "p95_ms": 0.9790000000000001,
      "p99_ms": 0.9790000000000001
    },
    "report_first_reader": {
      "count": 6,
      "max_ms": 1.8502,
      "p50_ms": 1.6421999999999999,
      "p95_ms": 1.8195,
      "p99_ms": 1.8195
    },
    "report_repeated_reader": {
      "count": 6,
      "max_ms": 1.5221,
      "p50_ms": 1.2141000000000002,
      "p95_ms": 1.3178,
      "p99_ms": 1.3178
    },
    "whole_tick": {
      "count": 30,
      "max_ms": 24.0013,
      "p50_ms": 19.0538,
      "p95_ms": 23.551699999999997,
      "p99_ms": 23.6802
    }
  },
  "limits": [
    "仅当前原生基准进程；没有 HTTP、Tauri 事件或 WebView，窗口为后台模拟状态。",
    "CPU/I/O/内存不含初始化、warmup、结果 JSON 写出及最终统计查询；采样开销包含在测量内。",
    "SQLite xWrite 只统计隔离目录内成功请求字节，不含 mmap/shm、spool、日志、系统缓存与物理设备写放大。",
    "process I/O 为 OS 当前进程计数，不能替代文件归属；spool 瞬时写入需要独立回归或文件跟踪。",
    "report first/repeated 每次均打开新 reader；未驱逐 OS page cache，不能宣称物理冷读。",
    "ingest 延迟包含 accounting、告警与提交；不是单独 SQLite commit 耗时。",
    "串行驱动没有 collector 输入队列；schedule_lag 不是实际队列深度。",
    "归档齐全 fixture 使用空历史的持久化结果；本回放不代替完整30天容量库或安装态 soak。",
    "failed 档案场景由隔离库 BEFORE INSERT 触发器拒绝持久化，非真实磁盘故障。"
  ],
  "local_utc_offset_seconds": -18000,
  "measured_wall_secs": 30.0005267,
  "native_after": {
    "cpu_seconds": 9.625,
    "handles": 114,
    "io_read_bytes": 379708708,
    "io_write_bytes": 35369052,
    "io_write_operations": 16421,
    "private_bytes": 12283904,
    "working_set_bytes": 21291008
  },
  "native_before": {
    "cpu_seconds": 9.53125,
    "handles": 114,
    "io_read_bytes": 378949748,
    "io_write_bytes": 34627452,
    "io_write_operations": 16061,
    "private_bytes": 10252288,
    "working_set_bytes": 19603456
  },
  "native_cpu_seconds": 0.09375,
  "native_private_bytes": {
    "max": 13156352.0,
    "p95": 12492800.0,
    "samples": 30
  },
  "native_process_io_read_bytes": 758960,
  "native_process_io_write_bytes": 741600,
  "native_process_io_write_operations": 360,
  "native_working_set_bytes": {
    "max": 22011904.0,
    "p95": 21618688.0,
    "samples": 30
  },
  "options": {
    "active": 1000,
    "archive": "complete",
    "dir": "D:\\Documents\\Code\\Github\\clash-verge-ai-residential\\bench-data\\t05-rebuild-20261002-4f8a8c68\\data\\matrix\\matrix-a1000-unchanged-candidate",
    "duration_secs": 30,
    "hz": 1,
    "metadata_change_percent": 100,
    "period_rule": false,
    "query_every_frames": 5,
    "seed": 20260919,
    "source_revision": "manifest-sha256:fb0aa37772bc274ff8637bd5ad049c322b569cbf62bd27c6123651a1fc1fa35b",
    "start_utc": 1800001800,
    "virtual_time": false,
    "warmup_secs": 5,
    "workload": "unchanged"
  },
  "platform": "windows",
  "process_id": 47096,
  "samples": [
    {
      "active_tokens": 0,
      "frame": 1,
      "live_rows": 1000,
      "native": {
        "cpu_seconds": 9.53125,
        "handles": 114,
        "io_read_bytes": 379019380,
        "io_write_bytes": 34652172,
        "io_write_operations": 16073,
        "private_bytes": 9338880,
        "working_set_bytes": 18825216
      },
      "token_bytes": 0,
      "virtual_utc": 1800001806,
      "wal_bytes": 4140632,
      "wall_secs": 0.0189994
    },
    {
      "active_tokens": 0,
      "frame": 2,
      "live_rows": 1000,
      "native": {
        "cpu_seconds": 9.53125,
        "handles": 114,
        "io_read_bytes": 379019380,
        "io_write_bytes": 34676892,
        "io_write_operations": 16085,
        "private_bytes": 10223616,
        "working_set_bytes": 19640320
      },
      "token_bytes": 0,
      "virtual_utc": 1800001807,
      "wal_bytes": 4140632,
      "wall_secs": 1.0192058
    },
    {
      "active_tokens": 0,
      "frame": 3,
      "live_rows": 1000,
      "native": {
        "cpu_seconds": 9.53125,
        "handles": 114,
        "io_read_bytes": 379019380,
        "io_write_bytes": 34701612,
        "io_write_operations": 16097,
        "private_bytes": 9338880,
        "working_set_bytes": 18825216
      },
      "token_bytes": 0,
      "virtual_utc": 1800001808,
      "wal_bytes": 4140632,
      "wall_secs": 2.0198372
    },
    {
      "active_tokens": 0,
      "frame": 4,
      "live_rows": 1000,
      "native": {
        "cpu_seconds": 9.53125,
        "handles": 114,
        "io_read_bytes": 379019380,
        "io_write_bytes": 34726332,
        "io_write_operations": 16109,
        "private_bytes": 10207232,
        "working_set_bytes": 19611648
      },
      "token_bytes": 0,
      "virtual_utc": 1800001809,
      "wal_bytes": 4140632,
      "wall_secs": 3.0197046
    },
    {
      "active_tokens": 0,
      "frame": 5,
      "live_rows": 1000,
      "native": {
        "cpu_seconds": 9.53125,
        "handles": 114,
        "io_read_bytes": 379134268,
        "io_write_bytes": 34751052,
        "io_write_operations": 16121,
        "private_bytes": 10117120,
        "working_set_bytes": 19599360
      },
      "token_bytes": 0,
      "virtual_utc": 1800001810,
      "wal_bytes": 4140632,
      "wall_secs": 4.0236114
    },
    {
      "active_tokens": 0,
      "frame": 6,
      "live_rows": 1000,
      "native": {
        "cpu_seconds": 9.546875,
        "handles": 114,
        "io_read_bytes": 379134268,
        "io_write_bytes": 34775772,
        "io_write_operations": 16133,
        "private_bytes": 12046336,
        "working_set_bytes": 21331968
      },
      "token_bytes": 0,
      "virtual_utc": 1800001811,
      "wal_bytes": 4140632,
      "wall_secs": 5.0187763
    },
    {
      "active_tokens": 0,
      "frame": 7,
      "live_rows": 1000,
      "native": {
        "cpu_seconds": 9.546875,
        "handles": 114,
        "io_read_bytes": 379134268,
        "io_write_bytes": 34800492,
        "io_write_operations": 16145,
        "private_bytes": 9527296,
        "working_set_bytes": 19095552
      },
      "token_bytes": 0,
      "virtual_utc": 1800001812,
      "wal_bytes": 4140632,
      "wall_secs": 6.0178544
    },
    {
      "active_tokens": 0,
      "frame": 8,
      "live_rows": 1000,
      "native": {
        "cpu_seconds": 9.546875,
        "handles": 114,
        "io_read_bytes": 379134268,
        "io_write_bytes": 34825212,
        "io_write_operations": 16157,
        "private_bytes": 12029952,
        "working_set_bytes": 21336064
      },
      "token_bytes": 0,
      "virtual_utc": 1800001813,
      "wal_bytes": 4140632,
      "wall_secs": 7.0200541
    },
    {
      "active_tokens": 0,
      "frame": 9,
      "live_rows": 1000,
      "native": {
        "cpu_seconds": 9.546875,
        "handles": 114,
        "io_read_bytes": 379134268,
        "io_write_bytes": 34849932,
        "io_write_operations": 16169,
        "private_bytes": 9617408,
        "working_set_bytes": 19226624
      },
      "token_bytes": 0,
      "virtual_utc": 1800001814,
      "wal_bytes": 4140632,
      "wall_secs": 8.0193068
    },
    {
      "active_tokens": 0,
      "frame": 10,
      "live_rows": 1000,
      "native": {
        "cpu_seconds": 9.5625,
        "handles": 114,
        "io_read_bytes": 379249156,
        "io_write_bytes": 34874652,
        "io_write_operations": 16181,
        "private_bytes": 11010048,
        "working_set_bytes": 20439040
      },
      "token_bytes": 0,
      "virtual_utc": 1800001815,
      "wal_bytes": 4140632,
      "wall_secs": 9.024125
    },
    {
      "active_tokens": 0,
      "frame": 11,
      "live_rows": 1000,
      "native": {
        "cpu_seconds": 9.5625,
        "handles": 114,
        "io_read_bytes": 379249156,
        "io_write_bytes": 34899372,
        "io_write_operations": 16193,
        "private_bytes": 9601024,
        "working_set_bytes": 19124224
      },
      "token_bytes": 0,
      "virtual_utc": 1800001816,
      "wal_bytes": 4140632,
      "wall_secs": 10.0181593
    },
    {
      "active_tokens": 0,
      "frame": 12,
      "live_rows": 1000,
      "native": {
        "cpu_seconds": 9.5625,
        "handles": 114,
        "io_read_bytes": 379249156,
        "io_write_bytes": 34924092,
        "io_write_operations": 16205,
        "private_bytes": 12492800,
        "working_set_bytes": 21532672
      },
      "token_bytes": 0,
      "virtual_utc": 1800001817,
      "wal_bytes": 4140632,
      "wall_secs": 11.0180899
    },
    {
      "active_tokens": 0,
      "frame": 13,
      "live_rows": 1000,
      "native": {
        "cpu_seconds": 9.5625,
        "handles": 114,
        "io_read_bytes": 379249156,
        "io_write_bytes": 34948812,
        "io_write_operations": 16217,
        "private_bytes": 11206656,
        "working_set_bytes": 20455424
      },
      "token_bytes": 0,
      "virtual_utc": 1800001818,
      "wal_bytes": 4140632,
      "wall_secs": 12.018766
    },
    {
      "active_tokens": 0,
      "frame": 14,
      "live_rows": 1000,
      "native": {
        "cpu_seconds": 9.578125,
        "handles": 114,
        "io_read_bytes": 379249156,
        "io_write_bytes": 34973532,
        "io_write_operations": 16229,
        "private_bytes": 12754944,
        "working_set_bytes": 21790720
      },
      "token_bytes": 0,
      "virtual_utc": 1800001819,
      "wal_bytes": 4140632,
      "wall_secs": 13.018895
    },
    {
      "active_tokens": 0,
      "frame": 15,
      "live_rows": 1000,
      "native": {
        "cpu_seconds": 9.578125,
        "handles": 114,
        "io_read_bytes": 379364044,
        "io_write_bytes": 34998252,
        "io_write_operations": 16241,
        "private_bytes": 10510336,
        "working_set_bytes": 19828736
      },
      "token_bytes": 0,
      "virtual_utc": 1800001820,
      "wal_bytes": 4140632,
      "wall_secs": 14.0206466
    },
    {
      "active_tokens": 0,
      "frame": 16,
      "live_rows": 1000,
      "native": {
        "cpu_seconds": 9.578125,
        "handles": 114,
        "io_read_bytes": 379364044,
        "io_write_bytes": 35022972,
        "io_write_operations": 16253,
        "private_bytes": 12398592,
        "working_set_bytes": 21618688
      },
      "token_bytes": 0,
      "virtual_utc": 1800001821,
      "wal_bytes": 4140632,
      "wall_secs": 15.0195719
    },
    {
      "active_tokens": 0,
      "frame": 17,
      "live_rows": 1000,
      "native": {
        "cpu_seconds": 9.578125,
        "handles": 114,
        "io_read_bytes": 379364044,
        "io_write_bytes": 35047692,
        "io_write_operations": 16265,
        "private_bytes": 9592832,
        "working_set_bytes": 19247104
      },
      "token_bytes": 0,
      "virtual_utc": 1800001822,
      "wal_bytes": 4140632,
      "wall_secs": 16.0196958
    },
    {
      "active_tokens": 0,
      "frame": 18,
      "live_rows": 1000,
      "native": {
        "cpu_seconds": 9.578125,
        "handles": 114,
        "io_read_bytes": 379364044,
        "io_write_bytes": 35072412,
        "io_write_operations": 16277,
        "private_bytes": 11943936,
        "working_set_bytes": 21397504
      },
      "token_bytes": 0,
      "virtual_utc": 1800001823,
      "wal_bytes": 4140632,
      "wall_secs": 17.0190776
    },
    {
      "active_tokens": 0,
      "frame": 19,
      "live_rows": 1000,
      "native": {
        "cpu_seconds": 9.578125,
        "handles": 114,
        "io_read_bytes": 379364044,
        "io_write_bytes": 35097132,
        "io_write_operations": 16289,
        "private_bytes": 9670656,
        "working_set_bytes": 19320832
      },
      "token_bytes": 0,
      "virtual_utc": 1800001824,
      "wal_bytes": 4140632,
      "wall_secs": 18.0188969
    },
    {
      "active_tokens": 0,
      "frame": 20,
      "live_rows": 1000,
      "native": {
        "cpu_seconds": 9.578125,
        "handles": 114,
        "io_read_bytes": 379478932,
        "io_write_bytes": 35121852,
        "io_write_operations": 16301,
        "private_bytes": 10858496,
        "working_set_bytes": 20447232
      },
      "token_bytes": 0,
      "virtual_utc": 1800001825,
      "wal_bytes": 4140632,
      "wall_secs": 19.0242953
    },
    {
      "active_tokens": 0,
      "frame": 21,
      "live_rows": 1000,
      "native": {
        "cpu_seconds": 9.578125,
        "handles": 114,
        "io_read_bytes": 379478932,
        "io_write_bytes": 35146572,
        "io_write_operations": 16313,
        "private_bytes": 9523200,
        "working_set_bytes": 19177472
      },
      "token_bytes": 0,
      "virtual_utc": 1800001826,
      "wal_bytes": 4140632,
      "wall_secs": 20.0195716
    },
    {
      "active_tokens": 0,
      "frame": 22,
      "live_rows": 1000,
      "native": {
        "cpu_seconds": 9.578125,
        "handles": 114,
        "io_read_bytes": 379478932,
        "io_write_bytes": 35171292,
        "io_write_operations": 16325,
        "private_bytes": 10149888,
        "working_set_bytes": 19734528
      },
      "token_bytes": 0,
      "virtual_utc": 1800001827,
      "wal_bytes": 4140632,
      "wall_secs": 21.0199972
    },
    {
      "active_tokens": 0,
      "frame": 23,
      "live_rows": 1000,
      "native": {
        "cpu_seconds": 9.578125,
        "handles": 114,
        "io_read_bytes": 379478932,
        "io_write_bytes": 35196012,
        "io_write_operations": 16337,
        "private_bytes": 9465856,
        "working_set_bytes": 19120128
      },
      "token_bytes": 0,
      "virtual_utc": 1800001828,
      "wal_bytes": 4140632,
      "wall_secs": 22.0201942
    },
    {
      "active_tokens": 0,
      "frame": 24,
      "live_rows": 1000,
      "native": {
        "cpu_seconds": 9.578125,
        "handles": 114,
        "io_read_bytes": 379478932,
        "io_write_bytes": 35220732,
        "io_write_operations": 16349,
        "private_bytes": 13156352,
        "working_set_bytes": 22011904
      },
      "token_bytes": 0,
      "virtual_utc": 1800001829,
      "wal_bytes": 4140632,
      "wall_secs": 23.0197264
    },
    {
      "active_tokens": 0,
      "frame": 25,
      "live_rows": 1000,
      "native": {
        "cpu_seconds": 9.578125,
        "handles": 114,
        "io_read_bytes": 379593820,
        "io_write_bytes": 35245452,
        "io_write_operations": 16361,
        "private_bytes": 10539008,
        "working_set_bytes": 19759104
      },
      "token_bytes": 0,
      "virtual_utc": 1800001830,
      "wal_bytes": 4140632,
      "wall_secs": 24.0229473
    },
    {
      "active_tokens": 0,
      "frame": 26,
      "live_rows": 1000,
      "native": {
        "cpu_seconds": 9.59375,
        "handles": 114,
        "io_read_bytes": 379593820,
        "io_write_bytes": 35270172,
        "io_write_operations": 16373,
        "private_bytes": 11857920,
        "working_set_bytes": 21463040
      },
      "token_bytes": 0,
      "virtual_utc": 1800001831,
      "wal_bytes": 4140632,
      "wall_secs": 25.0179073
    },
    {
      "active_tokens": 0,
      "frame": 27,
      "live_rows": 1000,
      "native": {
        "cpu_seconds": 9.59375,
        "handles": 114,
        "io_read_bytes": 379593820,
        "io_write_bytes": 35294892,
        "io_write_operations": 16385,
        "private_bytes": 11567104,
        "working_set_bytes": 21004288
      },
      "token_bytes": 0,
      "virtual_utc": 1800001832,
      "wal_bytes": 4140632,
      "wall_secs": 26.0186722
    },
    {
      "active_tokens": 0,
      "frame": 28,
      "live_rows": 1000,
      "native": {
        "cpu_seconds": 9.59375,
        "handles": 114,
        "io_read_bytes": 379593820,
        "io_write_bytes": 35319612,
        "io_write_operations": 16397,
        "private_bytes": 12054528,
        "working_set_bytes": 21598208
      },
      "token_bytes": 0,
      "virtual_utc": 1800001833,
      "wal_bytes": 4140632,
      "wall_secs": 27.0184533
    },
    {
      "active_tokens": 0,
      "frame": 29,
      "live_rows": 1000,
      "native": {
        "cpu_seconds": 9.609375,
        "handles": 114,
        "io_read_bytes": 379593820,
        "io_write_bytes": 35344332,
        "io_write_operations": 16409,
        "private_bytes": 9576448,
        "working_set_bytes": 19247104
      },
      "token_bytes": 0,
      "virtual_utc": 1800001834,
      "wal_bytes": 4140632,
      "wall_secs": 28.0099246
    },
    {
      "active_tokens": 0,
      "frame": 30,
      "live_rows": 1000,
      "native": {
        "cpu_seconds": 9.609375,
        "handles": 114,
        "io_read_bytes": 379708708,
        "io_write_bytes": 35369052,
        "io_write_operations": 16421,
        "private_bytes": 12283904,
        "working_set_bytes": 21291008
      },
      "token_bytes": 0,
      "virtual_utc": 1800001835,
      "wal_bytes": 4140632,
      "wall_secs": 29.0227207
    }
  ],
  "schedule_lag_frames_max": 0,
  "schema_version": 1,
  "simulated_secs": 30,
  "spool_write_bytes": null,
  "sqlite_application_file_write_bytes": 741600,
  "sqlite_xwrite": {
    "db_bytes": 0,
    "failed_calls": 0,
    "other_sqlite_file_bytes": 0,
    "successful_calls": 360,
    "wal_bytes": 741600
  },
  "synchronous": "FULL",
  "tables_and_indexes": {
    "dbstat_available": true,
    "objects": [
      {
        "bytes": 4096,
        "bytes_per_row": null,
        "kind": "table",
        "name": "alert_event",
        "rows": 0,
        "table": "alert_event"
      },
      {
        "bytes": 4096,
        "bytes_per_row": 585.1428571428571,
        "kind": "table",
        "name": "alert_instance",
        "rows": 7,
        "table": "alert_instance"
      },
      {
        "bytes": 4096,
        "bytes_per_row": null,
        "kind": "index",
        "name": "alert_instance_active_uniq",
        "rows": null,
        "table": "alert_instance"
      },
      {
        "bytes": 4096,
        "bytes_per_row": null,
        "kind": "index",
        "name": "alert_instance_identity",
        "rows": null,
        "table": "alert_instance"
      },
      {
        "bytes": 4096,
        "bytes_per_row": 585.1428571428571,
        "kind": "table",
        "name": "alert_rule",
        "rows": 7,
        "table": "alert_rule"
      },
      {
        "bytes": 4096,
        "bytes_per_row": null,
        "kind": "table",
        "name": "backup_manifest",
        "rows": 0,
        "table": "backup_manifest"
      },
      {
        "bytes": 4096,
        "bytes_per_row": 4096.0,
        "kind": "table",
        "name": "bundle_epoch",
        "rows": 1,
        "table": "bundle_epoch"
      },
      {
        "bytes": 4096,
        "bytes_per_row": 113.77777777777777,
        "kind": "table",
        "name": "committed_bundle",
        "rows": 36,
        "table": "committed_bundle"
      },
      {
        "bytes": 40960,
        "bytes_per_row": 20.48,
        "kind": "table",
        "name": "connection_chain",
        "rows": 2000,
        "table": "connection_chain"
      },
      {
        "bytes": 4096,
        "bytes_per_row": null,
        "kind": "table",
        "name": "connection_minute",
        "rows": 0,
        "table": "connection_minute"
      },
      {
        "bytes": 53248,
        "bytes_per_row": 53.248,
        "kind": "table",
        "name": "connection_session",
        "rows": 1000,
        "table": "connection_session"
      },
      {
        "bytes": 40960,
        "bytes_per_row": 40.96,
        "kind": "table",
        "name": "connection_session_attr",
        "rows": 1000,
        "table": "connection_session_attr"
      },
      {
        "bytes": 24576,
        "bytes_per_row": null,
        "kind": "index",
        "name": "connection_session_identity",
        "rows": null,
        "table": "connection_session"
      },
      {
        "bytes": 4096,
        "bytes_per_row": 4096.0,
        "kind": "table",
        "name": "controller_epoch",
        "rows": 1,
        "table": "controller_epoch"
      },
      {
        "bytes": 4096,
        "bytes_per_row": null,
        "kind": "table",
        "name": "coverage_daily",
        "rows": 0,
        "table": "coverage_daily"
      },
      {
        "bytes": 4096,
        "bytes_per_row": 4096.0,
        "kind": "table",
        "name": "coverage_interval",
        "rows": 1,
        "table": "coverage_interval"
      },
      {
        "bytes": 4096,
        "bytes_per_row": 4096.0,
        "kind": "table",
        "name": "data_version",
        "rows": 1,
        "table": "data_version"
      },
      {
        "bytes": 4096,
        "bytes_per_row": 39.00952380952381,
        "kind": "table",
        "name": "dimension_dict",
        "rows": 105,
        "table": "dimension_dict"
      },
      {
        "bytes": 4096,
        "bytes_per_row": null,
        "kind": "index",
        "name": "dimension_dict_value",
        "rows": null,
        "table": "dimension_dict"
      },
      {
        "bytes": 4096,
        "bytes_per_row": null,
        "kind": "index",
        "name": "idx_alert_event_retention",
        "rows": null,
        "table": "alert_event"
      },
      {
        "bytes": 4096,
        "bytes_per_row": null,
        "kind": "index",
        "name": "idx_alert_instance_center",
        "rows": null,
        "table": "alert_instance"
      },
      {
        "bytes": 4096,
        "bytes_per_row": null,
        "kind": "index",
        "name": "idx_connection_minute_session",
        "rows": null,
        "table": "connection_minute"
      },
      {
        "bytes": 16384,
        "bytes_per_row": null,
        "kind": "index",
        "name": "idx_connection_session_started",
        "rows": null,
        "table": "connection_session"
      },
      {
        "bytes": 4096,
        "bytes_per_row": null,
        "kind": "index",
        "name": "idx_coverage_sample_tail",
        "rows": null,
        "table": "coverage_interval"
      },
      {
        "bytes": 4096,
        "bytes_per_row": null,
        "kind": "index",
        "name": "idx_daily_core_category",
        "rows": null,
        "table": "traffic_daily_core"
      },
      {
        "bytes": 4096,
        "bytes_per_row": null,
        "kind": "index",
        "name": "idx_daily_core_day",
        "rows": null,
        "table": "traffic_daily_core"
      },
      {
        "bytes": 4096,
        "bytes_per_row": null,
        "kind": "index",
        "name": "idx_daily_dim_lookup",
        "rows": null,
        "table": "traffic_daily_dimension"
      },
      {
        "bytes": 4096,
        "bytes_per_row": null,
        "kind": "index",
        "name": "idx_daily_dimension_category",
        "rows": null,
        "table": "traffic_daily_dimension"
      },
      {
        "bytes": 4096,
        "bytes_per_row": null,
        "kind": "index",
        "name": "idx_daily_dimension_identity",
        "rows": null,
        "table": "traffic_daily_dimension"
      },
      {
        "bytes": 4096,
        "bytes_per_row": null,
        "kind": "index",
        "name": "idx_hourly_category",
        "rows": null,
        "table": "traffic_hourly_dimension"
      },
      {
        "bytes": 4096,
        "bytes_per_row": null,
        "kind": "index",
        "name": "idx_hourly_dim_lookup",
        "rows": null,
        "table": "traffic_hourly_dimension"
      },
      {
        "bytes": 4096,
        "bytes_per_row": null,
        "kind": "index",
        "name": "idx_hourly_dimension_identity",
        "rows": null,
        "table": "traffic_hourly_dimension"
      },
      {
        "bytes": 4096,
        "bytes_per_row": null,
        "kind": "index",
        "name": "idx_outbox_due",
        "rows": null,
        "table": "notification_outbox"
      },
      {
        "bytes": 4096,
        "bytes_per_row": null,
        "kind": "index",
        "name": "idx_outbox_lease",
        "rows": null,
        "table": "notification_outbox"
      },
      {
        "bytes": 28672,
        "bytes_per_row": null,
        "kind": "index",
        "name": "idx_report_archive_kind_start",
        "rows": null,
        "table": "report_archive"
      },
      {
        "bytes": 4096,
        "bytes_per_row": null,
        "kind": "index",
        "name": "idx_retention_build_member_session",
        "rows": null,
        "table": "retention_build_member"
      },
      {
        "bytes": 4096,
        "bytes_per_row": null,
        "kind": "index",
        "name": "idx_retention_coverage_source",
        "rows": null,
        "table": "coverage_interval"
      },
      {
        "bytes": 12288,
        "bytes_per_row": null,
        "kind": "index",
        "name": "idx_session_attr_category",
        "rows": null,
        "table": "connection_session_attr"
      },
      {
        "bytes": 20480,
        "bytes_per_row": null,
        "kind": "index",
        "name": "idx_session_attr_chain_identity",
        "rows": null,
        "table": "connection_session_attr"
      },
      {
        "bytes": 16384,
        "bytes_per_row": null,
        "kind": "index",
        "name": "idx_session_attr_host",
        "rows": null,
        "table": "connection_session_attr"
      },
      {
        "bytes": 12288,
        "bytes_per_row": null,
        "kind": "index",
        "name": "idx_session_attr_network",
        "rows": null,
        "table": "connection_session_attr"
      },
      {
        "bytes": 16384,
        "bytes_per_row": null,
        "kind": "index",
        "name": "idx_session_attr_process",
        "rows": null,
        "table": "connection_session_attr"
      },
      {
        "bytes": 12288,
        "bytes_per_row": null,
        "kind": "index",
        "name": "idx_session_attr_rule",
        "rows": null,
        "table": "connection_session_attr"
      },
      {
        "bytes": 20480,
        "bytes_per_row": null,
        "kind": "index",
        "name": "idx_session_attr_rule_group",
        "rows": null,
        "table": "connection_session_attr"
      },
      {
        "bytes": 4096,
        "bytes_per_row": null,
        "kind": "table",
        "name": "machine_setting",
        "rows": 0,
        "table": "machine_setting"
      },
      {
        "bytes": 4096,
        "bytes_per_row": null,
        "kind": "table",
        "name": "notification_outbox",
        "rows": 0,
        "table": "notification_outbox"
      },
      {
        "bytes": 2297856,
        "bytes_per_row": 2059.010752688172,
        "kind": "table",
        "name": "report_archive",
        "rows": 1116,
        "table": "report_archive"
      },
      {
        "bytes": 176128,
        "bytes_per_row": null,
        "kind": "index",
        "name": "report_archive_period_uniq",
        "rows": null,
        "table": "report_archive"
      },
      {
        "bytes": 4096,
        "bytes_per_row": null,
        "kind": "table",
        "name": "report_snapshot_meta",
        "rows": 0,
        "table": "report_snapshot_meta"
      },
      {
        "bytes": 4096,
        "bytes_per_row": null,
        "kind": "table",
        "name": "retention_build",
        "rows": 0,
        "table": "retention_build"
      },
      {
        "bytes": 4096,
        "bytes_per_row": null,
        "kind": "table",
        "name": "retention_build_aggregate",
        "rows": 0,
        "table": "retention_build_aggregate"
      },
      {
        "bytes": 4096,
        "bytes_per_row": null,
        "kind": "table",
        "name": "retention_build_member",
        "rows": 0,
        "table": "retention_build_member"
      },
      {
        "bytes": 4096,
        "bytes_per_row": null,
        "kind": "table",
        "name": "retention_state",
        "rows": 0,
        "table": "retention_state"
      },
      {
        "bytes": 4096,
        "bytes_per_row": 1024.0,
        "kind": "table",
        "name": "retention_watermark",
        "rows": 4,
        "table": "retention_watermark"
      },
      {
        "bytes": 4096,
        "bytes_per_row": 819.2,
        "kind": "table",
        "name": "schema_migration",
        "rows": 5,
        "table": "schema_migration"
      },
      {
        "bytes": 4096,
        "bytes_per_row": null,
        "kind": "index",
        "name": "sqlite_autoindex_alert_event_1",
        "rows": null,
        "table": "alert_event"
      },
      {
        "bytes": 4096,
        "bytes_per_row": null,
        "kind": "index",
        "name": "sqlite_autoindex_alert_event_2",
        "rows": null,
        "table": "alert_event"
      },
      {
        "bytes": 4096,
        "bytes_per_row": null,
        "kind": "index",
        "name": "sqlite_autoindex_alert_instance_1",
        "rows": null,
        "table": "alert_instance"
      },
      {
        "bytes": 4096,
        "bytes_per_row": null,
        "kind": "index",
        "name": "sqlite_autoindex_alert_rule_1",
        "rows": null,
        "table": "alert_rule"
      },
      {
        "bytes": 4096,
        "bytes_per_row": null,
        "kind": "index",
        "name": "sqlite_autoindex_committed_bundle_1",
        "rows": null,
        "table": "committed_bundle"
      },
      {
        "bytes": 28672,
        "bytes_per_row": null,
        "kind": "index",
        "name": "sqlite_autoindex_connection_chain_1",
        "rows": null,
        "table": "connection_chain"
      },
      {
        "bytes": 4096,
        "bytes_per_row": null,
        "kind": "index",
        "name": "sqlite_autoindex_connection_minute_1",
        "rows": null,
        "table": "connection_minute"
      },
      {
        "bytes": 4096,
        "bytes_per_row": null,
        "kind": "index",
        "name": "sqlite_autoindex_dimension_dict_1",
        "rows": null,
        "table": "dimension_dict"
      },
      {
        "bytes": 4096,
        "bytes_per_row": null,
        "kind": "index",
        "name": "sqlite_autoindex_machine_setting_1",
        "rows": null,
        "table": "machine_setting"
      },
      {
        "bytes": 4096,
        "bytes_per_row": null,
        "kind": "index",
        "name": "sqlite_autoindex_notification_outbox_1",
        "rows": null,
        "table": "notification_outbox"
      },
      {
        "bytes": 4096,
        "bytes_per_row": null,
        "kind": "index",
        "name": "sqlite_autoindex_notification_outbox_2",
        "rows": null,
        "table": "notification_outbox"
      },
      {
        "bytes": 57344,
        "bytes_per_row": null,
        "kind": "index",
        "name": "sqlite_autoindex_report_archive_1",
        "rows": null,
        "table": "report_archive"
      },
      {
        "bytes": 4096,
        "bytes_per_row": null,
        "kind": "index",
        "name": "sqlite_autoindex_report_snapshot_meta_1",
        "rows": null,
        "table": "report_snapshot_meta"
      },
      {
        "bytes": 4096,
        "bytes_per_row": null,
        "kind": "index",
        "name": "sqlite_autoindex_retention_build_aggregate_1",
        "rows": null,
        "table": "retention_build_aggregate"
      },
      {
        "bytes": 4096,
        "bytes_per_row": null,
        "kind": "index",
        "name": "sqlite_autoindex_retention_build_member_1",
        "rows": null,
        "table": "retention_build_member"
      },
      {
        "bytes": 4096,
        "bytes_per_row": null,
        "kind": "index",
        "name": "sqlite_autoindex_retention_state_1",
        "rows": null,
        "table": "retention_state"
      },
      {
        "bytes": 4096,
        "bytes_per_row": null,
        "kind": "index",
        "name": "sqlite_autoindex_retention_watermark_1",
        "rows": null,
        "table": "retention_watermark"
      },
      {
        "bytes": 4096,
        "bytes_per_row": null,
        "kind": "index",
        "name": "sqlite_autoindex_target_item_1",
        "rows": null,
        "table": "target_item"
      },
      {
        "bytes": 4096,
        "bytes_per_row": null,
        "kind": "index",
        "name": "sqlite_autoindex_traffic_daily_core_1",
        "rows": null,
        "table": "traffic_daily_core"
      },
      {
        "bytes": 4096,
        "bytes_per_row": null,
        "kind": "index",
        "name": "sqlite_autoindex_traffic_daily_dimension_1",
        "rows": null,
        "table": "traffic_daily_dimension"
      },
      {
        "bytes": 4096,
        "bytes_per_row": null,
        "kind": "index",
        "name": "sqlite_autoindex_traffic_hourly_dimension_1",
        "rows": null,
        "table": "traffic_hourly_dimension"
      },
      {
        "bytes": 4096,
        "bytes_per_row": 4096.0,
        "kind": "table",
        "name": "target_item",
        "rows": 1,
        "table": "target_item"
      },
      {
        "bytes": 4096,
        "bytes_per_row": 4096.0,
        "kind": "table",
        "name": "target_set",
        "rows": 1,
        "table": "target_set"
      },
      {
        "bytes": 4096,
        "bytes_per_row": null,
        "kind": "table",
        "name": "traffic_daily_core",
        "rows": 0,
        "table": "traffic_daily_core"
      },
      {
        "bytes": 4096,
        "bytes_per_row": null,
        "kind": "table",
        "name": "traffic_daily_dimension",
        "rows": 0,
        "table": "traffic_daily_dimension"
      },
      {
        "bytes": 4096,
        "bytes_per_row": null,
        "kind": "table",
        "name": "traffic_hourly_dimension",
        "rows": 0,
        "table": "traffic_hourly_dimension"
      }
    ]
  },
  "traffic": {
    "conserved": true,
    "expected_added_download": 0,
    "expected_added_upload": 0,
    "final_download": 0,
    "final_upload": 0,
    "initial_download": 0,
    "initial_upload": 0
  },
  "warmup_wall_secs": 5.0002691,
  "writer_rows_changed": 330
}
