{
  "all_application_file_write_bytes": null,
  "commits": 30,
  "executable_sha256": "d590ef1082718856f0f92f865a260fe99d530f8dc05ae2db4501157fe110f8a4",
  "final_files_and_pages": {
    "active_page_bytes": 2809856,
    "archive_failed": 0,
    "archive_ok": 1116,
    "archive_spool_present_bytes": 0,
    "db_bytes": 2666496,
    "freelist_count": 0,
    "journal_mode": "wal",
    "page_count": 686,
    "page_size": 4096,
    "reusable_page_bytes": 0,
    "schema_version": 4,
    "shm_bytes": 32768,
    "spool_present_bytes": 0,
    "synchronous": 2,
    "wal_bytes": 4161232
  },
  "fixture_hash": "b7cd70678accfa7d26b098e43426256d1c607a216e6f841e1b7eaa6d9f0e1602",
  "frame_budget_overruns": 0,
  "frames": 30,
  "initial_files_and_pages": {
    "active_page_bytes": 2809856,
    "archive_failed": 0,
    "archive_ok": 1116,
    "archive_spool_present_bytes": 0,
    "db_bytes": 2666496,
    "freelist_count": 0,
    "journal_mode": "wal",
    "page_count": 686,
    "page_size": 4096,
    "reusable_page_bytes": 0,
    "schema_version": 4,
    "shm_bytes": 32768,
    "spool_present_bytes": 0,
    "synchronous": 2,
    "wal_bytes": 4161232
  },
  "kind": "isolated-real-facade",
  "latency": {
    "archive_tick": {
      "count": 30,
      "max_ms": 35.764700000000005,
      "p50_ms": 14.8763,
      "p95_ms": 20.5315,
      "p99_ms": 24.3869
    },
    "facade_ingest_including_durable_commit": {
      "count": 30,
      "max_ms": 16.9297,
      "p50_ms": 13.3759,
      "p95_ms": 14.1259,
      "p99_ms": 14.152700000000001
    },
    "live_query": {
      "count": 6,
      "max_ms": 0.095,
      "p50_ms": 0.0821,
      "p95_ms": 0.0851,
      "p99_ms": 0.0851
    },
    "report_first_reader": {
      "count": 6,
      "max_ms": 1.6471,
      "p50_ms": 1.1372000000000002,
      "p95_ms": 1.4649,
      "p99_ms": 1.4649
    },
    "report_repeated_reader": {
      "count": 6,
      "max_ms": 1.6539,
      "p50_ms": 0.7404,
      "p95_ms": 0.9964,
      "p99_ms": 0.9964
    },
    "whole_tick": {
      "count": 30,
      "max_ms": 41.2572,
      "p50_ms": 27.956000000000003,
      "p95_ms": 35.6815,
      "p99_ms": 40.3782
    }
  },
  "limits": [
    "仅当前原生基准进程；没有 HTTP、Tauri 事件或 WebView，窗口为后台模拟状态。",
    "CPU/I/O/内存不含初始化、warmup、结果 JSON 写出及最终统计查询；采样开销包含在测量内。",
    "SQLite xWrite 只统计隔离目录内成功请求字节，不含 mmap/shm、spool、日志、系统缓存与物理设备写放大。",
    "process I/O 为 OS 当前进程计数，不能替代文件归属；spool 瞬时写入需要独立回归或文件跟踪。",
    "report first/repeated 每次均打开新 reader；未驱逐 OS page cache，不能宣称物理冷读。",
    "ingest 延迟包含 accounting、告警与提交；不是单独 SQLite commit 耗时。",
    "串行驱动没有 collector 输入队列；schedule_lag 不是实际队列深度。",
    "归档齐全 fixture 使用空历史的持久化结果；本回放不代替完整30天容量库或安装态 soak。",
    "failed 档案场景由隔离库 BEFORE INSERT 触发器拒绝持久化，非真实磁盘故障。"
  ],
  "local_utc_offset_seconds": -18000,
  "measured_wall_secs": 30.0005044,
  "native_after": {
    "cpu_seconds": 8.59375,
    "handles": 114,
    "io_read_bytes": 543212930,
    "io_write_bytes": 35340524,
    "io_write_operations": 16420,
    "private_bytes": 5890048,
    "working_set_bytes": 15085568
  },
  "native_before": {
    "cpu_seconds": 8.234375,
    "handles": 114,
    "io_read_bytes": 402075858,
    "io_write_bytes": 34104524,
    "io_write_operations": 15820,
    "private_bytes": 5353472,
    "working_set_bytes": 14327808
  },
  "native_cpu_seconds": 0.359375,
  "native_private_bytes": {
    "max": 6074368.0,
    "p95": 5971968.0,
    "samples": 30
  },
  "native_process_io_read_bytes": 141137072,
  "native_process_io_write_bytes": 1236000,
  "native_process_io_write_operations": 600,
  "native_working_set_bytes": {
    "max": 15323136.0,
    "p95": 15175680.0,
    "samples": 30
  },
  "options": {
    "active": 50,
    "archive": "complete",
    "dir": "D:\\Documents\\Code\\Github\\clash-verge-ai-residential\\bench-data\\t05-rebuild-20261002-4f8a8c68\\data\\matrix\\matrix-a50-counters-baseline",
    "duration_secs": 30,
    "hz": 1,
    "metadata_change_percent": 100,
    "period_rule": false,
    "query_every_frames": 5,
    "seed": 20260919,
    "source_revision": "c278bb7b56603001e32e353d2ee589dccef0bfe9",
    "start_utc": 1800001800,
    "virtual_time": false,
    "warmup_secs": 5,
    "workload": "counters"
  },
  "platform": "windows",
  "process_id": 21016,
  "samples": [
    {
      "active_tokens": 0,
      "frame": 1,
      "live_rows": 50,
      "native": {
        "cpu_seconds": 8.234375,
        "handles": 114,
        "io_read_bytes": 406761682,
        "io_write_bytes": 34145724,
        "io_write_operations": 15840,
        "private_bytes": 5083136,
        "working_set_bytes": 14409728
      },
      "token_bytes": 0,
      "virtual_utc": 1800001806,
      "wal_bytes": 4161232,
      "wall_secs": 0.0256741
    },
    {
      "active_tokens": 0,
      "frame": 2,
      "live_rows": 50,
      "native": {
        "cpu_seconds": 8.234375,
        "handles": 114,
        "io_read_bytes": 411451602,
        "io_write_bytes": 34186924,
        "io_write_operations": 15860,
        "private_bytes": 4890624,
        "working_set_bytes": 14307328
      },
      "token_bytes": 0,
      "virtual_utc": 1800001807,
      "wal_bytes": 4161232,
      "wall_secs": 1.026461
    },
    {
      "active_tokens": 0,
      "frame": 3,
      "live_rows": 50,
      "native": {
        "cpu_seconds": 8.234375,
        "handles": 114,
        "io_read_bytes": 416141522,
        "io_write_bytes": 34228124,
        "io_write_operations": 15880,
        "private_bytes": 5484544,
        "working_set_bytes": 14442496
      },
      "token_bytes": 0,
      "virtual_utc": 1800001808,
      "wal_bytes": 4161232,
      "wall_secs": 2.0261828
    },
    {
      "active_tokens": 0,
      "frame": 4,
      "live_rows": 50,
      "native": {
        "cpu_seconds": 8.25,
        "handles": 114,
        "io_read_bytes": 420831442,
        "io_write_bytes": 34269324,
        "io_write_operations": 15900,
        "private_bytes": 5279744,
        "working_set_bytes": 14364672
      },
      "token_bytes": 0,
      "virtual_utc": 1800001809,
      "wal_bytes": 4161232,
      "wall_secs": 3.025093
    },
    {
      "active_tokens": 0,
      "frame": 5,
      "live_rows": 50,
      "native": {
        "cpu_seconds": 8.28125,
        "handles": 114,
        "io_read_bytes": 425595290,
        "io_write_bytes": 34310524,
        "io_write_operations": 15920,
        "private_bytes": 5472256,
        "working_set_bytes": 14663680
      },
      "token_bytes": 0,
      "virtual_utc": 1800001810,
      "wal_bytes": 4161232,
      "wall_secs": 4.0291085
    },
    {
      "active_tokens": 0,
      "frame": 6,
      "live_rows": 50,
      "native": {
        "cpu_seconds": 8.28125,
        "handles": 114,
        "io_read_bytes": 430285210,
        "io_write_bytes": 34351724,
        "io_write_operations": 15940,
        "private_bytes": 5283840,
        "working_set_bytes": 14659584
      },
      "token_bytes": 0,
      "virtual_utc": 1800001811,
      "wal_bytes": 4161232,
      "wall_secs": 5.0272991
    },
    {
      "active_tokens": 0,
      "frame": 7,
      "live_rows": 50,
      "native": {
        "cpu_seconds": 8.28125,
        "handles": 114,
        "io_read_bytes": 434975130,
        "io_write_bytes": 34392924,
        "io_write_operations": 15960,
        "private_bytes": 5500928,
        "working_set_bytes": 14954496
      },
      "token_bytes": 0,
      "virtual_utc": 1800001812,
      "wal_bytes": 4161232,
      "wall_secs": 6.0265591
    },
    {
      "active_tokens": 0,
      "frame": 8,
      "live_rows": 50,
      "native": {
        "cpu_seconds": 8.28125,
        "handles": 114,
        "io_read_bytes": 439665050,
        "io_write_bytes": 34434124,
        "io_write_operations": 15980,
        "private_bytes": 5017600,
        "working_set_bytes": 14569472
      },
      "token_bytes": 0,
      "virtual_utc": 1800001813,
      "wal_bytes": 4161232,
      "wall_secs": 7.0271492
    },
    {
      "active_tokens": 0,
      "frame": 9,
      "live_rows": 50,
      "native": {
        "cpu_seconds": 8.28125,
        "handles": 114,
        "io_read_bytes": 444354970,
        "io_write_bytes": 34475324,
        "io_write_operations": 16000,
        "private_bytes": 6074368,
        "working_set_bytes": 15159296
      },
      "token_bytes": 0,
      "virtual_utc": 1800001814,
      "wal_bytes": 4161232,
      "wall_secs": 8.0275302
    },
    {
      "active_tokens": 0,
      "frame": 10,
      "live_rows": 50,
      "native": {
        "cpu_seconds": 8.296875,
        "handles": 114,
        "io_read_bytes": 449118818,
        "io_write_bytes": 34516524,
        "io_write_operations": 16020,
        "private_bytes": 5763072,
        "working_set_bytes": 14864384
      },
      "token_bytes": 0,
      "virtual_utc": 1800001815,
      "wal_bytes": 4161232,
      "wall_secs": 9.0267082
    },
    {
      "active_tokens": 0,
      "frame": 11,
      "live_rows": 50,
      "native": {
        "cpu_seconds": 8.296875,
        "handles": 114,
        "io_read_bytes": 453808738,
        "io_write_bytes": 34557724,
        "io_write_operations": 16040,
        "private_bytes": 5382144,
        "working_set_bytes": 14581760
      },
      "token_bytes": 0,
      "virtual_utc": 1800001816,
      "wal_bytes": 4161232,
      "wall_secs": 10.026731
    },
    {
      "active_tokens": 0,
      "frame": 12,
      "live_rows": 50,
      "native": {
        "cpu_seconds": 8.3125,
        "handles": 114,
        "io_read_bytes": 458498658,
        "io_write_bytes": 34598924,
        "io_write_operations": 16060,
        "private_bytes": 5423104,
        "working_set_bytes": 14594048
      },
      "token_bytes": 0,
      "virtual_utc": 1800001817,
      "wal_bytes": 4161232,
      "wall_secs": 11.016695
    },
    {
      "active_tokens": 0,
      "frame": 13,
      "live_rows": 50,
      "native": {
        "cpu_seconds": 8.328125,
        "handles": 114,
        "io_read_bytes": 463188578,
        "io_write_bytes": 34640124,
        "io_write_operations": 16080,
        "private_bytes": 5468160,
        "working_set_bytes": 14729216
      },
      "token_bytes": 0,
      "virtual_utc": 1800001818,
      "wal_bytes": 4161232,
      "wall_secs": 12.0299865
    },
    {
      "active_tokens": 0,
      "frame": 14,
      "live_rows": 50,
      "native": {
        "cpu_seconds": 8.34375,
        "handles": 114,
        "io_read_bytes": 467878498,
        "io_write_bytes": 34681324,
        "io_write_operations": 16100,
        "private_bytes": 5259264,
        "working_set_bytes": 14594048
      },
      "token_bytes": 0,
      "virtual_utc": 1800001819,
      "wal_bytes": 4161232,
      "wall_secs": 13.0331237
    },
    {
      "active_tokens": 0,
      "frame": 15,
      "live_rows": 50,
      "native": {
        "cpu_seconds": 8.359375,
        "handles": 114,
        "io_read_bytes": 472642346,
        "io_write_bytes": 34722524,
        "io_write_operations": 16120,
        "private_bytes": 5775360,
        "working_set_bytes": 14880768
      },
      "token_bytes": 0,
      "virtual_utc": 1800001820,
      "wal_bytes": 4161232,
      "wall_secs": 14.0314424
    },
    {
      "active_tokens": 0,
      "frame": 16,
      "live_rows": 50,
      "native": {
        "cpu_seconds": 8.375,
        "handles": 114,
        "io_read_bytes": 477332266,
        "io_write_bytes": 34763724,
        "io_write_operations": 16140,
        "private_bytes": 5472256,
        "working_set_bytes": 14585856
      },
      "token_bytes": 0,
      "virtual_utc": 1800001821,
      "wal_bytes": 4161232,
      "wall_secs": 15.0341692
    },
    {
      "active_tokens": 0,
      "frame": 17,
      "live_rows": 50,
      "native": {
        "cpu_seconds": 8.375,
        "handles": 114,
        "io_read_bytes": 482022186,
        "io_write_bytes": 34804924,
        "io_write_operations": 16160,
        "private_bytes": 5533696,
        "working_set_bytes": 14594048
      },
      "token_bytes": 0,
      "virtual_utc": 1800001822,
      "wal_bytes": 4161232,
      "wall_secs": 16.026203
    },
    {
      "active_tokens": 0,
      "frame": 18,
      "live_rows": 50,
      "native": {
        "cpu_seconds": 8.375,
        "handles": 114,
        "io_read_bytes": 486712106,
        "io_write_bytes": 34846124,
        "io_write_operations": 16180,
        "private_bytes": 5636096,
        "working_set_bytes": 14860288
      },
      "token_bytes": 0,
      "virtual_utc": 1800001823,
      "wal_bytes": 4161232,
      "wall_secs": 17.0261662
    },
    {
      "active_tokens": 0,
      "frame": 19,
      "live_rows": 50,
      "native": {
        "cpu_seconds": 8.390625,
        "handles": 114,
        "io_read_bytes": 491402026,
        "io_write_bytes": 34887324,
        "io_write_operations": 16200,
        "private_bytes": 5971968,
        "working_set_bytes": 15007744
      },
      "token_bytes": 0,
      "virtual_utc": 1800001824,
      "wal_bytes": 4161232,
      "wall_secs": 18.0346208
    },
    {
      "active_tokens": 0,
      "frame": 20,
      "live_rows": 50,
      "native": {
        "cpu_seconds": 8.40625,
        "handles": 114,
        "io_read_bytes": 496165874,
        "io_write_bytes": 34928524,
        "io_write_operations": 16220,
        "private_bytes": 5967872,
        "working_set_bytes": 14872576
      },
      "token_bytes": 0,
      "virtual_utc": 1800001825,
      "wal_bytes": 4161232,
      "wall_secs": 19.0361955
    },
    {
      "active_tokens": 0,
      "frame": 21,
      "live_rows": 50,
      "native": {
        "cpu_seconds": 8.421875,
        "handles": 114,
        "io_read_bytes": 500855794,
        "io_write_bytes": 34969724,
        "io_write_operations": 16240,
        "private_bytes": 5976064,
        "working_set_bytes": 15298560
      },
      "token_bytes": 0,
      "virtual_utc": 1800001826,
      "wal_bytes": 4161232,
      "wall_secs": 20.0333035
    },
    {
      "active_tokens": 0,
      "frame": 22,
      "live_rows": 50,
      "native": {
        "cpu_seconds": 8.4375,
        "handles": 114,
        "io_read_bytes": 505545714,
        "io_write_bytes": 35010924,
        "io_write_operations": 16260,
        "private_bytes": 5148672,
        "working_set_bytes": 14745600
      },
      "token_bytes": 0,
      "virtual_utc": 1800001827,
      "wal_bytes": 4161232,
      "wall_secs": 21.0332642
    },
    {
      "active_tokens": 0,
      "frame": 23,
      "live_rows": 50,
      "native": {
        "cpu_seconds": 8.46875,
        "handles": 114,
        "io_read_bytes": 510235634,
        "io_write_bytes": 35052124,
        "io_write_operations": 16280,
        "private_bytes": 5517312,
        "working_set_bytes": 14708736
      },
      "token_bytes": 0,
      "virtual_utc": 1800001828,
      "wal_bytes": 4161232,
      "wall_secs": 22.0283608
    },
    {
      "active_tokens": 0,
      "frame": 24,
      "live_rows": 50,
      "native": {
        "cpu_seconds": 8.5,
        "handles": 114,
        "io_read_bytes": 514925554,
        "io_write_bytes": 35093324,
        "io_write_operations": 16300,
        "private_bytes": 5967872,
        "working_set_bytes": 15175680
      },
      "token_bytes": 0,
      "virtual_utc": 1800001829,
      "wal_bytes": 4161232,
      "wall_secs": 23.0414743
    },
    {
      "active_tokens": 0,
      "frame": 25,
      "live_rows": 50,
      "native": {
        "cpu_seconds": 8.515625,
        "handles": 114,
        "io_read_bytes": 519689402,
        "io_write_bytes": 35134524,
        "io_write_operations": 16320,
        "private_bytes": 5967872,
        "working_set_bytes": 15323136
      },
      "token_bytes": 0,
      "virtual_utc": 1800001830,
      "wal_bytes": 4161232,
      "wall_secs": 24.0409123
    },
    {
      "active_tokens": 0,
      "frame": 26,
      "live_rows": 50,
      "native": {
        "cpu_seconds": 8.53125,
        "handles": 114,
        "io_read_bytes": 524379322,
        "io_write_bytes": 35175724,
        "io_write_operations": 16340,
        "private_bytes": 5877760,
        "working_set_bytes": 14835712
      },
      "token_bytes": 0,
      "virtual_utc": 1800001831,
      "wal_bytes": 4161232,
      "wall_secs": 25.0327239
    },
    {
      "active_tokens": 0,
      "frame": 27,
      "live_rows": 50,
      "native": {
        "cpu_seconds": 8.546875,
        "handles": 114,
        "io_read_bytes": 529069242,
        "io_write_bytes": 35216924,
        "io_write_operations": 16360,
        "private_bytes": 5312512,
        "working_set_bytes": 14753792
      },
      "token_bytes": 0,
      "virtual_utc": 1800001832,
      "wal_bytes": 4161232,
      "wall_secs": 26.0241615
    },
    {
      "active_tokens": 0,
      "frame": 28,
      "live_rows": 50,
      "native": {
        "cpu_seconds": 8.5625,
        "handles": 114,
        "io_read_bytes": 533759162,
        "io_write_bytes": 35258124,
        "io_write_operations": 16380,
        "private_bytes": 5341184,
        "working_set_bytes": 14761984
      },
      "token_bytes": 0,
      "virtual_utc": 1800001833,
      "wal_bytes": 4161232,
      "wall_secs": 27.034652
    },
    {
      "active_tokens": 0,
      "frame": 29,
      "live_rows": 50,
      "native": {
        "cpu_seconds": 8.578125,
        "handles": 114,
        "io_read_bytes": 538449082,
        "io_write_bytes": 35299324,
        "io_write_operations": 16400,
        "private_bytes": 5529600,
        "working_set_bytes": 14778368
      },
      "token_bytes": 0,
      "virtual_utc": 1800001834,
      "wal_bytes": 4161232,
      "wall_secs": 28.0343644
    },
    {
      "active_tokens": 0,
      "frame": 30,
      "live_rows": 50,
      "native": {
        "cpu_seconds": 8.59375,
        "handles": 114,
        "io_read_bytes": 543212930,
        "io_write_bytes": 35340524,
        "io_write_operations": 16420,
        "private_bytes": 5890048,
        "working_set_bytes": 15085568
      },
      "token_bytes": 0,
      "virtual_utc": 1800001835,
      "wal_bytes": 4161232,
      "wall_secs": 29.0358669
    }
  ],
  "schedule_lag_frames_max": 0,
  "schema_version": 1,
  "simulated_secs": 30,
  "spool_write_bytes": null,
  "sqlite_application_file_write_bytes": 1236000,
  "sqlite_xwrite": {
    "db_bytes": 0,
    "failed_calls": 0,
    "other_sqlite_file_bytes": 0,
    "successful_calls": 600,
    "wal_bytes": 1236000
  },
  "synchronous": "FULL",
  "tables_and_indexes": {
    "dbstat_available": true,
    "objects": [
      {
        "bytes": 4096,
        "bytes_per_row": null,
        "kind": "table",
        "name": "alert_event",
        "rows": 0,
        "table": "alert_event"
      },
      {
        "bytes": 4096,
        "bytes_per_row": 585.1428571428571,
        "kind": "table",
        "name": "alert_instance",
        "rows": 7,
        "table": "alert_instance"
      },
      {
        "bytes": 4096,
        "bytes_per_row": null,
        "kind": "index",
        "name": "alert_instance_active_uniq",
        "rows": null,
        "table": "alert_instance"
      },
      {
        "bytes": 4096,
        "bytes_per_row": null,
        "kind": "index",
        "name": "alert_instance_identity",
        "rows": null,
        "table": "alert_instance"
      },
      {
        "bytes": 4096,
        "bytes_per_row": 585.1428571428571,
        "kind": "table",
        "name": "alert_rule",
        "rows": 7,
        "table": "alert_rule"
      },
      {
        "bytes": 4096,
        "bytes_per_row": null,
        "kind": "table",
        "name": "backup_manifest",
        "rows": 0,
        "table": "backup_manifest"
      },
      {
        "bytes": 4096,
        "bytes_per_row": 4096.0,
        "kind": "table",
        "name": "bundle_epoch",
        "rows": 1,
        "table": "bundle_epoch"
      },
      {
        "bytes": 4096,
        "bytes_per_row": 113.77777777777777,
        "kind": "table",
        "name": "committed_bundle",
        "rows": 36,
        "table": "committed_bundle"
      },
      {
        "bytes": 4096,
        "bytes_per_row": 40.96,
        "kind": "table",
        "name": "connection_chain",
        "rows": 100,
        "table": "connection_chain"
      },
      {
        "bytes": 4096,
        "bytes_per_row": 81.92,
        "kind": "table",
        "name": "connection_minute",
        "rows": 50,
        "table": "connection_minute"
      },
      {
        "bytes": 4096,
        "bytes_per_row": 81.92,
        "kind": "table",
        "name": "connection_session",
        "rows": 50,
        "table": "connection_session"
      },
      {
        "bytes": 4096,
        "bytes_per_row": 81.92,
        "kind": "table",
        "name": "connection_session_attr",
        "rows": 50,
        "table": "connection_session_attr"
      },
      {
        "bytes": 4096,
        "bytes_per_row": null,
        "kind": "index",
        "name": "connection_session_identity",
        "rows": null,
        "table": "connection_session"
      },
      {
        "bytes": 4096,
        "bytes_per_row": 4096.0,
        "kind": "table",
        "name": "controller_epoch",
        "rows": 1,
        "table": "controller_epoch"
      },
      {
        "bytes": 4096,
        "bytes_per_row": null,
        "kind": "table",
        "name": "coverage_daily",
        "rows": 0,
        "table": "coverage_daily"
      },
      {
        "bytes": 4096,
        "bytes_per_row": null,
        "kind": "table",
        "name": "coverage_interval",
        "rows": 0,
        "table": "coverage_interval"
      },
      {
        "bytes": 4096,
        "bytes_per_row": 4096.0,
        "kind": "table",
        "name": "data_version",
        "rows": 1,
        "table": "data_version"
      },
      {
        "bytes": 4096,
        "bytes_per_row": 70.62068965517241,
        "kind": "table",
        "name": "dimension_dict",
        "rows": 58,
        "table": "dimension_dict"
      },
      {
        "bytes": 4096,
        "bytes_per_row": null,
        "kind": "index",
        "name": "dimension_dict_value",
        "rows": null,
        "table": "dimension_dict"
      },
      {
        "bytes": 4096,
        "bytes_per_row": null,
        "kind": "index",
        "name": "idx_alert_event_retention",
        "rows": null,
        "table": "alert_event"
      },
      {
        "bytes": 4096,
        "bytes_per_row": null,
        "kind": "index",
        "name": "idx_alert_instance_center",
        "rows": null,
        "table": "alert_instance"
      },
      {
        "bytes": 4096,
        "bytes_per_row": null,
        "kind": "index",
        "name": "idx_connection_minute_utc",
        "rows": null,
        "table": "connection_minute"
      },
      {
        "bytes": 4096,
        "bytes_per_row": null,
        "kind": "index",
        "name": "idx_connection_session_started",
        "rows": null,
        "table": "connection_session"
      },
      {
        "bytes": 4096,
        "bytes_per_row": null,
        "kind": "index",
        "name": "idx_daily_core_day",
        "rows": null,
        "table": "traffic_daily_core"
      },
      {
        "bytes": 4096,
        "bytes_per_row": null,
        "kind": "index",
        "name": "idx_daily_dim_lookup",
        "rows": null,
        "table": "traffic_daily_dimension"
      },
      {
        "bytes": 4096,
        "bytes_per_row": null,
        "kind": "index",
        "name": "idx_hourly_dim_lookup",
        "rows": null,
        "table": "traffic_hourly_dimension"
      },
      {
        "bytes": 4096,
        "bytes_per_row": null,
        "kind": "index",
        "name": "idx_outbox_due",
        "rows": null,
        "table": "notification_outbox"
      },
      {
        "bytes": 4096,
        "bytes_per_row": null,
        "kind": "index",
        "name": "idx_outbox_lease",
        "rows": null,
        "table": "notification_outbox"
      },
      {
        "bytes": 28672,
        "bytes_per_row": null,
        "kind": "index",
        "name": "idx_report_archive_kind_start",
        "rows": null,
        "table": "report_archive"
      },
      {
        "bytes": 4096,
        "bytes_per_row": null,
        "kind": "index",
        "name": "idx_session_attr_host",
        "rows": null,
        "table": "connection_session_attr"
      },
      {
        "bytes": 4096,
        "bytes_per_row": null,
        "kind": "table",
        "name": "machine_setting",
        "rows": 0,
        "table": "machine_setting"
      },
      {
        "bytes": 4096,
        "bytes_per_row": null,
        "kind": "table",
        "name": "notification_outbox",
        "rows": 0,
        "table": "notification_outbox"
      },
      {
        "bytes": 2297856,
        "bytes_per_row": 2059.010752688172,
        "kind": "table",
        "name": "report_archive",
        "rows": 1116,
        "table": "report_archive"
      },
      {
        "bytes": 176128,
        "bytes_per_row": null,
        "kind": "index",
        "name": "report_archive_period_uniq",
        "rows": null,
        "table": "report_archive"
      },
      {
        "bytes": 4096,
        "bytes_per_row": null,
        "kind": "table",
        "name": "report_snapshot_meta",
        "rows": 0,
        "table": "report_snapshot_meta"
      },
      {
        "bytes": 4096,
        "bytes_per_row": null,
        "kind": "table",
        "name": "retention_state",
        "rows": 0,
        "table": "retention_state"
      },
      {
        "bytes": 4096,
        "bytes_per_row": 1024.0,
        "kind": "table",
        "name": "retention_watermark",
        "rows": 4,
        "table": "retention_watermark"
      },
      {
        "bytes": 4096,
        "bytes_per_row": 1024.0,
        "kind": "table",
        "name": "schema_migration",
        "rows": 4,
        "table": "schema_migration"
      },
      {
        "bytes": 4096,
        "bytes_per_row": null,
        "kind": "index",
        "name": "sqlite_autoindex_alert_event_1",
        "rows": null,
        "table": "alert_event"
      },
      {
        "bytes": 4096,
        "bytes_per_row": null,
        "kind": "index",
        "name": "sqlite_autoindex_alert_event_2",
        "rows": null,
        "table": "alert_event"
      },
      {
        "bytes": 4096,
        "bytes_per_row": null,
        "kind": "index",
        "name": "sqlite_autoindex_alert_instance_1",
        "rows": null,
        "table": "alert_instance"
      },
      {
        "bytes": 4096,
        "bytes_per_row": null,
        "kind": "index",
        "name": "sqlite_autoindex_alert_rule_1",
        "rows": null,
        "table": "alert_rule"
      },
      {
        "bytes": 4096,
        "bytes_per_row": null,
        "kind": "index",
        "name": "sqlite_autoindex_committed_bundle_1",
        "rows": null,
        "table": "committed_bundle"
      },
      {
        "bytes": 4096,
        "bytes_per_row": null,
        "kind": "index",
        "name": "sqlite_autoindex_connection_chain_1",
        "rows": null,
        "table": "connection_chain"
      },
      {
        "bytes": 4096,
        "bytes_per_row": null,
        "kind": "index",
        "name": "sqlite_autoindex_connection_minute_1",
        "rows": null,
        "table": "connection_minute"
      },
      {
        "bytes": 4096,
        "bytes_per_row": null,
        "kind": "index",
        "name": "sqlite_autoindex_dimension_dict_1",
        "rows": null,
        "table": "dimension_dict"
      },
      {
        "bytes": 4096,
        "bytes_per_row": null,
        "kind": "index",
        "name": "sqlite_autoindex_machine_setting_1",
        "rows": null,
        "table": "machine_setting"
      },
      {
        "bytes": 4096,
        "bytes_per_row": null,
        "kind": "index",
        "name": "sqlite_autoindex_notification_outbox_1",
        "rows": null,
        "table": "notification_outbox"
      },
      {
        "bytes": 4096,
        "bytes_per_row": null,
        "kind": "index",
        "name": "sqlite_autoindex_notification_outbox_2",
        "rows": null,
        "table": "notification_outbox"
      },
      {
        "bytes": 53248,
        "bytes_per_row": null,
        "kind": "index",
        "name": "sqlite_autoindex_report_archive_1",
        "rows": null,
        "table": "report_archive"
      },
      {
        "bytes": 4096,
        "bytes_per_row": null,
        "kind": "index",
        "name": "sqlite_autoindex_report_snapshot_meta_1",
        "rows": null,
        "table": "report_snapshot_meta"
      },
      {
        "bytes": 4096,
        "bytes_per_row": null,
        "kind": "index",
        "name": "sqlite_autoindex_retention_state_1",
        "rows": null,
        "table": "retention_state"
      },
      {
        "bytes": 4096,
        "bytes_per_row": null,
        "kind": "index",
        "name": "sqlite_autoindex_retention_watermark_1",
        "rows": null,
        "table": "retention_watermark"
      },
      {
        "bytes": 4096,
        "bytes_per_row": null,
        "kind": "index",
        "name": "sqlite_autoindex_target_item_1",
        "rows": null,
        "table": "target_item"
      },
      {
        "bytes": 4096,
        "bytes_per_row": null,
        "kind": "index",
        "name": "sqlite_autoindex_traffic_daily_core_1",
        "rows": null,
        "table": "traffic_daily_core"
      },
      {
        "bytes": 4096,
        "bytes_per_row": null,
        "kind": "index",
        "name": "sqlite_autoindex_traffic_daily_dimension_1",
        "rows": null,
        "table": "traffic_daily_dimension"
      },
      {
        "bytes": 4096,
        "bytes_per_row": null,
        "kind": "index",
        "name": "sqlite_autoindex_traffic_hourly_dimension_1",
        "rows": null,
        "table": "traffic_hourly_dimension"
      },
      {
        "bytes": 4096,
        "bytes_per_row": 4096.0,
        "kind": "table",
        "name": "target_item",
        "rows": 1,
        "table": "target_item"
      },
      {
        "bytes": 4096,
        "bytes_per_row": 4096.0,
        "kind": "table",
        "name": "target_set",
        "rows": 1,
        "table": "target_set"
      },
      {
        "bytes": 4096,
        "bytes_per_row": null,
        "kind": "table",
        "name": "traffic_daily_core",
        "rows": 0,
        "table": "traffic_daily_core"
      },
      {
        "bytes": 4096,
        "bytes_per_row": null,
        "kind": "table",
        "name": "traffic_daily_dimension",
        "rows": 0,
        "table": "traffic_daily_dimension"
      },
      {
        "bytes": 4096,
        "bytes_per_row": null,
        "kind": "table",
        "name": "traffic_hourly_dimension",
        "rows": 0,
        "table": "traffic_hourly_dimension"
      }
    ]
  },
  "traffic": {
    "conserved": true,
    "expected_added_download": 67650,
    "expected_added_upload": 21270,
    "final_download": 78925,
    "final_upload": 24815,
    "initial_download": 11275,
    "initial_upload": 3545
  },
  "warmup_wall_secs": 5.0000792,
  "writer_rows_changed": 9300
}
