{
  "all_application_file_write_bytes": null,
  "commits": 30,
  "executable_sha256": "aaf4a5ed3626ffa0502948f1911027eca888e2f09460c1d86ad94f7cffb51b9b",
  "final_files_and_pages": {
    "active_page_bytes": 520192,
    "archive_failed": 0,
    "archive_ok": 36,
    "archive_spool_present_bytes": 0,
    "db_bytes": 499712,
    "freelist_count": 1,
    "journal_mode": "wal",
    "page_count": 128,
    "page_size": 4096,
    "reusable_page_bytes": 4096,
    "schema_version": 5,
    "shm_bytes": 32768,
    "spool_present_bytes": 0,
    "synchronous": 2,
    "wal_bytes": 4128272
  },
  "fixture_hash": "853e1c9de5bbbddbde340ac8c14fa07820a9e82b9749b34bd85e3536624e1c64",
  "frame_budget_overruns": 0,
  "frames": 30,
  "initial_files_and_pages": {
    "active_page_bytes": 458752,
    "archive_failed": 0,
    "archive_ok": 6,
    "archive_spool_present_bytes": 0,
    "db_bytes": 4096,
    "freelist_count": 0,
    "journal_mode": "wal",
    "page_count": 112,
    "page_size": 4096,
    "reusable_page_bytes": 0,
    "schema_version": 5,
    "shm_bytes": 32768,
    "spool_present_bytes": 0,
    "synchronous": 2,
    "wal_bytes": 1672752
  },
  "kind": "isolated-real-facade",
  "latency": {
    "archive_tick": {
      "count": 30,
      "max_ms": 5.0875,
      "p50_ms": 3.1334,
      "p95_ms": 4.9612,
      "p99_ms": 5.0383
    },
    "facade_ingest_including_durable_commit": {
      "count": 30,
      "max_ms": 20.4603,
      "p50_ms": 18.897000000000002,
      "p95_ms": 19.9013,
      "p99_ms": 19.9038
    },
    "live_query": {
      "count": 6,
      "max_ms": 0.3578,
      "p50_ms": 0.3069,
      "p95_ms": 0.3567,
      "p99_ms": 0.3567
    },
    "report_first_reader": {
      "count": 6,
      "max_ms": 1.7728,
      "p50_ms": 1.1312,
      "p95_ms": 1.7528000000000001,
      "p99_ms": 1.7528000000000001
    },
    "report_repeated_reader": {
      "count": 6,
      "max_ms": 1.4656,
      "p50_ms": 0.9445,
      "p95_ms": 1.4189,
      "p99_ms": 1.4189
    },
    "whole_tick": {
      "count": 30,
      "max_ms": 28.595200000000002,
      "p50_ms": 22.238999999999997,
      "p95_ms": 28.1131,
      "p99_ms": 28.408099999999997
    }
  },
  "limits": [
    "仅当前原生基准进程；没有 HTTP、Tauri 事件或 WebView，窗口为后台模拟状态。",
    "CPU/I/O/内存不含初始化、warmup、结果 JSON 写出及最终统计查询；采样开销包含在测量内。",
    "SQLite xWrite 只统计隔离目录内成功请求字节，不含 mmap/shm、spool、日志、系统缓存与物理设备写放大。",
    "process I/O 为 OS 当前进程计数，不能替代文件归属；spool 瞬时写入需要独立回归或文件跟踪。",
    "report first/repeated 每次均打开新 reader；未驱逐 OS page cache，不能宣称物理冷读。",
    "ingest 延迟包含 accounting、告警与提交；不是单独 SQLite commit 耗时。",
    "串行驱动没有 collector 输入队列；schedule_lag 不是实际队列深度。",
    "归档齐全 fixture 使用空历史的持久化结果；本回放不代替完整30天容量库或安装态 soak。",
    "failed 档案场景由隔离库 BEFORE INSERT 触发器拒绝持久化，非真实磁盘故障。"
  ],
  "local_utc_offset_seconds": -18000,
  "measured_wall_secs": 30.0004897,
  "native_after": {
    "cpu_seconds": 0.078125,
    "handles": 114,
    "io_read_bytes": 3728280,
    "io_write_bytes": 5909836,
    "io_write_operations": 2751,
    "private_bytes": 5685248,
    "working_set_bytes": 15282176
  },
  "native_before": {
    "cpu_seconds": 0.03125,
    "handles": 114,
    "io_read_bytes": 471856,
    "io_write_bytes": 1677372,
    "io_write_operations": 816,
    "private_bytes": 5816320,
    "working_set_bytes": 14811136
  },
  "native_cpu_seconds": 0.046875,
  "native_private_bytes": {
    "max": 6447104.0,
    "p95": 6180864.0,
    "samples": 30
  },
  "native_process_io_read_bytes": 3256424,
  "native_process_io_write_bytes": 4232464,
  "native_process_io_write_operations": 1935,
  "native_working_set_bytes": {
    "max": 15613952.0,
    "p95": 15257600.0,
    "samples": 30
  },
  "options": {
    "active": 250,
    "archive": "backlog",
    "dir": "D:\\Documents\\Code\\Github\\clash-verge-ai-residential\\bench-data\\t05-rebuild-20261002-4f8a8c68\\data\\matrix\\matrix-a250-backlog-candidate",
    "duration_secs": 30,
    "hz": 1,
    "metadata_change_percent": 100,
    "period_rule": true,
    "query_every_frames": 5,
    "seed": 20260919,
    "source_revision": "manifest-sha256:fb0aa37772bc274ff8637bd5ad049c322b569cbf62bd27c6123651a1fc1fa35b",
    "start_utc": 1800001800,
    "virtual_time": false,
    "warmup_secs": 5,
    "workload": "metadata"
  },
  "platform": "windows",
  "process_id": 10900,
  "samples": [
    {
      "active_tokens": 0,
      "frame": 1,
      "live_rows": 250,
      "native": {
        "cpu_seconds": 0.03125,
        "handles": 114,
        "io_read_bytes": 537492,
        "io_write_bytes": 1805092,
        "io_write_operations": 878,
        "private_bytes": 5775360,
        "working_set_bytes": 14614528
      },
      "token_bytes": 0,
      "virtual_utc": 1800001806,
      "wal_bytes": 1800472,
      "wall_secs": 0.0243195
    },
    {
      "active_tokens": 0,
      "frame": 2,
      "live_rows": 250,
      "native": {
        "cpu_seconds": 0.03125,
        "handles": 114,
        "io_read_bytes": 603128,
        "io_write_bytes": 1924572,
        "io_write_operations": 936,
        "private_bytes": 5509120,
        "working_set_bytes": 14929920
      },
      "token_bytes": 0,
      "virtual_utc": 1800001807,
      "wal_bytes": 1919952,
      "wall_secs": 1.0251188
    },
    {
      "active_tokens": 0,
      "frame": 3,
      "live_rows": 250,
      "native": {
        "cpu_seconds": 0.03125,
        "handles": 114,
        "io_read_bytes": 668764,
        "io_write_bytes": 2052292,
        "io_write_operations": 998,
        "private_bytes": 5271552,
        "working_set_bytes": 14606336
      },
      "token_bytes": 0,
      "virtual_utc": 1800001808,
      "wal_bytes": 2047672,
      "wall_secs": 2.0248656
    },
    {
      "active_tokens": 0,
      "frame": 4,
      "live_rows": 250,
      "native": {
        "cpu_seconds": 0.03125,
        "handles": 114,
        "io_read_bytes": 734400,
        "io_write_bytes": 2171772,
        "io_write_operations": 1056,
        "private_bytes": 6180864,
        "working_set_bytes": 15040512
      },
      "token_bytes": 0,
      "virtual_utc": 1800001809,
      "wal_bytes": 2167152,
      "wall_secs": 3.021122
    },
    {
      "active_tokens": 0,
      "frame": 5,
      "live_rows": 250,
      "native": {
        "cpu_seconds": 0.03125,
        "handles": 114,
        "io_read_bytes": 931308,
        "io_write_bytes": 2299492,
        "io_write_operations": 1118,
        "private_bytes": 5087232,
        "working_set_bytes": 14696448
      },
      "token_bytes": 0,
      "virtual_utc": 1800001810,
      "wal_bytes": 2294872,
      "wall_secs": 4.0238684
    },
    {
      "active_tokens": 0,
      "frame": 6,
      "live_rows": 250,
      "native": {
        "cpu_seconds": 0.03125,
        "handles": 114,
        "io_read_bytes": 996944,
        "io_write_bytes": 2418972,
        "io_write_operations": 1176,
        "private_bytes": 5386240,
        "working_set_bytes": 14807040
      },
      "token_bytes": 0,
      "virtual_utc": 1800001811,
      "wal_bytes": 2414352,
      "wall_secs": 5.0211982
    },
    {
      "active_tokens": 0,
      "frame": 7,
      "live_rows": 250,
      "native": {
        "cpu_seconds": 0.03125,
        "handles": 114,
        "io_read_bytes": 1062580,
        "io_write_bytes": 2546692,
        "io_write_operations": 1238,
        "private_bytes": 5242880,
        "working_set_bytes": 14872576
      },
      "token_bytes": 0,
      "virtual_utc": 1800001812,
      "wal_bytes": 2542072,
      "wall_secs": 6.0220062
    },
    {
      "active_tokens": 0,
      "frame": 8,
      "live_rows": 250,
      "native": {
        "cpu_seconds": 0.03125,
        "handles": 114,
        "io_read_bytes": 1128216,
        "io_write_bytes": 2666172,
        "io_write_operations": 1296,
        "private_bytes": 5373952,
        "working_set_bytes": 14934016
      },
      "token_bytes": 0,
      "virtual_utc": 1800001813,
      "wal_bytes": 2661552,
      "wall_secs": 7.0211226
    },
    {
      "active_tokens": 0,
      "frame": 9,
      "live_rows": 250,
      "native": {
        "cpu_seconds": 0.03125,
        "handles": 114,
        "io_read_bytes": 1193852,
        "io_write_bytes": 2793892,
        "io_write_operations": 1358,
        "private_bytes": 5009408,
        "working_set_bytes": 14630912
      },
      "token_bytes": 0,
      "virtual_utc": 1800001814,
      "wal_bytes": 2789272,
      "wall_secs": 8.0250097
    },
    {
      "active_tokens": 0,
      "frame": 10,
      "live_rows": 250,
      "native": {
        "cpu_seconds": 0.046875,
        "handles": 114,
        "io_read_bytes": 1390760,
        "io_write_bytes": 2913372,
        "io_write_operations": 1416,
        "private_bytes": 5570560,
        "working_set_bytes": 15130624
      },
      "token_bytes": 0,
      "virtual_utc": 1800001815,
      "wal_bytes": 2908752,
      "wall_secs": 9.0292245
    },
    {
      "active_tokens": 0,
      "frame": 11,
      "live_rows": 250,
      "native": {
        "cpu_seconds": 0.046875,
        "handles": 114,
        "io_read_bytes": 1456396,
        "io_write_bytes": 3041092,
        "io_write_operations": 1478,
        "private_bytes": 5165056,
        "working_set_bytes": 14688256
      },
      "token_bytes": 0,
      "virtual_utc": 1800001816,
      "wal_bytes": 3036472,
      "wall_secs": 10.0252498
    },
    {
      "active_tokens": 0,
      "frame": 12,
      "live_rows": 250,
      "native": {
        "cpu_seconds": 0.046875,
        "handles": 114,
        "io_read_bytes": 1522032,
        "io_write_bytes": 3160572,
        "io_write_operations": 1536,
        "private_bytes": 5337088,
        "working_set_bytes": 14745600
      },
      "token_bytes": 0,
      "virtual_utc": 1800001817,
      "wal_bytes": 3155952,
      "wall_secs": 11.0247054
    },
    {
      "active_tokens": 0,
      "frame": 13,
      "live_rows": 250,
      "native": {
        "cpu_seconds": 0.046875,
        "handles": 114,
        "io_read_bytes": 1587668,
        "io_write_bytes": 3288292,
        "io_write_operations": 1598,
        "private_bytes": 5230592,
        "working_set_bytes": 14745600
      },
      "token_bytes": 0,
      "virtual_utc": 1800001818,
      "wal_bytes": 3283672,
      "wall_secs": 12.0234956
    },
    {
      "active_tokens": 0,
      "frame": 14,
      "live_rows": 250,
      "native": {
        "cpu_seconds": 0.046875,
        "handles": 114,
        "io_read_bytes": 1653304,
        "io_write_bytes": 3407772,
        "io_write_operations": 1656,
        "private_bytes": 5877760,
        "working_set_bytes": 15216640
      },
      "token_bytes": 0,
      "virtual_utc": 1800001819,
      "wal_bytes": 3403152,
      "wall_secs": 13.0228455
    },
    {
      "active_tokens": 0,
      "frame": 15,
      "live_rows": 250,
      "native": {
        "cpu_seconds": 0.0625,
        "handles": 114,
        "io_read_bytes": 1850212,
        "io_write_bytes": 3535492,
        "io_write_operations": 1718,
        "private_bytes": 5505024,
        "working_set_bytes": 15040512
      },
      "token_bytes": 0,
      "virtual_utc": 1800001820,
      "wal_bytes": 3530872,
      "wall_secs": 14.0288103
    },
    {
      "active_tokens": 0,
      "frame": 16,
      "live_rows": 250,
      "native": {
        "cpu_seconds": 0.0625,
        "handles": 114,
        "io_read_bytes": 1915848,
        "io_write_bytes": 3654972,
        "io_write_operations": 1776,
        "private_bytes": 5283840,
        "working_set_bytes": 14778368
      },
      "token_bytes": 0,
      "virtual_utc": 1800001821,
      "wal_bytes": 3650352,
      "wall_secs": 15.0227001
    },
    {
      "active_tokens": 0,
      "frame": 17,
      "live_rows": 250,
      "native": {
        "cpu_seconds": 0.0625,
        "handles": 114,
        "io_read_bytes": 1981484,
        "io_write_bytes": 3782692,
        "io_write_operations": 1838,
        "private_bytes": 5746688,
        "working_set_bytes": 15048704
      },
      "token_bytes": 0,
      "virtual_utc": 1800001822,
      "wal_bytes": 3778072,
      "wall_secs": 16.0227055
    },
    {
      "active_tokens": 0,
      "frame": 18,
      "live_rows": 250,
      "native": {
        "cpu_seconds": 0.0625,
        "handles": 114,
        "io_read_bytes": 2047120,
        "io_write_bytes": 3902172,
        "io_write_operations": 1896,
        "private_bytes": 5132288,
        "working_set_bytes": 14643200
      },
      "token_bytes": 0,
      "virtual_utc": 1800001823,
      "wal_bytes": 3897552,
      "wall_secs": 17.0210711
    },
    {
      "active_tokens": 0,
      "frame": 19,
      "live_rows": 250,
      "native": {
        "cpu_seconds": 0.0625,
        "handles": 114,
        "io_read_bytes": 2112756,
        "io_write_bytes": 4029892,
        "io_write_operations": 1958,
        "private_bytes": 5742592,
        "working_set_bytes": 15028224
      },
      "token_bytes": 0,
      "virtual_utc": 1800001824,
      "wal_bytes": 4025272,
      "wall_secs": 18.021168
    },
    {
      "active_tokens": 0,
      "frame": 20,
      "live_rows": 250,
      "native": {
        "cpu_seconds": 0.078125,
        "handles": 114,
        "io_read_bytes": 2809376,
        "io_write_bytes": 4649116,
        "io_write_operations": 2139,
        "private_bytes": 5578752,
        "working_set_bytes": 15118336
      },
      "token_bytes": 0,
      "virtual_utc": 1800001825,
      "wal_bytes": 4128272,
      "wall_secs": 19.028584
    },
    {
      "active_tokens": 0,
      "frame": 21,
      "live_rows": 250,
      "native": {
        "cpu_seconds": 0.078125,
        "handles": 114,
        "io_read_bytes": 2875012,
        "io_write_bytes": 4776836,
        "io_write_operations": 2201,
        "private_bytes": 5083136,
        "working_set_bytes": 14753792
      },
      "token_bytes": 0,
      "virtual_utc": 1800001826,
      "wal_bytes": 4128272,
      "wall_secs": 20.0210337
    },
    {
      "active_tokens": 0,
      "frame": 22,
      "live_rows": 250,
      "native": {
        "cpu_seconds": 0.078125,
        "handles": 114,
        "io_read_bytes": 2940648,
        "io_write_bytes": 4896316,
        "io_write_operations": 2259,
        "private_bytes": 5734400,
        "working_set_bytes": 15224832
      },
      "token_bytes": 0,
      "virtual_utc": 1800001827,
      "wal_bytes": 4128272,
      "wall_secs": 21.0203949
    },
    {
      "active_tokens": 0,
      "frame": 23,
      "live_rows": 250,
      "native": {
        "cpu_seconds": 0.078125,
        "handles": 114,
        "io_read_bytes": 3006284,
        "io_write_bytes": 5024036,
        "io_write_operations": 2321,
        "private_bytes": 5746688,
        "working_set_bytes": 15163392
      },
      "token_bytes": 0,
      "virtual_utc": 1800001828,
      "wal_bytes": 4128272,
      "wall_secs": 22.0224066
    },
    {
      "active_tokens": 0,
      "frame": 24,
      "live_rows": 250,
      "native": {
        "cpu_seconds": 0.078125,
        "handles": 114,
        "io_read_bytes": 3071920,
        "io_write_bytes": 5143516,
        "io_write_operations": 2379,
        "private_bytes": 5730304,
        "working_set_bytes": 14872576
      },
      "token_bytes": 0,
      "virtual_utc": 1800001829,
      "wal_bytes": 4128272,
      "wall_secs": 23.0208711
    },
    {
      "active_tokens": 0,
      "frame": 25,
      "live_rows": 250,
      "native": {
        "cpu_seconds": 0.078125,
        "handles": 114,
        "io_read_bytes": 3268828,
        "io_write_bytes": 5271236,
        "io_write_operations": 2441,
        "private_bytes": 6447104,
        "working_set_bytes": 15613952
      },
      "token_bytes": 0,
      "virtual_utc": 1800001830,
      "wal_bytes": 4128272,
      "wall_secs": 24.0229461
    },
    {
      "active_tokens": 0,
      "frame": 26,
      "live_rows": 250,
      "native": {
        "cpu_seconds": 0.078125,
        "handles": 114,
        "io_read_bytes": 3334464,
        "io_write_bytes": 5390716,
        "io_write_operations": 2499,
        "private_bytes": 5140480,
        "working_set_bytes": 14893056
      },
      "token_bytes": 0,
      "virtual_utc": 1800001831,
      "wal_bytes": 4128272,
      "wall_secs": 25.022769
    },
    {
      "active_tokens": 0,
      "frame": 27,
      "live_rows": 250,
      "native": {
        "cpu_seconds": 0.078125,
        "handles": 114,
        "io_read_bytes": 3400100,
        "io_write_bytes": 5518436,
        "io_write_operations": 2561,
        "private_bytes": 5652480,
        "working_set_bytes": 15249408
      },
      "token_bytes": 0,
      "virtual_utc": 1800001832,
      "wal_bytes": 4128272,
      "wall_secs": 26.022461
    },
    {
      "active_tokens": 0,
      "frame": 28,
      "live_rows": 250,
      "native": {
        "cpu_seconds": 0.078125,
        "handles": 114,
        "io_read_bytes": 3465736,
        "io_write_bytes": 5646156,
        "io_write_operations": 2623,
        "private_bytes": 5500928,
        "working_set_bytes": 15126528
      },
      "token_bytes": 0,
      "virtual_utc": 1800001833,
      "wal_bytes": 4128272,
      "wall_secs": 27.022103
    },
    {
      "active_tokens": 0,
      "frame": 29,
      "live_rows": 250,
      "native": {
        "cpu_seconds": 0.078125,
        "handles": 114,
        "io_read_bytes": 3531372,
        "io_write_bytes": 5782116,
        "io_write_operations": 2689,
        "private_bytes": 6303744,
        "working_set_bytes": 15257600
      },
      "token_bytes": 0,
      "virtual_utc": 1800001834,
      "wal_bytes": 4128272,
      "wall_secs": 28.0215897
    },
    {
      "active_tokens": 0,
      "frame": 30,
      "live_rows": 250,
      "native": {
        "cpu_seconds": 0.078125,
        "handles": 114,
        "io_read_bytes": 3728280,
        "io_write_bytes": 5909836,
        "io_write_operations": 2751,
        "private_bytes": 5685248,
        "working_set_bytes": 15282176
      },
      "token_bytes": 0,
      "virtual_utc": 1800001835,
      "wal_bytes": 4128272,
      "wall_secs": 29.0253837
    }
  ],
  "schedule_lag_frames_max": 0,
  "schema_version": 1,
  "simulated_secs": 30,
  "spool_write_bytes": null,
  "sqlite_application_file_write_bytes": 4232464,
  "sqlite_xwrite": {
    "db_bytes": 499712,
    "failed_calls": 0,
    "other_sqlite_file_bytes": 0,
    "successful_calls": 1935,
    "wal_bytes": 3732752
  },
  "synchronous": "FULL",
  "tables_and_indexes": {
    "dbstat_available": true,
    "objects": [
      {
        "bytes": 4096,
        "bytes_per_row": 4096.0,
        "kind": "table",
        "name": "alert_event",
        "rows": 1,
        "table": "alert_event"
      },
      {
        "bytes": 12288,
        "bytes_per_row": 1536.0,
        "kind": "table",
        "name": "alert_instance",
        "rows": 8,
        "table": "alert_instance"
      },
      {
        "bytes": 4096,
        "bytes_per_row": null,
        "kind": "index",
        "name": "alert_instance_active_uniq",
        "rows": null,
        "table": "alert_instance"
      },
      {
        "bytes": 4096,
        "bytes_per_row": null,
        "kind": "index",
        "name": "alert_instance_identity",
        "rows": null,
        "table": "alert_instance"
      },
      {
        "bytes": 4096,
        "bytes_per_row": 512.0,
        "kind": "table",
        "name": "alert_rule",
        "rows": 8,
        "table": "alert_rule"
      },
      {
        "bytes": 4096,
        "bytes_per_row": null,
        "kind": "table",
        "name": "backup_manifest",
        "rows": 0,
        "table": "backup_manifest"
      },
      {
        "bytes": 4096,
        "bytes_per_row": 4096.0,
        "kind": "table",
        "name": "bundle_epoch",
        "rows": 1,
        "table": "bundle_epoch"
      },
      {
        "bytes": 4096,
        "bytes_per_row": 110.70270270270271,
        "kind": "table",
        "name": "committed_bundle",
        "rows": 37,
        "table": "committed_bundle"
      },
      {
        "bytes": 16384,
        "bytes_per_row": 32.768,
        "kind": "table",
        "name": "connection_chain",
        "rows": 500,
        "table": "connection_chain"
      },
      {
        "bytes": 12288,
        "bytes_per_row": 49.152,
        "kind": "table",
        "name": "connection_minute",
        "rows": 250,
        "table": "connection_minute"
      },
      {
        "bytes": 16384,
        "bytes_per_row": 65.536,
        "kind": "table",
        "name": "connection_session",
        "rows": 250,
        "table": "connection_session"
      },
      {
        "bytes": 16384,
        "bytes_per_row": 65.536,
        "kind": "table",
        "name": "connection_session_attr",
        "rows": 250,
        "table": "connection_session_attr"
      },
      {
        "bytes": 12288,
        "bytes_per_row": null,
        "kind": "index",
        "name": "connection_session_identity",
        "rows": null,
        "table": "connection_session"
      },
      {
        "bytes": 4096,
        "bytes_per_row": 4096.0,
        "kind": "table",
        "name": "controller_epoch",
        "rows": 1,
        "table": "controller_epoch"
      },
      {
        "bytes": 4096,
        "bytes_per_row": null,
        "kind": "table",
        "name": "coverage_daily",
        "rows": 0,
        "table": "coverage_daily"
      },
      {
        "bytes": 4096,
        "bytes_per_row": 4096.0,
        "kind": "table",
        "name": "coverage_interval",
        "rows": 1,
        "table": "coverage_interval"
      },
      {
        "bytes": 4096,
        "bytes_per_row": 4096.0,
        "kind": "table",
        "name": "data_version",
        "rows": 1,
        "table": "data_version"
      },
      {
        "bytes": 12288,
        "bytes_per_row": 60.83168316831683,
        "kind": "table",
        "name": "dimension_dict",
        "rows": 202,
        "table": "dimension_dict"
      },
      {
        "bytes": 12288,
        "bytes_per_row": null,
        "kind": "index",
        "name": "dimension_dict_value",
        "rows": null,
        "table": "dimension_dict"
      },
      {
        "bytes": 4096,
        "bytes_per_row": null,
        "kind": "index",
        "name": "idx_alert_event_retention",
        "rows": null,
        "table": "alert_event"
      },
      {
        "bytes": 4096,
        "bytes_per_row": null,
        "kind": "index",
        "name": "idx_alert_instance_center",
        "rows": null,
        "table": "alert_instance"
      },
      {
        "bytes": 4096,
        "bytes_per_row": null,
        "kind": "index",
        "name": "idx_connection_minute_session",
        "rows": null,
        "table": "connection_minute"
      },
      {
        "bytes": 4096,
        "bytes_per_row": null,
        "kind": "index",
        "name": "idx_connection_session_started",
        "rows": null,
        "table": "connection_session"
      },
      {
        "bytes": 4096,
        "bytes_per_row": null,
        "kind": "index",
        "name": "idx_coverage_sample_tail",
        "rows": null,
        "table": "coverage_interval"
      },
      {
        "bytes": 4096,
        "bytes_per_row": null,
        "kind": "index",
        "name": "idx_daily_core_category",
        "rows": null,
        "table": "traffic_daily_core"
      },
      {
        "bytes": 4096,
        "bytes_per_row": null,
        "kind": "index",
        "name": "idx_daily_core_day",
        "rows": null,
        "table": "traffic_daily_core"
      },
      {
        "bytes": 4096,
        "bytes_per_row": null,
        "kind": "index",
        "name": "idx_daily_dim_lookup",
        "rows": null,
        "table": "traffic_daily_dimension"
      },
      {
        "bytes": 4096,
        "bytes_per_row": null,
        "kind": "index",
        "name": "idx_daily_dimension_category",
        "rows": null,
        "table": "traffic_daily_dimension"
      },
      {
        "bytes": 4096,
        "bytes_per_row": null,
        "kind": "index",
        "name": "idx_daily_dimension_identity",
        "rows": null,
        "table": "traffic_daily_dimension"
      },
      {
        "bytes": 4096,
        "bytes_per_row": null,
        "kind": "index",
        "name": "idx_hourly_category",
        "rows": null,
        "table": "traffic_hourly_dimension"
      },
      {
        "bytes": 4096,
        "bytes_per_row": null,
        "kind": "index",
        "name": "idx_hourly_dim_lookup",
        "rows": null,
        "table": "traffic_hourly_dimension"
      },
      {
        "bytes": 4096,
        "bytes_per_row": null,
        "kind": "index",
        "name": "idx_hourly_dimension_identity",
        "rows": null,
        "table": "traffic_hourly_dimension"
      },
      {
        "bytes": 4096,
        "bytes_per_row": null,
        "kind": "index",
        "name": "idx_outbox_due",
        "rows": null,
        "table": "notification_outbox"
      },
      {
        "bytes": 4096,
        "bytes_per_row": null,
        "kind": "index",
        "name": "idx_outbox_lease",
        "rows": null,
        "table": "notification_outbox"
      },
      {
        "bytes": 4096,
        "bytes_per_row": null,
        "kind": "index",
        "name": "idx_report_archive_kind_start",
        "rows": null,
        "table": "report_archive"
      },
      {
        "bytes": 4096,
        "bytes_per_row": null,
        "kind": "index",
        "name": "idx_retention_build_member_session",
        "rows": null,
        "table": "retention_build_member"
      },
      {
        "bytes": 4096,
        "bytes_per_row": null,
        "kind": "index",
        "name": "idx_retention_coverage_source",
        "rows": null,
        "table": "coverage_interval"
      },
      {
        "bytes": 4096,
        "bytes_per_row": null,
        "kind": "index",
        "name": "idx_session_attr_category",
        "rows": null,
        "table": "connection_session_attr"
      },
      {
        "bytes": 4096,
        "bytes_per_row": null,
        "kind": "index",
        "name": "idx_session_attr_chain_identity",
        "rows": null,
        "table": "connection_session_attr"
      },
      {
        "bytes": 4096,
        "bytes_per_row": null,
        "kind": "index",
        "name": "idx_session_attr_host",
        "rows": null,
        "table": "connection_session_attr"
      },
      {
        "bytes": 4096,
        "bytes_per_row": null,
        "kind": "index",
        "name": "idx_session_attr_network",
        "rows": null,
        "table": "connection_session_attr"
      },
      {
        "bytes": 4096,
        "bytes_per_row": null,
        "kind": "index",
        "name": "idx_session_attr_process",
        "rows": null,
        "table": "connection_session_attr"
      },
      {
        "bytes": 4096,
        "bytes_per_row": null,
        "kind": "index",
        "name": "idx_session_attr_rule",
        "rows": null,
        "table": "connection_session_attr"
      },
      {
        "bytes": 4096,
        "bytes_per_row": null,
        "kind": "index",
        "name": "idx_session_attr_rule_group",
        "rows": null,
        "table": "connection_session_attr"
      },
      {
        "bytes": 4096,
        "bytes_per_row": null,
        "kind": "table",
        "name": "machine_setting",
        "rows": 0,
        "table": "machine_setting"
      },
      {
        "bytes": 4096,
        "bytes_per_row": null,
        "kind": "table",
        "name": "notification_outbox",
        "rows": 0,
        "table": "notification_outbox"
      },
      {
        "bytes": 77824,
        "bytes_per_row": 2161.777777777778,
        "kind": "table",
        "name": "report_archive",
        "rows": 36,
        "table": "report_archive"
      },
      {
        "bytes": 4096,
        "bytes_per_row": null,
        "kind": "index",
        "name": "report_archive_period_uniq",
        "rows": null,
        "table": "report_archive"
      },
      {
        "bytes": 4096,
        "bytes_per_row": null,
        "kind": "table",
        "name": "report_snapshot_meta",
        "rows": 0,
        "table": "report_snapshot_meta"
      },
      {
        "bytes": 4096,
        "bytes_per_row": null,
        "kind": "table",
        "name": "retention_build",
        "rows": 0,
        "table": "retention_build"
      },
      {
        "bytes": 4096,
        "bytes_per_row": null,
        "kind": "table",
        "name": "retention_build_aggregate",
        "rows": 0,
        "table": "retention_build_aggregate"
      },
      {
        "bytes": 4096,
        "bytes_per_row": null,
        "kind": "table",
        "name": "retention_build_member",
        "rows": 0,
        "table": "retention_build_member"
      },
      {
        "bytes": 4096,
        "bytes_per_row": null,
        "kind": "table",
        "name": "retention_state",
        "rows": 0,
        "table": "retention_state"
      },
      {
        "bytes": 4096,
        "bytes_per_row": 1024.0,
        "kind": "table",
        "name": "retention_watermark",
        "rows": 4,
        "table": "retention_watermark"
      },
      {
        "bytes": 4096,
        "bytes_per_row": 819.2,
        "kind": "table",
        "name": "schema_migration",
        "rows": 5,
        "table": "schema_migration"
      },
      {
        "bytes": 4096,
        "bytes_per_row": null,
        "kind": "index",
        "name": "sqlite_autoindex_alert_event_1",
        "rows": null,
        "table": "alert_event"
      },
      {
        "bytes": 4096,
        "bytes_per_row": null,
        "kind": "index",
        "name": "sqlite_autoindex_alert_event_2",
        "rows": null,
        "table": "alert_event"
      },
      {
        "bytes": 4096,
        "bytes_per_row": null,
        "kind": "index",
        "name": "sqlite_autoindex_alert_instance_1",
        "rows": null,
        "table": "alert_instance"
      },
      {
        "bytes": 4096,
        "bytes_per_row": null,
        "kind": "index",
        "name": "sqlite_autoindex_alert_rule_1",
        "rows": null,
        "table": "alert_rule"
      },
      {
        "bytes": 4096,
        "bytes_per_row": null,
        "kind": "index",
        "name": "sqlite_autoindex_committed_bundle_1",
        "rows": null,
        "table": "committed_bundle"
      },
      {
        "bytes": 12288,
        "bytes_per_row": null,
        "kind": "index",
        "name": "sqlite_autoindex_connection_chain_1",
        "rows": null,
        "table": "connection_chain"
      },
      {
        "bytes": 4096,
        "bytes_per_row": null,
        "kind": "index",
        "name": "sqlite_autoindex_connection_minute_1",
        "rows": null,
        "table": "connection_minute"
      },
      {
        "bytes": 4096,
        "bytes_per_row": null,
        "kind": "index",
        "name": "sqlite_autoindex_dimension_dict_1",
        "rows": null,
        "table": "dimension_dict"
      },
      {
        "bytes": 4096,
        "bytes_per_row": null,
        "kind": "index",
        "name": "sqlite_autoindex_machine_setting_1",
        "rows": null,
        "table": "machine_setting"
      },
      {
        "bytes": 4096,
        "bytes_per_row": null,
        "kind": "index",
        "name": "sqlite_autoindex_notification_outbox_1",
        "rows": null,
        "table": "notification_outbox"
      },
      {
        "bytes": 4096,
        "bytes_per_row": null,
        "kind": "index",
        "name": "sqlite_autoindex_notification_outbox_2",
        "rows": null,
        "table": "notification_outbox"
      },
      {
        "bytes": 4096,
        "bytes_per_row": null,
        "kind": "index",
        "name": "sqlite_autoindex_report_archive_1",
        "rows": null,
        "table": "report_archive"
      },
      {
        "bytes": 4096,
        "bytes_per_row": null,
        "kind": "index",
        "name": "sqlite_autoindex_report_snapshot_meta_1",
        "rows": null,
        "table": "report_snapshot_meta"
      },
      {
        "bytes": 4096,
        "bytes_per_row": null,
        "kind": "index",
        "name": "sqlite_autoindex_retention_build_aggregate_1",
        "rows": null,
        "table": "retention_build_aggregate"
      },
      {
        "bytes": 4096,
        "bytes_per_row": null,
        "kind": "index",
        "name": "sqlite_autoindex_retention_build_member_1",
        "rows": null,
        "table": "retention_build_member"
      },
      {
        "bytes": 4096,
        "bytes_per_row": null,
        "kind": "index",
        "name": "sqlite_autoindex_retention_state_1",
        "rows": null,
        "table": "retention_state"
      },
      {
        "bytes": 4096,
        "bytes_per_row": null,
        "kind": "index",
        "name": "sqlite_autoindex_retention_watermark_1",
        "rows": null,
        "table": "retention_watermark"
      },
      {
        "bytes": 4096,
        "bytes_per_row": null,
        "kind": "index",
        "name": "sqlite_autoindex_target_item_1",
        "rows": null,
        "table": "target_item"
      },
      {
        "bytes": 4096,
        "bytes_per_row": null,
        "kind": "index",
        "name": "sqlite_autoindex_traffic_daily_core_1",
        "rows": null,
        "table": "traffic_daily_core"
      },
      {
        "bytes": 4096,
        "bytes_per_row": null,
        "kind": "index",
        "name": "sqlite_autoindex_traffic_daily_dimension_1",
        "rows": null,
        "table": "traffic_daily_dimension"
      },
      {
        "bytes": 4096,
        "bytes_per_row": null,
        "kind": "index",
        "name": "sqlite_autoindex_traffic_hourly_dimension_1",
        "rows": null,
        "table": "traffic_hourly_dimension"
      },
      {
        "bytes": 4096,
        "bytes_per_row": 4096.0,
        "kind": "table",
        "name": "target_item",
        "rows": 1,
        "table": "target_item"
      },
      {
        "bytes": 4096,
        "bytes_per_row": 4096.0,
        "kind": "table",
        "name": "target_set",
        "rows": 1,
        "table": "target_set"
      },
      {
        "bytes": 4096,
        "bytes_per_row": null,
        "kind": "table",
        "name": "traffic_daily_core",
        "rows": 0,
        "table": "traffic_daily_core"
      },
      {
        "bytes": 4096,
        "bytes_per_row": null,
        "kind": "table",
        "name": "traffic_daily_dimension",
        "rows": 0,
        "table": "traffic_daily_dimension"
      },
      {
        "bytes": 4096,
        "bytes_per_row": null,
        "kind": "table",
        "name": "traffic_hourly_dimension",
        "rows": 0,
        "table": "traffic_hourly_dimension"
      }
    ]
  },
  "traffic": {
    "conserved": true,
    "expected_added_download": 351690,
    "expected_added_upload": 104820,
    "final_download": 410305,
    "final_upload": 122290,
    "initial_download": 58615,
    "initial_upload": 17470
  },
  "warmup_wall_secs": 5.0004446,
  "writer_rows_changed": 52860
}
