{
  "all_application_file_write_bytes": null,
  "commits": 30,
  "executable_sha256": "d590ef1082718856f0f92f865a260fe99d530f8dc05ae2db4501157fe110f8a4",
  "final_files_and_pages": {
    "active_page_bytes": 2809856,
    "archive_failed": 0,
    "archive_ok": 1116,
    "archive_spool_present_bytes": 0,
    "db_bytes": 2666496,
    "freelist_count": 0,
    "journal_mode": "wal",
    "page_count": 686,
    "page_size": 4096,
    "reusable_page_bytes": 0,
    "schema_version": 4,
    "shm_bytes": 32768,
    "spool_present_bytes": 0,
    "synchronous": 2,
    "wal_bytes": 4161232
  },
  "fixture_hash": "f05498752ce3081cc0c3167eec023eeb26fefb53c1a7abfc5787489b7a3d4b38",
  "frame_budget_overruns": 0,
  "frames": 30,
  "initial_files_and_pages": {
    "active_page_bytes": 2809856,
    "archive_failed": 0,
    "archive_ok": 1116,
    "archive_spool_present_bytes": 0,
    "db_bytes": 2666496,
    "freelist_count": 0,
    "journal_mode": "wal",
    "page_count": 686,
    "page_size": 4096,
    "reusable_page_bytes": 0,
    "schema_version": 4,
    "shm_bytes": 32768,
    "spool_present_bytes": 0,
    "synchronous": 2,
    "wal_bytes": 4161232
  },
  "kind": "isolated-real-facade",
  "latency": {
    "archive_tick": {
      "count": 30,
      "max_ms": 24.406299999999998,
      "p50_ms": 19.570500000000003,
      "p95_ms": 20.9213,
      "p99_ms": 21.073700000000002
    },
    "facade_ingest_including_durable_commit": {
      "count": 30,
      "max_ms": 113.3326,
      "p50_ms": 13.6799,
      "p95_ms": 14.483899999999998,
      "p99_ms": 14.6385
    },
    "live_query": {
      "count": 6,
      "max_ms": 0.0988,
      "p50_ms": 0.0901,
      "p95_ms": 0.0927,
      "p99_ms": 0.0927
    },
    "report_first_reader": {
      "count": 6,
      "max_ms": 1.5958999999999999,
      "p50_ms": 1.453,
      "p95_ms": 1.5501,
      "p99_ms": 1.5501
    },
    "report_repeated_reader": {
      "count": 6,
      "max_ms": 1.1884000000000001,
      "p50_ms": 0.9522,
      "p95_ms": 1.1669,
      "p99_ms": 1.1669
    },
    "whole_tick": {
      "count": 30,
      "max_ms": 133.9082,
      "p50_ms": 33.4148,
      "p95_ms": 37.5434,
      "p99_ms": 40.4359
    }
  },
  "limits": [
    "仅当前原生基准进程；没有 HTTP、Tauri 事件或 WebView，窗口为后台模拟状态。",
    "CPU/I/O/内存不含初始化、warmup、结果 JSON 写出及最终统计查询；采样开销包含在测量内。",
    "SQLite xWrite 只统计隔离目录内成功请求字节，不含 mmap/shm、spool、日志、系统缓存与物理设备写放大。",
    "process I/O 为 OS 当前进程计数，不能替代文件归属；spool 瞬时写入需要独立回归或文件跟踪。",
    "report first/repeated 每次均打开新 reader；未驱逐 OS page cache，不能宣称物理冷读。",
    "ingest 延迟包含 accounting、告警与提交；不是单独 SQLite commit 耗时。",
    "串行驱动没有 collector 输入队列；schedule_lag 不是实际队列深度。",
    "归档齐全 fixture 使用空历史的持久化结果；本回放不代替完整30天容量库或安装态 soak。",
    "failed 档案场景由隔离库 BEFORE INSERT 触发器拒绝持久化，非真实磁盘故障。"
  ],
  "local_utc_offset_seconds": -18000,
  "measured_wall_secs": 30.0003113,
  "native_after": {
    "cpu_seconds": 10.96875,
    "handles": 114,
    "io_read_bytes": 543219894,
    "io_write_bytes": 35641284,
    "io_write_operations": 16566,
    "private_bytes": 6316032,
    "working_set_bytes": 15298560
  },
  "native_before": {
    "cpu_seconds": 10.46875,
    "handles": 114,
    "io_read_bytes": 402082822,
    "io_write_bytes": 34158084,
    "io_write_operations": 15846,
    "private_bytes": 4984832,
    "working_set_bytes": 14241792
  },
  "native_cpu_seconds": 0.5,
  "native_private_bytes": {
    "max": 6410240.0,
    "p95": 6316032.0,
    "samples": 30
  },
  "native_process_io_read_bytes": 141137072,
  "native_process_io_write_bytes": 1483200,
  "native_process_io_write_operations": 720,
  "native_working_set_bytes": {
    "max": 15314944.0,
    "p95": 15298560.0,
    "samples": 30
  },
  "options": {
    "active": 50,
    "archive": "complete",
    "dir": "D:\\Documents\\Code\\Github\\clash-verge-ai-residential\\bench-data\\t05-rebuild-20261002-4f8a8c68\\data\\matrix\\matrix-a50-metadata-baseline",
    "duration_secs": 30,
    "hz": 1,
    "metadata_change_percent": 100,
    "period_rule": false,
    "query_every_frames": 5,
    "seed": 20260919,
    "source_revision": "c278bb7b56603001e32e353d2ee589dccef0bfe9",
    "start_utc": 1800001800,
    "virtual_time": false,
    "warmup_secs": 5,
    "workload": "metadata"
  },
  "platform": "windows",
  "process_id": 46268,
  "samples": [
    {
      "active_tokens": 0,
      "frame": 1,
      "live_rows": 50,
      "native": {
        "cpu_seconds": 10.484375,
        "handles": 114,
        "io_read_bytes": 406768646,
        "io_write_bytes": 34207524,
        "io_write_operations": 15870,
        "private_bytes": 5095424,
        "working_set_bytes": 14491648
      },
      "token_bytes": 0,
      "virtual_utc": 1800001806,
      "wal_bytes": 4161232,
      "wall_secs": 0.0332944
    },
    {
      "active_tokens": 0,
      "frame": 2,
      "live_rows": 50,
      "native": {
        "cpu_seconds": 10.5,
        "handles": 114,
        "io_read_bytes": 411458566,
        "io_write_bytes": 34256964,
        "io_write_operations": 15894,
        "private_bytes": 4820992,
        "working_set_bytes": 14241792
      },
      "token_bytes": 0,
      "virtual_utc": 1800001807,
      "wal_bytes": 4161232,
      "wall_secs": 1.031352
    },
    {
      "active_tokens": 0,
      "frame": 3,
      "live_rows": 50,
      "native": {
        "cpu_seconds": 10.515625,
        "handles": 114,
        "io_read_bytes": 416148486,
        "io_write_bytes": 34306404,
        "io_write_operations": 15918,
        "private_bytes": 5025792,
        "working_set_bytes": 14401536
      },
      "token_bytes": 0,
      "virtual_utc": 1800001808,
      "wal_bytes": 4161232,
      "wall_secs": 2.0347331
    },
    {
      "active_tokens": 0,
      "frame": 4,
      "live_rows": 50,
      "native": {
        "cpu_seconds": 10.53125,
        "handles": 114,
        "io_read_bytes": 420838406,
        "io_write_bytes": 34355844,
        "io_write_operations": 15942,
        "private_bytes": 4960256,
        "working_set_bytes": 14381056
      },
      "token_bytes": 0,
      "virtual_utc": 1800001809,
      "wal_bytes": 4161232,
      "wall_secs": 3.0330514
    },
    {
      "active_tokens": 0,
      "frame": 5,
      "live_rows": 50,
      "native": {
        "cpu_seconds": 10.5625,
        "handles": 114,
        "io_read_bytes": 425602254,
        "io_write_bytes": 34405284,
        "io_write_operations": 15966,
        "private_bytes": 5394432,
        "working_set_bytes": 14868480
      },
      "token_bytes": 0,
      "virtual_utc": 1800001810,
      "wal_bytes": 4161232,
      "wall_secs": 4.0408288
    },
    {
      "active_tokens": 0,
      "frame": 6,
      "live_rows": 50,
      "native": {
        "cpu_seconds": 10.578125,
        "handles": 114,
        "io_read_bytes": 430292174,
        "io_write_bytes": 34454724,
        "io_write_operations": 15990,
        "private_bytes": 6410240,
        "working_set_bytes": 15298560
      },
      "token_bytes": 0,
      "virtual_utc": 1800001811,
      "wal_bytes": 4161232,
      "wall_secs": 5.026055
    },
    {
      "active_tokens": 0,
      "frame": 7,
      "live_rows": 50,
      "native": {
        "cpu_seconds": 10.59375,
        "handles": 114,
        "io_read_bytes": 434982094,
        "io_write_bytes": 34504164,
        "io_write_operations": 16014,
        "private_bytes": 5591040,
        "working_set_bytes": 14974976
      },
      "token_bytes": 0,
      "virtual_utc": 1800001812,
      "wal_bytes": 4161232,
      "wall_secs": 6.0261675
    },
    {
      "active_tokens": 0,
      "frame": 8,
      "live_rows": 50,
      "native": {
        "cpu_seconds": 10.609375,
        "handles": 114,
        "io_read_bytes": 439672014,
        "io_write_bytes": 34553604,
        "io_write_operations": 16038,
        "private_bytes": 4902912,
        "working_set_bytes": 14520320
      },
      "token_bytes": 0,
      "virtual_utc": 1800001813,
      "wal_bytes": 4161232,
      "wall_secs": 7.0337373
    },
    {
      "active_tokens": 0,
      "frame": 9,
      "live_rows": 50,
      "native": {
        "cpu_seconds": 10.625,
        "handles": 114,
        "io_read_bytes": 444361934,
        "io_write_bytes": 34603044,
        "io_write_operations": 16062,
        "private_bytes": 6148096,
        "working_set_bytes": 15003648
      },
      "token_bytes": 0,
      "virtual_utc": 1800001814,
      "wal_bytes": 4161232,
      "wall_secs": 8.0264876
    },
    {
      "active_tokens": 0,
      "frame": 10,
      "live_rows": 50,
      "native": {
        "cpu_seconds": 10.640625,
        "handles": 114,
        "io_read_bytes": 449125782,
        "io_write_bytes": 34652484,
        "io_write_operations": 16086,
        "private_bytes": 5582848,
        "working_set_bytes": 14811136
      },
      "token_bytes": 0,
      "virtual_utc": 1800001815,
      "wal_bytes": 4161232,
      "wall_secs": 9.0360521
    },
    {
      "active_tokens": 0,
      "frame": 11,
      "live_rows": 50,
      "native": {
        "cpu_seconds": 10.65625,
        "handles": 114,
        "io_read_bytes": 453815702,
        "io_write_bytes": 34701924,
        "io_write_operations": 16110,
        "private_bytes": 5173248,
        "working_set_bytes": 14716928
      },
      "token_bytes": 0,
      "virtual_utc": 1800001816,
      "wal_bytes": 4161232,
      "wall_secs": 10.0298643
    },
    {
      "active_tokens": 0,
      "frame": 12,
      "live_rows": 50,
      "native": {
        "cpu_seconds": 10.671875,
        "handles": 114,
        "io_read_bytes": 458505622,
        "io_write_bytes": 34751364,
        "io_write_operations": 16134,
        "private_bytes": 5115904,
        "working_set_bytes": 14544896
      },
      "token_bytes": 0,
      "virtual_utc": 1800001817,
      "wal_bytes": 4161232,
      "wall_secs": 11.0311548
    },
    {
      "active_tokens": 0,
      "frame": 13,
      "live_rows": 50,
      "native": {
        "cpu_seconds": 10.6875,
        "handles": 114,
        "io_read_bytes": 463195542,
        "io_write_bytes": 34800804,
        "io_write_operations": 16158,
        "private_bytes": 5218304,
        "working_set_bytes": 14688256
      },
      "token_bytes": 0,
      "virtual_utc": 1800001818,
      "wal_bytes": 4161232,
      "wall_secs": 12.0352637
    },
    {
      "active_tokens": 0,
      "frame": 14,
      "live_rows": 50,
      "native": {
        "cpu_seconds": 10.703125,
        "handles": 114,
        "io_read_bytes": 467885462,
        "io_write_bytes": 34850244,
        "io_write_operations": 16182,
        "private_bytes": 5009408,
        "working_set_bytes": 14483456
      },
      "token_bytes": 0,
      "virtual_utc": 1800001819,
      "wal_bytes": 4161232,
      "wall_secs": 13.0343149
    },
    {
      "active_tokens": 0,
      "frame": 15,
      "live_rows": 50,
      "native": {
        "cpu_seconds": 10.71875,
        "handles": 114,
        "io_read_bytes": 472649310,
        "io_write_bytes": 34899684,
        "io_write_operations": 16206,
        "private_bytes": 5492736,
        "working_set_bytes": 14778368
      },
      "token_bytes": 0,
      "virtual_utc": 1800001820,
      "wal_bytes": 4161232,
      "wall_secs": 14.0377125
    },
    {
      "active_tokens": 0,
      "frame": 16,
      "live_rows": 50,
      "native": {
        "cpu_seconds": 10.734375,
        "handles": 114,
        "io_read_bytes": 477339230,
        "io_write_bytes": 34949124,
        "io_write_operations": 16230,
        "private_bytes": 6045696,
        "working_set_bytes": 14573568
      },
      "token_bytes": 0,
      "virtual_utc": 1800001821,
      "wal_bytes": 4161232,
      "wall_secs": 15.0340911
    },
    {
      "active_tokens": 0,
      "frame": 17,
      "live_rows": 50,
      "native": {
        "cpu_seconds": 10.75,
        "handles": 114,
        "io_read_bytes": 482029150,
        "io_write_bytes": 34998564,
        "io_write_operations": 16254,
        "private_bytes": 4960256,
        "working_set_bytes": 14532608
      },
      "token_bytes": 0,
      "virtual_utc": 1800001822,
      "wal_bytes": 4161232,
      "wall_secs": 16.0349628
    },
    {
      "active_tokens": 0,
      "frame": 18,
      "live_rows": 50,
      "native": {
        "cpu_seconds": 10.765625,
        "handles": 114,
        "io_read_bytes": 486719070,
        "io_write_bytes": 35048004,
        "io_write_operations": 16278,
        "private_bytes": 5316608,
        "working_set_bytes": 14729216
      },
      "token_bytes": 0,
      "virtual_utc": 1800001823,
      "wal_bytes": 4161232,
      "wall_secs": 17.0346323
    },
    {
      "active_tokens": 0,
      "frame": 19,
      "live_rows": 50,
      "native": {
        "cpu_seconds": 10.78125,
        "handles": 114,
        "io_read_bytes": 491408990,
        "io_write_bytes": 35097444,
        "io_write_operations": 16302,
        "private_bytes": 6316032,
        "working_set_bytes": 15007744
      },
      "token_bytes": 0,
      "virtual_utc": 1800001824,
      "wal_bytes": 4161232,
      "wall_secs": 18.0335427
    },
    {
      "active_tokens": 0,
      "frame": 20,
      "live_rows": 50,
      "native": {
        "cpu_seconds": 10.796875,
        "handles": 114,
        "io_read_bytes": 496172838,
        "io_write_bytes": 35146884,
        "io_write_operations": 16326,
        "private_bytes": 6074368,
        "working_set_bytes": 14905344
      },
      "token_bytes": 0,
      "virtual_utc": 1800001825,
      "wal_bytes": 4161232,
      "wall_secs": 19.0368113
    },
    {
      "active_tokens": 0,
      "frame": 21,
      "live_rows": 50,
      "native": {
        "cpu_seconds": 10.8125,
        "handles": 114,
        "io_read_bytes": 500862758,
        "io_write_bytes": 35196324,
        "io_write_operations": 16350,
        "private_bytes": 6316032,
        "working_set_bytes": 15314944
      },
      "token_bytes": 0,
      "virtual_utc": 1800001826,
      "wal_bytes": 4161232,
      "wall_secs": 20.0339853
    },
    {
      "active_tokens": 0,
      "frame": 22,
      "live_rows": 50,
      "native": {
        "cpu_seconds": 10.828125,
        "handles": 114,
        "io_read_bytes": 505552678,
        "io_write_bytes": 35245764,
        "io_write_operations": 16374,
        "private_bytes": 5496832,
        "working_set_bytes": 15011840
      },
      "token_bytes": 0,
      "virtual_utc": 1800001827,
      "wal_bytes": 4161232,
      "wall_secs": 21.0339735
    },
    {
      "active_tokens": 0,
      "frame": 23,
      "live_rows": 50,
      "native": {
        "cpu_seconds": 10.84375,
        "handles": 114,
        "io_read_bytes": 510242598,
        "io_write_bytes": 35295204,
        "io_write_operations": 16398,
        "private_bytes": 5898240,
        "working_set_bytes": 14790656
      },
      "token_bytes": 0,
      "virtual_utc": 1800001828,
      "wal_bytes": 4161232,
      "wall_secs": 22.0335239
    },
    {
      "active_tokens": 0,
      "frame": 24,
      "live_rows": 50,
      "native": {
        "cpu_seconds": 10.859375,
        "handles": 114,
        "io_read_bytes": 514932518,
        "io_write_bytes": 35344644,
        "io_write_operations": 16422,
        "private_bytes": 5619712,
        "working_set_bytes": 14528512
      },
      "token_bytes": 0,
      "virtual_utc": 1800001829,
      "wal_bytes": 4161232,
      "wall_secs": 23.0344811
    },
    {
      "active_tokens": 0,
      "frame": 25,
      "live_rows": 50,
      "native": {
        "cpu_seconds": 10.875,
        "handles": 114,
        "io_read_bytes": 519696366,
        "io_write_bytes": 35394084,
        "io_write_operations": 16446,
        "private_bytes": 6303744,
        "working_set_bytes": 15003648
      },
      "token_bytes": 0,
      "virtual_utc": 1800001830,
      "wal_bytes": 4161232,
      "wall_secs": 24.0341583
    },
    {
      "active_tokens": 0,
      "frame": 26,
      "live_rows": 50,
      "native": {
        "cpu_seconds": 10.890625,
        "handles": 114,
        "io_read_bytes": 524386286,
        "io_write_bytes": 35443524,
        "io_write_operations": 16470,
        "private_bytes": 5464064,
        "working_set_bytes": 14962688
      },
      "token_bytes": 0,
      "virtual_utc": 1800001831,
      "wal_bytes": 4161232,
      "wall_secs": 25.0309045
    },
    {
      "active_tokens": 0,
      "frame": 27,
      "live_rows": 50,
      "native": {
        "cpu_seconds": 10.921875,
        "handles": 114,
        "io_read_bytes": 529076206,
        "io_write_bytes": 35492964,
        "io_write_operations": 16494,
        "private_bytes": 5496832,
        "working_set_bytes": 15101952
      },
      "token_bytes": 0,
      "virtual_utc": 1800001832,
      "wal_bytes": 4161232,
      "wall_secs": 26.134637
    },
    {
      "active_tokens": 0,
      "frame": 28,
      "live_rows": 50,
      "native": {
        "cpu_seconds": 10.9375,
        "handles": 114,
        "io_read_bytes": 533766126,
        "io_write_bytes": 35542404,
        "io_write_operations": 16518,
        "private_bytes": 5722112,
        "working_set_bytes": 14675968
      },
      "token_bytes": 0,
      "virtual_utc": 1800001833,
      "wal_bytes": 4161232,
      "wall_secs": 27.0263295
    },
    {
      "active_tokens": 0,
      "frame": 29,
      "live_rows": 50,
      "native": {
        "cpu_seconds": 10.953125,
        "handles": 114,
        "io_read_bytes": 538456046,
        "io_write_bytes": 35591844,
        "io_write_operations": 16542,
        "private_bytes": 5308416,
        "working_set_bytes": 14737408
      },
      "token_bytes": 0,
      "virtual_utc": 1800001834,
      "wal_bytes": 4161232,
      "wall_secs": 28.0319868
    },
    {
      "active_tokens": 0,
      "frame": 30,
      "live_rows": 50,
      "native": {
        "cpu_seconds": 10.96875,
        "handles": 114,
        "io_read_bytes": 543219894,
        "io_write_bytes": 35641284,
        "io_write_operations": 16566,
        "private_bytes": 6316032,
        "working_set_bytes": 15298560
      },
      "token_bytes": 0,
      "virtual_utc": 1800001835,
      "wal_bytes": 4161232,
      "wall_secs": 29.0316434
    }
  ],
  "schedule_lag_frames_max": 0,
  "schema_version": 1,
  "simulated_secs": 30,
  "spool_write_bytes": null,
  "sqlite_application_file_write_bytes": 1483200,
  "sqlite_xwrite": {
    "db_bytes": 0,
    "failed_calls": 0,
    "other_sqlite_file_bytes": 0,
    "successful_calls": 720,
    "wal_bytes": 1483200
  },
  "synchronous": "FULL",
  "tables_and_indexes": {
    "dbstat_available": true,
    "objects": [
      {
        "bytes": 4096,
        "bytes_per_row": null,
        "kind": "table",
        "name": "alert_event",
        "rows": 0,
        "table": "alert_event"
      },
      {
        "bytes": 4096,
        "bytes_per_row": 585.1428571428571,
        "kind": "table",
        "name": "alert_instance",
        "rows": 7,
        "table": "alert_instance"
      },
      {
        "bytes": 4096,
        "bytes_per_row": null,
        "kind": "index",
        "name": "alert_instance_active_uniq",
        "rows": null,
        "table": "alert_instance"
      },
      {
        "bytes": 4096,
        "bytes_per_row": null,
        "kind": "index",
        "name": "alert_instance_identity",
        "rows": null,
        "table": "alert_instance"
      },
      {
        "bytes": 4096,
        "bytes_per_row": 585.1428571428571,
        "kind": "table",
        "name": "alert_rule",
        "rows": 7,
        "table": "alert_rule"
      },
      {
        "bytes": 4096,
        "bytes_per_row": null,
        "kind": "table",
        "name": "backup_manifest",
        "rows": 0,
        "table": "backup_manifest"
      },
      {
        "bytes": 4096,
        "bytes_per_row": 4096.0,
        "kind": "table",
        "name": "bundle_epoch",
        "rows": 1,
        "table": "bundle_epoch"
      },
      {
        "bytes": 4096,
        "bytes_per_row": 113.77777777777777,
        "kind": "table",
        "name": "committed_bundle",
        "rows": 36,
        "table": "committed_bundle"
      },
      {
        "bytes": 4096,
        "bytes_per_row": 40.96,
        "kind": "table",
        "name": "connection_chain",
        "rows": 100,
        "table": "connection_chain"
      },
      {
        "bytes": 4096,
        "bytes_per_row": 81.92,
        "kind": "table",
        "name": "connection_minute",
        "rows": 50,
        "table": "connection_minute"
      },
      {
        "bytes": 4096,
        "bytes_per_row": 81.92,
        "kind": "table",
        "name": "connection_session",
        "rows": 50,
        "table": "connection_session"
      },
      {
        "bytes": 4096,
        "bytes_per_row": 81.92,
        "kind": "table",
        "name": "connection_session_attr",
        "rows": 50,
        "table": "connection_session_attr"
      },
      {
        "bytes": 4096,
        "bytes_per_row": null,
        "kind": "index",
        "name": "connection_session_identity",
        "rows": null,
        "table": "connection_session"
      },
      {
        "bytes": 4096,
        "bytes_per_row": 4096.0,
        "kind": "table",
        "name": "controller_epoch",
        "rows": 1,
        "table": "controller_epoch"
      },
      {
        "bytes": 4096,
        "bytes_per_row": null,
        "kind": "table",
        "name": "coverage_daily",
        "rows": 0,
        "table": "coverage_daily"
      },
      {
        "bytes": 4096,
        "bytes_per_row": null,
        "kind": "table",
        "name": "coverage_interval",
        "rows": 0,
        "table": "coverage_interval"
      },
      {
        "bytes": 4096,
        "bytes_per_row": 4096.0,
        "kind": "table",
        "name": "data_version",
        "rows": 1,
        "table": "data_version"
      },
      {
        "bytes": 4096,
        "bytes_per_row": 37.925925925925924,
        "kind": "table",
        "name": "dimension_dict",
        "rows": 108,
        "table": "dimension_dict"
      },
      {
        "bytes": 4096,
        "bytes_per_row": null,
        "kind": "index",
        "name": "dimension_dict_value",
        "rows": null,
        "table": "dimension_dict"
      },
      {
        "bytes": 4096,
        "bytes_per_row": null,
        "kind": "index",
        "name": "idx_alert_event_retention",
        "rows": null,
        "table": "alert_event"
      },
      {
        "bytes": 4096,
        "bytes_per_row": null,
        "kind": "index",
        "name": "idx_alert_instance_center",
        "rows": null,
        "table": "alert_instance"
      },
      {
        "bytes": 4096,
        "bytes_per_row": null,
        "kind": "index",
        "name": "idx_connection_minute_utc",
        "rows": null,
        "table": "connection_minute"
      },
      {
        "bytes": 4096,
        "bytes_per_row": null,
        "kind": "index",
        "name": "idx_connection_session_started",
        "rows": null,
        "table": "connection_session"
      },
      {
        "bytes": 4096,
        "bytes_per_row": null,
        "kind": "index",
        "name": "idx_daily_core_day",
        "rows": null,
        "table": "traffic_daily_core"
      },
      {
        "bytes": 4096,
        "bytes_per_row": null,
        "kind": "index",
        "name": "idx_daily_dim_lookup",
        "rows": null,
        "table": "traffic_daily_dimension"
      },
      {
        "bytes": 4096,
        "bytes_per_row": null,
        "kind": "index",
        "name": "idx_hourly_dim_lookup",
        "rows": null,
        "table": "traffic_hourly_dimension"
      },
      {
        "bytes": 4096,
        "bytes_per_row": null,
        "kind": "index",
        "name": "idx_outbox_due",
        "rows": null,
        "table": "notification_outbox"
      },
      {
        "bytes": 4096,
        "bytes_per_row": null,
        "kind": "index",
        "name": "idx_outbox_lease",
        "rows": null,
        "table": "notification_outbox"
      },
      {
        "bytes": 28672,
        "bytes_per_row": null,
        "kind": "index",
        "name": "idx_report_archive_kind_start",
        "rows": null,
        "table": "report_archive"
      },
      {
        "bytes": 4096,
        "bytes_per_row": null,
        "kind": "index",
        "name": "idx_session_attr_host",
        "rows": null,
        "table": "connection_session_attr"
      },
      {
        "bytes": 4096,
        "bytes_per_row": null,
        "kind": "table",
        "name": "machine_setting",
        "rows": 0,
        "table": "machine_setting"
      },
      {
        "bytes": 4096,
        "bytes_per_row": null,
        "kind": "table",
        "name": "notification_outbox",
        "rows": 0,
        "table": "notification_outbox"
      },
      {
        "bytes": 2297856,
        "bytes_per_row": 2059.010752688172,
        "kind": "table",
        "name": "report_archive",
        "rows": 1116,
        "table": "report_archive"
      },
      {
        "bytes": 176128,
        "bytes_per_row": null,
        "kind": "index",
        "name": "report_archive_period_uniq",
        "rows": null,
        "table": "report_archive"
      },
      {
        "bytes": 4096,
        "bytes_per_row": null,
        "kind": "table",
        "name": "report_snapshot_meta",
        "rows": 0,
        "table": "report_snapshot_meta"
      },
      {
        "bytes": 4096,
        "bytes_per_row": null,
        "kind": "table",
        "name": "retention_state",
        "rows": 0,
        "table": "retention_state"
      },
      {
        "bytes": 4096,
        "bytes_per_row": 1024.0,
        "kind": "table",
        "name": "retention_watermark",
        "rows": 4,
        "table": "retention_watermark"
      },
      {
        "bytes": 4096,
        "bytes_per_row": 1024.0,
        "kind": "table",
        "name": "schema_migration",
        "rows": 4,
        "table": "schema_migration"
      },
      {
        "bytes": 4096,
        "bytes_per_row": null,
        "kind": "index",
        "name": "sqlite_autoindex_alert_event_1",
        "rows": null,
        "table": "alert_event"
      },
      {
        "bytes": 4096,
        "bytes_per_row": null,
        "kind": "index",
        "name": "sqlite_autoindex_alert_event_2",
        "rows": null,
        "table": "alert_event"
      },
      {
        "bytes": 4096,
        "bytes_per_row": null,
        "kind": "index",
        "name": "sqlite_autoindex_alert_instance_1",
        "rows": null,
        "table": "alert_instance"
      },
      {
        "bytes": 4096,
        "bytes_per_row": null,
        "kind": "index",
        "name": "sqlite_autoindex_alert_rule_1",
        "rows": null,
        "table": "alert_rule"
      },
      {
        "bytes": 4096,
        "bytes_per_row": null,
        "kind": "index",
        "name": "sqlite_autoindex_committed_bundle_1",
        "rows": null,
        "table": "committed_bundle"
      },
      {
        "bytes": 4096,
        "bytes_per_row": null,
        "kind": "index",
        "name": "sqlite_autoindex_connection_chain_1",
        "rows": null,
        "table": "connection_chain"
      },
      {
        "bytes": 4096,
        "bytes_per_row": null,
        "kind": "index",
        "name": "sqlite_autoindex_connection_minute_1",
        "rows": null,
        "table": "connection_minute"
      },
      {
        "bytes": 4096,
        "bytes_per_row": null,
        "kind": "index",
        "name": "sqlite_autoindex_dimension_dict_1",
        "rows": null,
        "table": "dimension_dict"
      },
      {
        "bytes": 4096,
        "bytes_per_row": null,
        "kind": "index",
        "name": "sqlite_autoindex_machine_setting_1",
        "rows": null,
        "table": "machine_setting"
      },
      {
        "bytes": 4096,
        "bytes_per_row": null,
        "kind": "index",
        "name": "sqlite_autoindex_notification_outbox_1",
        "rows": null,
        "table": "notification_outbox"
      },
      {
        "bytes": 4096,
        "bytes_per_row": null,
        "kind": "index",
        "name": "sqlite_autoindex_notification_outbox_2",
        "rows": null,
        "table": "notification_outbox"
      },
      {
        "bytes": 53248,
        "bytes_per_row": null,
        "kind": "index",
        "name": "sqlite_autoindex_report_archive_1",
        "rows": null,
        "table": "report_archive"
      },
      {
        "bytes": 4096,
        "bytes_per_row": null,
        "kind": "index",
        "name": "sqlite_autoindex_report_snapshot_meta_1",
        "rows": null,
        "table": "report_snapshot_meta"
      },
      {
        "bytes": 4096,
        "bytes_per_row": null,
        "kind": "index",
        "name": "sqlite_autoindex_retention_state_1",
        "rows": null,
        "table": "retention_state"
      },
      {
        "bytes": 4096,
        "bytes_per_row": null,
        "kind": "index",
        "name": "sqlite_autoindex_retention_watermark_1",
        "rows": null,
        "table": "retention_watermark"
      },
      {
        "bytes": 4096,
        "bytes_per_row": null,
        "kind": "index",
        "name": "sqlite_autoindex_target_item_1",
        "rows": null,
        "table": "target_item"
      },
      {
        "bytes": 4096,
        "bytes_per_row": null,
        "kind": "index",
        "name": "sqlite_autoindex_traffic_daily_core_1",
        "rows": null,
        "table": "traffic_daily_core"
      },
      {
        "bytes": 4096,
        "bytes_per_row": null,
        "kind": "index",
        "name": "sqlite_autoindex_traffic_daily_dimension_1",
        "rows": null,
        "table": "traffic_daily_dimension"
      },
      {
        "bytes": 4096,
        "bytes_per_row": null,
        "kind": "index",
        "name": "sqlite_autoindex_traffic_hourly_dimension_1",
        "rows": null,
        "table": "traffic_hourly_dimension"
      },
      {
        "bytes": 4096,
        "bytes_per_row": 4096.0,
        "kind": "table",
        "name": "target_item",
        "rows": 1,
        "table": "target_item"
      },
      {
        "bytes": 4096,
        "bytes_per_row": 4096.0,
        "kind": "table",
        "name": "target_set",
        "rows": 1,
        "table": "target_set"
      },
      {
        "bytes": 4096,
        "bytes_per_row": null,
        "kind": "table",
        "name": "traffic_daily_core",
        "rows": 0,
        "table": "traffic_daily_core"
      },
      {
        "bytes": 4096,
        "bytes_per_row": null,
        "kind": "table",
        "name": "traffic_daily_dimension",
        "rows": 0,
        "table": "traffic_daily_dimension"
      },
      {
        "bytes": 4096,
        "bytes_per_row": null,
        "kind": "table",
        "name": "traffic_hourly_dimension",
        "rows": 0,
        "table": "traffic_hourly_dimension"
      }
    ]
  },
  "traffic": {
    "conserved": true,
    "expected_added_download": 67650,
    "expected_added_upload": 21270,
    "final_download": 78925,
    "final_upload": 24815,
    "initial_download": 11275,
    "initial_upload": 3545
  },
  "warmup_wall_secs": 5.0006412,
  "writer_rows_changed": 10800
}
