{
  "all_application_file_write_bytes": null,
  "commits": 30,
  "executable_sha256": "6c166e4c4e3c33461c2e47119230a53ddbd4daf750aaa2a22000d38c24d8107f",
  "final_files_and_pages": {
    "active_page_bytes": 3235840,
    "archive_failed": 0,
    "archive_ok": 1116,
    "archive_spool_present_bytes": 0,
    "db_bytes": 3235840,
    "freelist_count": 0,
    "journal_mode": "wal",
    "page_count": 790,
    "page_size": 4096,
    "reusable_page_bytes": 0,
    "schema_version": 5,
    "shm_bytes": 32768,
    "spool_present_bytes": 0,
    "synchronous": 2,
    "wal_bytes": 4363112
  },
  "fixture_hash": "d996698b5a1c60564c2b3affd0e9845b75440eb862f942a0eb5df9343d2bd40e",
  "frame_budget_overruns": 0,
  "frames": 30,
  "heap_phases": null,
  "initial_files_and_pages": {
    "active_page_bytes": 3227648,
    "archive_failed": 0,
    "archive_ok": 1116,
    "archive_spool_present_bytes": 0,
    "db_bytes": 2736128,
    "freelist_count": 2,
    "journal_mode": "wal",
    "page_count": 790,
    "page_size": 4096,
    "reusable_page_bytes": 8192,
    "schema_version": 5,
    "shm_bytes": 32768,
    "spool_present_bytes": 0,
    "synchronous": 2,
    "wal_bytes": 4140632
  },
  "kind": "isolated-real-facade",
  "latency": {
    "archive_tick": {
      "count": 30,
      "max_ms": 0.0035,
      "p50_ms": 0.0017000000000000001,
      "p95_ms": 0.0022,
      "p99_ms": 0.0023
    },
    "facade_ingest_including_durable_commit": {
      "count": 30,
      "max_ms": 40.1406,
      "p50_ms": 34.4308,
      "p95_ms": 37.961099999999995,
      "p99_ms": 38.2109
    },
    "live_query": {
      "count": 6,
      "max_ms": 0.674,
      "p50_ms": 0.6385,
      "p95_ms": 0.6556,
      "p99_ms": 0.6556
    },
    "report_first_reader": {
      "count": 6,
      "max_ms": 1.6297,
      "p50_ms": 1.3520999999999999,
      "p95_ms": 1.4059000000000001,
      "p99_ms": 1.4059000000000001
    },
    "report_repeated_reader": {
      "count": 6,
      "max_ms": 1.2882,
      "p50_ms": 0.9767,
      "p95_ms": 0.9962000000000001,
      "p99_ms": 0.9962000000000001
    },
    "whole_tick": {
      "count": 30,
      "max_ms": 40.5259,
      "p50_ms": 36.0125,
      "p95_ms": 38.85,
      "p99_ms": 39.3055
    }
  },
  "limits": [
    "仅当前原生基准进程；没有 HTTP、Tauri 事件或 WebView，窗口为后台模拟状态。",
    "CPU/I/O/内存不含初始化、warmup、结果 JSON 写出及最终统计查询；采样开销包含在测量内。",
    "SQLite xWrite 只统计隔离目录内成功请求字节，不含 mmap/shm、spool、日志、系统缓存与物理设备写放大。",
    "process I/O 为 OS 当前进程计数，不能替代文件归属；spool 瞬时写入需要独立回归或文件跟踪。",
    "report first/repeated 每次均打开新 reader；未驱逐 OS page cache，不能宣称物理冷读。",
    "ingest 延迟包含 accounting、告警与提交；不是单独 SQLite commit 耗时。",
    "串行驱动没有 collector 输入队列；schedule_lag 不是实际队列深度。",
    "归档齐全 fixture 使用空历史的持久化结果；本回放不代替完整30天容量库或安装态 soak。",
    "failed 档案场景由隔离库 BEFORE INSERT 触发器拒绝持久化，非真实磁盘故障。"
  ],
  "local_utc_offset_seconds": -18000,
  "measured_wall_secs": 30.0004509,
  "native_after": {
    "cpu_seconds": 8.390625,
    "handles": 114,
    "io_read_bytes": 381408548,
    "io_write_bytes": 44769364,
    "io_write_operations": 20751,
    "private_bytes": 11010048,
    "working_set_bytes": 20668416
  },
  "native_before": {
    "cpu_seconds": 7.890625,
    "handles": 114,
    "io_read_bytes": 379228276,
    "io_write_bytes": 35875836,
    "io_write_operations": 16668,
    "private_bytes": 10162176,
    "working_set_bytes": 19656704
  },
  "native_cpu_seconds": 0.5,
  "native_private_bytes": {
    "max": 13594624.0,
    "p95": 13070336.0,
    "samples": 30
  },
  "native_process_io_read_bytes": 2180272,
  "native_process_io_write_bytes": 8893528,
  "native_process_io_write_operations": 4083,
  "native_working_set_bytes": {
    "max": 22487040.0,
    "p95": 22274048.0,
    "samples": 30
  },
  "options": {
    "active": 1000,
    "archive": "complete",
    "dir": "D:\\Documents\\Code\\Github\\clash-verge-ai-residential\\bench-data\\t05-rebuild-20261004-e14ecd88\\data\\matrix\\matrix-a1000-metadata-candidate",
    "duration_secs": 30,
    "hz": 1,
    "metadata_change_percent": 100,
    "period_rule": false,
    "query_every_frames": 5,
    "seed": 20260919,
    "source_revision": "manifest-sha256:7416ec7cd3f0963eed3b97cc5d88d529f6c97af028a9c2a36b61d7e3c40fb42b",
    "start_utc": 1800001800,
    "virtual_time": false,
    "warmup_secs": 5,
    "workload": "metadata"
  },
  "platform": "windows",
  "process_id": 38076,
  "samples": [
    {
      "active_tokens": 0,
      "frame": 1,
      "live_rows": 1000,
      "native": {
        "cpu_seconds": 7.90625,
        "handles": 114,
        "io_read_bytes": 379588724,
        "io_write_bytes": 36139516,
        "io_write_operations": 16796,
        "private_bytes": 12369920,
        "working_set_bytes": 21733376
      },
      "token_bytes": 0,
      "virtual_utc": 1800001806,
      "wal_bytes": 4140632,
      "wall_secs": 0.0344247
    },
    {
      "active_tokens": 0,
      "frame": 2,
      "live_rows": 1000,
      "native": {
        "cpu_seconds": 7.921875,
        "handles": 114,
        "io_read_bytes": 380305524,
        "io_write_bytes": 37115900,
        "io_write_operations": 17098,
        "private_bytes": 9900032,
        "working_set_bytes": 19451904
      },
      "token_bytes": 0,
      "virtual_utc": 1800001807,
      "wal_bytes": 4363112,
      "wall_secs": 1.0407112
    },
    {
      "active_tokens": 0,
      "frame": 3,
      "live_rows": 1000,
      "native": {
        "cpu_seconds": 7.9375,
        "handles": 114,
        "io_read_bytes": 380305524,
        "io_write_bytes": 37383732,
        "io_write_operations": 17229,
        "private_bytes": 12279808,
        "working_set_bytes": 21430272
      },
      "token_bytes": 0,
      "virtual_utc": 1800001808,
      "wal_bytes": 4363112,
      "wall_secs": 2.02668
    },
    {
      "active_tokens": 0,
      "frame": 4,
      "live_rows": 1000,
      "native": {
        "cpu_seconds": 7.96875,
        "handles": 114,
        "io_read_bytes": 380305524,
        "io_write_bytes": 37647412,
        "io_write_operations": 17357,
        "private_bytes": 10145792,
        "working_set_bytes": 19722240
      },
      "token_bytes": 0,
      "virtual_utc": 1800001809,
      "wal_bytes": 4363112,
      "wall_secs": 3.0324868
    },
    {
      "active_tokens": 0,
      "frame": 5,
      "live_rows": 1000,
      "native": {
        "cpu_seconds": 8.0,
        "handles": 114,
        "io_read_bytes": 380444988,
        "io_write_bytes": 37911092,
        "io_write_operations": 17485,
        "private_bytes": 11395072,
        "working_set_bytes": 20787200
      },
      "token_bytes": 0,
      "virtual_utc": 1800001810,
      "wal_bytes": 4363112,
      "wall_secs": 4.0293582
    },
    {
      "active_tokens": 0,
      "frame": 6,
      "live_rows": 1000,
      "native": {
        "cpu_seconds": 8.015625,
        "handles": 114,
        "io_read_bytes": 380444988,
        "io_write_bytes": 38174772,
        "io_write_operations": 17613,
        "private_bytes": 11321344,
        "working_set_bytes": 19939328
      },
      "token_bytes": 0,
      "virtual_utc": 1800001811,
      "wal_bytes": 4363112,
      "wall_secs": 5.0386682
    },
    {
      "active_tokens": 0,
      "frame": 7,
      "live_rows": 1000,
      "native": {
        "cpu_seconds": 8.03125,
        "handles": 114,
        "io_read_bytes": 380444988,
        "io_write_bytes": 38438452,
        "io_write_operations": 17741,
        "private_bytes": 10608640,
        "working_set_bytes": 20185088
      },
      "token_bytes": 0,
      "virtual_utc": 1800001812,
      "wal_bytes": 4363112,
      "wall_secs": 6.0344478
    },
    {
      "active_tokens": 0,
      "frame": 8,
      "live_rows": 1000,
      "native": {
        "cpu_seconds": 8.046875,
        "handles": 114,
        "io_read_bytes": 380444988,
        "io_write_bytes": 38702132,
        "io_write_operations": 17869,
        "private_bytes": 10260480,
        "working_set_bytes": 19939328
      },
      "token_bytes": 0,
      "virtual_utc": 1800001813,
      "wal_bytes": 4363112,
      "wall_secs": 7.034703
    },
    {
      "active_tokens": 0,
      "frame": 9,
      "live_rows": 1000,
      "native": {
        "cpu_seconds": 8.0625,
        "handles": 114,
        "io_read_bytes": 380444988,
        "io_write_bytes": 38965812,
        "io_write_operations": 17997,
        "private_bytes": 12341248,
        "working_set_bytes": 21774336
      },
      "token_bytes": 0,
      "virtual_utc": 1800001814,
      "wal_bytes": 4363112,
      "wall_secs": 8.0371568
    },
    {
      "active_tokens": 0,
      "frame": 10,
      "live_rows": 1000,
      "native": {
        "cpu_seconds": 8.078125,
        "handles": 114,
        "io_read_bytes": 380584452,
        "io_write_bytes": 39229492,
        "io_write_operations": 18125,
        "private_bytes": 11186176,
        "working_set_bytes": 20602880
      },
      "token_bytes": 0,
      "virtual_utc": 1800001815,
      "wal_bytes": 4363112,
      "wall_secs": 9.038418
    },
    {
      "active_tokens": 0,
      "frame": 11,
      "live_rows": 1000,
      "native": {
        "cpu_seconds": 8.09375,
        "handles": 114,
        "io_read_bytes": 380584452,
        "io_write_bytes": 39493172,
        "io_write_operations": 18253,
        "private_bytes": 13594624,
        "working_set_bytes": 22274048
      },
      "token_bytes": 0,
      "virtual_utc": 1800001816,
      "wal_bytes": 4363112,
      "wall_secs": 10.0377596
    },
    {
      "active_tokens": 0,
      "frame": 12,
      "live_rows": 1000,
      "native": {
        "cpu_seconds": 8.109375,
        "handles": 114,
        "io_read_bytes": 380584452,
        "io_write_bytes": 39756852,
        "io_write_operations": 18381,
        "private_bytes": 10657792,
        "working_set_bytes": 20013056
      },
      "token_bytes": 0,
      "virtual_utc": 1800001817,
      "wal_bytes": 4363112,
      "wall_secs": 11.0391145
    },
    {
      "active_tokens": 0,
      "frame": 13,
      "live_rows": 1000,
      "native": {
        "cpu_seconds": 8.125,
        "handles": 114,
        "io_read_bytes": 380584452,
        "io_write_bytes": 40020532,
        "io_write_operations": 18509,
        "private_bytes": 10846208,
        "working_set_bytes": 20406272
      },
      "token_bytes": 0,
      "virtual_utc": 1800001818,
      "wal_bytes": 4363112,
      "wall_secs": 12.0368257
    },
    {
      "active_tokens": 0,
      "frame": 14,
      "live_rows": 1000,
      "native": {
        "cpu_seconds": 8.140625,
        "handles": 114,
        "io_read_bytes": 380584452,
        "io_write_bytes": 40284212,
        "io_write_operations": 18637,
        "private_bytes": 10485760,
        "working_set_bytes": 19951616
      },
      "token_bytes": 0,
      "virtual_utc": 1800001819,
      "wal_bytes": 4363112,
      "wall_secs": 13.0356019
    },
    {
      "active_tokens": 0,
      "frame": 15,
      "live_rows": 1000,
      "native": {
        "cpu_seconds": 8.15625,
        "handles": 114,
        "io_read_bytes": 380723916,
        "io_write_bytes": 40547892,
        "io_write_operations": 18765,
        "private_bytes": 11919360,
        "working_set_bytes": 21065728
      },
      "token_bytes": 0,
      "virtual_utc": 1800001820,
      "wal_bytes": 4363112,
      "wall_secs": 14.0380554
    },
    {
      "active_tokens": 0,
      "frame": 16,
      "live_rows": 1000,
      "native": {
        "cpu_seconds": 8.171875,
        "handles": 114,
        "io_read_bytes": 380723916,
        "io_write_bytes": 40811572,
        "io_write_operations": 18893,
        "private_bytes": 10420224,
        "working_set_bytes": 19992576
      },
      "token_bytes": 0,
      "virtual_utc": 1800001821,
      "wal_bytes": 4363112,
      "wall_secs": 15.0350812
    },
    {
      "active_tokens": 0,
      "frame": 17,
      "live_rows": 1000,
      "native": {
        "cpu_seconds": 8.1875,
        "handles": 114,
        "io_read_bytes": 380723916,
        "io_write_bytes": 41075252,
        "io_write_operations": 19021,
        "private_bytes": 12894208,
        "working_set_bytes": 22376448
      },
      "token_bytes": 0,
      "virtual_utc": 1800001822,
      "wal_bytes": 4363112,
      "wall_secs": 16.0334712
    },
    {
      "active_tokens": 0,
      "frame": 18,
      "live_rows": 1000,
      "native": {
        "cpu_seconds": 8.203125,
        "handles": 114,
        "io_read_bytes": 380990156,
        "io_write_bytes": 41605172,
        "io_write_operations": 19214,
        "private_bytes": 10416128,
        "working_set_bytes": 19914752
      },
      "token_bytes": 0,
      "virtual_utc": 1800001823,
      "wal_bytes": 4363112,
      "wall_secs": 17.0384217
    },
    {
      "active_tokens": 0,
      "frame": 19,
      "live_rows": 1000,
      "native": {
        "cpu_seconds": 8.21875,
        "handles": 114,
        "io_read_bytes": 380990156,
        "io_write_bytes": 41868884,
        "io_write_operations": 19343,
        "private_bytes": 10874880,
        "working_set_bytes": 20525056
      },
      "token_bytes": 0,
      "virtual_utc": 1800001824,
      "wal_bytes": 4363112,
      "wall_secs": 18.0360676
    },
    {
      "active_tokens": 0,
      "frame": 20,
      "live_rows": 1000,
      "native": {
        "cpu_seconds": 8.234375,
        "handles": 114,
        "io_read_bytes": 381129620,
        "io_write_bytes": 42132564,
        "io_write_operations": 19471,
        "private_bytes": 10977280,
        "working_set_bytes": 20488192
      },
      "token_bytes": 0,
      "virtual_utc": 1800001825,
      "wal_bytes": 4363112,
      "wall_secs": 19.0362937
    },
    {
      "active_tokens": 0,
      "frame": 21,
      "live_rows": 1000,
      "native": {
        "cpu_seconds": 8.25,
        "handles": 114,
        "io_read_bytes": 381129620,
        "io_write_bytes": 42396244,
        "io_write_operations": 19599,
        "private_bytes": 12734464,
        "working_set_bytes": 21864448
      },
      "token_bytes": 0,
      "virtual_utc": 1800001826,
      "wal_bytes": 4363112,
      "wall_secs": 20.0343884
    },
    {
      "active_tokens": 0,
      "frame": 22,
      "live_rows": 1000,
      "native": {
        "cpu_seconds": 8.265625,
        "handles": 114,
        "io_read_bytes": 381129620,
        "io_write_bytes": 42659924,
        "io_write_operations": 19727,
        "private_bytes": 10457088,
        "working_set_bytes": 19955712
      },
      "token_bytes": 0,
      "virtual_utc": 1800001827,
      "wal_bytes": 4363112,
      "wall_secs": 21.0344955
    },
    {
      "active_tokens": 0,
      "frame": 23,
      "live_rows": 1000,
      "native": {
        "cpu_seconds": 8.28125,
        "handles": 114,
        "io_read_bytes": 381129620,
        "io_write_bytes": 42923604,
        "io_write_operations": 19855,
        "private_bytes": 12582912,
        "working_set_bytes": 21880832
      },
      "token_bytes": 0,
      "virtual_utc": 1800001828,
      "wal_bytes": 4363112,
      "wall_secs": 22.0323668
    },
    {
      "active_tokens": 0,
      "frame": 24,
      "live_rows": 1000,
      "native": {
        "cpu_seconds": 8.296875,
        "handles": 114,
        "io_read_bytes": 381129620,
        "io_write_bytes": 43187284,
        "io_write_operations": 19983,
        "private_bytes": 10223616,
        "working_set_bytes": 19861504
      },
      "token_bytes": 0,
      "virtual_utc": 1800001829,
      "wal_bytes": 4363112,
      "wall_secs": 23.0371232
    },
    {
      "active_tokens": 0,
      "frame": 25,
      "live_rows": 1000,
      "native": {
        "cpu_seconds": 8.3125,
        "handles": 114,
        "io_read_bytes": 381269084,
        "io_write_bytes": 43450964,
        "io_write_operations": 20111,
        "private_bytes": 13352960,
        "working_set_bytes": 22487040
      },
      "token_bytes": 0,
      "virtual_utc": 1800001830,
      "wal_bytes": 4363112,
      "wall_secs": 24.0385596
    },
    {
      "active_tokens": 0,
      "frame": 26,
      "live_rows": 1000,
      "native": {
        "cpu_seconds": 8.328125,
        "handles": 114,
        "io_read_bytes": 381269084,
        "io_write_bytes": 43714644,
        "io_write_operations": 20239,
        "private_bytes": 10317824,
        "working_set_bytes": 20008960
      },
      "token_bytes": 0,
      "virtual_utc": 1800001831,
      "wal_bytes": 4363112,
      "wall_secs": 25.0370026
    },
    {
      "active_tokens": 0,
      "frame": 27,
      "live_rows": 1000,
      "native": {
        "cpu_seconds": 8.34375,
        "handles": 114,
        "io_read_bytes": 381269084,
        "io_write_bytes": 43978324,
        "io_write_operations": 20367,
        "private_bytes": 13070336,
        "working_set_bytes": 21868544
      },
      "token_bytes": 0,
      "virtual_utc": 1800001832,
      "wal_bytes": 4363112,
      "wall_secs": 26.0371746
    },
    {
      "active_tokens": 0,
      "frame": 28,
      "live_rows": 1000,
      "native": {
        "cpu_seconds": 8.359375,
        "handles": 114,
        "io_read_bytes": 381269084,
        "io_write_bytes": 44242004,
        "io_write_operations": 20495,
        "private_bytes": 10170368,
        "working_set_bytes": 19927040
      },
      "token_bytes": 0,
      "virtual_utc": 1800001833,
      "wal_bytes": 4363112,
      "wall_secs": 27.0366437
    },
    {
      "active_tokens": 0,
      "frame": 29,
      "live_rows": 1000,
      "native": {
        "cpu_seconds": 8.375,
        "handles": 114,
        "io_read_bytes": 381269084,
        "io_write_bytes": 44505684,
        "io_write_operations": 20623,
        "private_bytes": 12746752,
        "working_set_bytes": 22142976
      },
      "token_bytes": 0,
      "virtual_utc": 1800001834,
      "wal_bytes": 4363112,
      "wall_secs": 28.0344818
    },
    {
      "active_tokens": 0,
      "frame": 30,
      "live_rows": 1000,
      "native": {
        "cpu_seconds": 8.390625,
        "handles": 114,
        "io_read_bytes": 381408548,
        "io_write_bytes": 44769364,
        "io_write_operations": 20751,
        "private_bytes": 11010048,
        "working_set_bytes": 20668416
      },
      "token_bytes": 0,
      "virtual_utc": 1800001835,
      "wal_bytes": 4363112,
      "wall_secs": 29.0397608
    }
  ],
  "schedule_lag_frames_max": 0,
  "schema_version": 1,
  "simulated_secs": 30,
  "spool_write_bytes": null,
  "sqlite_application_file_write_bytes": 8893528,
  "sqlite_xwrite": {
    "db_bytes": 978944,
    "failed_calls": 0,
    "other_sqlite_file_bytes": 0,
    "successful_calls": 4083,
    "wal_bytes": 7914584
  },
  "synchronous": "FULL",
  "tables_and_indexes": {
    "dbstat_available": true,
    "objects": [
      {
        "bytes": 4096,
        "bytes_per_row": null,
        "kind": "table",
        "name": "alert_event",
        "rows": 0,
        "table": "alert_event"
      },
      {
        "bytes": 4096,
        "bytes_per_row": 585.1428571428571,
        "kind": "table",
        "name": "alert_instance",
        "rows": 7,
        "table": "alert_instance"
      },
      {
        "bytes": 4096,
        "bytes_per_row": null,
        "kind": "index",
        "name": "alert_instance_active_uniq",
        "rows": null,
        "table": "alert_instance"
      },
      {
        "bytes": 4096,
        "bytes_per_row": null,
        "kind": "index",
        "name": "alert_instance_identity",
        "rows": null,
        "table": "alert_instance"
      },
      {
        "bytes": 4096,
        "bytes_per_row": 585.1428571428571,
        "kind": "table",
        "name": "alert_rule",
        "rows": 7,
        "table": "alert_rule"
      },
      {
        "bytes": 4096,
        "bytes_per_row": null,
        "kind": "table",
        "name": "backup_manifest",
        "rows": 0,
        "table": "backup_manifest"
      },
      {
        "bytes": 4096,
        "bytes_per_row": 4096.0,
        "kind": "table",
        "name": "bundle_epoch",
        "rows": 1,
        "table": "bundle_epoch"
      },
      {
        "bytes": 4096,
        "bytes_per_row": 113.77777777777777,
        "kind": "table",
        "name": "committed_bundle",
        "rows": 36,
        "table": "committed_bundle"
      },
      {
        "bytes": 49152,
        "bytes_per_row": 24.576,
        "kind": "table",
        "name": "connection_chain",
        "rows": 2000,
        "table": "connection_chain"
      },
      {
        "bytes": 24576,
        "bytes_per_row": 24.576,
        "kind": "table",
        "name": "connection_minute",
        "rows": 1000,
        "table": "connection_minute"
      },
      {
        "bytes": 53248,
        "bytes_per_row": 53.248,
        "kind": "table",
        "name": "connection_session",
        "rows": 1000,
        "table": "connection_session"
      },
      {
        "bytes": 45056,
        "bytes_per_row": 45.056,
        "kind": "table",
        "name": "connection_session_attr",
        "rows": 1000,
        "table": "connection_session_attr"
      },
      {
        "bytes": 24576,
        "bytes_per_row": null,
        "kind": "index",
        "name": "connection_session_identity",
        "rows": null,
        "table": "connection_session"
      },
      {
        "bytes": 4096,
        "bytes_per_row": 4096.0,
        "kind": "table",
        "name": "controller_epoch",
        "rows": 1,
        "table": "controller_epoch"
      },
      {
        "bytes": 4096,
        "bytes_per_row": null,
        "kind": "table",
        "name": "coverage_daily",
        "rows": 0,
        "table": "coverage_daily"
      },
      {
        "bytes": 4096,
        "bytes_per_row": 4096.0,
        "kind": "table",
        "name": "coverage_interval",
        "rows": 1,
        "table": "coverage_interval"
      },
      {
        "bytes": 4096,
        "bytes_per_row": 4096.0,
        "kind": "table",
        "name": "data_version",
        "rows": 1,
        "table": "data_version"
      },
      {
        "bytes": 12288,
        "bytes_per_row": 60.83168316831683,
        "kind": "table",
        "name": "dimension_dict",
        "rows": 202,
        "table": "dimension_dict"
      },
      {
        "bytes": 12288,
        "bytes_per_row": null,
        "kind": "index",
        "name": "dimension_dict_value",
        "rows": null,
        "table": "dimension_dict"
      },
      {
        "bytes": 4096,
        "bytes_per_row": null,
        "kind": "index",
        "name": "idx_alert_event_retention",
        "rows": null,
        "table": "alert_event"
      },
      {
        "bytes": 4096,
        "bytes_per_row": null,
        "kind": "index",
        "name": "idx_alert_instance_center",
        "rows": null,
        "table": "alert_instance"
      },
      {
        "bytes": 20480,
        "bytes_per_row": null,
        "kind": "index",
        "name": "idx_connection_minute_session",
        "rows": null,
        "table": "connection_minute"
      },
      {
        "bytes": 16384,
        "bytes_per_row": null,
        "kind": "index",
        "name": "idx_connection_session_started",
        "rows": null,
        "table": "connection_session"
      },
      {
        "bytes": 4096,
        "bytes_per_row": null,
        "kind": "index",
        "name": "idx_coverage_sample_tail",
        "rows": null,
        "table": "coverage_interval"
      },
      {
        "bytes": 4096,
        "bytes_per_row": null,
        "kind": "index",
        "name": "idx_daily_core_category",
        "rows": null,
        "table": "traffic_daily_core"
      },
      {
        "bytes": 4096,
        "bytes_per_row": null,
        "kind": "index",
        "name": "idx_daily_core_day",
        "rows": null,
        "table": "traffic_daily_core"
      },
      {
        "bytes": 4096,
        "bytes_per_row": null,
        "kind": "index",
        "name": "idx_daily_dim_lookup",
        "rows": null,
        "table": "traffic_daily_dimension"
      },
      {
        "bytes": 4096,
        "bytes_per_row": null,
        "kind": "index",
        "name": "idx_daily_dimension_category",
        "rows": null,
        "table": "traffic_daily_dimension"
      },
      {
        "bytes": 4096,
        "bytes_per_row": null,
        "kind": "index",
        "name": "idx_daily_dimension_identity",
        "rows": null,
        "table": "traffic_daily_dimension"
      },
      {
        "bytes": 4096,
        "bytes_per_row": null,
        "kind": "index",
        "name": "idx_hourly_category",
        "rows": null,
        "table": "traffic_hourly_dimension"
      },
      {
        "bytes": 4096,
        "bytes_per_row": null,
        "kind": "index",
        "name": "idx_hourly_dim_lookup",
        "rows": null,
        "table": "traffic_hourly_dimension"
      },
      {
        "bytes": 4096,
        "bytes_per_row": null,
        "kind": "index",
        "name": "idx_hourly_dimension_identity",
        "rows": null,
        "table": "traffic_hourly_dimension"
      },
      {
        "bytes": 4096,
        "bytes_per_row": null,
        "kind": "index",
        "name": "idx_outbox_due",
        "rows": null,
        "table": "notification_outbox"
      },
      {
        "bytes": 4096,
        "bytes_per_row": null,
        "kind": "index",
        "name": "idx_outbox_lease",
        "rows": null,
        "table": "notification_outbox"
      },
      {
        "bytes": 28672,
        "bytes_per_row": null,
        "kind": "index",
        "name": "idx_report_archive_kind_start",
        "rows": null,
        "table": "report_archive"
      },
      {
        "bytes": 4096,
        "bytes_per_row": null,
        "kind": "index",
        "name": "idx_retention_build_member_session",
        "rows": null,
        "table": "retention_build_member"
      },
      {
        "bytes": 4096,
        "bytes_per_row": null,
        "kind": "index",
        "name": "idx_retention_coverage_source",
        "rows": null,
        "table": "coverage_interval"
      },
      {
        "bytes": 12288,
        "bytes_per_row": null,
        "kind": "index",
        "name": "idx_session_attr_category",
        "rows": null,
        "table": "connection_session_attr"
      },
      {
        "bytes": 28672,
        "bytes_per_row": null,
        "kind": "index",
        "name": "idx_session_attr_chain_rule",
        "rows": null,
        "table": "connection_session_attr"
      },
      {
        "bytes": 16384,
        "bytes_per_row": null,
        "kind": "index",
        "name": "idx_session_attr_host",
        "rows": null,
        "table": "connection_session_attr"
      },
      {
        "bytes": 12288,
        "bytes_per_row": null,
        "kind": "index",
        "name": "idx_session_attr_network",
        "rows": null,
        "table": "connection_session_attr"
      },
      {
        "bytes": 16384,
        "bytes_per_row": null,
        "kind": "index",
        "name": "idx_session_attr_process",
        "rows": null,
        "table": "connection_session_attr"
      },
      {
        "bytes": 12288,
        "bytes_per_row": null,
        "kind": "index",
        "name": "idx_session_attr_rule",
        "rows": null,
        "table": "connection_session_attr"
      },
      {
        "bytes": 4096,
        "bytes_per_row": null,
        "kind": "table",
        "name": "machine_setting",
        "rows": 0,
        "table": "machine_setting"
      },
      {
        "bytes": 4096,
        "bytes_per_row": null,
        "kind": "table",
        "name": "notification_outbox",
        "rows": 0,
        "table": "notification_outbox"
      },
      {
        "bytes": 2297856,
        "bytes_per_row": 2059.010752688172,
        "kind": "table",
        "name": "report_archive",
        "rows": 1116,
        "table": "report_archive"
      },
      {
        "bytes": 176128,
        "bytes_per_row": null,
        "kind": "index",
        "name": "report_archive_period_uniq",
        "rows": null,
        "table": "report_archive"
      },
      {
        "bytes": 4096,
        "bytes_per_row": null,
        "kind": "table",
        "name": "report_snapshot_meta",
        "rows": 0,
        "table": "report_snapshot_meta"
      },
      {
        "bytes": 4096,
        "bytes_per_row": null,
        "kind": "table",
        "name": "retention_build",
        "rows": 0,
        "table": "retention_build"
      },
      {
        "bytes": 4096,
        "bytes_per_row": null,
        "kind": "table",
        "name": "retention_build_aggregate",
        "rows": 0,
        "table": "retention_build_aggregate"
      },
      {
        "bytes": 4096,
        "bytes_per_row": null,
        "kind": "table",
        "name": "retention_build_member",
        "rows": 0,
        "table": "retention_build_member"
      },
      {
        "bytes": 4096,
        "bytes_per_row": null,
        "kind": "table",
        "name": "retention_state",
        "rows": 0,
        "table": "retention_state"
      },
      {
        "bytes": 4096,
        "bytes_per_row": 1024.0,
        "kind": "table",
        "name": "retention_watermark",
        "rows": 4,
        "table": "retention_watermark"
      },
      {
        "bytes": 4096,
        "bytes_per_row": 819.2,
        "kind": "table",
        "name": "schema_migration",
        "rows": 5,
        "table": "schema_migration"
      },
      {
        "bytes": 4096,
        "bytes_per_row": null,
        "kind": "index",
        "name": "sqlite_autoindex_alert_event_1",
        "rows": null,
        "table": "alert_event"
      },
      {
        "bytes": 4096,
        "bytes_per_row": null,
        "kind": "index",
        "name": "sqlite_autoindex_alert_event_2",
        "rows": null,
        "table": "alert_event"
      },
      {
        "bytes": 4096,
        "bytes_per_row": null,
        "kind": "index",
        "name": "sqlite_autoindex_alert_instance_1",
        "rows": null,
        "table": "alert_instance"
      },
      {
        "bytes": 4096,
        "bytes_per_row": null,
        "kind": "index",
        "name": "sqlite_autoindex_alert_rule_1",
        "rows": null,
        "table": "alert_rule"
      },
      {
        "bytes": 4096,
        "bytes_per_row": null,
        "kind": "index",
        "name": "sqlite_autoindex_committed_bundle_1",
        "rows": null,
        "table": "committed_bundle"
      },
      {
        "bytes": 28672,
        "bytes_per_row": null,
        "kind": "index",
        "name": "sqlite_autoindex_connection_chain_1",
        "rows": null,
        "table": "connection_chain"
      },
      {
        "bytes": 20480,
        "bytes_per_row": null,
        "kind": "index",
        "name": "sqlite_autoindex_connection_minute_1",
        "rows": null,
        "table": "connection_minute"
      },
      {
        "bytes": 4096,
        "bytes_per_row": null,
        "kind": "index",
        "name": "sqlite_autoindex_dimension_dict_1",
        "rows": null,
        "table": "dimension_dict"
      },
      {
        "bytes": 4096,
        "bytes_per_row": null,
        "kind": "index",
        "name": "sqlite_autoindex_machine_setting_1",
        "rows": null,
        "table": "machine_setting"
      },
      {
        "bytes": 4096,
        "bytes_per_row": null,
        "kind": "index",
        "name": "sqlite_autoindex_notification_outbox_1",
        "rows": null,
        "table": "notification_outbox"
      },
      {
        "bytes": 4096,
        "bytes_per_row": null,
        "kind": "index",
        "name": "sqlite_autoindex_notification_outbox_2",
        "rows": null,
        "table": "notification_outbox"
      },
      {
        "bytes": 57344,
        "bytes_per_row": null,
        "kind": "index",
        "name": "sqlite_autoindex_report_archive_1",
        "rows": null,
        "table": "report_archive"
      },
      {
        "bytes": 4096,
        "bytes_per_row": null,
        "kind": "index",
        "name": "sqlite_autoindex_report_snapshot_meta_1",
        "rows": null,
        "table": "report_snapshot_meta"
      },
      {
        "bytes": 4096,
        "bytes_per_row": null,
        "kind": "index",
        "name": "sqlite_autoindex_retention_build_aggregate_1",
        "rows": null,
        "table": "retention_build_aggregate"
      },
      {
        "bytes": 4096,
        "bytes_per_row": null,
        "kind": "index",
        "name": "sqlite_autoindex_retention_build_member_1",
        "rows": null,
        "table": "retention_build_member"
      },
      {
        "bytes": 4096,
        "bytes_per_row": null,
        "kind": "index",
        "name": "sqlite_autoindex_retention_state_1",
        "rows": null,
        "table": "retention_state"
      },
      {
        "bytes": 4096,
        "bytes_per_row": null,
        "kind": "index",
        "name": "sqlite_autoindex_retention_watermark_1",
        "rows": null,
        "table": "retention_watermark"
      },
      {
        "bytes": 4096,
        "bytes_per_row": null,
        "kind": "index",
        "name": "sqlite_autoindex_target_item_1",
        "rows": null,
        "table": "target_item"
      },
      {
        "bytes": 4096,
        "bytes_per_row": null,
        "kind": "index",
        "name": "sqlite_autoindex_traffic_daily_core_1",
        "rows": null,
        "table": "traffic_daily_core"
      },
      {
        "bytes": 4096,
        "bytes_per_row": null,
        "kind": "index",
        "name": "sqlite_autoindex_traffic_daily_dimension_1",
        "rows": null,
        "table": "traffic_daily_dimension"
      },
      {
        "bytes": 4096,
        "bytes_per_row": null,
        "kind": "index",
        "name": "sqlite_autoindex_traffic_hourly_dimension_1",
        "rows": null,
        "table": "traffic_hourly_dimension"
      },
      {
        "bytes": 4096,
        "bytes_per_row": 4096.0,
        "kind": "table",
        "name": "target_item",
        "rows": 1,
        "table": "target_item"
      },
      {
        "bytes": 4096,
        "bytes_per_row": 4096.0,
        "kind": "table",
        "name": "target_set",
        "rows": 1,
        "table": "target_set"
      },
      {
        "bytes": 4096,
        "bytes_per_row": null,
        "kind": "table",
        "name": "traffic_daily_core",
        "rows": 0,
        "table": "traffic_daily_core"
      },
      {
        "bytes": 4096,
        "bytes_per_row": null,
        "kind": "table",
        "name": "traffic_daily_dimension",
        "rows": 0,
        "table": "traffic_daily_dimension"
      },
      {
        "bytes": 4096,
        "bytes_per_row": null,
        "kind": "table",
        "name": "traffic_hourly_dimension",
        "rows": 0,
        "table": "traffic_hourly_dimension"
      }
    ]
  },
  "traffic": {
    "conserved": true,
    "expected_added_download": 1407480,
    "expected_added_upload": 420120,
    "final_download": 1642060,
    "final_upload": 490140,
    "initial_download": 234580,
    "initial_upload": 70020
  },
  "warmup_wall_secs": 5.0004785,
  "writer_rows_changed": 210330
}
