{
  "all_application_file_write_bytes": null,
  "commits": 30,
  "executable_sha256": "6c166e4c4e3c33461c2e47119230a53ddbd4daf750aaa2a22000d38c24d8107f",
  "final_files_and_pages": {
    "active_page_bytes": 3153920,
    "archive_failed": 0,
    "archive_ok": 1116,
    "archive_spool_present_bytes": 0,
    "db_bytes": 2736128,
    "freelist_count": 0,
    "journal_mode": "wal",
    "page_count": 770,
    "page_size": 4096,
    "reusable_page_bytes": 0,
    "schema_version": 5,
    "shm_bytes": 32768,
    "spool_present_bytes": 0,
    "synchronous": 2,
    "wal_bytes": 4140632
  },
  "fixture_hash": "3b863d21eff492ec00e7c7238521690df4a0c099fa9295cda6880795af521739",
  "frame_budget_overruns": 0,
  "frames": 30,
  "heap_phases": null,
  "initial_files_and_pages": {
    "active_page_bytes": 3153920,
    "archive_failed": 0,
    "archive_ok": 1116,
    "archive_spool_present_bytes": 0,
    "db_bytes": 2736128,
    "freelist_count": 0,
    "journal_mode": "wal",
    "page_count": 770,
    "page_size": 4096,
    "reusable_page_bytes": 0,
    "schema_version": 5,
    "shm_bytes": 32768,
    "spool_present_bytes": 0,
    "synchronous": 2,
    "wal_bytes": 4140632
  },
  "kind": "isolated-real-facade",
  "latency": {
    "archive_tick": {
      "count": 30,
      "max_ms": 0.0040999999999999995,
      "p50_ms": 0.0017000000000000001,
      "p95_ms": 0.0023,
      "p99_ms": 0.0024
    },
    "facade_ingest_including_durable_commit": {
      "count": 30,
      "max_ms": 20.019,
      "p50_ms": 17.1966,
      "p95_ms": 19.7358,
      "p99_ms": 19.8284
    },
    "live_query": {
      "count": 6,
      "max_ms": 0.6823,
      "p50_ms": 0.5174,
      "p95_ms": 0.618,
      "p99_ms": 0.618
    },
    "report_first_reader": {
      "count": 6,
      "max_ms": 1.4757,
      "p50_ms": 1.3213000000000001,
      "p95_ms": 1.4350999999999998,
      "p99_ms": 1.4350999999999998
    },
    "report_repeated_reader": {
      "count": 6,
      "max_ms": 1.3308,
      "p50_ms": 0.9779000000000001,
      "p95_ms": 1.0251,
      "p99_ms": 1.0251
    },
    "whole_tick": {
      "count": 30,
      "max_ms": 21.3365,
      "p50_ms": 17.656499999999998,
      "p95_ms": 20.6707,
      "p99_ms": 20.8818
    }
  },
  "limits": [
    "仅当前原生基准进程；没有 HTTP、Tauri 事件或 WebView，窗口为后台模拟状态。",
    "CPU/I/O/内存不含初始化、warmup、结果 JSON 写出及最终统计查询；采样开销包含在测量内。",
    "SQLite xWrite 只统计隔离目录内成功请求字节，不含 mmap/shm、spool、日志、系统缓存与物理设备写放大。",
    "process I/O 为 OS 当前进程计数，不能替代文件归属；spool 瞬时写入需要独立回归或文件跟踪。",
    "report first/repeated 每次均打开新 reader；未驱逐 OS page cache，不能宣称物理冷读。",
    "ingest 延迟包含 accounting、告警与提交；不是单独 SQLite commit 耗时。",
    "串行驱动没有 collector 输入队列；schedule_lag 不是实际队列深度。",
    "归档齐全 fixture 使用空历史的持久化结果；本回放不代替完整30天容量库或安装态 soak。",
    "failed 档案场景由隔离库 BEFORE INSERT 触发器拒绝持久化，非真实磁盘故障。"
  ],
  "local_utc_offset_seconds": -18000,
  "measured_wall_secs": 30.0005437,
  "native_after": {
    "cpu_seconds": 7.6875,
    "handles": 114,
    "io_read_bytes": 379700516,
    "io_write_bytes": 35348476,
    "io_write_operations": 16412,
    "private_bytes": 9940992,
    "working_set_bytes": 19562496
  },
  "native_before": {
    "cpu_seconds": 7.640625,
    "handles": 114,
    "io_read_bytes": 378941556,
    "io_write_bytes": 34606876,
    "io_write_operations": 16052,
    "private_bytes": 9457664,
    "working_set_bytes": 19091456
  },
  "native_cpu_seconds": 0.046875,
  "native_private_bytes": {
    "max": 12718080.0,
    "p95": 12546048.0,
    "samples": 30
  },
  "native_process_io_read_bytes": 758960,
  "native_process_io_write_bytes": 741600,
  "native_process_io_write_operations": 360,
  "native_working_set_bytes": {
    "max": 22048768.0,
    "p95": 21889024.0,
    "samples": 30
  },
  "options": {
    "active": 1000,
    "archive": "complete",
    "dir": "D:\\Documents\\Code\\Github\\clash-verge-ai-residential\\bench-data\\t05-rebuild-20261004-e14ecd88\\data\\matrix\\matrix-a1000-unchanged-candidate",
    "duration_secs": 30,
    "hz": 1,
    "metadata_change_percent": 100,
    "period_rule": false,
    "query_every_frames": 5,
    "seed": 20260919,
    "source_revision": "manifest-sha256:7416ec7cd3f0963eed3b97cc5d88d529f6c97af028a9c2a36b61d7e3c40fb42b",
    "start_utc": 1800001800,
    "virtual_time": false,
    "warmup_secs": 5,
    "workload": "unchanged"
  },
  "platform": "windows",
  "process_id": 39940,
  "samples": [
    {
      "active_tokens": 0,
      "frame": 1,
      "live_rows": 1000,
      "native": {
        "cpu_seconds": 7.640625,
        "handles": 114,
        "io_read_bytes": 379011188,
        "io_write_bytes": 34631596,
        "io_write_operations": 16064,
        "private_bytes": 11780096,
        "working_set_bytes": 20930560
      },
      "token_bytes": 0,
      "virtual_utc": 1800001806,
      "wal_bytes": 4140632,
      "wall_secs": 0.0164551
    },
    {
      "active_tokens": 0,
      "frame": 2,
      "live_rows": 1000,
      "native": {
        "cpu_seconds": 7.640625,
        "handles": 114,
        "io_read_bytes": 379011188,
        "io_write_bytes": 34656316,
        "io_write_operations": 16076,
        "private_bytes": 9318400,
        "working_set_bytes": 18931712
      },
      "token_bytes": 0,
      "virtual_utc": 1800001807,
      "wal_bytes": 4140632,
      "wall_secs": 1.0181187
    },
    {
      "active_tokens": 0,
      "frame": 3,
      "live_rows": 1000,
      "native": {
        "cpu_seconds": 7.640625,
        "handles": 114,
        "io_read_bytes": 379011188,
        "io_write_bytes": 34681036,
        "io_write_operations": 16088,
        "private_bytes": 12259328,
        "working_set_bytes": 21557248
      },
      "token_bytes": 0,
      "virtual_utc": 1800001808,
      "wal_bytes": 4140632,
      "wall_secs": 2.0075184
    },
    {
      "active_tokens": 0,
      "frame": 4,
      "live_rows": 1000,
      "native": {
        "cpu_seconds": 7.640625,
        "handles": 114,
        "io_read_bytes": 379011188,
        "io_write_bytes": 34705756,
        "io_write_operations": 16100,
        "private_bytes": 11145216,
        "working_set_bytes": 20566016
      },
      "token_bytes": 0,
      "virtual_utc": 1800001809,
      "wal_bytes": 4140632,
      "wall_secs": 3.0180547
    },
    {
      "active_tokens": 0,
      "frame": 5,
      "live_rows": 1000,
      "native": {
        "cpu_seconds": 7.640625,
        "handles": 114,
        "io_read_bytes": 379126076,
        "io_write_bytes": 34730476,
        "io_write_operations": 16112,
        "private_bytes": 12267520,
        "working_set_bytes": 21372928
      },
      "token_bytes": 0,
      "virtual_utc": 1800001810,
      "wal_bytes": 4140632,
      "wall_secs": 4.0206217
    },
    {
      "active_tokens": 0,
      "frame": 6,
      "live_rows": 1000,
      "native": {
        "cpu_seconds": 7.640625,
        "handles": 114,
        "io_read_bytes": 379126076,
        "io_write_bytes": 34755196,
        "io_write_operations": 16124,
        "private_bytes": 9342976,
        "working_set_bytes": 19087360
      },
      "token_bytes": 0,
      "virtual_utc": 1800001811,
      "wal_bytes": 4140632,
      "wall_secs": 5.0178369
    },
    {
      "active_tokens": 0,
      "frame": 7,
      "live_rows": 1000,
      "native": {
        "cpu_seconds": 7.640625,
        "handles": 114,
        "io_read_bytes": 379126076,
        "io_write_bytes": 34779916,
        "io_write_operations": 16136,
        "private_bytes": 11472896,
        "working_set_bytes": 20996096
      },
      "token_bytes": 0,
      "virtual_utc": 1800001812,
      "wal_bytes": 4140632,
      "wall_secs": 6.0183064
    },
    {
      "active_tokens": 0,
      "frame": 8,
      "live_rows": 1000,
      "native": {
        "cpu_seconds": 7.640625,
        "handles": 114,
        "io_read_bytes": 379126076,
        "io_write_bytes": 34804636,
        "io_write_operations": 16148,
        "private_bytes": 9224192,
        "working_set_bytes": 18964480
      },
      "token_bytes": 0,
      "virtual_utc": 1800001813,
      "wal_bytes": 4140632,
      "wall_secs": 7.0190578
    },
    {
      "active_tokens": 0,
      "frame": 9,
      "live_rows": 1000,
      "native": {
        "cpu_seconds": 7.640625,
        "handles": 114,
        "io_read_bytes": 379126076,
        "io_write_bytes": 34829356,
        "io_write_operations": 16160,
        "private_bytes": 12513280,
        "working_set_bytes": 21868544
      },
      "token_bytes": 0,
      "virtual_utc": 1800001814,
      "wal_bytes": 4140632,
      "wall_secs": 8.0210466
    },
    {
      "active_tokens": 0,
      "frame": 10,
      "live_rows": 1000,
      "native": {
        "cpu_seconds": 7.640625,
        "handles": 114,
        "io_read_bytes": 379240964,
        "io_write_bytes": 34854076,
        "io_write_operations": 16172,
        "private_bytes": 11329536,
        "working_set_bytes": 20361216
      },
      "token_bytes": 0,
      "virtual_utc": 1800001815,
      "wal_bytes": 4140632,
      "wall_secs": 9.0218237
    },
    {
      "active_tokens": 0,
      "frame": 11,
      "live_rows": 1000,
      "native": {
        "cpu_seconds": 7.640625,
        "handles": 114,
        "io_read_bytes": 379240964,
        "io_write_bytes": 34878796,
        "io_write_operations": 16184,
        "private_bytes": 12541952,
        "working_set_bytes": 21696512
      },
      "token_bytes": 0,
      "virtual_utc": 1800001816,
      "wal_bytes": 4140632,
      "wall_secs": 10.0210051
    },
    {
      "active_tokens": 0,
      "frame": 12,
      "live_rows": 1000,
      "native": {
        "cpu_seconds": 7.640625,
        "handles": 114,
        "io_read_bytes": 379240964,
        "io_write_bytes": 34903516,
        "io_write_operations": 16196,
        "private_bytes": 9265152,
        "working_set_bytes": 18976768
      },
      "token_bytes": 0,
      "virtual_utc": 1800001817,
      "wal_bytes": 4140632,
      "wall_secs": 11.0175115
    },
    {
      "active_tokens": 0,
      "frame": 13,
      "live_rows": 1000,
      "native": {
        "cpu_seconds": 7.640625,
        "handles": 114,
        "io_read_bytes": 379240964,
        "io_write_bytes": 34928236,
        "io_write_operations": 16208,
        "private_bytes": 9924608,
        "working_set_bytes": 19570688
      },
      "token_bytes": 0,
      "virtual_utc": 1800001818,
      "wal_bytes": 4140632,
      "wall_secs": 12.0173616
    },
    {
      "active_tokens": 0,
      "frame": 14,
      "live_rows": 1000,
      "native": {
        "cpu_seconds": 7.640625,
        "handles": 114,
        "io_read_bytes": 379240964,
        "io_write_bytes": 34952956,
        "io_write_operations": 16220,
        "private_bytes": 9277440,
        "working_set_bytes": 18980864
      },
      "token_bytes": 0,
      "virtual_utc": 1800001819,
      "wal_bytes": 4140632,
      "wall_secs": 13.017276
    },
    {
      "active_tokens": 0,
      "frame": 15,
      "live_rows": 1000,
      "native": {
        "cpu_seconds": 7.640625,
        "handles": 114,
        "io_read_bytes": 379355852,
        "io_write_bytes": 34977676,
        "io_write_operations": 16232,
        "private_bytes": 12308480,
        "working_set_bytes": 21512192
      },
      "token_bytes": 0,
      "virtual_utc": 1800001820,
      "wal_bytes": 4140632,
      "wall_secs": 14.0204594
    },
    {
      "active_tokens": 0,
      "frame": 16,
      "live_rows": 1000,
      "native": {
        "cpu_seconds": 7.640625,
        "handles": 114,
        "io_read_bytes": 379355852,
        "io_write_bytes": 35002396,
        "io_write_operations": 16244,
        "private_bytes": 11223040,
        "working_set_bytes": 20312064
      },
      "token_bytes": 0,
      "virtual_utc": 1800001821,
      "wal_bytes": 4140632,
      "wall_secs": 15.0174541
    },
    {
      "active_tokens": 0,
      "frame": 17,
      "live_rows": 1000,
      "native": {
        "cpu_seconds": 7.640625,
        "handles": 114,
        "io_read_bytes": 379355852,
        "io_write_bytes": 35027116,
        "io_write_operations": 16256,
        "private_bytes": 12718080,
        "working_set_bytes": 22048768
      },
      "token_bytes": 0,
      "virtual_utc": 1800001822,
      "wal_bytes": 4140632,
      "wall_secs": 16.0173273
    },
    {
      "active_tokens": 0,
      "frame": 18,
      "live_rows": 1000,
      "native": {
        "cpu_seconds": 7.640625,
        "handles": 114,
        "io_read_bytes": 379355852,
        "io_write_bytes": 35051836,
        "io_write_operations": 16268,
        "private_bytes": 9175040,
        "working_set_bytes": 18948096
      },
      "token_bytes": 0,
      "virtual_utc": 1800001823,
      "wal_bytes": 4140632,
      "wall_secs": 17.0178187
    },
    {
      "active_tokens": 0,
      "frame": 19,
      "live_rows": 1000,
      "native": {
        "cpu_seconds": 7.640625,
        "handles": 114,
        "io_read_bytes": 379355852,
        "io_write_bytes": 35076556,
        "io_write_operations": 16280,
        "private_bytes": 12697600,
        "working_set_bytes": 21889024
      },
      "token_bytes": 0,
      "virtual_utc": 1800001824,
      "wal_bytes": 4140632,
      "wall_secs": 18.0180731
    },
    {
      "active_tokens": 0,
      "frame": 20,
      "live_rows": 1000,
      "native": {
        "cpu_seconds": 7.640625,
        "handles": 114,
        "io_read_bytes": 379470740,
        "io_write_bytes": 35101276,
        "io_write_operations": 16292,
        "private_bytes": 9822208,
        "working_set_bytes": 19537920
      },
      "token_bytes": 0,
      "virtual_utc": 1800001825,
      "wal_bytes": 4140632,
      "wall_secs": 19.0102827
    },
    {
      "active_tokens": 0,
      "frame": 21,
      "live_rows": 1000,
      "native": {
        "cpu_seconds": 7.65625,
        "handles": 114,
        "io_read_bytes": 379470740,
        "io_write_bytes": 35125996,
        "io_write_operations": 16304,
        "private_bytes": 12238848,
        "working_set_bytes": 21209088
      },
      "token_bytes": 0,
      "virtual_utc": 1800001826,
      "wal_bytes": 4140632,
      "wall_secs": 20.0172611
    },
    {
      "active_tokens": 0,
      "frame": 22,
      "live_rows": 1000,
      "native": {
        "cpu_seconds": 7.65625,
        "handles": 114,
        "io_read_bytes": 379470740,
        "io_write_bytes": 35150716,
        "io_write_operations": 16316,
        "private_bytes": 9195520,
        "working_set_bytes": 18960384
      },
      "token_bytes": 0,
      "virtual_utc": 1800001827,
      "wal_bytes": 4140632,
      "wall_secs": 21.0172453
    },
    {
      "active_tokens": 0,
      "frame": 23,
      "live_rows": 1000,
      "native": {
        "cpu_seconds": 7.65625,
        "handles": 114,
        "io_read_bytes": 379470740,
        "io_write_bytes": 35175436,
        "io_write_operations": 16328,
        "private_bytes": 12181504,
        "working_set_bytes": 20905984
      },
      "token_bytes": 0,
      "virtual_utc": 1800001828,
      "wal_bytes": 4140632,
      "wall_secs": 22.0180754
    },
    {
      "active_tokens": 0,
      "frame": 24,
      "live_rows": 1000,
      "native": {
        "cpu_seconds": 7.65625,
        "handles": 114,
        "io_read_bytes": 379470740,
        "io_write_bytes": 35200156,
        "io_write_operations": 16340,
        "private_bytes": 10797056,
        "working_set_bytes": 20365312
      },
      "token_bytes": 0,
      "virtual_utc": 1800001829,
      "wal_bytes": 4140632,
      "wall_secs": 23.0213206
    },
    {
      "active_tokens": 0,
      "frame": 25,
      "live_rows": 1000,
      "native": {
        "cpu_seconds": 7.671875,
        "handles": 114,
        "io_read_bytes": 379585628,
        "io_write_bytes": 35224876,
        "io_write_operations": 16352,
        "private_bytes": 12279808,
        "working_set_bytes": 21684224
      },
      "token_bytes": 0,
      "virtual_utc": 1800001830,
      "wal_bytes": 4140632,
      "wall_secs": 24.0110432
    },
    {
      "active_tokens": 0,
      "frame": 26,
      "live_rows": 1000,
      "native": {
        "cpu_seconds": 7.671875,
        "handles": 114,
        "io_read_bytes": 379585628,
        "io_write_bytes": 35249596,
        "io_write_operations": 16364,
        "private_bytes": 11231232,
        "working_set_bytes": 20307968
      },
      "token_bytes": 0,
      "virtual_utc": 1800001831,
      "wal_bytes": 4140632,
      "wall_secs": 25.0185949
    },
    {
      "active_tokens": 0,
      "frame": 27,
      "live_rows": 1000,
      "native": {
        "cpu_seconds": 7.671875,
        "handles": 114,
        "io_read_bytes": 379585628,
        "io_write_bytes": 35274316,
        "io_write_operations": 16376,
        "private_bytes": 12546048,
        "working_set_bytes": 22036480
      },
      "token_bytes": 0,
      "virtual_utc": 1800001832,
      "wal_bytes": 4140632,
      "wall_secs": 26.0186557
    },
    {
      "active_tokens": 0,
      "frame": 28,
      "live_rows": 1000,
      "native": {
        "cpu_seconds": 7.671875,
        "handles": 114,
        "io_read_bytes": 379585628,
        "io_write_bytes": 35299036,
        "io_write_operations": 16388,
        "private_bytes": 9220096,
        "working_set_bytes": 19005440
      },
      "token_bytes": 0,
      "virtual_utc": 1800001833,
      "wal_bytes": 4140632,
      "wall_secs": 27.0190054
    },
    {
      "active_tokens": 0,
      "frame": 29,
      "live_rows": 1000,
      "native": {
        "cpu_seconds": 7.671875,
        "handles": 114,
        "io_read_bytes": 379585628,
        "io_write_bytes": 35323756,
        "io_write_operations": 16400,
        "private_bytes": 12529664,
        "working_set_bytes": 21762048
      },
      "token_bytes": 0,
      "virtual_utc": 1800001834,
      "wal_bytes": 4140632,
      "wall_secs": 28.0177376
    },
    {
      "active_tokens": 0,
      "frame": 30,
      "live_rows": 1000,
      "native": {
        "cpu_seconds": 7.6875,
        "handles": 114,
        "io_read_bytes": 379700516,
        "io_write_bytes": 35348476,
        "io_write_operations": 16412,
        "private_bytes": 9940992,
        "working_set_bytes": 19562496
      },
      "token_bytes": 0,
      "virtual_utc": 1800001835,
      "wal_bytes": 4140632,
      "wall_secs": 29.0117529
    }
  ],
  "schedule_lag_frames_max": 0,
  "schema_version": 1,
  "simulated_secs": 30,
  "spool_write_bytes": null,
  "sqlite_application_file_write_bytes": 741600,
  "sqlite_xwrite": {
    "db_bytes": 0,
    "failed_calls": 0,
    "other_sqlite_file_bytes": 0,
    "successful_calls": 360,
    "wal_bytes": 741600
  },
  "synchronous": "FULL",
  "tables_and_indexes": {
    "dbstat_available": true,
    "objects": [
      {
        "bytes": 4096,
        "bytes_per_row": null,
        "kind": "table",
        "name": "alert_event",
        "rows": 0,
        "table": "alert_event"
      },
      {
        "bytes": 4096,
        "bytes_per_row": 585.1428571428571,
        "kind": "table",
        "name": "alert_instance",
        "rows": 7,
        "table": "alert_instance"
      },
      {
        "bytes": 4096,
        "bytes_per_row": null,
        "kind": "index",
        "name": "alert_instance_active_uniq",
        "rows": null,
        "table": "alert_instance"
      },
      {
        "bytes": 4096,
        "bytes_per_row": null,
        "kind": "index",
        "name": "alert_instance_identity",
        "rows": null,
        "table": "alert_instance"
      },
      {
        "bytes": 4096,
        "bytes_per_row": 585.1428571428571,
        "kind": "table",
        "name": "alert_rule",
        "rows": 7,
        "table": "alert_rule"
      },
      {
        "bytes": 4096,
        "bytes_per_row": null,
        "kind": "table",
        "name": "backup_manifest",
        "rows": 0,
        "table": "backup_manifest"
      },
      {
        "bytes": 4096,
        "bytes_per_row": 4096.0,
        "kind": "table",
        "name": "bundle_epoch",
        "rows": 1,
        "table": "bundle_epoch"
      },
      {
        "bytes": 4096,
        "bytes_per_row": 113.77777777777777,
        "kind": "table",
        "name": "committed_bundle",
        "rows": 36,
        "table": "committed_bundle"
      },
      {
        "bytes": 40960,
        "bytes_per_row": 20.48,
        "kind": "table",
        "name": "connection_chain",
        "rows": 2000,
        "table": "connection_chain"
      },
      {
        "bytes": 4096,
        "bytes_per_row": null,
        "kind": "table",
        "name": "connection_minute",
        "rows": 0,
        "table": "connection_minute"
      },
      {
        "bytes": 53248,
        "bytes_per_row": 53.248,
        "kind": "table",
        "name": "connection_session",
        "rows": 1000,
        "table": "connection_session"
      },
      {
        "bytes": 40960,
        "bytes_per_row": 40.96,
        "kind": "table",
        "name": "connection_session_attr",
        "rows": 1000,
        "table": "connection_session_attr"
      },
      {
        "bytes": 24576,
        "bytes_per_row": null,
        "kind": "index",
        "name": "connection_session_identity",
        "rows": null,
        "table": "connection_session"
      },
      {
        "bytes": 4096,
        "bytes_per_row": 4096.0,
        "kind": "table",
        "name": "controller_epoch",
        "rows": 1,
        "table": "controller_epoch"
      },
      {
        "bytes": 4096,
        "bytes_per_row": null,
        "kind": "table",
        "name": "coverage_daily",
        "rows": 0,
        "table": "coverage_daily"
      },
      {
        "bytes": 4096,
        "bytes_per_row": 4096.0,
        "kind": "table",
        "name": "coverage_interval",
        "rows": 1,
        "table": "coverage_interval"
      },
      {
        "bytes": 4096,
        "bytes_per_row": 4096.0,
        "kind": "table",
        "name": "data_version",
        "rows": 1,
        "table": "data_version"
      },
      {
        "bytes": 4096,
        "bytes_per_row": 39.00952380952381,
        "kind": "table",
        "name": "dimension_dict",
        "rows": 105,
        "table": "dimension_dict"
      },
      {
        "bytes": 4096,
        "bytes_per_row": null,
        "kind": "index",
        "name": "dimension_dict_value",
        "rows": null,
        "table": "dimension_dict"
      },
      {
        "bytes": 4096,
        "bytes_per_row": null,
        "kind": "index",
        "name": "idx_alert_event_retention",
        "rows": null,
        "table": "alert_event"
      },
      {
        "bytes": 4096,
        "bytes_per_row": null,
        "kind": "index",
        "name": "idx_alert_instance_center",
        "rows": null,
        "table": "alert_instance"
      },
      {
        "bytes": 4096,
        "bytes_per_row": null,
        "kind": "index",
        "name": "idx_connection_minute_session",
        "rows": null,
        "table": "connection_minute"
      },
      {
        "bytes": 16384,
        "bytes_per_row": null,
        "kind": "index",
        "name": "idx_connection_session_started",
        "rows": null,
        "table": "connection_session"
      },
      {
        "bytes": 4096,
        "bytes_per_row": null,
        "kind": "index",
        "name": "idx_coverage_sample_tail",
        "rows": null,
        "table": "coverage_interval"
      },
      {
        "bytes": 4096,
        "bytes_per_row": null,
        "kind": "index",
        "name": "idx_daily_core_category",
        "rows": null,
        "table": "traffic_daily_core"
      },
      {
        "bytes": 4096,
        "bytes_per_row": null,
        "kind": "index",
        "name": "idx_daily_core_day",
        "rows": null,
        "table": "traffic_daily_core"
      },
      {
        "bytes": 4096,
        "bytes_per_row": null,
        "kind": "index",
        "name": "idx_daily_dim_lookup",
        "rows": null,
        "table": "traffic_daily_dimension"
      },
      {
        "bytes": 4096,
        "bytes_per_row": null,
        "kind": "index",
        "name": "idx_daily_dimension_category",
        "rows": null,
        "table": "traffic_daily_dimension"
      },
      {
        "bytes": 4096,
        "bytes_per_row": null,
        "kind": "index",
        "name": "idx_daily_dimension_identity",
        "rows": null,
        "table": "traffic_daily_dimension"
      },
      {
        "bytes": 4096,
        "bytes_per_row": null,
        "kind": "index",
        "name": "idx_hourly_category",
        "rows": null,
        "table": "traffic_hourly_dimension"
      },
      {
        "bytes": 4096,
        "bytes_per_row": null,
        "kind": "index",
        "name": "idx_hourly_dim_lookup",
        "rows": null,
        "table": "traffic_hourly_dimension"
      },
      {
        "bytes": 4096,
        "bytes_per_row": null,
        "kind": "index",
        "name": "idx_hourly_dimension_identity",
        "rows": null,
        "table": "traffic_hourly_dimension"
      },
      {
        "bytes": 4096,
        "bytes_per_row": null,
        "kind": "index",
        "name": "idx_outbox_due",
        "rows": null,
        "table": "notification_outbox"
      },
      {
        "bytes": 4096,
        "bytes_per_row": null,
        "kind": "index",
        "name": "idx_outbox_lease",
        "rows": null,
        "table": "notification_outbox"
      },
      {
        "bytes": 28672,
        "bytes_per_row": null,
        "kind": "index",
        "name": "idx_report_archive_kind_start",
        "rows": null,
        "table": "report_archive"
      },
      {
        "bytes": 4096,
        "bytes_per_row": null,
        "kind": "index",
        "name": "idx_retention_build_member_session",
        "rows": null,
        "table": "retention_build_member"
      },
      {
        "bytes": 4096,
        "bytes_per_row": null,
        "kind": "index",
        "name": "idx_retention_coverage_source",
        "rows": null,
        "table": "coverage_interval"
      },
      {
        "bytes": 12288,
        "bytes_per_row": null,
        "kind": "index",
        "name": "idx_session_attr_category",
        "rows": null,
        "table": "connection_session_attr"
      },
      {
        "bytes": 28672,
        "bytes_per_row": null,
        "kind": "index",
        "name": "idx_session_attr_chain_rule",
        "rows": null,
        "table": "connection_session_attr"
      },
      {
        "bytes": 16384,
        "bytes_per_row": null,
        "kind": "index",
        "name": "idx_session_attr_host",
        "rows": null,
        "table": "connection_session_attr"
      },
      {
        "bytes": 12288,
        "bytes_per_row": null,
        "kind": "index",
        "name": "idx_session_attr_network",
        "rows": null,
        "table": "connection_session_attr"
      },
      {
        "bytes": 16384,
        "bytes_per_row": null,
        "kind": "index",
        "name": "idx_session_attr_process",
        "rows": null,
        "table": "connection_session_attr"
      },
      {
        "bytes": 12288,
        "bytes_per_row": null,
        "kind": "index",
        "name": "idx_session_attr_rule",
        "rows": null,
        "table": "connection_session_attr"
      },
      {
        "bytes": 4096,
        "bytes_per_row": null,
        "kind": "table",
        "name": "machine_setting",
        "rows": 0,
        "table": "machine_setting"
      },
      {
        "bytes": 4096,
        "bytes_per_row": null,
        "kind": "table",
        "name": "notification_outbox",
        "rows": 0,
        "table": "notification_outbox"
      },
      {
        "bytes": 2297856,
        "bytes_per_row": 2059.010752688172,
        "kind": "table",
        "name": "report_archive",
        "rows": 1116,
        "table": "report_archive"
      },
      {
        "bytes": 176128,
        "bytes_per_row": null,
        "kind": "index",
        "name": "report_archive_period_uniq",
        "rows": null,
        "table": "report_archive"
      },
      {
        "bytes": 4096,
        "bytes_per_row": null,
        "kind": "table",
        "name": "report_snapshot_meta",
        "rows": 0,
        "table": "report_snapshot_meta"
      },
      {
        "bytes": 4096,
        "bytes_per_row": null,
        "kind": "table",
        "name": "retention_build",
        "rows": 0,
        "table": "retention_build"
      },
      {
        "bytes": 4096,
        "bytes_per_row": null,
        "kind": "table",
        "name": "retention_build_aggregate",
        "rows": 0,
        "table": "retention_build_aggregate"
      },
      {
        "bytes": 4096,
        "bytes_per_row": null,
        "kind": "table",
        "name": "retention_build_member",
        "rows": 0,
        "table": "retention_build_member"
      },
      {
        "bytes": 4096,
        "bytes_per_row": null,
        "kind": "table",
        "name": "retention_state",
        "rows": 0,
        "table": "retention_state"
      },
      {
        "bytes": 4096,
        "bytes_per_row": 1024.0,
        "kind": "table",
        "name": "retention_watermark",
        "rows": 4,
        "table": "retention_watermark"
      },
      {
        "bytes": 4096,
        "bytes_per_row": 819.2,
        "kind": "table",
        "name": "schema_migration",
        "rows": 5,
        "table": "schema_migration"
      },
      {
        "bytes": 4096,
        "bytes_per_row": null,
        "kind": "index",
        "name": "sqlite_autoindex_alert_event_1",
        "rows": null,
        "table": "alert_event"
      },
      {
        "bytes": 4096,
        "bytes_per_row": null,
        "kind": "index",
        "name": "sqlite_autoindex_alert_event_2",
        "rows": null,
        "table": "alert_event"
      },
      {
        "bytes": 4096,
        "bytes_per_row": null,
        "kind": "index",
        "name": "sqlite_autoindex_alert_instance_1",
        "rows": null,
        "table": "alert_instance"
      },
      {
        "bytes": 4096,
        "bytes_per_row": null,
        "kind": "index",
        "name": "sqlite_autoindex_alert_rule_1",
        "rows": null,
        "table": "alert_rule"
      },
      {
        "bytes": 4096,
        "bytes_per_row": null,
        "kind": "index",
        "name": "sqlite_autoindex_committed_bundle_1",
        "rows": null,
        "table": "committed_bundle"
      },
      {
        "bytes": 28672,
        "bytes_per_row": null,
        "kind": "index",
        "name": "sqlite_autoindex_connection_chain_1",
        "rows": null,
        "table": "connection_chain"
      },
      {
        "bytes": 4096,
        "bytes_per_row": null,
        "kind": "index",
        "name": "sqlite_autoindex_connection_minute_1",
        "rows": null,
        "table": "connection_minute"
      },
      {
        "bytes": 4096,
        "bytes_per_row": null,
        "kind": "index",
        "name": "sqlite_autoindex_dimension_dict_1",
        "rows": null,
        "table": "dimension_dict"
      },
      {
        "bytes": 4096,
        "bytes_per_row": null,
        "kind": "index",
        "name": "sqlite_autoindex_machine_setting_1",
        "rows": null,
        "table": "machine_setting"
      },
      {
        "bytes": 4096,
        "bytes_per_row": null,
        "kind": "index",
        "name": "sqlite_autoindex_notification_outbox_1",
        "rows": null,
        "table": "notification_outbox"
      },
      {
        "bytes": 4096,
        "bytes_per_row": null,
        "kind": "index",
        "name": "sqlite_autoindex_notification_outbox_2",
        "rows": null,
        "table": "notification_outbox"
      },
      {
        "bytes": 57344,
        "bytes_per_row": null,
        "kind": "index",
        "name": "sqlite_autoindex_report_archive_1",
        "rows": null,
        "table": "report_archive"
      },
      {
        "bytes": 4096,
        "bytes_per_row": null,
        "kind": "index",
        "name": "sqlite_autoindex_report_snapshot_meta_1",
        "rows": null,
        "table": "report_snapshot_meta"
      },
      {
        "bytes": 4096,
        "bytes_per_row": null,
        "kind": "index",
        "name": "sqlite_autoindex_retention_build_aggregate_1",
        "rows": null,
        "table": "retention_build_aggregate"
      },
      {
        "bytes": 4096,
        "bytes_per_row": null,
        "kind": "index",
        "name": "sqlite_autoindex_retention_build_member_1",
        "rows": null,
        "table": "retention_build_member"
      },
      {
        "bytes": 4096,
        "bytes_per_row": null,
        "kind": "index",
        "name": "sqlite_autoindex_retention_state_1",
        "rows": null,
        "table": "retention_state"
      },
      {
        "bytes": 4096,
        "bytes_per_row": null,
        "kind": "index",
        "name": "sqlite_autoindex_retention_watermark_1",
        "rows": null,
        "table": "retention_watermark"
      },
      {
        "bytes": 4096,
        "bytes_per_row": null,
        "kind": "index",
        "name": "sqlite_autoindex_target_item_1",
        "rows": null,
        "table": "target_item"
      },
      {
        "bytes": 4096,
        "bytes_per_row": null,
        "kind": "index",
        "name": "sqlite_autoindex_traffic_daily_core_1",
        "rows": null,
        "table": "traffic_daily_core"
      },
      {
        "bytes": 4096,
        "bytes_per_row": null,
        "kind": "index",
        "name": "sqlite_autoindex_traffic_daily_dimension_1",
        "rows": null,
        "table": "traffic_daily_dimension"
      },
      {
        "bytes": 4096,
        "bytes_per_row": null,
        "kind": "index",
        "name": "sqlite_autoindex_traffic_hourly_dimension_1",
        "rows": null,
        "table": "traffic_hourly_dimension"
      },
      {
        "bytes": 4096,
        "bytes_per_row": 4096.0,
        "kind": "table",
        "name": "target_item",
        "rows": 1,
        "table": "target_item"
      },
      {
        "bytes": 4096,
        "bytes_per_row": 4096.0,
        "kind": "table",
        "name": "target_set",
        "rows": 1,
        "table": "target_set"
      },
      {
        "bytes": 4096,
        "bytes_per_row": null,
        "kind": "table",
        "name": "traffic_daily_core",
        "rows": 0,
        "table": "traffic_daily_core"
      },
      {
        "bytes": 4096,
        "bytes_per_row": null,
        "kind": "table",
        "name": "traffic_daily_dimension",
        "rows": 0,
        "table": "traffic_daily_dimension"
      },
      {
        "bytes": 4096,
        "bytes_per_row": null,
        "kind": "table",
        "name": "traffic_hourly_dimension",
        "rows": 0,
        "table": "traffic_hourly_dimension"
      }
    ]
  },
  "traffic": {
    "conserved": true,
    "expected_added_download": 0,
    "expected_added_upload": 0,
    "final_download": 0,
    "final_upload": 0,
    "initial_download": 0,
    "initial_upload": 0
  },
  "warmup_wall_secs": 5.0002609,
  "writer_rows_changed": 330
}
