{
  "all_application_file_write_bytes": null,
  "commits": 30,
  "executable_sha256": "ab26881af77948371d3a6e300682fe6773887fff10b410da795d87c5fbde8076",
  "final_files_and_pages": {
    "active_page_bytes": 2809856,
    "archive_failed": 0,
    "archive_ok": 1116,
    "archive_spool_present_bytes": 0,
    "db_bytes": 2666496,
    "freelist_count": 0,
    "journal_mode": "wal",
    "page_count": 686,
    "page_size": 4096,
    "reusable_page_bytes": 0,
    "schema_version": 4,
    "shm_bytes": 32768,
    "spool_present_bytes": 0,
    "synchronous": 2,
    "wal_bytes": 4161232
  },
  "fixture_hash": "e7e4e8747e75029506ac7272058e89560e110e7133f09fe44b9126a40612a840",
  "frame_budget_overruns": 0,
  "frames": 30,
  "heap_phases": null,
  "initial_files_and_pages": {
    "active_page_bytes": 2809856,
    "archive_failed": 0,
    "archive_ok": 1116,
    "archive_spool_present_bytes": 0,
    "db_bytes": 2666496,
    "freelist_count": 0,
    "journal_mode": "wal",
    "page_count": 686,
    "page_size": 4096,
    "reusable_page_bytes": 0,
    "schema_version": 4,
    "shm_bytes": 32768,
    "spool_present_bytes": 0,
    "synchronous": 2,
    "wal_bytes": 4161232
  },
  "kind": "isolated-real-facade",
  "latency": {
    "archive_tick": {
      "count": 30,
      "max_ms": 14.3801,
      "p50_ms": 12.7126,
      "p95_ms": 13.9828,
      "p99_ms": 14.0993
    },
    "facade_ingest_including_durable_commit": {
      "count": 30,
      "max_ms": 13.9991,
      "p50_ms": 12.9681,
      "p95_ms": 13.2942,
      "p99_ms": 13.3223
    },
    "live_query": {
      "count": 6,
      "max_ms": 0.097,
      "p50_ms": 0.0859,
      "p95_ms": 0.08789999999999999,
      "p99_ms": 0.08789999999999999
    },
    "report_first_reader": {
      "count": 6,
      "max_ms": 1.3956000000000002,
      "p50_ms": 1.135,
      "p95_ms": 1.204,
      "p99_ms": 1.204
    },
    "report_repeated_reader": {
      "count": 6,
      "max_ms": 1.2576,
      "p50_ms": 0.8497,
      "p95_ms": 1.024,
      "p99_ms": 1.024
    },
    "whole_tick": {
      "count": 30,
      "max_ms": 30.2023,
      "p50_ms": 25.766399999999997,
      "p95_ms": 28.7816,
      "p99_ms": 29.1709
    }
  },
  "limits": [
    "仅当前原生基准进程；没有 HTTP、Tauri 事件或 WebView，窗口为后台模拟状态。",
    "CPU/I/O/内存不含初始化、warmup、结果 JSON 写出及最终统计查询；采样开销包含在测量内。",
    "SQLite xWrite 只统计隔离目录内成功请求字节，不含 mmap/shm、spool、日志、系统缓存与物理设备写放大。",
    "process I/O 为 OS 当前进程计数，不能替代文件归属；spool 瞬时写入需要独立回归或文件跟踪。",
    "report first/repeated 每次均打开新 reader；未驱逐 OS page cache，不能宣称物理冷读。",
    "ingest 延迟包含 accounting、告警与提交；不是单独 SQLite commit 耗时。",
    "串行驱动没有 collector 输入队列；schedule_lag 不是实际队列深度。",
    "归档齐全 fixture 使用空历史的持久化结果；本回放不代替完整30天容量库或安装态 soak。",
    "failed 档案场景由隔离库 BEFORE INSERT 触发器拒绝持久化，非真实磁盘故障。"
  ],
  "local_utc_offset_seconds": -18000,
  "measured_wall_secs": 30.0002156,
  "native_after": {
    "cpu_seconds": 8.703125,
    "handles": 114,
    "io_read_bytes": 542926227,
    "io_write_bytes": 35188084,
    "io_write_operations": 16346,
    "private_bytes": 5689344,
    "working_set_bytes": 14901248
  },
  "native_before": {
    "cpu_seconds": 8.25,
    "handles": 114,
    "io_read_bytes": 402030819,
    "io_write_bytes": 34075684,
    "io_write_operations": 15806,
    "private_bytes": 5509120,
    "working_set_bytes": 14630912
  },
  "native_cpu_seconds": 0.453125,
  "native_private_bytes": {
    "max": 5922816.0,
    "p95": 5922816.0,
    "samples": 30
  },
  "native_process_io_read_bytes": 140895408,
  "native_process_io_write_bytes": 1112400,
  "native_process_io_write_operations": 540,
  "native_working_set_bytes": {
    "max": 15142912.0,
    "p95": 15106048.0,
    "samples": 30
  },
  "options": {
    "active": 50,
    "archive": "complete",
    "dir": "D:\\Documents\\Code\\Github\\clash-verge-ai-residential\\bench-data\\t05-rebuild-20261004-e14ecd88\\data\\matrix\\matrix-a50-unchanged-baseline",
    "duration_secs": 30,
    "hz": 1,
    "metadata_change_percent": 100,
    "period_rule": false,
    "query_every_frames": 5,
    "seed": 20260919,
    "source_revision": "c278bb7b56603001e32e353d2ee589dccef0bfe9",
    "start_utc": 1800001800,
    "virtual_time": false,
    "warmup_secs": 5,
    "workload": "unchanged"
  },
  "platform": "windows",
  "process_id": 7628,
  "samples": [
    {
      "active_tokens": 0,
      "frame": 1,
      "live_rows": 50,
      "native": {
        "cpu_seconds": 8.25,
        "handles": 114,
        "io_read_bytes": 406712547,
        "io_write_bytes": 34112764,
        "io_write_operations": 15824,
        "private_bytes": 5779456,
        "working_set_bytes": 14962688
      },
      "token_bytes": 0,
      "virtual_utc": 1800001806,
      "wal_bytes": 4161232,
      "wall_secs": 0.0240657
    },
    {
      "active_tokens": 0,
      "frame": 2,
      "live_rows": 50,
      "native": {
        "cpu_seconds": 8.28125,
        "handles": 114,
        "io_read_bytes": 411394275,
        "io_write_bytes": 34149844,
        "io_write_operations": 15842,
        "private_bytes": 5275648,
        "working_set_bytes": 14540800
      },
      "token_bytes": 0,
      "virtual_utc": 1800001807,
      "wal_bytes": 4161232,
      "wall_secs": 1.0254529
    },
    {
      "active_tokens": 0,
      "frame": 3,
      "live_rows": 50,
      "native": {
        "cpu_seconds": 8.296875,
        "handles": 114,
        "io_read_bytes": 416076003,
        "io_write_bytes": 34186924,
        "io_write_operations": 15860,
        "private_bytes": 5787648,
        "working_set_bytes": 14913536
      },
      "token_bytes": 0,
      "virtual_utc": 1800001808,
      "wal_bytes": 4161232,
      "wall_secs": 2.0262495
    },
    {
      "active_tokens": 0,
      "frame": 4,
      "live_rows": 50,
      "native": {
        "cpu_seconds": 8.3125,
        "handles": 114,
        "io_read_bytes": 420757731,
        "io_write_bytes": 34224004,
        "io_write_operations": 15878,
        "private_bytes": 5517312,
        "working_set_bytes": 14651392
      },
      "token_bytes": 0,
      "virtual_utc": 1800001809,
      "wal_bytes": 4161232,
      "wall_secs": 3.026145
    },
    {
      "active_tokens": 0,
      "frame": 5,
      "live_rows": 50,
      "native": {
        "cpu_seconds": 8.328125,
        "handles": 114,
        "io_read_bytes": 425513387,
        "io_write_bytes": 34261084,
        "io_write_operations": 15896,
        "private_bytes": 5718016,
        "working_set_bytes": 14753792
      },
      "token_bytes": 0,
      "virtual_utc": 1800001810,
      "wal_bytes": 4161232,
      "wall_secs": 4.0304019
    },
    {
      "active_tokens": 0,
      "frame": 6,
      "live_rows": 50,
      "native": {
        "cpu_seconds": 8.34375,
        "handles": 114,
        "io_read_bytes": 430195115,
        "io_write_bytes": 34298164,
        "io_write_operations": 15914,
        "private_bytes": 5771264,
        "working_set_bytes": 14991360
      },
      "token_bytes": 0,
      "virtual_utc": 1800001811,
      "wal_bytes": 4161232,
      "wall_secs": 5.0263826
    },
    {
      "active_tokens": 0,
      "frame": 7,
      "live_rows": 50,
      "native": {
        "cpu_seconds": 8.359375,
        "handles": 114,
        "io_read_bytes": 434876843,
        "io_write_bytes": 34335244,
        "io_write_operations": 15932,
        "private_bytes": 5922816,
        "working_set_bytes": 14991360
      },
      "token_bytes": 0,
      "virtual_utc": 1800001812,
      "wal_bytes": 4161232,
      "wall_secs": 6.0258602
    },
    {
      "active_tokens": 0,
      "frame": 8,
      "live_rows": 50,
      "native": {
        "cpu_seconds": 8.375,
        "handles": 114,
        "io_read_bytes": 439558571,
        "io_write_bytes": 34372324,
        "io_write_operations": 15950,
        "private_bytes": 5664768,
        "working_set_bytes": 14733312
      },
      "token_bytes": 0,
      "virtual_utc": 1800001813,
      "wal_bytes": 4161232,
      "wall_secs": 7.0253886
    },
    {
      "active_tokens": 0,
      "frame": 9,
      "live_rows": 50,
      "native": {
        "cpu_seconds": 8.390625,
        "handles": 114,
        "io_read_bytes": 444240299,
        "io_write_bytes": 34409404,
        "io_write_operations": 15968,
        "private_bytes": 5922816,
        "working_set_bytes": 15106048
      },
      "token_bytes": 0,
      "virtual_utc": 1800001814,
      "wal_bytes": 4161232,
      "wall_secs": 8.0257713
    },
    {
      "active_tokens": 0,
      "frame": 10,
      "live_rows": 50,
      "native": {
        "cpu_seconds": 8.40625,
        "handles": 114,
        "io_read_bytes": 448995955,
        "io_write_bytes": 34446484,
        "io_write_operations": 15986,
        "private_bytes": 5378048,
        "working_set_bytes": 14729216
      },
      "token_bytes": 0,
      "virtual_utc": 1800001815,
      "wal_bytes": 4161232,
      "wall_secs": 9.0293241
    },
    {
      "active_tokens": 0,
      "frame": 11,
      "live_rows": 50,
      "native": {
        "cpu_seconds": 8.421875,
        "handles": 114,
        "io_read_bytes": 453677683,
        "io_write_bytes": 34483564,
        "io_write_operations": 16004,
        "private_bytes": 5922816,
        "working_set_bytes": 15040512
      },
      "token_bytes": 0,
      "virtual_utc": 1800001816,
      "wal_bytes": 4161232,
      "wall_secs": 10.0258
    },
    {
      "active_tokens": 0,
      "frame": 12,
      "live_rows": 50,
      "native": {
        "cpu_seconds": 8.4375,
        "handles": 114,
        "io_read_bytes": 458359411,
        "io_write_bytes": 34520644,
        "io_write_operations": 16022,
        "private_bytes": 5570560,
        "working_set_bytes": 14782464
      },
      "token_bytes": 0,
      "virtual_utc": 1800001817,
      "wal_bytes": 4161232,
      "wall_secs": 11.0267122
    },
    {
      "active_tokens": 0,
      "frame": 13,
      "live_rows": 50,
      "native": {
        "cpu_seconds": 8.453125,
        "handles": 114,
        "io_read_bytes": 463041139,
        "io_write_bytes": 34557724,
        "io_write_operations": 16040,
        "private_bytes": 5922816,
        "working_set_bytes": 15101952
      },
      "token_bytes": 0,
      "virtual_utc": 1800001818,
      "wal_bytes": 4161232,
      "wall_secs": 12.0262152
    },
    {
      "active_tokens": 0,
      "frame": 14,
      "live_rows": 50,
      "native": {
        "cpu_seconds": 8.46875,
        "handles": 114,
        "io_read_bytes": 467722867,
        "io_write_bytes": 34594804,
        "io_write_operations": 16058,
        "private_bytes": 5324800,
        "working_set_bytes": 14688256
      },
      "token_bytes": 0,
      "virtual_utc": 1800001819,
      "wal_bytes": 4161232,
      "wall_secs": 13.0258647
    },
    {
      "active_tokens": 0,
      "frame": 15,
      "live_rows": 50,
      "native": {
        "cpu_seconds": 8.484375,
        "handles": 114,
        "io_read_bytes": 472478523,
        "io_write_bytes": 34631884,
        "io_write_operations": 16076,
        "private_bytes": 5922816,
        "working_set_bytes": 15056896
      },
      "token_bytes": 0,
      "virtual_utc": 1800001820,
      "wal_bytes": 4161232,
      "wall_secs": 14.029209
    },
    {
      "active_tokens": 0,
      "frame": 16,
      "live_rows": 50,
      "native": {
        "cpu_seconds": 8.484375,
        "handles": 114,
        "io_read_bytes": 477160251,
        "io_write_bytes": 34668964,
        "io_write_operations": 16094,
        "private_bytes": 5480448,
        "working_set_bytes": 14757888
      },
      "token_bytes": 0,
      "virtual_utc": 1800001821,
      "wal_bytes": 4161232,
      "wall_secs": 15.020938
    },
    {
      "active_tokens": 0,
      "frame": 17,
      "live_rows": 50,
      "native": {
        "cpu_seconds": 8.5,
        "handles": 114,
        "io_read_bytes": 481841979,
        "io_write_bytes": 34706044,
        "io_write_operations": 16112,
        "private_bytes": 5828608,
        "working_set_bytes": 14991360
      },
      "token_bytes": 0,
      "virtual_utc": 1800001822,
      "wal_bytes": 4161232,
      "wall_secs": 16.0281284
    },
    {
      "active_tokens": 0,
      "frame": 18,
      "live_rows": 50,
      "native": {
        "cpu_seconds": 8.515625,
        "handles": 114,
        "io_read_bytes": 486523707,
        "io_write_bytes": 34743124,
        "io_write_operations": 16130,
        "private_bytes": 5230592,
        "working_set_bytes": 14639104
      },
      "token_bytes": 0,
      "virtual_utc": 1800001823,
      "wal_bytes": 4161232,
      "wall_secs": 17.0263998
    },
    {
      "active_tokens": 0,
      "frame": 19,
      "live_rows": 50,
      "native": {
        "cpu_seconds": 8.53125,
        "handles": 114,
        "io_read_bytes": 491205435,
        "io_write_bytes": 34780204,
        "io_write_operations": 16148,
        "private_bytes": 5828608,
        "working_set_bytes": 15024128
      },
      "token_bytes": 0,
      "virtual_utc": 1800001824,
      "wal_bytes": 4161232,
      "wall_secs": 18.0270846
    },
    {
      "active_tokens": 0,
      "frame": 20,
      "live_rows": 50,
      "native": {
        "cpu_seconds": 8.546875,
        "handles": 114,
        "io_read_bytes": 495961091,
        "io_write_bytes": 34817284,
        "io_write_operations": 16166,
        "private_bytes": 5525504,
        "working_set_bytes": 14798848
      },
      "token_bytes": 0,
      "virtual_utc": 1800001825,
      "wal_bytes": 4161232,
      "wall_secs": 19.0278109
    },
    {
      "active_tokens": 0,
      "frame": 21,
      "live_rows": 50,
      "native": {
        "cpu_seconds": 8.5625,
        "handles": 114,
        "io_read_bytes": 500642819,
        "io_write_bytes": 34854364,
        "io_write_operations": 16184,
        "private_bytes": 5828608,
        "working_set_bytes": 15060992
      },
      "token_bytes": 0,
      "virtual_utc": 1800001826,
      "wal_bytes": 4161232,
      "wall_secs": 20.025905
    },
    {
      "active_tokens": 0,
      "frame": 22,
      "live_rows": 50,
      "native": {
        "cpu_seconds": 8.578125,
        "handles": 114,
        "io_read_bytes": 505324547,
        "io_write_bytes": 34891444,
        "io_write_operations": 16202,
        "private_bytes": 5500928,
        "working_set_bytes": 14782464
      },
      "token_bytes": 0,
      "virtual_utc": 1800001827,
      "wal_bytes": 4161232,
      "wall_secs": 21.0258311
    },
    {
      "active_tokens": 0,
      "frame": 23,
      "live_rows": 50,
      "native": {
        "cpu_seconds": 8.59375,
        "handles": 114,
        "io_read_bytes": 510006275,
        "io_write_bytes": 34928524,
        "io_write_operations": 16220,
        "private_bytes": 5828608,
        "working_set_bytes": 15073280
      },
      "token_bytes": 0,
      "virtual_utc": 1800001828,
      "wal_bytes": 4161232,
      "wall_secs": 22.0247893
    },
    {
      "active_tokens": 0,
      "frame": 24,
      "live_rows": 50,
      "native": {
        "cpu_seconds": 8.609375,
        "handles": 114,
        "io_read_bytes": 514688003,
        "io_write_bytes": 34965604,
        "io_write_operations": 16238,
        "private_bytes": 5300224,
        "working_set_bytes": 14704640
      },
      "token_bytes": 0,
      "virtual_utc": 1800001829,
      "wal_bytes": 4161232,
      "wall_secs": 23.026079
    },
    {
      "active_tokens": 0,
      "frame": 25,
      "live_rows": 50,
      "native": {
        "cpu_seconds": 8.625,
        "handles": 114,
        "io_read_bytes": 519443659,
        "io_write_bytes": 35002684,
        "io_write_operations": 16256,
        "private_bytes": 5828608,
        "working_set_bytes": 15048704
      },
      "token_bytes": 0,
      "virtual_utc": 1800001830,
      "wal_bytes": 4161232,
      "wall_secs": 24.0265907
    },
    {
      "active_tokens": 0,
      "frame": 26,
      "live_rows": 50,
      "native": {
        "cpu_seconds": 8.640625,
        "handles": 114,
        "io_read_bytes": 524125387,
        "io_write_bytes": 35039764,
        "io_write_operations": 16274,
        "private_bytes": 5554176,
        "working_set_bytes": 14942208
      },
      "token_bytes": 0,
      "virtual_utc": 1800001831,
      "wal_bytes": 4161232,
      "wall_secs": 25.0260627
    },
    {
      "active_tokens": 0,
      "frame": 27,
      "live_rows": 50,
      "native": {
        "cpu_seconds": 8.65625,
        "handles": 114,
        "io_read_bytes": 528807115,
        "io_write_bytes": 35076844,
        "io_write_operations": 16292,
        "private_bytes": 5828608,
        "working_set_bytes": 15142912
      },
      "token_bytes": 0,
      "virtual_utc": 1800001832,
      "wal_bytes": 4161232,
      "wall_secs": 26.0263018
    },
    {
      "active_tokens": 0,
      "frame": 28,
      "live_rows": 50,
      "native": {
        "cpu_seconds": 8.671875,
        "handles": 114,
        "io_read_bytes": 533488843,
        "io_write_bytes": 35113924,
        "io_write_operations": 16310,
        "private_bytes": 5357568,
        "working_set_bytes": 14790656
      },
      "token_bytes": 0,
      "virtual_utc": 1800001833,
      "wal_bytes": 4161232,
      "wall_secs": 27.0261461
    },
    {
      "active_tokens": 0,
      "frame": 29,
      "live_rows": 50,
      "native": {
        "cpu_seconds": 8.6875,
        "handles": 114,
        "io_read_bytes": 538170571,
        "io_write_bytes": 35151004,
        "io_write_operations": 16328,
        "private_bytes": 5828608,
        "working_set_bytes": 15142912
      },
      "token_bytes": 0,
      "virtual_utc": 1800001834,
      "wal_bytes": 4161232,
      "wall_secs": 28.0258805
    },
    {
      "active_tokens": 0,
      "frame": 30,
      "live_rows": 50,
      "native": {
        "cpu_seconds": 8.703125,
        "handles": 114,
        "io_read_bytes": 542926227,
        "io_write_bytes": 35188084,
        "io_write_operations": 16346,
        "private_bytes": 5689344,
        "working_set_bytes": 14901248
      },
      "token_bytes": 0,
      "virtual_utc": 1800001835,
      "wal_bytes": 4161232,
      "wall_secs": 29.0294728
    }
  ],
  "schedule_lag_frames_max": 0,
  "schema_version": 1,
  "simulated_secs": 30,
  "spool_write_bytes": null,
  "sqlite_application_file_write_bytes": 1112400,
  "sqlite_xwrite": {
    "db_bytes": 0,
    "failed_calls": 0,
    "other_sqlite_file_bytes": 0,
    "successful_calls": 540,
    "wal_bytes": 1112400
  },
  "synchronous": "FULL",
  "tables_and_indexes": {
    "dbstat_available": true,
    "objects": [
      {
        "bytes": 4096,
        "bytes_per_row": null,
        "kind": "table",
        "name": "alert_event",
        "rows": 0,
        "table": "alert_event"
      },
      {
        "bytes": 4096,
        "bytes_per_row": 585.1428571428571,
        "kind": "table",
        "name": "alert_instance",
        "rows": 7,
        "table": "alert_instance"
      },
      {
        "bytes": 4096,
        "bytes_per_row": null,
        "kind": "index",
        "name": "alert_instance_active_uniq",
        "rows": null,
        "table": "alert_instance"
      },
      {
        "bytes": 4096,
        "bytes_per_row": null,
        "kind": "index",
        "name": "alert_instance_identity",
        "rows": null,
        "table": "alert_instance"
      },
      {
        "bytes": 4096,
        "bytes_per_row": 585.1428571428571,
        "kind": "table",
        "name": "alert_rule",
        "rows": 7,
        "table": "alert_rule"
      },
      {
        "bytes": 4096,
        "bytes_per_row": null,
        "kind": "table",
        "name": "backup_manifest",
        "rows": 0,
        "table": "backup_manifest"
      },
      {
        "bytes": 4096,
        "bytes_per_row": 4096.0,
        "kind": "table",
        "name": "bundle_epoch",
        "rows": 1,
        "table": "bundle_epoch"
      },
      {
        "bytes": 4096,
        "bytes_per_row": 113.77777777777777,
        "kind": "table",
        "name": "committed_bundle",
        "rows": 36,
        "table": "committed_bundle"
      },
      {
        "bytes": 4096,
        "bytes_per_row": 40.96,
        "kind": "table",
        "name": "connection_chain",
        "rows": 100,
        "table": "connection_chain"
      },
      {
        "bytes": 4096,
        "bytes_per_row": null,
        "kind": "table",
        "name": "connection_minute",
        "rows": 0,
        "table": "connection_minute"
      },
      {
        "bytes": 4096,
        "bytes_per_row": 81.92,
        "kind": "table",
        "name": "connection_session",
        "rows": 50,
        "table": "connection_session"
      },
      {
        "bytes": 4096,
        "bytes_per_row": 81.92,
        "kind": "table",
        "name": "connection_session_attr",
        "rows": 50,
        "table": "connection_session_attr"
      },
      {
        "bytes": 4096,
        "bytes_per_row": null,
        "kind": "index",
        "name": "connection_session_identity",
        "rows": null,
        "table": "connection_session"
      },
      {
        "bytes": 4096,
        "bytes_per_row": 4096.0,
        "kind": "table",
        "name": "controller_epoch",
        "rows": 1,
        "table": "controller_epoch"
      },
      {
        "bytes": 4096,
        "bytes_per_row": null,
        "kind": "table",
        "name": "coverage_daily",
        "rows": 0,
        "table": "coverage_daily"
      },
      {
        "bytes": 4096,
        "bytes_per_row": null,
        "kind": "table",
        "name": "coverage_interval",
        "rows": 0,
        "table": "coverage_interval"
      },
      {
        "bytes": 4096,
        "bytes_per_row": 4096.0,
        "kind": "table",
        "name": "data_version",
        "rows": 1,
        "table": "data_version"
      },
      {
        "bytes": 4096,
        "bytes_per_row": 70.62068965517241,
        "kind": "table",
        "name": "dimension_dict",
        "rows": 58,
        "table": "dimension_dict"
      },
      {
        "bytes": 4096,
        "bytes_per_row": null,
        "kind": "index",
        "name": "dimension_dict_value",
        "rows": null,
        "table": "dimension_dict"
      },
      {
        "bytes": 4096,
        "bytes_per_row": null,
        "kind": "index",
        "name": "idx_alert_event_retention",
        "rows": null,
        "table": "alert_event"
      },
      {
        "bytes": 4096,
        "bytes_per_row": null,
        "kind": "index",
        "name": "idx_alert_instance_center",
        "rows": null,
        "table": "alert_instance"
      },
      {
        "bytes": 4096,
        "bytes_per_row": null,
        "kind": "index",
        "name": "idx_connection_minute_utc",
        "rows": null,
        "table": "connection_minute"
      },
      {
        "bytes": 4096,
        "bytes_per_row": null,
        "kind": "index",
        "name": "idx_connection_session_started",
        "rows": null,
        "table": "connection_session"
      },
      {
        "bytes": 4096,
        "bytes_per_row": null,
        "kind": "index",
        "name": "idx_daily_core_day",
        "rows": null,
        "table": "traffic_daily_core"
      },
      {
        "bytes": 4096,
        "bytes_per_row": null,
        "kind": "index",
        "name": "idx_daily_dim_lookup",
        "rows": null,
        "table": "traffic_daily_dimension"
      },
      {
        "bytes": 4096,
        "bytes_per_row": null,
        "kind": "index",
        "name": "idx_hourly_dim_lookup",
        "rows": null,
        "table": "traffic_hourly_dimension"
      },
      {
        "bytes": 4096,
        "bytes_per_row": null,
        "kind": "index",
        "name": "idx_outbox_due",
        "rows": null,
        "table": "notification_outbox"
      },
      {
        "bytes": 4096,
        "bytes_per_row": null,
        "kind": "index",
        "name": "idx_outbox_lease",
        "rows": null,
        "table": "notification_outbox"
      },
      {
        "bytes": 28672,
        "bytes_per_row": null,
        "kind": "index",
        "name": "idx_report_archive_kind_start",
        "rows": null,
        "table": "report_archive"
      },
      {
        "bytes": 4096,
        "bytes_per_row": null,
        "kind": "index",
        "name": "idx_session_attr_host",
        "rows": null,
        "table": "connection_session_attr"
      },
      {
        "bytes": 4096,
        "bytes_per_row": null,
        "kind": "table",
        "name": "machine_setting",
        "rows": 0,
        "table": "machine_setting"
      },
      {
        "bytes": 4096,
        "bytes_per_row": null,
        "kind": "table",
        "name": "notification_outbox",
        "rows": 0,
        "table": "notification_outbox"
      },
      {
        "bytes": 2297856,
        "bytes_per_row": 2059.010752688172,
        "kind": "table",
        "name": "report_archive",
        "rows": 1116,
        "table": "report_archive"
      },
      {
        "bytes": 176128,
        "bytes_per_row": null,
        "kind": "index",
        "name": "report_archive_period_uniq",
        "rows": null,
        "table": "report_archive"
      },
      {
        "bytes": 4096,
        "bytes_per_row": null,
        "kind": "table",
        "name": "report_snapshot_meta",
        "rows": 0,
        "table": "report_snapshot_meta"
      },
      {
        "bytes": 4096,
        "bytes_per_row": null,
        "kind": "table",
        "name": "retention_state",
        "rows": 0,
        "table": "retention_state"
      },
      {
        "bytes": 4096,
        "bytes_per_row": 1024.0,
        "kind": "table",
        "name": "retention_watermark",
        "rows": 4,
        "table": "retention_watermark"
      },
      {
        "bytes": 4096,
        "bytes_per_row": 1024.0,
        "kind": "table",
        "name": "schema_migration",
        "rows": 4,
        "table": "schema_migration"
      },
      {
        "bytes": 4096,
        "bytes_per_row": null,
        "kind": "index",
        "name": "sqlite_autoindex_alert_event_1",
        "rows": null,
        "table": "alert_event"
      },
      {
        "bytes": 4096,
        "bytes_per_row": null,
        "kind": "index",
        "name": "sqlite_autoindex_alert_event_2",
        "rows": null,
        "table": "alert_event"
      },
      {
        "bytes": 4096,
        "bytes_per_row": null,
        "kind": "index",
        "name": "sqlite_autoindex_alert_instance_1",
        "rows": null,
        "table": "alert_instance"
      },
      {
        "bytes": 4096,
        "bytes_per_row": null,
        "kind": "index",
        "name": "sqlite_autoindex_alert_rule_1",
        "rows": null,
        "table": "alert_rule"
      },
      {
        "bytes": 4096,
        "bytes_per_row": null,
        "kind": "index",
        "name": "sqlite_autoindex_committed_bundle_1",
        "rows": null,
        "table": "committed_bundle"
      },
      {
        "bytes": 4096,
        "bytes_per_row": null,
        "kind": "index",
        "name": "sqlite_autoindex_connection_chain_1",
        "rows": null,
        "table": "connection_chain"
      },
      {
        "bytes": 4096,
        "bytes_per_row": null,
        "kind": "index",
        "name": "sqlite_autoindex_connection_minute_1",
        "rows": null,
        "table": "connection_minute"
      },
      {
        "bytes": 4096,
        "bytes_per_row": null,
        "kind": "index",
        "name": "sqlite_autoindex_dimension_dict_1",
        "rows": null,
        "table": "dimension_dict"
      },
      {
        "bytes": 4096,
        "bytes_per_row": null,
        "kind": "index",
        "name": "sqlite_autoindex_machine_setting_1",
        "rows": null,
        "table": "machine_setting"
      },
      {
        "bytes": 4096,
        "bytes_per_row": null,
        "kind": "index",
        "name": "sqlite_autoindex_notification_outbox_1",
        "rows": null,
        "table": "notification_outbox"
      },
      {
        "bytes": 4096,
        "bytes_per_row": null,
        "kind": "index",
        "name": "sqlite_autoindex_notification_outbox_2",
        "rows": null,
        "table": "notification_outbox"
      },
      {
        "bytes": 53248,
        "bytes_per_row": null,
        "kind": "index",
        "name": "sqlite_autoindex_report_archive_1",
        "rows": null,
        "table": "report_archive"
      },
      {
        "bytes": 4096,
        "bytes_per_row": null,
        "kind": "index",
        "name": "sqlite_autoindex_report_snapshot_meta_1",
        "rows": null,
        "table": "report_snapshot_meta"
      },
      {
        "bytes": 4096,
        "bytes_per_row": null,
        "kind": "index",
        "name": "sqlite_autoindex_retention_state_1",
        "rows": null,
        "table": "retention_state"
      },
      {
        "bytes": 4096,
        "bytes_per_row": null,
        "kind": "index",
        "name": "sqlite_autoindex_retention_watermark_1",
        "rows": null,
        "table": "retention_watermark"
      },
      {
        "bytes": 4096,
        "bytes_per_row": null,
        "kind": "index",
        "name": "sqlite_autoindex_target_item_1",
        "rows": null,
        "table": "target_item"
      },
      {
        "bytes": 4096,
        "bytes_per_row": null,
        "kind": "index",
        "name": "sqlite_autoindex_traffic_daily_core_1",
        "rows": null,
        "table": "traffic_daily_core"
      },
      {
        "bytes": 4096,
        "bytes_per_row": null,
        "kind": "index",
        "name": "sqlite_autoindex_traffic_daily_dimension_1",
        "rows": null,
        "table": "traffic_daily_dimension"
      },
      {
        "bytes": 4096,
        "bytes_per_row": null,
        "kind": "index",
        "name": "sqlite_autoindex_traffic_hourly_dimension_1",
        "rows": null,
        "table": "traffic_hourly_dimension"
      },
      {
        "bytes": 4096,
        "bytes_per_row": 4096.0,
        "kind": "table",
        "name": "target_item",
        "rows": 1,
        "table": "target_item"
      },
      {
        "bytes": 4096,
        "bytes_per_row": 4096.0,
        "kind": "table",
        "name": "target_set",
        "rows": 1,
        "table": "target_set"
      },
      {
        "bytes": 4096,
        "bytes_per_row": null,
        "kind": "table",
        "name": "traffic_daily_core",
        "rows": 0,
        "table": "traffic_daily_core"
      },
      {
        "bytes": 4096,
        "bytes_per_row": null,
        "kind": "table",
        "name": "traffic_daily_dimension",
        "rows": 0,
        "table": "traffic_daily_dimension"
      },
      {
        "bytes": 4096,
        "bytes_per_row": null,
        "kind": "table",
        "name": "traffic_hourly_dimension",
        "rows": 0,
        "table": "traffic_hourly_dimension"
      }
    ]
  },
  "traffic": {
    "conserved": true,
    "expected_added_download": 0,
    "expected_added_upload": 0,
    "final_download": 0,
    "final_upload": 0,
    "initial_download": 0,
    "initial_upload": 0
  },
  "warmup_wall_secs": 5.0001556,
  "writer_rows_changed": 7800
}
