node scripts/sync-monitor-version.js --check
npm --prefix residential-monitor ci
npm warn install-scripts .npmrc allow-scripts setting is being ignored because package.json declares its own allowScripts field
npm --prefix residential-monitor run check
npm notice run residential-monitor@0.3.0 check
npm notice run npm run check:icons && npm run typecheck && npm run lint && npm test && npm run build
npm notice run residential-monitor@0.3.0 check:icons
npm notice run node scripts/check-icons.mjs
npm notice run residential-monitor@0.3.0 typecheck
npm notice run tsc --noEmit
npm notice run residential-monitor@0.3.0 lint
npm notice run eslint src
npm notice run residential-monitor@0.3.0 test
npm notice run vitest run
npm notice run residential-monitor@0.3.0 build
npm notice run vite build
[33m[PLUGIN_TIMINGS] [0mPlugin hooks ran for 7.9s of this 8.1s build (97%).
The slowest hooks, timed inside each callback (the wait before a callback starts is excluded, the time it awaits is included):
  - vite:css transform (94%, 7.6s, 1 call)
Additional hook time came from the hooks below and from hooks under 1s.
2 hooks are listed without a time. Their calls overlapped, so the time inside one call includes work from other calls. To find their cost, profile the build with `node --cpu-prof`:
  - vite:esbuild-transpile renderChunk (28 calls)
  - vite:asset load (11 calls)
See https://rolldown.rs/reference/InputOptions.checks#plugintimings for more details.

cargo fmt --manifest-path residential-monitor/src-tauri/Cargo.toml --check
cargo clippy --manifest-path residential-monitor/src-tauri/Cargo.toml --workspace --all-targets -- -D warnings
    Finished `dev` profile [unoptimized + debuginfo] target(s) in 2.96s
mbx[savings]: swept up 67.0 GiB logical so far. the broom is content-addressed.
cargo test --manifest-path residential-monitor/src-tauri/Cargo.toml --workspace
    Finished `test` profile [unoptimized + debuginfo] target(s) in 1.36s
     Running unittests src\lib.rs (residential-monitor\src-tauri\target\debug\deps\residential_monitor_lib-8c9211dd5db70bc1.exe)
mbx[progress]: 15s elapsed; 0 hits, 0 misses, 0 bypassed, 0 not looked up; ~0s compiler work saved
     Running unittests src\bin\monitor-bench.rs (residential-monitor\src-tauri\target\debug\deps\monitor_bench-df1cc8f5459e4cbb.exe)
     Running unittests src\bin\monitor-db.rs (residential-monitor\src-tauri\target\debug\deps\monitor_db-726b925e15b5d01b.exe)
     Running unittests src\main.rs (residential-monitor\src-tauri\target\debug\deps\residential_monitor-b19949b32af578d5.exe)
     Running tests\kill_gate.rs (residential-monitor\src-tauri\target\debug\deps\kill_gate-d8d4530fdfc38390.exe)
   Doc-tests residential_monitor_lib
mbx[cache]: 0 hits, 0 misses, 1 bypassed; 0 B downloaded, 0 B uploaded, 0 B stored locally
mbx[savings]: escorted 66.9 GiB logical of ownerless outputs off the premises.
npm run check:secrets
npm notice run clash-verge-ai-residential@5.11.0 check:secrets
npm notice run node scripts/check-template-safety.js
npm run ci
npm notice run clash-verge-ai-residential@5.11.0 ci
npm notice run npm run check && npm run test && npm run check:secrets
npm notice run clash-verge-ai-residential@5.11.0 check
npm notice run node --check clash-verge-ai-residential.js && node --check tests/regression.test.js && node --check tests/sync-local-config.test.js && node --check tests/check-template-safety.test.js && node --check tests/sync-monitor-version.test.js && node --check tests/nsis-silent-install.test.js && node --check tests/install-agent-skills.test.js && node --check scripts/check-template-safety.js && node --check scripts/sync-local-config.js && node --check scripts/sync-monitor-version.js && node --check scripts/nsis-silent-install.js && node --check scripts/install-agent-skills.js && node --check skills/residential-rule-tuning/scripts/build-inputs.js && node --check scripts/check-agent-contract.js && node --check tests/check-agent-contract.test.js && node --check scripts/check-harness-environment.js && node --check tests/check-harness-environment.test.js && node --check scripts/bootstrap-harnesses.js && node --check tests/bootstrap-harnesses.test.js && npm run check:agents
npm notice run clash-verge-ai-residential@5.11.0 check:agents
npm notice run node scripts/check-agent-contract.js
npm notice run clash-verge-ai-residential@5.11.0 test
npm notice run node --test tests/regression.test.js tests/sync-local-config.test.js tests/check-template-safety.test.js tests/sync-monitor-version.test.js tests/nsis-silent-install.test.js tests/install-agent-skills.test.js tests/check-agent-contract.test.js tests/check-harness-environment.test.js tests/bootstrap-harnesses.test.js
npm notice run clash-verge-ai-residential@5.11.0 check:secrets
npm notice run node scripts/check-template-safety.js
