{
  "all_application_file_write_bytes": null,
  "commits": 30,
  "executable_sha256": "6c166e4c4e3c33461c2e47119230a53ddbd4daf750aaa2a22000d38c24d8107f",
  "final_files_and_pages": {
    "active_page_bytes": 2965504,
    "archive_failed": 0,
    "archive_ok": 1116,
    "archive_spool_present_bytes": 0,
    "db_bytes": 2736128,
    "freelist_count": 0,
    "journal_mode": "wal",
    "page_count": 724,
    "page_size": 4096,
    "reusable_page_bytes": 0,
    "schema_version": 5,
    "shm_bytes": 32768,
    "spool_present_bytes": 0,
    "synchronous": 2,
    "wal_bytes": 4140632
  },
  "fixture_hash": "9b25931e3cfc8abf7fbf10b72a3b4e9ba70e6bef289eafab7a0996ad61d8dd5f",
  "frame_budget_overruns": 0,
  "frames": 30,
  "heap_phases": null,
  "initial_files_and_pages": {
    "active_page_bytes": 2965504,
    "archive_failed": 0,
    "archive_ok": 1116,
    "archive_spool_present_bytes": 0,
    "db_bytes": 2736128,
    "freelist_count": 0,
    "journal_mode": "wal",
    "page_count": 724,
    "page_size": 4096,
    "reusable_page_bytes": 0,
    "schema_version": 5,
    "shm_bytes": 32768,
    "spool_present_bytes": 0,
    "synchronous": 2,
    "wal_bytes": 4140632
  },
  "kind": "isolated-real-facade",
  "latency": {
    "archive_tick": {
      "count": 30,
      "max_ms": 0.0019,
      "p50_ms": 0.0014,
      "p95_ms": 0.0018,
      "p99_ms": 0.0018
    },
    "facade_ingest_including_durable_commit": {
      "count": 30,
      "max_ms": 17.928,
      "p50_ms": 14.2546,
      "p95_ms": 16.568099999999998,
      "p99_ms": 16.5967
    },
    "live_query": {
      "count": 6,
      "max_ms": 0.48710000000000003,
      "p50_ms": 0.1936,
      "p95_ms": 0.3384,
      "p99_ms": 0.3384
    },
    "report_first_reader": {
      "count": 6,
      "max_ms": 1.9437,
      "p50_ms": 1.2531,
      "p95_ms": 1.4452,
      "p99_ms": 1.4452
    },
    "report_repeated_reader": {
      "count": 6,
      "max_ms": 1.2685000000000002,
      "p50_ms": 0.9919,
      "p95_ms": 1.2573,
      "p99_ms": 1.2573
    },
    "whole_tick": {
      "count": 30,
      "max_ms": 21.841,
      "p50_ms": 14.410900000000002,
      "p95_ms": 17.358800000000002,
      "p99_ms": 17.511200000000002
    }
  },
  "limits": [
    "仅当前原生基准进程；没有 HTTP、Tauri 事件或 WebView，窗口为后台模拟状态。",
    "CPU/I/O/内存不含初始化、warmup、结果 JSON 写出及最终统计查询；采样开销包含在测量内。",
    "SQLite xWrite 只统计隔离目录内成功请求字节，不含 mmap/shm、spool、日志、系统缓存与物理设备写放大。",
    "process I/O 为 OS 当前进程计数，不能替代文件归属；spool 瞬时写入需要独立回归或文件跟踪。",
    "report first/repeated 每次均打开新 reader；未驱逐 OS page cache，不能宣称物理冷读。",
    "ingest 延迟包含 accounting、告警与提交；不是单独 SQLite commit 耗时。",
    "串行驱动没有 collector 输入队列；schedule_lag 不是实际队列深度。",
    "归档齐全 fixture 使用空历史的持久化结果；本回放不代替完整30天容量库或安装态 soak。",
    "failed 档案场景由隔离库 BEFORE INSERT 触发器拒绝持久化，非真实磁盘故障。"
  ],
  "local_utc_offset_seconds": -18000,
  "measured_wall_secs": 30.0000735,
  "native_after": {
    "cpu_seconds": 7.46875,
    "handles": 114,
    "io_read_bytes": 379786532,
    "io_write_bytes": 35459716,
    "io_write_operations": 16466,
    "private_bytes": 7188480,
    "working_set_bytes": 16728064
  },
  "native_before": {
    "cpu_seconds": 7.46875,
    "handles": 114,
    "io_read_bytes": 378990708,
    "io_write_bytes": 34470916,
    "io_write_operations": 15986,
    "private_bytes": 6946816,
    "working_set_bytes": 16523264
  },
  "native_cpu_seconds": 0.0,
  "native_private_bytes": {
    "max": 7344128.0,
    "p95": 7340032.0,
    "samples": 30
  },
  "native_process_io_read_bytes": 795824,
  "native_process_io_write_bytes": 988800,
  "native_process_io_write_operations": 480,
  "native_working_set_bytes": {
    "max": 16941056.0,
    "p95": 16822272.0,
    "samples": 30
  },
  "options": {
    "active": 250,
    "archive": "complete",
    "dir": "D:\\Documents\\Code\\Github\\clash-verge-ai-residential\\bench-data\\t05-rebuild-20261004-e14ecd88\\data\\matrix\\matrix-a250-counters-candidate",
    "duration_secs": 30,
    "hz": 1,
    "metadata_change_percent": 100,
    "period_rule": false,
    "query_every_frames": 5,
    "seed": 20260919,
    "source_revision": "manifest-sha256:7416ec7cd3f0963eed3b97cc5d88d529f6c97af028a9c2a36b61d7e3c40fb42b",
    "start_utc": 1800001800,
    "virtual_time": false,
    "warmup_secs": 5,
    "workload": "counters"
  },
  "platform": "windows",
  "process_id": 13716,
  "samples": [
    {
      "active_tokens": 0,
      "frame": 1,
      "live_rows": 250,
      "native": {
        "cpu_seconds": 7.46875,
        "handles": 114,
        "io_read_bytes": 379097204,
        "io_write_bytes": 34503876,
        "io_write_operations": 16002,
        "private_bytes": 6606848,
        "working_set_bytes": 16064512
      },
      "token_bytes": 0,
      "virtual_utc": 1800001806,
      "wal_bytes": 4140632,
      "wall_secs": 0.0143589
    },
    {
      "active_tokens": 0,
      "frame": 2,
      "live_rows": 250,
      "native": {
        "cpu_seconds": 7.46875,
        "handles": 114,
        "io_read_bytes": 379097204,
        "io_write_bytes": 34536836,
        "io_write_operations": 16018,
        "private_bytes": 6942720,
        "working_set_bytes": 16470016
      },
      "token_bytes": 0,
      "virtual_utc": 1800001807,
      "wal_bytes": 4140632,
      "wall_secs": 1.0094411
    },
    {
      "active_tokens": 0,
      "frame": 3,
      "live_rows": 250,
      "native": {
        "cpu_seconds": 7.46875,
        "handles": 114,
        "io_read_bytes": 379097204,
        "io_write_bytes": 34569796,
        "io_write_operations": 16034,
        "private_bytes": 6942720,
        "working_set_bytes": 16515072
      },
      "token_bytes": 0,
      "virtual_utc": 1800001808,
      "wal_bytes": 4140632,
      "wall_secs": 2.0147385
    },
    {
      "active_tokens": 0,
      "frame": 4,
      "live_rows": 250,
      "native": {
        "cpu_seconds": 7.46875,
        "handles": 114,
        "io_read_bytes": 379097204,
        "io_write_bytes": 34602756,
        "io_write_operations": 16050,
        "private_bytes": 7065600,
        "working_set_bytes": 16633856
      },
      "token_bytes": 0,
      "virtual_utc": 1800001809,
      "wal_bytes": 4140632,
      "wall_secs": 3.0136732
    },
    {
      "active_tokens": 0,
      "frame": 5,
      "live_rows": 250,
      "native": {
        "cpu_seconds": 7.46875,
        "handles": 114,
        "io_read_bytes": 379212092,
        "io_write_bytes": 34635716,
        "io_write_operations": 16066,
        "private_bytes": 7147520,
        "working_set_bytes": 16625664
      },
      "token_bytes": 0,
      "virtual_utc": 1800001810,
      "wal_bytes": 4140632,
      "wall_secs": 4.015925
    },
    {
      "active_tokens": 0,
      "frame": 6,
      "live_rows": 250,
      "native": {
        "cpu_seconds": 7.46875,
        "handles": 114,
        "io_read_bytes": 379212092,
        "io_write_bytes": 34668676,
        "io_write_operations": 16082,
        "private_bytes": 7192576,
        "working_set_bytes": 16818176
      },
      "token_bytes": 0,
      "virtual_utc": 1800001811,
      "wal_bytes": 4140632,
      "wall_secs": 5.0144839
    },
    {
      "active_tokens": 0,
      "frame": 7,
      "live_rows": 250,
      "native": {
        "cpu_seconds": 7.46875,
        "handles": 114,
        "io_read_bytes": 379212092,
        "io_write_bytes": 34701636,
        "io_write_operations": 16098,
        "private_bytes": 7192576,
        "working_set_bytes": 16822272
      },
      "token_bytes": 0,
      "virtual_utc": 1800001812,
      "wal_bytes": 4140632,
      "wall_secs": 6.0146258
    },
    {
      "active_tokens": 0,
      "frame": 8,
      "live_rows": 250,
      "native": {
        "cpu_seconds": 7.46875,
        "handles": 114,
        "io_read_bytes": 379212092,
        "io_write_bytes": 34734596,
        "io_write_operations": 16114,
        "private_bytes": 6508544,
        "working_set_bytes": 16203776
      },
      "token_bytes": 0,
      "virtual_utc": 1800001813,
      "wal_bytes": 4140632,
      "wall_secs": 7.0142917
    },
    {
      "active_tokens": 0,
      "frame": 9,
      "live_rows": 250,
      "native": {
        "cpu_seconds": 7.46875,
        "handles": 114,
        "io_read_bytes": 379212092,
        "io_write_bytes": 34767556,
        "io_write_operations": 16130,
        "private_bytes": 7311360,
        "working_set_bytes": 16609280
      },
      "token_bytes": 0,
      "virtual_utc": 1800001814,
      "wal_bytes": 4140632,
      "wall_secs": 8.0168531
    },
    {
      "active_tokens": 0,
      "frame": 10,
      "live_rows": 250,
      "native": {
        "cpu_seconds": 7.46875,
        "handles": 114,
        "io_read_bytes": 379326980,
        "io_write_bytes": 34800516,
        "io_write_operations": 16146,
        "private_bytes": 7315456,
        "working_set_bytes": 16637952
      },
      "token_bytes": 0,
      "virtual_utc": 1800001815,
      "wal_bytes": 4140632,
      "wall_secs": 9.0168913
    },
    {
      "active_tokens": 0,
      "frame": 11,
      "live_rows": 250,
      "native": {
        "cpu_seconds": 7.46875,
        "handles": 114,
        "io_read_bytes": 379326980,
        "io_write_bytes": 34833476,
        "io_write_operations": 16162,
        "private_bytes": 7184384,
        "working_set_bytes": 16498688
      },
      "token_bytes": 0,
      "virtual_utc": 1800001816,
      "wal_bytes": 4140632,
      "wall_secs": 10.0145553
    },
    {
      "active_tokens": 0,
      "frame": 12,
      "live_rows": 250,
      "native": {
        "cpu_seconds": 7.46875,
        "handles": 114,
        "io_read_bytes": 379326980,
        "io_write_bytes": 34866436,
        "io_write_operations": 16178,
        "private_bytes": 6631424,
        "working_set_bytes": 16154624
      },
      "token_bytes": 0,
      "virtual_utc": 1800001817,
      "wal_bytes": 4140632,
      "wall_secs": 11.0143891
    },
    {
      "active_tokens": 0,
      "frame": 13,
      "live_rows": 250,
      "native": {
        "cpu_seconds": 7.46875,
        "handles": 114,
        "io_read_bytes": 379326980,
        "io_write_bytes": 34899396,
        "io_write_operations": 16194,
        "private_bytes": 7053312,
        "working_set_bytes": 16605184
      },
      "token_bytes": 0,
      "virtual_utc": 1800001818,
      "wal_bytes": 4140632,
      "wall_secs": 12.016562
    },
    {
      "active_tokens": 0,
      "frame": 14,
      "live_rows": 250,
      "native": {
        "cpu_seconds": 7.46875,
        "handles": 114,
        "io_read_bytes": 379326980,
        "io_write_bytes": 34932356,
        "io_write_operations": 16210,
        "private_bytes": 6578176,
        "working_set_bytes": 16191488
      },
      "token_bytes": 0,
      "virtual_utc": 1800001819,
      "wal_bytes": 4140632,
      "wall_secs": 13.0143006
    },
    {
      "active_tokens": 0,
      "frame": 15,
      "live_rows": 250,
      "native": {
        "cpu_seconds": 7.46875,
        "handles": 114,
        "io_read_bytes": 379441868,
        "io_write_bytes": 34965316,
        "io_write_operations": 16226,
        "private_bytes": 7069696,
        "working_set_bytes": 16625664
      },
      "token_bytes": 0,
      "virtual_utc": 1800001820,
      "wal_bytes": 4140632,
      "wall_secs": 14.0178484
    },
    {
      "active_tokens": 0,
      "frame": 16,
      "live_rows": 250,
      "native": {
        "cpu_seconds": 7.46875,
        "handles": 114,
        "io_read_bytes": 379441868,
        "io_write_bytes": 34998276,
        "io_write_operations": 16242,
        "private_bytes": 6909952,
        "working_set_bytes": 16494592
      },
      "token_bytes": 0,
      "virtual_utc": 1800001821,
      "wal_bytes": 4140632,
      "wall_secs": 15.014837
    },
    {
      "active_tokens": 0,
      "frame": 17,
      "live_rows": 250,
      "native": {
        "cpu_seconds": 7.46875,
        "handles": 114,
        "io_read_bytes": 379441868,
        "io_write_bytes": 35031236,
        "io_write_operations": 16258,
        "private_bytes": 7217152,
        "working_set_bytes": 16752640
      },
      "token_bytes": 0,
      "virtual_utc": 1800001822,
      "wal_bytes": 4140632,
      "wall_secs": 16.0172956
    },
    {
      "active_tokens": 0,
      "frame": 18,
      "live_rows": 250,
      "native": {
        "cpu_seconds": 7.46875,
        "handles": 114,
        "io_read_bytes": 379441868,
        "io_write_bytes": 35064196,
        "io_write_operations": 16274,
        "private_bytes": 6430720,
        "working_set_bytes": 16171008
      },
      "token_bytes": 0,
      "virtual_utc": 1800001823,
      "wal_bytes": 4140632,
      "wall_secs": 17.0143508
    },
    {
      "active_tokens": 0,
      "frame": 19,
      "live_rows": 250,
      "native": {
        "cpu_seconds": 7.46875,
        "handles": 114,
        "io_read_bytes": 379441868,
        "io_write_bytes": 35097156,
        "io_write_operations": 16290,
        "private_bytes": 7340032,
        "working_set_bytes": 16789504
      },
      "token_bytes": 0,
      "virtual_utc": 1800001824,
      "wal_bytes": 4140632,
      "wall_secs": 18.0167832
    },
    {
      "active_tokens": 0,
      "frame": 20,
      "live_rows": 250,
      "native": {
        "cpu_seconds": 7.46875,
        "handles": 114,
        "io_read_bytes": 379556756,
        "io_write_bytes": 35130116,
        "io_write_operations": 16306,
        "private_bytes": 6918144,
        "working_set_bytes": 16637952
      },
      "token_bytes": 0,
      "virtual_utc": 1800001825,
      "wal_bytes": 4140632,
      "wall_secs": 19.0172227
    },
    {
      "active_tokens": 0,
      "frame": 21,
      "live_rows": 250,
      "native": {
        "cpu_seconds": 7.46875,
        "handles": 114,
        "io_read_bytes": 379556756,
        "io_write_bytes": 35163076,
        "io_write_operations": 16322,
        "private_bytes": 6680576,
        "working_set_bytes": 16228352
      },
      "token_bytes": 0,
      "virtual_utc": 1800001826,
      "wal_bytes": 4140632,
      "wall_secs": 20.0144315
    },
    {
      "active_tokens": 0,
      "frame": 22,
      "live_rows": 250,
      "native": {
        "cpu_seconds": 7.46875,
        "handles": 114,
        "io_read_bytes": 379556756,
        "io_write_bytes": 35196036,
        "io_write_operations": 16338,
        "private_bytes": 7200768,
        "working_set_bytes": 16703488
      },
      "token_bytes": 0,
      "virtual_utc": 1800001827,
      "wal_bytes": 4140632,
      "wall_secs": 21.0170033
    },
    {
      "active_tokens": 0,
      "frame": 23,
      "live_rows": 250,
      "native": {
        "cpu_seconds": 7.46875,
        "handles": 114,
        "io_read_bytes": 379556756,
        "io_write_bytes": 35228996,
        "io_write_operations": 16354,
        "private_bytes": 6594560,
        "working_set_bytes": 16240640
      },
      "token_bytes": 0,
      "virtual_utc": 1800001828,
      "wal_bytes": 4140632,
      "wall_secs": 22.0152522
    },
    {
      "active_tokens": 0,
      "frame": 24,
      "live_rows": 250,
      "native": {
        "cpu_seconds": 7.46875,
        "handles": 114,
        "io_read_bytes": 379556756,
        "io_write_bytes": 35261956,
        "io_write_operations": 16370,
        "private_bytes": 7061504,
        "working_set_bytes": 16728064
      },
      "token_bytes": 0,
      "virtual_utc": 1800001829,
      "wal_bytes": 4140632,
      "wall_secs": 23.0147188
    },
    {
      "active_tokens": 0,
      "frame": 25,
      "live_rows": 250,
      "native": {
        "cpu_seconds": 7.46875,
        "handles": 114,
        "io_read_bytes": 379671644,
        "io_write_bytes": 35294916,
        "io_write_operations": 16386,
        "private_bytes": 7344128,
        "working_set_bytes": 16941056
      },
      "token_bytes": 0,
      "virtual_utc": 1800001830,
      "wal_bytes": 4140632,
      "wall_secs": 24.0220782
    },
    {
      "active_tokens": 0,
      "frame": 26,
      "live_rows": 250,
      "native": {
        "cpu_seconds": 7.46875,
        "handles": 114,
        "io_read_bytes": 379671644,
        "io_write_bytes": 35327876,
        "io_write_operations": 16402,
        "private_bytes": 7147520,
        "working_set_bytes": 16809984
      },
      "token_bytes": 0,
      "virtual_utc": 1800001831,
      "wal_bytes": 4140632,
      "wall_secs": 25.0152786
    },
    {
      "active_tokens": 0,
      "frame": 27,
      "live_rows": 250,
      "native": {
        "cpu_seconds": 7.46875,
        "handles": 114,
        "io_read_bytes": 379671644,
        "io_write_bytes": 35360836,
        "io_write_operations": 16418,
        "private_bytes": 7028736,
        "working_set_bytes": 16547840
      },
      "token_bytes": 0,
      "virtual_utc": 1800001832,
      "wal_bytes": 4140632,
      "wall_secs": 26.0129903
    },
    {
      "active_tokens": 0,
      "frame": 28,
      "live_rows": 250,
      "native": {
        "cpu_seconds": 7.46875,
        "handles": 114,
        "io_read_bytes": 379671644,
        "io_write_bytes": 35393796,
        "io_write_operations": 16434,
        "private_bytes": 7147520,
        "working_set_bytes": 16605184
      },
      "token_bytes": 0,
      "virtual_utc": 1800001833,
      "wal_bytes": 4140632,
      "wall_secs": 27.0157846
    },
    {
      "active_tokens": 0,
      "frame": 29,
      "live_rows": 250,
      "native": {
        "cpu_seconds": 7.46875,
        "handles": 114,
        "io_read_bytes": 379671644,
        "io_write_bytes": 35426756,
        "io_write_operations": 16450,
        "private_bytes": 7340032,
        "working_set_bytes": 16887808
      },
      "token_bytes": 0,
      "virtual_utc": 1800001834,
      "wal_bytes": 4140632,
      "wall_secs": 28.0149159
    },
    {
      "active_tokens": 0,
      "frame": 30,
      "live_rows": 250,
      "native": {
        "cpu_seconds": 7.46875,
        "handles": 114,
        "io_read_bytes": 379786532,
        "io_write_bytes": 35459716,
        "io_write_operations": 16466,
        "private_bytes": 7188480,
        "working_set_bytes": 16728064
      },
      "token_bytes": 0,
      "virtual_utc": 1800001835,
      "wal_bytes": 4140632,
      "wall_secs": 29.0175397
    }
  ],
  "schedule_lag_frames_max": 0,
  "schema_version": 1,
  "simulated_secs": 30,
  "spool_write_bytes": null,
  "sqlite_application_file_write_bytes": 988800,
  "sqlite_xwrite": {
    "db_bytes": 0,
    "failed_calls": 0,
    "other_sqlite_file_bytes": 0,
    "successful_calls": 480,
    "wal_bytes": 988800
  },
  "synchronous": "FULL",
  "tables_and_indexes": {
    "dbstat_available": true,
    "objects": [
      {
        "bytes": 4096,
        "bytes_per_row": null,
        "kind": "table",
        "name": "alert_event",
        "rows": 0,
        "table": "alert_event"
      },
      {
        "bytes": 4096,
        "bytes_per_row": 585.1428571428571,
        "kind": "table",
        "name": "alert_instance",
        "rows": 7,
        "table": "alert_instance"
      },
      {
        "bytes": 4096,
        "bytes_per_row": null,
        "kind": "index",
        "name": "alert_instance_active_uniq",
        "rows": null,
        "table": "alert_instance"
      },
      {
        "bytes": 4096,
        "bytes_per_row": null,
        "kind": "index",
        "name": "alert_instance_identity",
        "rows": null,
        "table": "alert_instance"
      },
      {
        "bytes": 4096,
        "bytes_per_row": 585.1428571428571,
        "kind": "table",
        "name": "alert_rule",
        "rows": 7,
        "table": "alert_rule"
      },
      {
        "bytes": 4096,
        "bytes_per_row": null,
        "kind": "table",
        "name": "backup_manifest",
        "rows": 0,
        "table": "backup_manifest"
      },
      {
        "bytes": 4096,
        "bytes_per_row": 4096.0,
        "kind": "table",
        "name": "bundle_epoch",
        "rows": 1,
        "table": "bundle_epoch"
      },
      {
        "bytes": 4096,
        "bytes_per_row": 113.77777777777777,
        "kind": "table",
        "name": "committed_bundle",
        "rows": 36,
        "table": "committed_bundle"
      },
      {
        "bytes": 12288,
        "bytes_per_row": 24.576,
        "kind": "table",
        "name": "connection_chain",
        "rows": 500,
        "table": "connection_chain"
      },
      {
        "bytes": 12288,
        "bytes_per_row": 49.152,
        "kind": "table",
        "name": "connection_minute",
        "rows": 250,
        "table": "connection_minute"
      },
      {
        "bytes": 16384,
        "bytes_per_row": 65.536,
        "kind": "table",
        "name": "connection_session",
        "rows": 250,
        "table": "connection_session"
      },
      {
        "bytes": 16384,
        "bytes_per_row": 65.536,
        "kind": "table",
        "name": "connection_session_attr",
        "rows": 250,
        "table": "connection_session_attr"
      },
      {
        "bytes": 12288,
        "bytes_per_row": null,
        "kind": "index",
        "name": "connection_session_identity",
        "rows": null,
        "table": "connection_session"
      },
      {
        "bytes": 4096,
        "bytes_per_row": 4096.0,
        "kind": "table",
        "name": "controller_epoch",
        "rows": 1,
        "table": "controller_epoch"
      },
      {
        "bytes": 4096,
        "bytes_per_row": null,
        "kind": "table",
        "name": "coverage_daily",
        "rows": 0,
        "table": "coverage_daily"
      },
      {
        "bytes": 4096,
        "bytes_per_row": 4096.0,
        "kind": "table",
        "name": "coverage_interval",
        "rows": 1,
        "table": "coverage_interval"
      },
      {
        "bytes": 4096,
        "bytes_per_row": 4096.0,
        "kind": "table",
        "name": "data_version",
        "rows": 1,
        "table": "data_version"
      },
      {
        "bytes": 4096,
        "bytes_per_row": 39.00952380952381,
        "kind": "table",
        "name": "dimension_dict",
        "rows": 105,
        "table": "dimension_dict"
      },
      {
        "bytes": 4096,
        "bytes_per_row": null,
        "kind": "index",
        "name": "dimension_dict_value",
        "rows": null,
        "table": "dimension_dict"
      },
      {
        "bytes": 4096,
        "bytes_per_row": null,
        "kind": "index",
        "name": "idx_alert_event_retention",
        "rows": null,
        "table": "alert_event"
      },
      {
        "bytes": 4096,
        "bytes_per_row": null,
        "kind": "index",
        "name": "idx_alert_instance_center",
        "rows": null,
        "table": "alert_instance"
      },
      {
        "bytes": 4096,
        "bytes_per_row": null,
        "kind": "index",
        "name": "idx_connection_minute_session",
        "rows": null,
        "table": "connection_minute"
      },
      {
        "bytes": 4096,
        "bytes_per_row": null,
        "kind": "index",
        "name": "idx_connection_session_started",
        "rows": null,
        "table": "connection_session"
      },
      {
        "bytes": 4096,
        "bytes_per_row": null,
        "kind": "index",
        "name": "idx_coverage_sample_tail",
        "rows": null,
        "table": "coverage_interval"
      },
      {
        "bytes": 4096,
        "bytes_per_row": null,
        "kind": "index",
        "name": "idx_daily_core_category",
        "rows": null,
        "table": "traffic_daily_core"
      },
      {
        "bytes": 4096,
        "bytes_per_row": null,
        "kind": "index",
        "name": "idx_daily_core_day",
        "rows": null,
        "table": "traffic_daily_core"
      },
      {
        "bytes": 4096,
        "bytes_per_row": null,
        "kind": "index",
        "name": "idx_daily_dim_lookup",
        "rows": null,
        "table": "traffic_daily_dimension"
      },
      {
        "bytes": 4096,
        "bytes_per_row": null,
        "kind": "index",
        "name": "idx_daily_dimension_category",
        "rows": null,
        "table": "traffic_daily_dimension"
      },
      {
        "bytes": 4096,
        "bytes_per_row": null,
        "kind": "index",
        "name": "idx_daily_dimension_identity",
        "rows": null,
        "table": "traffic_daily_dimension"
      },
      {
        "bytes": 4096,
        "bytes_per_row": null,
        "kind": "index",
        "name": "idx_hourly_category",
        "rows": null,
        "table": "traffic_hourly_dimension"
      },
      {
        "bytes": 4096,
        "bytes_per_row": null,
        "kind": "index",
        "name": "idx_hourly_dim_lookup",
        "rows": null,
        "table": "traffic_hourly_dimension"
      },
      {
        "bytes": 4096,
        "bytes_per_row": null,
        "kind": "index",
        "name": "idx_hourly_dimension_identity",
        "rows": null,
        "table": "traffic_hourly_dimension"
      },
      {
        "bytes": 4096,
        "bytes_per_row": null,
        "kind": "index",
        "name": "idx_outbox_due",
        "rows": null,
        "table": "notification_outbox"
      },
      {
        "bytes": 4096,
        "bytes_per_row": null,
        "kind": "index",
        "name": "idx_outbox_lease",
        "rows": null,
        "table": "notification_outbox"
      },
      {
        "bytes": 28672,
        "bytes_per_row": null,
        "kind": "index",
        "name": "idx_report_archive_kind_start",
        "rows": null,
        "table": "report_archive"
      },
      {
        "bytes": 4096,
        "bytes_per_row": null,
        "kind": "index",
        "name": "idx_retention_build_member_session",
        "rows": null,
        "table": "retention_build_member"
      },
      {
        "bytes": 4096,
        "bytes_per_row": null,
        "kind": "index",
        "name": "idx_retention_coverage_source",
        "rows": null,
        "table": "coverage_interval"
      },
      {
        "bytes": 4096,
        "bytes_per_row": null,
        "kind": "index",
        "name": "idx_session_attr_category",
        "rows": null,
        "table": "connection_session_attr"
      },
      {
        "bytes": 12288,
        "bytes_per_row": null,
        "kind": "index",
        "name": "idx_session_attr_chain_rule",
        "rows": null,
        "table": "connection_session_attr"
      },
      {
        "bytes": 4096,
        "bytes_per_row": null,
        "kind": "index",
        "name": "idx_session_attr_host",
        "rows": null,
        "table": "connection_session_attr"
      },
      {
        "bytes": 4096,
        "bytes_per_row": null,
        "kind": "index",
        "name": "idx_session_attr_network",
        "rows": null,
        "table": "connection_session_attr"
      },
      {
        "bytes": 4096,
        "bytes_per_row": null,
        "kind": "index",
        "name": "idx_session_attr_process",
        "rows": null,
        "table": "connection_session_attr"
      },
      {
        "bytes": 4096,
        "bytes_per_row": null,
        "kind": "index",
        "name": "idx_session_attr_rule",
        "rows": null,
        "table": "connection_session_attr"
      },
      {
        "bytes": 4096,
        "bytes_per_row": null,
        "kind": "table",
        "name": "machine_setting",
        "rows": 0,
        "table": "machine_setting"
      },
      {
        "bytes": 4096,
        "bytes_per_row": null,
        "kind": "table",
        "name": "notification_outbox",
        "rows": 0,
        "table": "notification_outbox"
      },
      {
        "bytes": 2297856,
        "bytes_per_row": 2059.010752688172,
        "kind": "table",
        "name": "report_archive",
        "rows": 1116,
        "table": "report_archive"
      },
      {
        "bytes": 176128,
        "bytes_per_row": null,
        "kind": "index",
        "name": "report_archive_period_uniq",
        "rows": null,
        "table": "report_archive"
      },
      {
        "bytes": 4096,
        "bytes_per_row": null,
        "kind": "table",
        "name": "report_snapshot_meta",
        "rows": 0,
        "table": "report_snapshot_meta"
      },
      {
        "bytes": 4096,
        "bytes_per_row": null,
        "kind": "table",
        "name": "retention_build",
        "rows": 0,
        "table": "retention_build"
      },
      {
        "bytes": 4096,
        "bytes_per_row": null,
        "kind": "table",
        "name": "retention_build_aggregate",
        "rows": 0,
        "table": "retention_build_aggregate"
      },
      {
        "bytes": 4096,
        "bytes_per_row": null,
        "kind": "table",
        "name": "retention_build_member",
        "rows": 0,
        "table": "retention_build_member"
      },
      {
        "bytes": 4096,
        "bytes_per_row": null,
        "kind": "table",
        "name": "retention_state",
        "rows": 0,
        "table": "retention_state"
      },
      {
        "bytes": 4096,
        "bytes_per_row": 1024.0,
        "kind": "table",
        "name": "retention_watermark",
        "rows": 4,
        "table": "retention_watermark"
      },
      {
        "bytes": 4096,
        "bytes_per_row": 819.2,
        "kind": "table",
        "name": "schema_migration",
        "rows": 5,
        "table": "schema_migration"
      },
      {
        "bytes": 4096,
        "bytes_per_row": null,
        "kind": "index",
        "name": "sqlite_autoindex_alert_event_1",
        "rows": null,
        "table": "alert_event"
      },
      {
        "bytes": 4096,
        "bytes_per_row": null,
        "kind": "index",
        "name": "sqlite_autoindex_alert_event_2",
        "rows": null,
        "table": "alert_event"
      },
      {
        "bytes": 4096,
        "bytes_per_row": null,
        "kind": "index",
        "name": "sqlite_autoindex_alert_instance_1",
        "rows": null,
        "table": "alert_instance"
      },
      {
        "bytes": 4096,
        "bytes_per_row": null,
        "kind": "index",
        "name": "sqlite_autoindex_alert_rule_1",
        "rows": null,
        "table": "alert_rule"
      },
      {
        "bytes": 4096,
        "bytes_per_row": null,
        "kind": "index",
        "name": "sqlite_autoindex_committed_bundle_1",
        "rows": null,
        "table": "committed_bundle"
      },
      {
        "bytes": 12288,
        "bytes_per_row": null,
        "kind": "index",
        "name": "sqlite_autoindex_connection_chain_1",
        "rows": null,
        "table": "connection_chain"
      },
      {
        "bytes": 4096,
        "bytes_per_row": null,
        "kind": "index",
        "name": "sqlite_autoindex_connection_minute_1",
        "rows": null,
        "table": "connection_minute"
      },
      {
        "bytes": 4096,
        "bytes_per_row": null,
        "kind": "index",
        "name": "sqlite_autoindex_dimension_dict_1",
        "rows": null,
        "table": "dimension_dict"
      },
      {
        "bytes": 4096,
        "bytes_per_row": null,
        "kind": "index",
        "name": "sqlite_autoindex_machine_setting_1",
        "rows": null,
        "table": "machine_setting"
      },
      {
        "bytes": 4096,
        "bytes_per_row": null,
        "kind": "index",
        "name": "sqlite_autoindex_notification_outbox_1",
        "rows": null,
        "table": "notification_outbox"
      },
      {
        "bytes": 4096,
        "bytes_per_row": null,
        "kind": "index",
        "name": "sqlite_autoindex_notification_outbox_2",
        "rows": null,
        "table": "notification_outbox"
      },
      {
        "bytes": 57344,
        "bytes_per_row": null,
        "kind": "index",
        "name": "sqlite_autoindex_report_archive_1",
        "rows": null,
        "table": "report_archive"
      },
      {
        "bytes": 4096,
        "bytes_per_row": null,
        "kind": "index",
        "name": "sqlite_autoindex_report_snapshot_meta_1",
        "rows": null,
        "table": "report_snapshot_meta"
      },
      {
        "bytes": 4096,
        "bytes_per_row": null,
        "kind": "index",
        "name": "sqlite_autoindex_retention_build_aggregate_1",
        "rows": null,
        "table": "retention_build_aggregate"
      },
      {
        "bytes": 4096,
        "bytes_per_row": null,
        "kind": "index",
        "name": "sqlite_autoindex_retention_build_member_1",
        "rows": null,
        "table": "retention_build_member"
      },
      {
        "bytes": 4096,
        "bytes_per_row": null,
        "kind": "index",
        "name": "sqlite_autoindex_retention_state_1",
        "rows": null,
        "table": "retention_state"
      },
      {
        "bytes": 4096,
        "bytes_per_row": null,
        "kind": "index",
        "name": "sqlite_autoindex_retention_watermark_1",
        "rows": null,
        "table": "retention_watermark"
      },
      {
        "bytes": 4096,
        "bytes_per_row": null,
        "kind": "index",
        "name": "sqlite_autoindex_target_item_1",
        "rows": null,
        "table": "target_item"
      },
      {
        "bytes": 4096,
        "bytes_per_row": null,
        "kind": "index",
        "name": "sqlite_autoindex_traffic_daily_core_1",
        "rows": null,
        "table": "traffic_daily_core"
      },
      {
        "bytes": 4096,
        "bytes_per_row": null,
        "kind": "index",
        "name": "sqlite_autoindex_traffic_daily_dimension_1",
        "rows": null,
        "table": "traffic_daily_dimension"
      },
      {
        "bytes": 4096,
        "bytes_per_row": null,
        "kind": "index",
        "name": "sqlite_autoindex_traffic_hourly_dimension_1",
        "rows": null,
        "table": "traffic_hourly_dimension"
      },
      {
        "bytes": 4096,
        "bytes_per_row": 4096.0,
        "kind": "table",
        "name": "target_item",
        "rows": 1,
        "table": "target_item"
      },
      {
        "bytes": 4096,
        "bytes_per_row": 4096.0,
        "kind": "table",
        "name": "target_set",
        "rows": 1,
        "table": "target_set"
      },
      {
        "bytes": 4096,
        "bytes_per_row": null,
        "kind": "table",
        "name": "traffic_daily_core",
        "rows": 0,
        "table": "traffic_daily_core"
      },
      {
        "bytes": 4096,
        "bytes_per_row": null,
        "kind": "table",
        "name": "traffic_daily_dimension",
        "rows": 0,
        "table": "traffic_daily_dimension"
      },
      {
        "bytes": 4096,
        "bytes_per_row": null,
        "kind": "table",
        "name": "traffic_hourly_dimension",
        "rows": 0,
        "table": "traffic_hourly_dimension"
      }
    ]
  },
  "traffic": {
    "conserved": true,
    "expected_added_download": 351690,
    "expected_added_upload": 104820,
    "final_download": 410305,
    "final_upload": 122290,
    "initial_download": 58615,
    "initial_upload": 17470
  },
  "warmup_wall_secs": 5.0004999,
  "writer_rows_changed": 7830
}
