{
  "all_application_file_write_bytes": null,
  "commits": 30,
  "executable_sha256": "6c166e4c4e3c33461c2e47119230a53ddbd4daf750aaa2a22000d38c24d8107f",
  "final_files_and_pages": {
    "active_page_bytes": 2899968,
    "archive_failed": 0,
    "archive_ok": 1116,
    "archive_spool_present_bytes": 0,
    "db_bytes": 2736128,
    "freelist_count": 0,
    "journal_mode": "wal",
    "page_count": 708,
    "page_size": 4096,
    "reusable_page_bytes": 0,
    "schema_version": 5,
    "shm_bytes": 32768,
    "spool_present_bytes": 0,
    "synchronous": 2,
    "wal_bytes": 4140632
  },
  "fixture_hash": "f05498752ce3081cc0c3167eec023eeb26fefb53c1a7abfc5787489b7a3d4b38",
  "frame_budget_overruns": 0,
  "frames": 30,
  "heap_phases": null,
  "initial_files_and_pages": {
    "active_page_bytes": 2899968,
    "archive_failed": 0,
    "archive_ok": 1116,
    "archive_spool_present_bytes": 0,
    "db_bytes": 2736128,
    "freelist_count": 0,
    "journal_mode": "wal",
    "page_count": 708,
    "page_size": 4096,
    "reusable_page_bytes": 0,
    "schema_version": 5,
    "shm_bytes": 32768,
    "spool_present_bytes": 0,
    "synchronous": 2,
    "wal_bytes": 4140632
  },
  "kind": "isolated-real-facade",
  "latency": {
    "archive_tick": {
      "count": 30,
      "max_ms": 0.002,
      "p50_ms": 0.0013,
      "p95_ms": 0.0015999999999999999,
      "p99_ms": 0.0019
    },
    "facade_ingest_including_durable_commit": {
      "count": 30,
      "max_ms": 15.986799999999999,
      "p50_ms": 13.1969,
      "p95_ms": 15.7758,
      "p99_ms": 15.9128
    },
    "live_query": {
      "count": 6,
      "max_ms": 0.1081,
      "p50_ms": 0.060000000000000005,
      "p95_ms": 0.0706,
      "p99_ms": 0.0706
    },
    "report_first_reader": {
      "count": 6,
      "max_ms": 2.3037,
      "p50_ms": 1.2999,
      "p95_ms": 1.442,
      "p99_ms": 1.442
    },
    "report_repeated_reader": {
      "count": 6,
      "max_ms": 1.5305,
      "p50_ms": 0.9836,
      "p95_ms": 1.2279,
      "p99_ms": 1.2279
    },
    "whole_tick": {
      "count": 30,
      "max_ms": 20.0011,
      "p50_ms": 13.8697,
      "p95_ms": 15.9229,
      "p99_ms": 15.966899999999999
    }
  },
  "limits": [
    "仅当前原生基准进程；没有 HTTP、Tauri 事件或 WebView，窗口为后台模拟状态。",
    "CPU/I/O/内存不含初始化、warmup、结果 JSON 写出及最终统计查询；采样开销包含在测量内。",
    "SQLite xWrite 只统计隔离目录内成功请求字节，不含 mmap/shm、spool、日志、系统缓存与物理设备写放大。",
    "process I/O 为 OS 当前进程计数，不能替代文件归属；spool 瞬时写入需要独立回归或文件跟踪。",
    "report first/repeated 每次均打开新 reader；未驱逐 OS page cache，不能宣称物理冷读。",
    "ingest 延迟包含 accounting、告警与提交；不是单独 SQLite commit 耗时。",
    "串行驱动没有 collector 输入队列；schedule_lag 不是实际队列深度。",
    "归档齐全 fixture 使用空历史的持久化结果；本回放不代替完整30天容量库或安装态 soak。",
    "failed 档案场景由隔离库 BEFORE INSERT 触发器拒绝持久化，非真实磁盘故障。"
  ],
  "local_utc_offset_seconds": -18000,
  "measured_wall_secs": 30.0002076,
  "native_after": {
    "cpu_seconds": 7.53125,
    "handles": 114,
    "io_read_bytes": 379807012,
    "io_write_bytes": 36118916,
    "io_write_operations": 16786,
    "private_bytes": 5980160,
    "working_set_bytes": 15417344
  },
  "native_before": {
    "cpu_seconds": 7.515625,
    "handles": 114,
    "io_read_bytes": 378998900,
    "io_write_bytes": 34512116,
    "io_write_operations": 16006,
    "private_bytes": 5492736,
    "working_set_bytes": 15097856
  },
  "native_cpu_seconds": 0.015625,
  "native_private_bytes": {
    "max": 6070272.0,
    "p95": 6070272.0,
    "samples": 30
  },
  "native_process_io_read_bytes": 808112,
  "native_process_io_write_bytes": 1606800,
  "native_process_io_write_operations": 780,
  "native_working_set_bytes": {
    "max": 15417344.0,
    "p95": 15376384.0,
    "samples": 30
  },
  "options": {
    "active": 50,
    "archive": "complete",
    "dir": "D:\\Documents\\Code\\Github\\clash-verge-ai-residential\\bench-data\\t05-rebuild-20261004-e14ecd88\\data\\matrix\\matrix-a50-metadata-candidate",
    "duration_secs": 30,
    "hz": 1,
    "metadata_change_percent": 100,
    "period_rule": false,
    "query_every_frames": 5,
    "seed": 20260919,
    "source_revision": "manifest-sha256:7416ec7cd3f0963eed3b97cc5d88d529f6c97af028a9c2a36b61d7e3c40fb42b",
    "start_utc": 1800001800,
    "virtual_time": false,
    "warmup_secs": 5,
    "workload": "metadata"
  },
  "platform": "windows",
  "process_id": 30332,
  "samples": [
    {
      "active_tokens": 0,
      "frame": 1,
      "live_rows": 50,
      "native": {
        "cpu_seconds": 7.515625,
        "handles": 114,
        "io_read_bytes": 379117684,
        "io_write_bytes": 34565676,
        "io_write_operations": 16032,
        "private_bytes": 5492736,
        "working_set_bytes": 15126528
      },
      "token_bytes": 0,
      "virtual_utc": 1800001806,
      "wal_bytes": 4140632,
      "wall_secs": 0.0130813
    },
    {
      "active_tokens": 0,
      "frame": 2,
      "live_rows": 50,
      "native": {
        "cpu_seconds": 7.515625,
        "handles": 114,
        "io_read_bytes": 379117684,
        "io_write_bytes": 34619236,
        "io_write_operations": 16058,
        "private_bytes": 6070272,
        "working_set_bytes": 15208448
      },
      "token_bytes": 0,
      "virtual_utc": 1800001807,
      "wal_bytes": 4140632,
      "wall_secs": 1.0152805
    },
    {
      "active_tokens": 0,
      "frame": 3,
      "live_rows": 50,
      "native": {
        "cpu_seconds": 7.515625,
        "handles": 114,
        "io_read_bytes": 379117684,
        "io_write_bytes": 34672796,
        "io_write_operations": 16084,
        "private_bytes": 6070272,
        "working_set_bytes": 15208448
      },
      "token_bytes": 0,
      "virtual_utc": 1800001808,
      "wal_bytes": 4140632,
      "wall_secs": 2.01354
    },
    {
      "active_tokens": 0,
      "frame": 4,
      "live_rows": 50,
      "native": {
        "cpu_seconds": 7.515625,
        "handles": 114,
        "io_read_bytes": 379117684,
        "io_write_bytes": 34726356,
        "io_write_operations": 16110,
        "private_bytes": 5324800,
        "working_set_bytes": 14999552
      },
      "token_bytes": 0,
      "virtual_utc": 1800001809,
      "wal_bytes": 4140632,
      "wall_secs": 3.0134249
    },
    {
      "active_tokens": 0,
      "frame": 5,
      "live_rows": 50,
      "native": {
        "cpu_seconds": 7.515625,
        "handles": 114,
        "io_read_bytes": 379232572,
        "io_write_bytes": 34779916,
        "io_write_operations": 16136,
        "private_bytes": 6070272,
        "working_set_bytes": 15286272
      },
      "token_bytes": 0,
      "virtual_utc": 1800001810,
      "wal_bytes": 4140632,
      "wall_secs": 4.0156042
    },
    {
      "active_tokens": 0,
      "frame": 6,
      "live_rows": 50,
      "native": {
        "cpu_seconds": 7.515625,
        "handles": 114,
        "io_read_bytes": 379232572,
        "io_write_bytes": 34833476,
        "io_write_operations": 16162,
        "private_bytes": 5492736,
        "working_set_bytes": 15192064
      },
      "token_bytes": 0,
      "virtual_utc": 1800001811,
      "wal_bytes": 4140632,
      "wall_secs": 5.0128892
    },
    {
      "active_tokens": 0,
      "frame": 7,
      "live_rows": 50,
      "native": {
        "cpu_seconds": 7.515625,
        "handles": 114,
        "io_read_bytes": 379232572,
        "io_write_bytes": 34887036,
        "io_write_operations": 16188,
        "private_bytes": 6070272,
        "working_set_bytes": 15327232
      },
      "token_bytes": 0,
      "virtual_utc": 1800001812,
      "wal_bytes": 4140632,
      "wall_secs": 6.0125583
    },
    {
      "active_tokens": 0,
      "frame": 8,
      "live_rows": 50,
      "native": {
        "cpu_seconds": 7.515625,
        "handles": 114,
        "io_read_bytes": 379232572,
        "io_write_bytes": 34940596,
        "io_write_operations": 16214,
        "private_bytes": 6070272,
        "working_set_bytes": 15335424
      },
      "token_bytes": 0,
      "virtual_utc": 1800001813,
      "wal_bytes": 4140632,
      "wall_secs": 7.0137096
    },
    {
      "active_tokens": 0,
      "frame": 9,
      "live_rows": 50,
      "native": {
        "cpu_seconds": 7.515625,
        "handles": 114,
        "io_read_bytes": 379232572,
        "io_write_bytes": 34994156,
        "io_write_operations": 16240,
        "private_bytes": 6070272,
        "working_set_bytes": 15376384
      },
      "token_bytes": 0,
      "virtual_utc": 1800001814,
      "wal_bytes": 4140632,
      "wall_secs": 8.0136176
    },
    {
      "active_tokens": 0,
      "frame": 10,
      "live_rows": 50,
      "native": {
        "cpu_seconds": 7.515625,
        "handles": 114,
        "io_read_bytes": 379347460,
        "io_write_bytes": 35047716,
        "io_write_operations": 16266,
        "private_bytes": 5472256,
        "working_set_bytes": 15097856
      },
      "token_bytes": 0,
      "virtual_utc": 1800001815,
      "wal_bytes": 4140632,
      "wall_secs": 9.0162258
    },
    {
      "active_tokens": 0,
      "frame": 11,
      "live_rows": 50,
      "native": {
        "cpu_seconds": 7.515625,
        "handles": 114,
        "io_read_bytes": 379347460,
        "io_write_bytes": 35101276,
        "io_write_operations": 16292,
        "private_bytes": 5763072,
        "working_set_bytes": 15273984
      },
      "token_bytes": 0,
      "virtual_utc": 1800001816,
      "wal_bytes": 4140632,
      "wall_secs": 10.0135812
    },
    {
      "active_tokens": 0,
      "frame": 12,
      "live_rows": 50,
      "native": {
        "cpu_seconds": 7.515625,
        "handles": 114,
        "io_read_bytes": 379347460,
        "io_write_bytes": 35154836,
        "io_write_operations": 16318,
        "private_bytes": 5763072,
        "working_set_bytes": 15327232
      },
      "token_bytes": 0,
      "virtual_utc": 1800001817,
      "wal_bytes": 4140632,
      "wall_secs": 11.0132033
    },
    {
      "active_tokens": 0,
      "frame": 13,
      "live_rows": 50,
      "native": {
        "cpu_seconds": 7.515625,
        "handles": 114,
        "io_read_bytes": 379347460,
        "io_write_bytes": 35208396,
        "io_write_operations": 16344,
        "private_bytes": 5455872,
        "working_set_bytes": 15060992
      },
      "token_bytes": 0,
      "virtual_utc": 1800001818,
      "wal_bytes": 4140632,
      "wall_secs": 12.0146825
    },
    {
      "active_tokens": 0,
      "frame": 14,
      "live_rows": 50,
      "native": {
        "cpu_seconds": 7.515625,
        "handles": 114,
        "io_read_bytes": 379347460,
        "io_write_bytes": 35261956,
        "io_write_operations": 16370,
        "private_bytes": 5763072,
        "working_set_bytes": 15212544
      },
      "token_bytes": 0,
      "virtual_utc": 1800001819,
      "wal_bytes": 4140632,
      "wall_secs": 13.0156111
    },
    {
      "active_tokens": 0,
      "frame": 15,
      "live_rows": 50,
      "native": {
        "cpu_seconds": 7.515625,
        "handles": 114,
        "io_read_bytes": 379462348,
        "io_write_bytes": 35315516,
        "io_write_operations": 16396,
        "private_bytes": 5763072,
        "working_set_bytes": 15310848
      },
      "token_bytes": 0,
      "virtual_utc": 1800001820,
      "wal_bytes": 4140632,
      "wall_secs": 14.0160242
    },
    {
      "active_tokens": 0,
      "frame": 16,
      "live_rows": 50,
      "native": {
        "cpu_seconds": 7.515625,
        "handles": 114,
        "io_read_bytes": 379462348,
        "io_write_bytes": 35369076,
        "io_write_operations": 16422,
        "private_bytes": 5509120,
        "working_set_bytes": 15187968
      },
      "token_bytes": 0,
      "virtual_utc": 1800001821,
      "wal_bytes": 4140632,
      "wall_secs": 15.0135479
    },
    {
      "active_tokens": 0,
      "frame": 17,
      "live_rows": 50,
      "native": {
        "cpu_seconds": 7.515625,
        "handles": 114,
        "io_read_bytes": 379462348,
        "io_write_bytes": 35422636,
        "io_write_operations": 16448,
        "private_bytes": 5672960,
        "working_set_bytes": 15286272
      },
      "token_bytes": 0,
      "virtual_utc": 1800001822,
      "wal_bytes": 4140632,
      "wall_secs": 16.0156785
    },
    {
      "active_tokens": 0,
      "frame": 18,
      "live_rows": 50,
      "native": {
        "cpu_seconds": 7.515625,
        "handles": 114,
        "io_read_bytes": 379462348,
        "io_write_bytes": 35476196,
        "io_write_operations": 16474,
        "private_bytes": 5672960,
        "working_set_bytes": 15323136
      },
      "token_bytes": 0,
      "virtual_utc": 1800001823,
      "wal_bytes": 4140632,
      "wall_secs": 17.0151697
    },
    {
      "active_tokens": 0,
      "frame": 19,
      "live_rows": 50,
      "native": {
        "cpu_seconds": 7.53125,
        "handles": 114,
        "io_read_bytes": 379462348,
        "io_write_bytes": 35529756,
        "io_write_operations": 16500,
        "private_bytes": 5337088,
        "working_set_bytes": 15020032
      },
      "token_bytes": 0,
      "virtual_utc": 1800001824,
      "wal_bytes": 4140632,
      "wall_secs": 18.0164382
    },
    {
      "active_tokens": 0,
      "frame": 20,
      "live_rows": 50,
      "native": {
        "cpu_seconds": 7.53125,
        "handles": 114,
        "io_read_bytes": 379577236,
        "io_write_bytes": 35583316,
        "io_write_operations": 16526,
        "private_bytes": 5672960,
        "working_set_bytes": 15323136
      },
      "token_bytes": 0,
      "virtual_utc": 1800001825,
      "wal_bytes": 4140632,
      "wall_secs": 19.0201561
    },
    {
      "active_tokens": 0,
      "frame": 21,
      "live_rows": 50,
      "native": {
        "cpu_seconds": 7.53125,
        "handles": 114,
        "io_read_bytes": 379577236,
        "io_write_bytes": 35636876,
        "io_write_operations": 16552,
        "private_bytes": 5672960,
        "working_set_bytes": 15159296
      },
      "token_bytes": 0,
      "virtual_utc": 1800001826,
      "wal_bytes": 4140632,
      "wall_secs": 20.0141112
    },
    {
      "active_tokens": 0,
      "frame": 22,
      "live_rows": 50,
      "native": {
        "cpu_seconds": 7.53125,
        "handles": 114,
        "io_read_bytes": 379577236,
        "io_write_bytes": 35690436,
        "io_write_operations": 16578,
        "private_bytes": 5672960,
        "working_set_bytes": 15249408
      },
      "token_bytes": 0,
      "virtual_utc": 1800001827,
      "wal_bytes": 4140632,
      "wall_secs": 21.0136279
    },
    {
      "active_tokens": 0,
      "frame": 23,
      "live_rows": 50,
      "native": {
        "cpu_seconds": 7.53125,
        "handles": 114,
        "io_read_bytes": 379577236,
        "io_write_bytes": 35743996,
        "io_write_operations": 16604,
        "private_bytes": 5672960,
        "working_set_bytes": 15286272
      },
      "token_bytes": 0,
      "virtual_utc": 1800001828,
      "wal_bytes": 4140632,
      "wall_secs": 22.0162096
    },
    {
      "active_tokens": 0,
      "frame": 24,
      "live_rows": 50,
      "native": {
        "cpu_seconds": 7.53125,
        "handles": 114,
        "io_read_bytes": 379577236,
        "io_write_bytes": 35797556,
        "io_write_operations": 16630,
        "private_bytes": 5357568,
        "working_set_bytes": 14999552
      },
      "token_bytes": 0,
      "virtual_utc": 1800001829,
      "wal_bytes": 4140632,
      "wall_secs": 23.0137626
    },
    {
      "active_tokens": 0,
      "frame": 25,
      "live_rows": 50,
      "native": {
        "cpu_seconds": 7.53125,
        "handles": 114,
        "io_read_bytes": 379692124,
        "io_write_bytes": 35851116,
        "io_write_operations": 16656,
        "private_bytes": 5672960,
        "working_set_bytes": 15273984
      },
      "token_bytes": 0,
      "virtual_utc": 1800001830,
      "wal_bytes": 4140632,
      "wall_secs": 24.0149478
    },
    {
      "active_tokens": 0,
      "frame": 26,
      "live_rows": 50,
      "native": {
        "cpu_seconds": 7.53125,
        "handles": 114,
        "io_read_bytes": 379692124,
        "io_write_bytes": 35904676,
        "io_write_operations": 16682,
        "private_bytes": 5394432,
        "working_set_bytes": 15118336
      },
      "token_bytes": 0,
      "virtual_utc": 1800001831,
      "wal_bytes": 4140632,
      "wall_secs": 25.0136076
    },
    {
      "active_tokens": 0,
      "frame": 27,
      "live_rows": 50,
      "native": {
        "cpu_seconds": 7.53125,
        "handles": 114,
        "io_read_bytes": 379692124,
        "io_write_bytes": 35958236,
        "io_write_operations": 16708,
        "private_bytes": 5672960,
        "working_set_bytes": 15298560
      },
      "token_bytes": 0,
      "virtual_utc": 1800001832,
      "wal_bytes": 4140632,
      "wall_secs": 26.0132428
    },
    {
      "active_tokens": 0,
      "frame": 28,
      "live_rows": 50,
      "native": {
        "cpu_seconds": 7.53125,
        "handles": 114,
        "io_read_bytes": 379692124,
        "io_write_bytes": 36011796,
        "io_write_operations": 16734,
        "private_bytes": 5980160,
        "working_set_bytes": 15392768
      },
      "token_bytes": 0,
      "virtual_utc": 1800001833,
      "wal_bytes": 4140632,
      "wall_secs": 27.0160914
    },
    {
      "active_tokens": 0,
      "frame": 29,
      "live_rows": 50,
      "native": {
        "cpu_seconds": 7.53125,
        "handles": 114,
        "io_read_bytes": 379692124,
        "io_write_bytes": 36065356,
        "io_write_operations": 16760,
        "private_bytes": 5541888,
        "working_set_bytes": 15228928
      },
      "token_bytes": 0,
      "virtual_utc": 1800001834,
      "wal_bytes": 4140632,
      "wall_secs": 28.0153988
    },
    {
      "active_tokens": 0,
      "frame": 30,
      "live_rows": 50,
      "native": {
        "cpu_seconds": 7.53125,
        "handles": 114,
        "io_read_bytes": 379807012,
        "io_write_bytes": 36118916,
        "io_write_operations": 16786,
        "private_bytes": 5980160,
        "working_set_bytes": 15417344
      },
      "token_bytes": 0,
      "virtual_utc": 1800001835,
      "wal_bytes": 4140632,
      "wall_secs": 29.0150646
    }
  ],
  "schedule_lag_frames_max": 0,
  "schema_version": 1,
  "simulated_secs": 30,
  "spool_write_bytes": null,
  "sqlite_application_file_write_bytes": 1606800,
  "sqlite_xwrite": {
    "db_bytes": 0,
    "failed_calls": 0,
    "other_sqlite_file_bytes": 0,
    "successful_calls": 780,
    "wal_bytes": 1606800
  },
  "synchronous": "FULL",
  "tables_and_indexes": {
    "dbstat_available": true,
    "objects": [
      {
        "bytes": 4096,
        "bytes_per_row": null,
        "kind": "table",
        "name": "alert_event",
        "rows": 0,
        "table": "alert_event"
      },
      {
        "bytes": 4096,
        "bytes_per_row": 585.1428571428571,
        "kind": "table",
        "name": "alert_instance",
        "rows": 7,
        "table": "alert_instance"
      },
      {
        "bytes": 4096,
        "bytes_per_row": null,
        "kind": "index",
        "name": "alert_instance_active_uniq",
        "rows": null,
        "table": "alert_instance"
      },
      {
        "bytes": 4096,
        "bytes_per_row": null,
        "kind": "index",
        "name": "alert_instance_identity",
        "rows": null,
        "table": "alert_instance"
      },
      {
        "bytes": 4096,
        "bytes_per_row": 585.1428571428571,
        "kind": "table",
        "name": "alert_rule",
        "rows": 7,
        "table": "alert_rule"
      },
      {
        "bytes": 4096,
        "bytes_per_row": null,
        "kind": "table",
        "name": "backup_manifest",
        "rows": 0,
        "table": "backup_manifest"
      },
      {
        "bytes": 4096,
        "bytes_per_row": 4096.0,
        "kind": "table",
        "name": "bundle_epoch",
        "rows": 1,
        "table": "bundle_epoch"
      },
      {
        "bytes": 4096,
        "bytes_per_row": 113.77777777777777,
        "kind": "table",
        "name": "committed_bundle",
        "rows": 36,
        "table": "committed_bundle"
      },
      {
        "bytes": 4096,
        "bytes_per_row": 40.96,
        "kind": "table",
        "name": "connection_chain",
        "rows": 100,
        "table": "connection_chain"
      },
      {
        "bytes": 4096,
        "bytes_per_row": 81.92,
        "kind": "table",
        "name": "connection_minute",
        "rows": 50,
        "table": "connection_minute"
      },
      {
        "bytes": 4096,
        "bytes_per_row": 81.92,
        "kind": "table",
        "name": "connection_session",
        "rows": 50,
        "table": "connection_session"
      },
      {
        "bytes": 4096,
        "bytes_per_row": 81.92,
        "kind": "table",
        "name": "connection_session_attr",
        "rows": 50,
        "table": "connection_session_attr"
      },
      {
        "bytes": 4096,
        "bytes_per_row": null,
        "kind": "index",
        "name": "connection_session_identity",
        "rows": null,
        "table": "connection_session"
      },
      {
        "bytes": 4096,
        "bytes_per_row": 4096.0,
        "kind": "table",
        "name": "controller_epoch",
        "rows": 1,
        "table": "controller_epoch"
      },
      {
        "bytes": 4096,
        "bytes_per_row": null,
        "kind": "table",
        "name": "coverage_daily",
        "rows": 0,
        "table": "coverage_daily"
      },
      {
        "bytes": 4096,
        "bytes_per_row": 4096.0,
        "kind": "table",
        "name": "coverage_interval",
        "rows": 1,
        "table": "coverage_interval"
      },
      {
        "bytes": 4096,
        "bytes_per_row": 4096.0,
        "kind": "table",
        "name": "data_version",
        "rows": 1,
        "table": "data_version"
      },
      {
        "bytes": 4096,
        "bytes_per_row": 37.925925925925924,
        "kind": "table",
        "name": "dimension_dict",
        "rows": 108,
        "table": "dimension_dict"
      },
      {
        "bytes": 4096,
        "bytes_per_row": null,
        "kind": "index",
        "name": "dimension_dict_value",
        "rows": null,
        "table": "dimension_dict"
      },
      {
        "bytes": 4096,
        "bytes_per_row": null,
        "kind": "index",
        "name": "idx_alert_event_retention",
        "rows": null,
        "table": "alert_event"
      },
      {
        "bytes": 4096,
        "bytes_per_row": null,
        "kind": "index",
        "name": "idx_alert_instance_center",
        "rows": null,
        "table": "alert_instance"
      },
      {
        "bytes": 4096,
        "bytes_per_row": null,
        "kind": "index",
        "name": "idx_connection_minute_session",
        "rows": null,
        "table": "connection_minute"
      },
      {
        "bytes": 4096,
        "bytes_per_row": null,
        "kind": "index",
        "name": "idx_connection_session_started",
        "rows": null,
        "table": "connection_session"
      },
      {
        "bytes": 4096,
        "bytes_per_row": null,
        "kind": "index",
        "name": "idx_coverage_sample_tail",
        "rows": null,
        "table": "coverage_interval"
      },
      {
        "bytes": 4096,
        "bytes_per_row": null,
        "kind": "index",
        "name": "idx_daily_core_category",
        "rows": null,
        "table": "traffic_daily_core"
      },
      {
        "bytes": 4096,
        "bytes_per_row": null,
        "kind": "index",
        "name": "idx_daily_core_day",
        "rows": null,
        "table": "traffic_daily_core"
      },
      {
        "bytes": 4096,
        "bytes_per_row": null,
        "kind": "index",
        "name": "idx_daily_dim_lookup",
        "rows": null,
        "table": "traffic_daily_dimension"
      },
      {
        "bytes": 4096,
        "bytes_per_row": null,
        "kind": "index",
        "name": "idx_daily_dimension_category",
        "rows": null,
        "table": "traffic_daily_dimension"
      },
      {
        "bytes": 4096,
        "bytes_per_row": null,
        "kind": "index",
        "name": "idx_daily_dimension_identity",
        "rows": null,
        "table": "traffic_daily_dimension"
      },
      {
        "bytes": 4096,
        "bytes_per_row": null,
        "kind": "index",
        "name": "idx_hourly_category",
        "rows": null,
        "table": "traffic_hourly_dimension"
      },
      {
        "bytes": 4096,
        "bytes_per_row": null,
        "kind": "index",
        "name": "idx_hourly_dim_lookup",
        "rows": null,
        "table": "traffic_hourly_dimension"
      },
      {
        "bytes": 4096,
        "bytes_per_row": null,
        "kind": "index",
        "name": "idx_hourly_dimension_identity",
        "rows": null,
        "table": "traffic_hourly_dimension"
      },
      {
        "bytes": 4096,
        "bytes_per_row": null,
        "kind": "index",
        "name": "idx_outbox_due",
        "rows": null,
        "table": "notification_outbox"
      },
      {
        "bytes": 4096,
        "bytes_per_row": null,
        "kind": "index",
        "name": "idx_outbox_lease",
        "rows": null,
        "table": "notification_outbox"
      },
      {
        "bytes": 28672,
        "bytes_per_row": null,
        "kind": "index",
        "name": "idx_report_archive_kind_start",
        "rows": null,
        "table": "report_archive"
      },
      {
        "bytes": 4096,
        "bytes_per_row": null,
        "kind": "index",
        "name": "idx_retention_build_member_session",
        "rows": null,
        "table": "retention_build_member"
      },
      {
        "bytes": 4096,
        "bytes_per_row": null,
        "kind": "index",
        "name": "idx_retention_coverage_source",
        "rows": null,
        "table": "coverage_interval"
      },
      {
        "bytes": 4096,
        "bytes_per_row": null,
        "kind": "index",
        "name": "idx_session_attr_category",
        "rows": null,
        "table": "connection_session_attr"
      },
      {
        "bytes": 4096,
        "bytes_per_row": null,
        "kind": "index",
        "name": "idx_session_attr_chain_rule",
        "rows": null,
        "table": "connection_session_attr"
      },
      {
        "bytes": 4096,
        "bytes_per_row": null,
        "kind": "index",
        "name": "idx_session_attr_host",
        "rows": null,
        "table": "connection_session_attr"
      },
      {
        "bytes": 4096,
        "bytes_per_row": null,
        "kind": "index",
        "name": "idx_session_attr_network",
        "rows": null,
        "table": "connection_session_attr"
      },
      {
        "bytes": 4096,
        "bytes_per_row": null,
        "kind": "index",
        "name": "idx_session_attr_process",
        "rows": null,
        "table": "connection_session_attr"
      },
      {
        "bytes": 4096,
        "bytes_per_row": null,
        "kind": "index",
        "name": "idx_session_attr_rule",
        "rows": null,
        "table": "connection_session_attr"
      },
      {
        "bytes": 4096,
        "bytes_per_row": null,
        "kind": "table",
        "name": "machine_setting",
        "rows": 0,
        "table": "machine_setting"
      },
      {
        "bytes": 4096,
        "bytes_per_row": null,
        "kind": "table",
        "name": "notification_outbox",
        "rows": 0,
        "table": "notification_outbox"
      },
      {
        "bytes": 2297856,
        "bytes_per_row": 2059.010752688172,
        "kind": "table",
        "name": "report_archive",
        "rows": 1116,
        "table": "report_archive"
      },
      {
        "bytes": 176128,
        "bytes_per_row": null,
        "kind": "index",
        "name": "report_archive_period_uniq",
        "rows": null,
        "table": "report_archive"
      },
      {
        "bytes": 4096,
        "bytes_per_row": null,
        "kind": "table",
        "name": "report_snapshot_meta",
        "rows": 0,
        "table": "report_snapshot_meta"
      },
      {
        "bytes": 4096,
        "bytes_per_row": null,
        "kind": "table",
        "name": "retention_build",
        "rows": 0,
        "table": "retention_build"
      },
      {
        "bytes": 4096,
        "bytes_per_row": null,
        "kind": "table",
        "name": "retention_build_aggregate",
        "rows": 0,
        "table": "retention_build_aggregate"
      },
      {
        "bytes": 4096,
        "bytes_per_row": null,
        "kind": "table",
        "name": "retention_build_member",
        "rows": 0,
        "table": "retention_build_member"
      },
      {
        "bytes": 4096,
        "bytes_per_row": null,
        "kind": "table",
        "name": "retention_state",
        "rows": 0,
        "table": "retention_state"
      },
      {
        "bytes": 4096,
        "bytes_per_row": 1024.0,
        "kind": "table",
        "name": "retention_watermark",
        "rows": 4,
        "table": "retention_watermark"
      },
      {
        "bytes": 4096,
        "bytes_per_row": 819.2,
        "kind": "table",
        "name": "schema_migration",
        "rows": 5,
        "table": "schema_migration"
      },
      {
        "bytes": 4096,
        "bytes_per_row": null,
        "kind": "index",
        "name": "sqlite_autoindex_alert_event_1",
        "rows": null,
        "table": "alert_event"
      },
      {
        "bytes": 4096,
        "bytes_per_row": null,
        "kind": "index",
        "name": "sqlite_autoindex_alert_event_2",
        "rows": null,
        "table": "alert_event"
      },
      {
        "bytes": 4096,
        "bytes_per_row": null,
        "kind": "index",
        "name": "sqlite_autoindex_alert_instance_1",
        "rows": null,
        "table": "alert_instance"
      },
      {
        "bytes": 4096,
        "bytes_per_row": null,
        "kind": "index",
        "name": "sqlite_autoindex_alert_rule_1",
        "rows": null,
        "table": "alert_rule"
      },
      {
        "bytes": 4096,
        "bytes_per_row": null,
        "kind": "index",
        "name": "sqlite_autoindex_committed_bundle_1",
        "rows": null,
        "table": "committed_bundle"
      },
      {
        "bytes": 4096,
        "bytes_per_row": null,
        "kind": "index",
        "name": "sqlite_autoindex_connection_chain_1",
        "rows": null,
        "table": "connection_chain"
      },
      {
        "bytes": 4096,
        "bytes_per_row": null,
        "kind": "index",
        "name": "sqlite_autoindex_connection_minute_1",
        "rows": null,
        "table": "connection_minute"
      },
      {
        "bytes": 4096,
        "bytes_per_row": null,
        "kind": "index",
        "name": "sqlite_autoindex_dimension_dict_1",
        "rows": null,
        "table": "dimension_dict"
      },
      {
        "bytes": 4096,
        "bytes_per_row": null,
        "kind": "index",
        "name": "sqlite_autoindex_machine_setting_1",
        "rows": null,
        "table": "machine_setting"
      },
      {
        "bytes": 4096,
        "bytes_per_row": null,
        "kind": "index",
        "name": "sqlite_autoindex_notification_outbox_1",
        "rows": null,
        "table": "notification_outbox"
      },
      {
        "bytes": 4096,
        "bytes_per_row": null,
        "kind": "index",
        "name": "sqlite_autoindex_notification_outbox_2",
        "rows": null,
        "table": "notification_outbox"
      },
      {
        "bytes": 57344,
        "bytes_per_row": null,
        "kind": "index",
        "name": "sqlite_autoindex_report_archive_1",
        "rows": null,
        "table": "report_archive"
      },
      {
        "bytes": 4096,
        "bytes_per_row": null,
        "kind": "index",
        "name": "sqlite_autoindex_report_snapshot_meta_1",
        "rows": null,
        "table": "report_snapshot_meta"
      },
      {
        "bytes": 4096,
        "bytes_per_row": null,
        "kind": "index",
        "name": "sqlite_autoindex_retention_build_aggregate_1",
        "rows": null,
        "table": "retention_build_aggregate"
      },
      {
        "bytes": 4096,
        "bytes_per_row": null,
        "kind": "index",
        "name": "sqlite_autoindex_retention_build_member_1",
        "rows": null,
        "table": "retention_build_member"
      },
      {
        "bytes": 4096,
        "bytes_per_row": null,
        "kind": "index",
        "name": "sqlite_autoindex_retention_state_1",
        "rows": null,
        "table": "retention_state"
      },
      {
        "bytes": 4096,
        "bytes_per_row": null,
        "kind": "index",
        "name": "sqlite_autoindex_retention_watermark_1",
        "rows": null,
        "table": "retention_watermark"
      },
      {
        "bytes": 4096,
        "bytes_per_row": null,
        "kind": "index",
        "name": "sqlite_autoindex_target_item_1",
        "rows": null,
        "table": "target_item"
      },
      {
        "bytes": 4096,
        "bytes_per_row": null,
        "kind": "index",
        "name": "sqlite_autoindex_traffic_daily_core_1",
        "rows": null,
        "table": "traffic_daily_core"
      },
      {
        "bytes": 4096,
        "bytes_per_row": null,
        "kind": "index",
        "name": "sqlite_autoindex_traffic_daily_dimension_1",
        "rows": null,
        "table": "traffic_daily_dimension"
      },
      {
        "bytes": 4096,
        "bytes_per_row": null,
        "kind": "index",
        "name": "sqlite_autoindex_traffic_hourly_dimension_1",
        "rows": null,
        "table": "traffic_hourly_dimension"
      },
      {
        "bytes": 4096,
        "bytes_per_row": 4096.0,
        "kind": "table",
        "name": "target_item",
        "rows": 1,
        "table": "target_item"
      },
      {
        "bytes": 4096,
        "bytes_per_row": 4096.0,
        "kind": "table",
        "name": "target_set",
        "rows": 1,
        "table": "target_set"
      },
      {
        "bytes": 4096,
        "bytes_per_row": null,
        "kind": "table",
        "name": "traffic_daily_core",
        "rows": 0,
        "table": "traffic_daily_core"
      },
      {
        "bytes": 4096,
        "bytes_per_row": null,
        "kind": "table",
        "name": "traffic_daily_dimension",
        "rows": 0,
        "table": "traffic_daily_dimension"
      },
      {
        "bytes": 4096,
        "bytes_per_row": null,
        "kind": "table",
        "name": "traffic_hourly_dimension",
        "rows": 0,
        "table": "traffic_hourly_dimension"
      }
    ]
  },
  "traffic": {
    "conserved": true,
    "expected_added_download": 67650,
    "expected_added_upload": 21270,
    "final_download": 78925,
    "final_upload": 24815,
    "initial_download": 11275,
    "initial_upload": 3545
  },
  "warmup_wall_secs": 5.0004132,
  "writer_rows_changed": 10830
}
