{
  "all_application_file_write_bytes": null,
  "commits": 30,
  "executable_sha256": "6c166e4c4e3c33461c2e47119230a53ddbd4daf750aaa2a22000d38c24d8107f",
  "final_files_and_pages": {
    "active_page_bytes": 2985984,
    "archive_failed": 0,
    "archive_ok": 1116,
    "archive_spool_present_bytes": 0,
    "db_bytes": 2985984,
    "freelist_count": 1,
    "journal_mode": "wal",
    "page_count": 730,
    "page_size": 4096,
    "reusable_page_bytes": 4096,
    "schema_version": 5,
    "shm_bytes": 32768,
    "spool_present_bytes": 0,
    "synchronous": 2,
    "wal_bytes": 4152992
  },
  "fixture_hash": "2ac3520c826064ec990044729e4f184bcbae4f9ce38e16aa90a1507c295dc8a6",
  "frame_budget_overruns": 0,
  "frames": 30,
  "heap_phases": null,
  "initial_files_and_pages": {
    "active_page_bytes": 2985984,
    "archive_failed": 0,
    "archive_ok": 1116,
    "archive_spool_present_bytes": 0,
    "db_bytes": 2736128,
    "freelist_count": 0,
    "journal_mode": "wal",
    "page_count": 729,
    "page_size": 4096,
    "reusable_page_bytes": 0,
    "schema_version": 5,
    "shm_bytes": 32768,
    "spool_present_bytes": 0,
    "synchronous": 2,
    "wal_bytes": 4140632
  },
  "kind": "isolated-real-facade",
  "latency": {
    "archive_tick": {
      "count": 30,
      "max_ms": 0.0017000000000000001,
      "p50_ms": 0.0012,
      "p95_ms": 0.0015,
      "p99_ms": 0.0015999999999999999
    },
    "facade_ingest_including_durable_commit": {
      "count": 30,
      "max_ms": 121.214,
      "p50_ms": 19.2075,
      "p95_ms": 23.5408,
      "p99_ms": 24.677999999999997
    },
    "live_query": {
      "count": 6,
      "max_ms": 0.2627,
      "p50_ms": 0.2128,
      "p95_ms": 0.2286,
      "p99_ms": 0.2286
    },
    "report_first_reader": {
      "count": 6,
      "max_ms": 1.3825,
      "p50_ms": 1.3397999999999999,
      "p95_ms": 1.3661999999999999,
      "p99_ms": 1.3661999999999999
    },
    "report_repeated_reader": {
      "count": 6,
      "max_ms": 1.1917,
      "p50_ms": 0.9959000000000001,
      "p95_ms": 1.0151999999999999,
      "p99_ms": 1.0151999999999999
    },
    "whole_tick": {
      "count": 30,
      "max_ms": 121.39750000000001,
      "p50_ms": 19.676699999999997,
      "p95_ms": 23.7266,
      "p99_ms": 24.8243
    }
  },
  "limits": [
    "仅当前原生基准进程；没有 HTTP、Tauri 事件或 WebView，窗口为后台模拟状态。",
    "CPU/I/O/内存不含初始化、warmup、结果 JSON 写出及最终统计查询；采样开销包含在测量内。",
    "SQLite xWrite 只统计隔离目录内成功请求字节，不含 mmap/shm、spool、日志、系统缓存与物理设备写放大。",
    "process I/O 为 OS 当前进程计数，不能替代文件归属；spool 瞬时写入需要独立回归或文件跟踪。",
    "report first/repeated 每次均打开新 reader；未驱逐 OS page cache，不能宣称物理冷读。",
    "ingest 延迟包含 accounting、告警与提交；不是单独 SQLite commit 耗时。",
    "串行驱动没有 collector 输入队列；schedule_lag 不是实际队列深度。",
    "归档齐全 fixture 使用空历史的持久化结果；本回放不代替完整30天容量库或安装态 soak。",
    "failed 档案场景由隔离库 BEFORE INSERT 触发器拒绝持久化，非真实磁盘故障。"
  ],
  "local_utc_offset_seconds": -18000,
  "measured_wall_secs": 30.0004841,
  "native_after": {
    "cpu_seconds": 7.734375,
    "handles": 114,
    "io_read_bytes": 380511524,
    "io_write_bytes": 38431676,
    "io_write_operations": 17798,
    "private_bytes": 7372800,
    "working_set_bytes": 16896000
  },
  "native_before": {
    "cpu_seconds": 7.53125,
    "handles": 114,
    "io_read_bytes": 379064436,
    "io_write_bytes": 34854076,
    "io_write_operations": 16172,
    "private_bytes": 7495680,
    "working_set_bytes": 16527360
  },
  "native_cpu_seconds": 0.203125,
  "native_private_bytes": {
    "max": 7921664.0,
    "p95": 7823360.0,
    "samples": 30
  },
  "native_process_io_read_bytes": 1447088,
  "native_process_io_write_bytes": 3577600,
  "native_process_io_write_operations": 1626,
  "native_working_set_bytes": {
    "max": 17215488.0,
    "p95": 17154048.0,
    "samples": 30
  },
  "options": {
    "active": 250,
    "archive": "complete",
    "dir": "D:\\Documents\\Code\\Github\\clash-verge-ai-residential\\bench-data\\t05-rebuild-20261004-e14ecd88\\data\\matrix\\matrix-a250-metadata-candidate",
    "duration_secs": 30,
    "hz": 1,
    "metadata_change_percent": 100,
    "period_rule": false,
    "query_every_frames": 5,
    "seed": 20260919,
    "source_revision": "manifest-sha256:7416ec7cd3f0963eed3b97cc5d88d529f6c97af028a9c2a36b61d7e3c40fb42b",
    "start_utc": 1800001800,
    "virtual_time": false,
    "warmup_secs": 5,
    "workload": "metadata"
  },
  "platform": "windows",
  "process_id": 36020,
  "samples": [
    {
      "active_tokens": 0,
      "frame": 1,
      "live_rows": 250,
      "native": {
        "cpu_seconds": 7.53125,
        "handles": 114,
        "io_read_bytes": 379256948,
        "io_write_bytes": 34957076,
        "io_write_operations": 16222,
        "private_bytes": 6565888,
        "working_set_bytes": 16093184
      },
      "token_bytes": 0,
      "virtual_utc": 1800001806,
      "wal_bytes": 4140632,
      "wall_secs": 0.0183136
    },
    {
      "active_tokens": 0,
      "frame": 2,
      "live_rows": 250,
      "native": {
        "cpu_seconds": 7.546875,
        "handles": 114,
        "io_read_bytes": 379261044,
        "io_write_bytes": 35060076,
        "io_write_operations": 16272,
        "private_bytes": 6582272,
        "working_set_bytes": 16089088
      },
      "token_bytes": 0,
      "virtual_utc": 1800001807,
      "wal_bytes": 4140632,
      "wall_secs": 1.0202985
    },
    {
      "active_tokens": 0,
      "frame": 3,
      "live_rows": 250,
      "native": {
        "cpu_seconds": 7.546875,
        "handles": 114,
        "io_read_bytes": 379261044,
        "io_write_bytes": 35163076,
        "io_write_operations": 16322,
        "private_bytes": 6873088,
        "working_set_bytes": 16150528
      },
      "token_bytes": 0,
      "virtual_utc": 1800001808,
      "wal_bytes": 4140632,
      "wall_secs": 2.0176522
    },
    {
      "active_tokens": 0,
      "frame": 4,
      "live_rows": 250,
      "native": {
        "cpu_seconds": 7.546875,
        "handles": 114,
        "io_read_bytes": 379261044,
        "io_write_bytes": 35266076,
        "io_write_operations": 16372,
        "private_bytes": 7495680,
        "working_set_bytes": 16617472
      },
      "token_bytes": 0,
      "virtual_utc": 1800001809,
      "wal_bytes": 4140632,
      "wall_secs": 3.0177522
    },
    {
      "active_tokens": 0,
      "frame": 5,
      "live_rows": 250,
      "native": {
        "cpu_seconds": 7.546875,
        "handles": 114,
        "io_read_bytes": 379392316,
        "io_write_bytes": 35369076,
        "io_write_operations": 16422,
        "private_bytes": 7495680,
        "working_set_bytes": 16621568
      },
      "token_bytes": 0,
      "virtual_utc": 1800001810,
      "wal_bytes": 4140632,
      "wall_secs": 4.0184742
    },
    {
      "active_tokens": 0,
      "frame": 6,
      "live_rows": 250,
      "native": {
        "cpu_seconds": 7.5625,
        "handles": 114,
        "io_read_bytes": 379392316,
        "io_write_bytes": 35472076,
        "io_write_operations": 16472,
        "private_bytes": 6582272,
        "working_set_bytes": 16261120
      },
      "token_bytes": 0,
      "virtual_utc": 1800001811,
      "wal_bytes": 4140632,
      "wall_secs": 5.0223884
    },
    {
      "active_tokens": 0,
      "frame": 7,
      "live_rows": 250,
      "native": {
        "cpu_seconds": 7.5625,
        "handles": 114,
        "io_read_bytes": 379392316,
        "io_write_bytes": 35575076,
        "io_write_operations": 16522,
        "private_bytes": 6344704,
        "working_set_bytes": 16072704
      },
      "token_bytes": 0,
      "virtual_utc": 1800001812,
      "wal_bytes": 4140632,
      "wall_secs": 6.0186006
    },
    {
      "active_tokens": 0,
      "frame": 8,
      "live_rows": 250,
      "native": {
        "cpu_seconds": 7.578125,
        "handles": 114,
        "io_read_bytes": 379392316,
        "io_write_bytes": 35678076,
        "io_write_operations": 16572,
        "private_bytes": 7090176,
        "working_set_bytes": 16629760
      },
      "token_bytes": 0,
      "virtual_utc": 1800001813,
      "wal_bytes": 4140632,
      "wall_secs": 7.0198686
    },
    {
      "active_tokens": 0,
      "frame": 9,
      "live_rows": 250,
      "native": {
        "cpu_seconds": 7.578125,
        "handles": 114,
        "io_read_bytes": 379392316,
        "io_write_bytes": 35781076,
        "io_write_operations": 16622,
        "private_bytes": 7688192,
        "working_set_bytes": 17154048
      },
      "token_bytes": 0,
      "virtual_utc": 1800001814,
      "wal_bytes": 4140632,
      "wall_secs": 8.0196567
    },
    {
      "active_tokens": 0,
      "frame": 10,
      "live_rows": 250,
      "native": {
        "cpu_seconds": 7.578125,
        "handles": 114,
        "io_read_bytes": 379523588,
        "io_write_bytes": 35884076,
        "io_write_operations": 16672,
        "private_bytes": 7155712,
        "working_set_bytes": 16781312
      },
      "token_bytes": 0,
      "virtual_utc": 1800001815,
      "wal_bytes": 4140632,
      "wall_secs": 9.0202278
    },
    {
      "active_tokens": 0,
      "frame": 11,
      "live_rows": 250,
      "native": {
        "cpu_seconds": 7.578125,
        "handles": 114,
        "io_read_bytes": 379523588,
        "io_write_bytes": 35987076,
        "io_write_operations": 16722,
        "private_bytes": 7667712,
        "working_set_bytes": 16867328
      },
      "token_bytes": 0,
      "virtual_utc": 1800001816,
      "wal_bytes": 4140632,
      "wall_secs": 10.0089812
    },
    {
      "active_tokens": 0,
      "frame": 12,
      "live_rows": 250,
      "native": {
        "cpu_seconds": 7.578125,
        "handles": 114,
        "io_read_bytes": 379523588,
        "io_write_bytes": 36090076,
        "io_write_operations": 16772,
        "private_bytes": 6983680,
        "working_set_bytes": 16523264
      },
      "token_bytes": 0,
      "virtual_utc": 1800001817,
      "wal_bytes": 4140632,
      "wall_secs": 11.0178379
    },
    {
      "active_tokens": 0,
      "frame": 13,
      "live_rows": 250,
      "native": {
        "cpu_seconds": 7.59375,
        "handles": 114,
        "io_read_bytes": 379986436,
        "io_write_bytes": 36655924,
        "io_write_operations": 16935,
        "private_bytes": 7761920,
        "working_set_bytes": 16900096
      },
      "token_bytes": 0,
      "virtual_utc": 1800001818,
      "wal_bytes": 4152992,
      "wall_secs": 12.0250972
    },
    {
      "active_tokens": 0,
      "frame": 14,
      "live_rows": 250,
      "native": {
        "cpu_seconds": 7.609375,
        "handles": 114,
        "io_read_bytes": 379986436,
        "io_write_bytes": 36758956,
        "io_write_operations": 16986,
        "private_bytes": 6750208,
        "working_set_bytes": 16420864
      },
      "token_bytes": 0,
      "virtual_utc": 1800001819,
      "wal_bytes": 4152992,
      "wall_secs": 13.0240318
    },
    {
      "active_tokens": 0,
      "frame": 15,
      "live_rows": 250,
      "native": {
        "cpu_seconds": 7.640625,
        "handles": 114,
        "io_read_bytes": 380117708,
        "io_write_bytes": 36861956,
        "io_write_operations": 17036,
        "private_bytes": 7114752,
        "working_set_bytes": 16592896
      },
      "token_bytes": 0,
      "virtual_utc": 1800001820,
      "wal_bytes": 4152992,
      "wall_secs": 14.0237852
    },
    {
      "active_tokens": 0,
      "frame": 16,
      "live_rows": 250,
      "native": {
        "cpu_seconds": 7.65625,
        "handles": 114,
        "io_read_bytes": 380117708,
        "io_write_bytes": 36964956,
        "io_write_operations": 17086,
        "private_bytes": 7761920,
        "working_set_bytes": 17154048
      },
      "token_bytes": 0,
      "virtual_utc": 1800001821,
      "wal_bytes": 4152992,
      "wall_secs": 15.0180159
    },
    {
      "active_tokens": 0,
      "frame": 17,
      "live_rows": 250,
      "native": {
        "cpu_seconds": 7.65625,
        "handles": 114,
        "io_read_bytes": 380117708,
        "io_write_bytes": 37067956,
        "io_write_operations": 17136,
        "private_bytes": 7667712,
        "working_set_bytes": 17125376
      },
      "token_bytes": 0,
      "virtual_utc": 1800001822,
      "wal_bytes": 4152992,
      "wall_secs": 16.0198966
    },
    {
      "active_tokens": 0,
      "frame": 18,
      "live_rows": 250,
      "native": {
        "cpu_seconds": 7.671875,
        "handles": 114,
        "io_read_bytes": 380117708,
        "io_write_bytes": 37170956,
        "io_write_operations": 17186,
        "private_bytes": 6979584,
        "working_set_bytes": 16621568
      },
      "token_bytes": 0,
      "virtual_utc": 1800001823,
      "wal_bytes": 4152992,
      "wall_secs": 17.0214554
    },
    {
      "active_tokens": 0,
      "frame": 19,
      "live_rows": 250,
      "native": {
        "cpu_seconds": 7.671875,
        "handles": 114,
        "io_read_bytes": 380117708,
        "io_write_bytes": 37273956,
        "io_write_operations": 17236,
        "private_bytes": 6787072,
        "working_set_bytes": 16404480
      },
      "token_bytes": 0,
      "virtual_utc": 1800001824,
      "wal_bytes": 4152992,
      "wall_secs": 18.0202836
    },
    {
      "active_tokens": 0,
      "frame": 20,
      "live_rows": 250,
      "native": {
        "cpu_seconds": 7.671875,
        "handles": 114,
        "io_read_bytes": 380248980,
        "io_write_bytes": 37376956,
        "io_write_operations": 17286,
        "private_bytes": 6778880,
        "working_set_bytes": 16384000
      },
      "token_bytes": 0,
      "virtual_utc": 1800001825,
      "wal_bytes": 4152992,
      "wall_secs": 19.0223382
    },
    {
      "active_tokens": 0,
      "frame": 21,
      "live_rows": 250,
      "native": {
        "cpu_seconds": 7.671875,
        "handles": 114,
        "io_read_bytes": 380248980,
        "io_write_bytes": 37479956,
        "io_write_operations": 17336,
        "private_bytes": 7401472,
        "working_set_bytes": 16982016
      },
      "token_bytes": 0,
      "virtual_utc": 1800001826,
      "wal_bytes": 4152992,
      "wall_secs": 20.0200759
    },
    {
      "active_tokens": 0,
      "frame": 22,
      "live_rows": 250,
      "native": {
        "cpu_seconds": 7.6875,
        "handles": 114,
        "io_read_bytes": 380248980,
        "io_write_bytes": 37582956,
        "io_write_operations": 17386,
        "private_bytes": 7028736,
        "working_set_bytes": 16646144
      },
      "token_bytes": 0,
      "virtual_utc": 1800001827,
      "wal_bytes": 4152992,
      "wall_secs": 21.1220035
    },
    {
      "active_tokens": 0,
      "frame": 23,
      "live_rows": 250,
      "native": {
        "cpu_seconds": 7.703125,
        "handles": 114,
        "io_read_bytes": 380248980,
        "io_write_bytes": 37685956,
        "io_write_operations": 17436,
        "private_bytes": 7921664,
        "working_set_bytes": 17215488
      },
      "token_bytes": 0,
      "virtual_utc": 1800001828,
      "wal_bytes": 4152992,
      "wall_secs": 22.0204188
    },
    {
      "active_tokens": 0,
      "frame": 24,
      "live_rows": 250,
      "native": {
        "cpu_seconds": 7.71875,
        "handles": 114,
        "io_read_bytes": 380248980,
        "io_write_bytes": 37788956,
        "io_write_operations": 17486,
        "private_bytes": 7344128,
        "working_set_bytes": 16887808
      },
      "token_bytes": 0,
      "virtual_utc": 1800001829,
      "wal_bytes": 4152992,
      "wall_secs": 23.0196271
    },
    {
      "active_tokens": 0,
      "frame": 25,
      "live_rows": 250,
      "native": {
        "cpu_seconds": 7.71875,
        "handles": 114,
        "io_read_bytes": 380380252,
        "io_write_bytes": 37891956,
        "io_write_operations": 17536,
        "private_bytes": 7069696,
        "working_set_bytes": 16781312
      },
      "token_bytes": 0,
      "virtual_utc": 1800001830,
      "wal_bytes": 4152992,
      "wall_secs": 24.022239
    },
    {
      "active_tokens": 0,
      "frame": 26,
      "live_rows": 250,
      "native": {
        "cpu_seconds": 7.734375,
        "handles": 114,
        "io_read_bytes": 380380252,
        "io_write_bytes": 37994956,
        "io_write_operations": 17586,
        "private_bytes": 7823360,
        "working_set_bytes": 17088512
      },
      "token_bytes": 0,
      "virtual_utc": 1800001831,
      "wal_bytes": 4152992,
      "wall_secs": 25.0217466
    },
    {
      "active_tokens": 0,
      "frame": 27,
      "live_rows": 250,
      "native": {
        "cpu_seconds": 7.734375,
        "handles": 114,
        "io_read_bytes": 380380252,
        "io_write_bytes": 38097956,
        "io_write_operations": 17636,
        "private_bytes": 7024640,
        "working_set_bytes": 16658432
      },
      "token_bytes": 0,
      "virtual_utc": 1800001832,
      "wal_bytes": 4152992,
      "wall_secs": 26.0203005
    },
    {
      "active_tokens": 0,
      "frame": 28,
      "live_rows": 250,
      "native": {
        "cpu_seconds": 7.734375,
        "handles": 114,
        "io_read_bytes": 380380252,
        "io_write_bytes": 38209196,
        "io_write_operations": 17690,
        "private_bytes": 6447104,
        "working_set_bytes": 16211968
      },
      "token_bytes": 0,
      "virtual_utc": 1800001833,
      "wal_bytes": 4152992,
      "wall_secs": 27.0186218
    },
    {
      "active_tokens": 0,
      "frame": 29,
      "live_rows": 250,
      "native": {
        "cpu_seconds": 7.734375,
        "handles": 114,
        "io_read_bytes": 380380252,
        "io_write_bytes": 38320436,
        "io_write_operations": 17744,
        "private_bytes": 7909376,
        "working_set_bytes": 17158144
      },
      "token_bytes": 0,
      "virtual_utc": 1800001834,
      "wal_bytes": 4152992,
      "wall_secs": 28.0180744
    },
    {
      "active_tokens": 0,
      "frame": 30,
      "live_rows": 250,
      "native": {
        "cpu_seconds": 7.734375,
        "handles": 114,
        "io_read_bytes": 380511524,
        "io_write_bytes": 38431676,
        "io_write_operations": 17798,
        "private_bytes": 7372800,
        "working_set_bytes": 16896000
      },
      "token_bytes": 0,
      "virtual_utc": 1800001835,
      "wal_bytes": 4152992,
      "wall_secs": 29.0201624
    }
  ],
  "schedule_lag_frames_max": 0,
  "schema_version": 1,
  "simulated_secs": 30,
  "spool_write_bytes": null,
  "sqlite_application_file_write_bytes": 3577600,
  "sqlite_xwrite": {
    "db_bytes": 462848,
    "failed_calls": 0,
    "other_sqlite_file_bytes": 0,
    "successful_calls": 1626,
    "wal_bytes": 3114752
  },
  "synchronous": "FULL",
  "tables_and_indexes": {
    "dbstat_available": true,
    "objects": [
      {
        "bytes": 4096,
        "bytes_per_row": null,
        "kind": "table",
        "name": "alert_event",
        "rows": 0,
        "table": "alert_event"
      },
      {
        "bytes": 4096,
        "bytes_per_row": 585.1428571428571,
        "kind": "table",
        "name": "alert_instance",
        "rows": 7,
        "table": "alert_instance"
      },
      {
        "bytes": 4096,
        "bytes_per_row": null,
        "kind": "index",
        "name": "alert_instance_active_uniq",
        "rows": null,
        "table": "alert_instance"
      },
      {
        "bytes": 4096,
        "bytes_per_row": null,
        "kind": "index",
        "name": "alert_instance_identity",
        "rows": null,
        "table": "alert_instance"
      },
      {
        "bytes": 4096,
        "bytes_per_row": 585.1428571428571,
        "kind": "table",
        "name": "alert_rule",
        "rows": 7,
        "table": "alert_rule"
      },
      {
        "bytes": 4096,
        "bytes_per_row": null,
        "kind": "table",
        "name": "backup_manifest",
        "rows": 0,
        "table": "backup_manifest"
      },
      {
        "bytes": 4096,
        "bytes_per_row": 4096.0,
        "kind": "table",
        "name": "bundle_epoch",
        "rows": 1,
        "table": "bundle_epoch"
      },
      {
        "bytes": 4096,
        "bytes_per_row": 113.77777777777777,
        "kind": "table",
        "name": "committed_bundle",
        "rows": 36,
        "table": "committed_bundle"
      },
      {
        "bytes": 16384,
        "bytes_per_row": 32.768,
        "kind": "table",
        "name": "connection_chain",
        "rows": 500,
        "table": "connection_chain"
      },
      {
        "bytes": 12288,
        "bytes_per_row": 49.152,
        "kind": "table",
        "name": "connection_minute",
        "rows": 250,
        "table": "connection_minute"
      },
      {
        "bytes": 16384,
        "bytes_per_row": 65.536,
        "kind": "table",
        "name": "connection_session",
        "rows": 250,
        "table": "connection_session"
      },
      {
        "bytes": 16384,
        "bytes_per_row": 65.536,
        "kind": "table",
        "name": "connection_session_attr",
        "rows": 250,
        "table": "connection_session_attr"
      },
      {
        "bytes": 12288,
        "bytes_per_row": null,
        "kind": "index",
        "name": "connection_session_identity",
        "rows": null,
        "table": "connection_session"
      },
      {
        "bytes": 4096,
        "bytes_per_row": 4096.0,
        "kind": "table",
        "name": "controller_epoch",
        "rows": 1,
        "table": "controller_epoch"
      },
      {
        "bytes": 4096,
        "bytes_per_row": null,
        "kind": "table",
        "name": "coverage_daily",
        "rows": 0,
        "table": "coverage_daily"
      },
      {
        "bytes": 4096,
        "bytes_per_row": 4096.0,
        "kind": "table",
        "name": "coverage_interval",
        "rows": 1,
        "table": "coverage_interval"
      },
      {
        "bytes": 4096,
        "bytes_per_row": 4096.0,
        "kind": "table",
        "name": "data_version",
        "rows": 1,
        "table": "data_version"
      },
      {
        "bytes": 12288,
        "bytes_per_row": 60.83168316831683,
        "kind": "table",
        "name": "dimension_dict",
        "rows": 202,
        "table": "dimension_dict"
      },
      {
        "bytes": 12288,
        "bytes_per_row": null,
        "kind": "index",
        "name": "dimension_dict_value",
        "rows": null,
        "table": "dimension_dict"
      },
      {
        "bytes": 4096,
        "bytes_per_row": null,
        "kind": "index",
        "name": "idx_alert_event_retention",
        "rows": null,
        "table": "alert_event"
      },
      {
        "bytes": 4096,
        "bytes_per_row": null,
        "kind": "index",
        "name": "idx_alert_instance_center",
        "rows": null,
        "table": "alert_instance"
      },
      {
        "bytes": 4096,
        "bytes_per_row": null,
        "kind": "index",
        "name": "idx_connection_minute_session",
        "rows": null,
        "table": "connection_minute"
      },
      {
        "bytes": 4096,
        "bytes_per_row": null,
        "kind": "index",
        "name": "idx_connection_session_started",
        "rows": null,
        "table": "connection_session"
      },
      {
        "bytes": 4096,
        "bytes_per_row": null,
        "kind": "index",
        "name": "idx_coverage_sample_tail",
        "rows": null,
        "table": "coverage_interval"
      },
      {
        "bytes": 4096,
        "bytes_per_row": null,
        "kind": "index",
        "name": "idx_daily_core_category",
        "rows": null,
        "table": "traffic_daily_core"
      },
      {
        "bytes": 4096,
        "bytes_per_row": null,
        "kind": "index",
        "name": "idx_daily_core_day",
        "rows": null,
        "table": "traffic_daily_core"
      },
      {
        "bytes": 4096,
        "bytes_per_row": null,
        "kind": "index",
        "name": "idx_daily_dim_lookup",
        "rows": null,
        "table": "traffic_daily_dimension"
      },
      {
        "bytes": 4096,
        "bytes_per_row": null,
        "kind": "index",
        "name": "idx_daily_dimension_category",
        "rows": null,
        "table": "traffic_daily_dimension"
      },
      {
        "bytes": 4096,
        "bytes_per_row": null,
        "kind": "index",
        "name": "idx_daily_dimension_identity",
        "rows": null,
        "table": "traffic_daily_dimension"
      },
      {
        "bytes": 4096,
        "bytes_per_row": null,
        "kind": "index",
        "name": "idx_hourly_category",
        "rows": null,
        "table": "traffic_hourly_dimension"
      },
      {
        "bytes": 4096,
        "bytes_per_row": null,
        "kind": "index",
        "name": "idx_hourly_dim_lookup",
        "rows": null,
        "table": "traffic_hourly_dimension"
      },
      {
        "bytes": 4096,
        "bytes_per_row": null,
        "kind": "index",
        "name": "idx_hourly_dimension_identity",
        "rows": null,
        "table": "traffic_hourly_dimension"
      },
      {
        "bytes": 4096,
        "bytes_per_row": null,
        "kind": "index",
        "name": "idx_outbox_due",
        "rows": null,
        "table": "notification_outbox"
      },
      {
        "bytes": 4096,
        "bytes_per_row": null,
        "kind": "index",
        "name": "idx_outbox_lease",
        "rows": null,
        "table": "notification_outbox"
      },
      {
        "bytes": 28672,
        "bytes_per_row": null,
        "kind": "index",
        "name": "idx_report_archive_kind_start",
        "rows": null,
        "table": "report_archive"
      },
      {
        "bytes": 4096,
        "bytes_per_row": null,
        "kind": "index",
        "name": "idx_retention_build_member_session",
        "rows": null,
        "table": "retention_build_member"
      },
      {
        "bytes": 4096,
        "bytes_per_row": null,
        "kind": "index",
        "name": "idx_retention_coverage_source",
        "rows": null,
        "table": "coverage_interval"
      },
      {
        "bytes": 4096,
        "bytes_per_row": null,
        "kind": "index",
        "name": "idx_session_attr_category",
        "rows": null,
        "table": "connection_session_attr"
      },
      {
        "bytes": 12288,
        "bytes_per_row": null,
        "kind": "index",
        "name": "idx_session_attr_chain_rule",
        "rows": null,
        "table": "connection_session_attr"
      },
      {
        "bytes": 4096,
        "bytes_per_row": null,
        "kind": "index",
        "name": "idx_session_attr_host",
        "rows": null,
        "table": "connection_session_attr"
      },
      {
        "bytes": 4096,
        "bytes_per_row": null,
        "kind": "index",
        "name": "idx_session_attr_network",
        "rows": null,
        "table": "connection_session_attr"
      },
      {
        "bytes": 4096,
        "bytes_per_row": null,
        "kind": "index",
        "name": "idx_session_attr_process",
        "rows": null,
        "table": "connection_session_attr"
      },
      {
        "bytes": 4096,
        "bytes_per_row": null,
        "kind": "index",
        "name": "idx_session_attr_rule",
        "rows": null,
        "table": "connection_session_attr"
      },
      {
        "bytes": 4096,
        "bytes_per_row": null,
        "kind": "table",
        "name": "machine_setting",
        "rows": 0,
        "table": "machine_setting"
      },
      {
        "bytes": 4096,
        "bytes_per_row": null,
        "kind": "table",
        "name": "notification_outbox",
        "rows": 0,
        "table": "notification_outbox"
      },
      {
        "bytes": 2297856,
        "bytes_per_row": 2059.010752688172,
        "kind": "table",
        "name": "report_archive",
        "rows": 1116,
        "table": "report_archive"
      },
      {
        "bytes": 176128,
        "bytes_per_row": null,
        "kind": "index",
        "name": "report_archive_period_uniq",
        "rows": null,
        "table": "report_archive"
      },
      {
        "bytes": 4096,
        "bytes_per_row": null,
        "kind": "table",
        "name": "report_snapshot_meta",
        "rows": 0,
        "table": "report_snapshot_meta"
      },
      {
        "bytes": 4096,
        "bytes_per_row": null,
        "kind": "table",
        "name": "retention_build",
        "rows": 0,
        "table": "retention_build"
      },
      {
        "bytes": 4096,
        "bytes_per_row": null,
        "kind": "table",
        "name": "retention_build_aggregate",
        "rows": 0,
        "table": "retention_build_aggregate"
      },
      {
        "bytes": 4096,
        "bytes_per_row": null,
        "kind": "table",
        "name": "retention_build_member",
        "rows": 0,
        "table": "retention_build_member"
      },
      {
        "bytes": 4096,
        "bytes_per_row": null,
        "kind": "table",
        "name": "retention_state",
        "rows": 0,
        "table": "retention_state"
      },
      {
        "bytes": 4096,
        "bytes_per_row": 1024.0,
        "kind": "table",
        "name": "retention_watermark",
        "rows": 4,
        "table": "retention_watermark"
      },
      {
        "bytes": 4096,
        "bytes_per_row": 819.2,
        "kind": "table",
        "name": "schema_migration",
        "rows": 5,
        "table": "schema_migration"
      },
      {
        "bytes": 4096,
        "bytes_per_row": null,
        "kind": "index",
        "name": "sqlite_autoindex_alert_event_1",
        "rows": null,
        "table": "alert_event"
      },
      {
        "bytes": 4096,
        "bytes_per_row": null,
        "kind": "index",
        "name": "sqlite_autoindex_alert_event_2",
        "rows": null,
        "table": "alert_event"
      },
      {
        "bytes": 4096,
        "bytes_per_row": null,
        "kind": "index",
        "name": "sqlite_autoindex_alert_instance_1",
        "rows": null,
        "table": "alert_instance"
      },
      {
        "bytes": 4096,
        "bytes_per_row": null,
        "kind": "index",
        "name": "sqlite_autoindex_alert_rule_1",
        "rows": null,
        "table": "alert_rule"
      },
      {
        "bytes": 4096,
        "bytes_per_row": null,
        "kind": "index",
        "name": "sqlite_autoindex_committed_bundle_1",
        "rows": null,
        "table": "committed_bundle"
      },
      {
        "bytes": 12288,
        "bytes_per_row": null,
        "kind": "index",
        "name": "sqlite_autoindex_connection_chain_1",
        "rows": null,
        "table": "connection_chain"
      },
      {
        "bytes": 4096,
        "bytes_per_row": null,
        "kind": "index",
        "name": "sqlite_autoindex_connection_minute_1",
        "rows": null,
        "table": "connection_minute"
      },
      {
        "bytes": 4096,
        "bytes_per_row": null,
        "kind": "index",
        "name": "sqlite_autoindex_dimension_dict_1",
        "rows": null,
        "table": "dimension_dict"
      },
      {
        "bytes": 4096,
        "bytes_per_row": null,
        "kind": "index",
        "name": "sqlite_autoindex_machine_setting_1",
        "rows": null,
        "table": "machine_setting"
      },
      {
        "bytes": 4096,
        "bytes_per_row": null,
        "kind": "index",
        "name": "sqlite_autoindex_notification_outbox_1",
        "rows": null,
        "table": "notification_outbox"
      },
      {
        "bytes": 4096,
        "bytes_per_row": null,
        "kind": "index",
        "name": "sqlite_autoindex_notification_outbox_2",
        "rows": null,
        "table": "notification_outbox"
      },
      {
        "bytes": 57344,
        "bytes_per_row": null,
        "kind": "index",
        "name": "sqlite_autoindex_report_archive_1",
        "rows": null,
        "table": "report_archive"
      },
      {
        "bytes": 4096,
        "bytes_per_row": null,
        "kind": "index",
        "name": "sqlite_autoindex_report_snapshot_meta_1",
        "rows": null,
        "table": "report_snapshot_meta"
      },
      {
        "bytes": 4096,
        "bytes_per_row": null,
        "kind": "index",
        "name": "sqlite_autoindex_retention_build_aggregate_1",
        "rows": null,
        "table": "retention_build_aggregate"
      },
      {
        "bytes": 4096,
        "bytes_per_row": null,
        "kind": "index",
        "name": "sqlite_autoindex_retention_build_member_1",
        "rows": null,
        "table": "retention_build_member"
      },
      {
        "bytes": 4096,
        "bytes_per_row": null,
        "kind": "index",
        "name": "sqlite_autoindex_retention_state_1",
        "rows": null,
        "table": "retention_state"
      },
      {
        "bytes": 4096,
        "bytes_per_row": null,
        "kind": "index",
        "name": "sqlite_autoindex_retention_watermark_1",
        "rows": null,
        "table": "retention_watermark"
      },
      {
        "bytes": 4096,
        "bytes_per_row": null,
        "kind": "index",
        "name": "sqlite_autoindex_target_item_1",
        "rows": null,
        "table": "target_item"
      },
      {
        "bytes": 4096,
        "bytes_per_row": null,
        "kind": "index",
        "name": "sqlite_autoindex_traffic_daily_core_1",
        "rows": null,
        "table": "traffic_daily_core"
      },
      {
        "bytes": 4096,
        "bytes_per_row": null,
        "kind": "index",
        "name": "sqlite_autoindex_traffic_daily_dimension_1",
        "rows": null,
        "table": "traffic_daily_dimension"
      },
      {
        "bytes": 4096,
        "bytes_per_row": null,
        "kind": "index",
        "name": "sqlite_autoindex_traffic_hourly_dimension_1",
        "rows": null,
        "table": "traffic_hourly_dimension"
      },
      {
        "bytes": 4096,
        "bytes_per_row": 4096.0,
        "kind": "table",
        "name": "target_item",
        "rows": 1,
        "table": "target_item"
      },
      {
        "bytes": 4096,
        "bytes_per_row": 4096.0,
        "kind": "table",
        "name": "target_set",
        "rows": 1,
        "table": "target_set"
      },
      {
        "bytes": 4096,
        "bytes_per_row": null,
        "kind": "table",
        "name": "traffic_daily_core",
        "rows": 0,
        "table": "traffic_daily_core"
      },
      {
        "bytes": 4096,
        "bytes_per_row": null,
        "kind": "table",
        "name": "traffic_daily_dimension",
        "rows": 0,
        "table": "traffic_daily_dimension"
      },
      {
        "bytes": 4096,
        "bytes_per_row": null,
        "kind": "table",
        "name": "traffic_hourly_dimension",
        "rows": 0,
        "table": "traffic_hourly_dimension"
      }
    ]
  },
  "traffic": {
    "conserved": true,
    "expected_added_download": 351690,
    "expected_added_upload": 104820,
    "final_download": 410305,
    "final_upload": 122290,
    "initial_download": 58615,
    "initial_upload": 17470
  },
  "warmup_wall_secs": 5.0003501,
  "writer_rows_changed": 52830
}
