{
  "all_application_file_write_bytes": null,
  "commits": 30,
  "executable_sha256": "06bac94fd88e37dcd8971893bf79c91a05e9775ceed4a06ab7e2f10b690f3dd9",
  "final_files_and_pages": {
    "active_page_bytes": 3063808,
    "archive_failed": 0,
    "archive_ok": 1116,
    "archive_spool_present_bytes": 0,
    "db_bytes": 3063808,
    "freelist_count": 0,
    "journal_mode": "wal",
    "page_count": 748,
    "page_size": 4096,
    "reusable_page_bytes": 0,
    "schema_version": 4,
    "shm_bytes": 32768,
    "spool_present_bytes": 0,
    "synchronous": 2,
    "wal_bytes": 4251872
  },
  "fixture_hash": "ac07ededfa24a46bc1fa2d003adaa60afabfdda8be8cbd2685b5615d0f2282a6",
  "frame_budget_overruns": 0,
  "frames": 30,
  "initial_files_and_pages": {
    "active_page_bytes": 3055616,
    "archive_failed": 0,
    "archive_ok": 1116,
    "archive_spool_present_bytes": 0,
    "db_bytes": 2666496,
    "freelist_count": 2,
    "journal_mode": "wal",
    "page_count": 748,
    "page_size": 4096,
    "reusable_page_bytes": 8192,
    "schema_version": 4,
    "shm_bytes": 32768,
    "spool_present_bytes": 0,
    "synchronous": 2,
    "wal_bytes": 4161232
  },
  "kind": "isolated-real-facade",
  "latency": {
    "archive_tick": {
      "count": 30,
      "max_ms": 13.9072,
      "p50_ms": 12.517800000000001,
      "p95_ms": 13.163400000000001,
      "p99_ms": 13.312299999999999
    },
    "facade_ingest_including_durable_commit": {
      "count": 30,
      "max_ms": 76.5798,
      "p50_ms": 22.3159,
      "p95_ms": 27.839,
      "p99_ms": 33.14919999999999
    },
    "live_query": {
      "count": 6,
      "max_ms": 0.8784,
      "p50_ms": 0.7189,
      "p95_ms": 0.7652,
      "p99_ms": 0.7652
    },
    "report_first_reader": {
      "count": 6,
      "max_ms": 1.3574,
      "p50_ms": 1.0603,
      "p95_ms": 1.2214,
      "p99_ms": 1.2214
    },
    "report_repeated_reader": {
      "count": 6,
      "max_ms": 1.1614,
      "p50_ms": 0.7969999999999999,
      "p95_ms": 0.8511000000000001,
      "p99_ms": 0.8511000000000001
    },
    "whole_tick": {
      "count": 30,
      "max_ms": 90.0097,
      "p50_ms": 35.992200000000004,
      "p95_ms": 42.8596,
      "p99_ms": 48.5825
    }
  },
  "limits": [
    "仅当前原生基准进程；没有 HTTP、Tauri 事件或 WebView，窗口为后台模拟状态。",
    "CPU/I/O/内存不含初始化、warmup、结果 JSON 写出及最终统计查询；采样开销包含在测量内。",
    "SQLite xWrite 只统计隔离目录内成功请求字节，不含 mmap/shm、spool、日志、系统缓存与物理设备写放大。",
    "process I/O 为 OS 当前进程计数，不能替代文件归属；spool 瞬时写入需要独立回归或文件跟踪。",
    "report first/repeated 每次均打开新 reader；未驱逐 OS page cache，不能宣称物理冷读。",
    "ingest 延迟包含 accounting、告警与提交；不是单独 SQLite commit 耗时。",
    "串行驱动没有 collector 输入队列；schedule_lag 不是实际队列深度。",
    "归档齐全 fixture 使用空历史的持久化结果；本回放不代替完整30天容量库或安装态 soak。",
    "failed 档案场景由隔离库 BEFORE INSERT 触发器拒绝持久化，非真实磁盘故障。"
  ],
  "local_utc_offset_seconds": -18000,
  "measured_wall_secs": 30.0000824,
  "native_after": {
    "cpu_seconds": 8.984375,
    "handles": 114,
    "io_read_bytes": 551654592,
    "io_write_bytes": 39757932,
    "io_write_operations": 18426,
    "private_bytes": 10317824,
    "working_set_bytes": 19824640
  },
  "native_before": {
    "cpu_seconds": 7.96875,
    "handles": 114,
    "io_read_bytes": 403161104,
    "io_write_bytes": 34850244,
    "io_write_operations": 16182,
    "private_bytes": 9125888,
    "working_set_bytes": 18472960
  },
  "native_cpu_seconds": 1.015625,
  "native_private_bytes": {
    "max": 12066816.0,
    "p95": 11603968.0,
    "samples": 30
  },
  "native_process_io_read_bytes": 148493488,
  "native_process_io_write_bytes": 4907688,
  "native_process_io_write_operations": 2244,
  "native_working_set_bytes": {
    "max": 20852736.0,
    "p95": 20303872.0,
    "samples": 30
  },
  "options": {
    "active": 1000,
    "archive": "complete",
    "dir": "C:\\Users\\lyh\\AppData\\Local\\Temp\\resiwatch-t05-20260930-q1lnvpml\\formal-matrix-20260930\\matrix-a1000-counters-baseline",
    "duration_secs": 30,
    "hz": 1,
    "metadata_change_percent": 100,
    "period_rule": false,
    "query_every_frames": 5,
    "seed": 20260919,
    "source_revision": "c278bb7b56603001e32e353d2ee589dccef0bfe9",
    "start_utc": 1800001800,
    "virtual_time": false,
    "warmup_secs": 5,
    "workload": "counters"
  },
  "platform": "windows",
  "process_id": 57520,
  "samples": [
    {
      "active_tokens": 0,
      "frame": 1,
      "live_rows": 1000,
      "native": {
        "cpu_seconds": 8.0,
        "handles": 114,
        "io_read_bytes": 408047632,
        "io_write_bytes": 34994444,
        "io_write_operations": 16252,
        "private_bytes": 10641408,
        "working_set_bytes": 19537920
      },
      "token_bytes": 0,
      "virtual_utc": 1800001806,
      "wal_bytes": 4161232,
      "wall_secs": 0.0338993
    },
    {
      "active_tokens": 0,
      "frame": 2,
      "live_rows": 1000,
      "native": {
        "cpu_seconds": 8.03125,
        "handles": 114,
        "io_read_bytes": 412958736,
        "io_write_bytes": 35138644,
        "io_write_operations": 16322,
        "private_bytes": 9359360,
        "working_set_bytes": 18657280
      },
      "token_bytes": 0,
      "virtual_utc": 1800001807,
      "wal_bytes": 4161232,
      "wall_secs": 1.0385753
    },
    {
      "active_tokens": 0,
      "frame": 3,
      "live_rows": 1000,
      "native": {
        "cpu_seconds": 8.0625,
        "handles": 114,
        "io_read_bytes": 417873936,
        "io_write_bytes": 35286964,
        "io_write_operations": 16394,
        "private_bytes": 11317248,
        "working_set_bytes": 19767296
      },
      "token_bytes": 0,
      "virtual_utc": 1800001808,
      "wal_bytes": 4161232,
      "wall_secs": 2.0345493
    },
    {
      "active_tokens": 0,
      "frame": 4,
      "live_rows": 1000,
      "native": {
        "cpu_seconds": 8.109375,
        "handles": 114,
        "io_read_bytes": 422789136,
        "io_write_bytes": 35431164,
        "io_write_operations": 16464,
        "private_bytes": 10928128,
        "working_set_bytes": 18984960
      },
      "token_bytes": 0,
      "virtual_utc": 1800001809,
      "wal_bytes": 4161232,
      "wall_secs": 3.0903783
    },
    {
      "active_tokens": 0,
      "frame": 5,
      "live_rows": 1000,
      "native": {
        "cpu_seconds": 8.140625,
        "handles": 114,
        "io_read_bytes": 427786456,
        "io_write_bytes": 35575364,
        "io_write_operations": 16534,
        "private_bytes": 11268096,
        "working_set_bytes": 20455424
      },
      "token_bytes": 0,
      "virtual_utc": 1800001810,
      "wal_bytes": 4161232,
      "wall_secs": 4.0344534
    },
    {
      "active_tokens": 0,
      "frame": 6,
      "live_rows": 1000,
      "native": {
        "cpu_seconds": 8.1875,
        "handles": 114,
        "io_read_bytes": 432701656,
        "io_write_bytes": 35719564,
        "io_write_operations": 16604,
        "private_bytes": 10682368,
        "working_set_bytes": 19410944
      },
      "token_bytes": 0,
      "virtual_utc": 1800001811,
      "wal_bytes": 4161232,
      "wall_secs": 5.0376799
    },
    {
      "active_tokens": 0,
      "frame": 7,
      "live_rows": 1000,
      "native": {
        "cpu_seconds": 8.21875,
        "handles": 114,
        "io_read_bytes": 437616856,
        "io_write_bytes": 35863764,
        "io_write_operations": 16674,
        "private_bytes": 10825728,
        "working_set_bytes": 20025344
      },
      "token_bytes": 0,
      "virtual_utc": 1800001812,
      "wal_bytes": 4161232,
      "wall_secs": 6.0345733
    },
    {
      "active_tokens": 0,
      "frame": 8,
      "live_rows": 1000,
      "native": {
        "cpu_seconds": 8.25,
        "handles": 114,
        "io_read_bytes": 442532056,
        "io_write_bytes": 36007964,
        "io_write_operations": 16744,
        "private_bytes": 9449472,
        "working_set_bytes": 18878464
      },
      "token_bytes": 0,
      "virtual_utc": 1800001813,
      "wal_bytes": 4161232,
      "wall_secs": 7.0344871
    },
    {
      "active_tokens": 0,
      "frame": 9,
      "live_rows": 1000,
      "native": {
        "cpu_seconds": 8.28125,
        "handles": 114,
        "io_read_bytes": 447447256,
        "io_write_bytes": 36152164,
        "io_write_operations": 16814,
        "private_bytes": 10907648,
        "working_set_bytes": 19939328
      },
      "token_bytes": 0,
      "virtual_utc": 1800001814,
      "wal_bytes": 4161232,
      "wall_secs": 8.0398009
    },
    {
      "active_tokens": 0,
      "frame": 10,
      "live_rows": 1000,
      "native": {
        "cpu_seconds": 8.3125,
        "handles": 114,
        "io_read_bytes": 453022112,
        "io_write_bytes": 36873900,
        "io_write_operations": 17025,
        "private_bytes": 10350592,
        "working_set_bytes": 19742720
      },
      "token_bytes": 0,
      "virtual_utc": 1800001815,
      "wal_bytes": 4251872,
      "wall_secs": 9.0487514
    },
    {
      "active_tokens": 0,
      "frame": 11,
      "live_rows": 1000,
      "native": {
        "cpu_seconds": 8.34375,
        "handles": 114,
        "io_read_bytes": 457937312,
        "io_write_bytes": 37018132,
        "io_write_operations": 17096,
        "private_bytes": 11603968,
        "working_set_bytes": 20226048
      },
      "token_bytes": 0,
      "virtual_utc": 1800001816,
      "wal_bytes": 4251872,
      "wall_secs": 10.0375633
    },
    {
      "active_tokens": 0,
      "frame": 12,
      "live_rows": 1000,
      "native": {
        "cpu_seconds": 8.375,
        "handles": 114,
        "io_read_bytes": 462852512,
        "io_write_bytes": 37162332,
        "io_write_operations": 17166,
        "private_bytes": 9486336,
        "working_set_bytes": 18919424
      },
      "token_bytes": 0,
      "virtual_utc": 1800001817,
      "wal_bytes": 4251872,
      "wall_secs": 11.0413991
    },
    {
      "active_tokens": 0,
      "frame": 13,
      "live_rows": 1000,
      "native": {
        "cpu_seconds": 8.40625,
        "handles": 114,
        "io_read_bytes": 467767712,
        "io_write_bytes": 37306532,
        "io_write_operations": 17236,
        "private_bytes": 11694080,
        "working_set_bytes": 20082688
      },
      "token_bytes": 0,
      "virtual_utc": 1800001818,
      "wal_bytes": 4251872,
      "wall_secs": 12.0365073
    },
    {
      "active_tokens": 0,
      "frame": 14,
      "live_rows": 1000,
      "native": {
        "cpu_seconds": 8.4375,
        "handles": 114,
        "io_read_bytes": 472682912,
        "io_write_bytes": 37450732,
        "io_write_operations": 17306,
        "private_bytes": 9494528,
        "working_set_bytes": 18931712
      },
      "token_bytes": 0,
      "virtual_utc": 1800001819,
      "wal_bytes": 4251872,
      "wall_secs": 13.0395233
    },
    {
      "active_tokens": 0,
      "frame": 15,
      "live_rows": 1000,
      "native": {
        "cpu_seconds": 8.484375,
        "handles": 114,
        "io_read_bytes": 477680232,
        "io_write_bytes": 37594932,
        "io_write_operations": 17376,
        "private_bytes": 10649600,
        "working_set_bytes": 19861504
      },
      "token_bytes": 0,
      "virtual_utc": 1800001820,
      "wal_bytes": 4251872,
      "wall_secs": 14.0357916
    },
    {
      "active_tokens": 0,
      "frame": 16,
      "live_rows": 1000,
      "native": {
        "cpu_seconds": 8.515625,
        "handles": 114,
        "io_read_bytes": 482595432,
        "io_write_bytes": 37739132,
        "io_write_operations": 17446,
        "private_bytes": 9441280,
        "working_set_bytes": 18923520
      },
      "token_bytes": 0,
      "virtual_utc": 1800001821,
      "wal_bytes": 4251872,
      "wall_secs": 15.0398686
    },
    {
      "active_tokens": 0,
      "frame": 17,
      "live_rows": 1000,
      "native": {
        "cpu_seconds": 8.546875,
        "handles": 114,
        "io_read_bytes": 487510632,
        "io_write_bytes": 37883332,
        "io_write_operations": 17516,
        "private_bytes": 11460608,
        "working_set_bytes": 20049920
      },
      "token_bytes": 0,
      "virtual_utc": 1800001822,
      "wal_bytes": 4251872,
      "wall_secs": 16.0342147
    },
    {
      "active_tokens": 0,
      "frame": 18,
      "live_rows": 1000,
      "native": {
        "cpu_seconds": 8.578125,
        "handles": 114,
        "io_read_bytes": 492425832,
        "io_write_bytes": 38027532,
        "io_write_operations": 17586,
        "private_bytes": 9400320,
        "working_set_bytes": 18890752
      },
      "token_bytes": 0,
      "virtual_utc": 1800001823,
      "wal_bytes": 4251872,
      "wall_secs": 17.034851
    },
    {
      "active_tokens": 0,
      "frame": 19,
      "live_rows": 1000,
      "native": {
        "cpu_seconds": 8.625,
        "handles": 114,
        "io_read_bytes": 497341032,
        "io_write_bytes": 38171732,
        "io_write_operations": 17656,
        "private_bytes": 10960896,
        "working_set_bytes": 20008960
      },
      "token_bytes": 0,
      "virtual_utc": 1800001824,
      "wal_bytes": 4251872,
      "wall_secs": 18.0357984
    },
    {
      "active_tokens": 0,
      "frame": 20,
      "live_rows": 1000,
      "native": {
        "cpu_seconds": 8.65625,
        "handles": 114,
        "io_read_bytes": 502338352,
        "io_write_bytes": 38315932,
        "io_write_operations": 17726,
        "private_bytes": 9859072,
        "working_set_bytes": 19324928
      },
      "token_bytes": 0,
      "virtual_utc": 1800001825,
      "wal_bytes": 4251872,
      "wall_secs": 19.0432729
    },
    {
      "active_tokens": 0,
      "frame": 21,
      "live_rows": 1000,
      "native": {
        "cpu_seconds": 8.6875,
        "handles": 114,
        "io_read_bytes": 507253552,
        "io_write_bytes": 38460132,
        "io_write_operations": 17796,
        "private_bytes": 10948608,
        "working_set_bytes": 20168704
      },
      "token_bytes": 0,
      "virtual_utc": 1800001826,
      "wal_bytes": 4251872,
      "wall_secs": 20.0395681
    },
    {
      "active_tokens": 0,
      "frame": 22,
      "live_rows": 1000,
      "native": {
        "cpu_seconds": 8.71875,
        "handles": 114,
        "io_read_bytes": 512168752,
        "io_write_bytes": 38604332,
        "io_write_operations": 17866,
        "private_bytes": 10723328,
        "working_set_bytes": 19873792
      },
      "token_bytes": 0,
      "virtual_utc": 1800001827,
      "wal_bytes": 4251872,
      "wall_secs": 21.0318538
    },
    {
      "active_tokens": 0,
      "frame": 23,
      "live_rows": 1000,
      "native": {
        "cpu_seconds": 8.75,
        "handles": 114,
        "io_read_bytes": 517083952,
        "io_write_bytes": 38748532,
        "io_write_operations": 17936,
        "private_bytes": 11452416,
        "working_set_bytes": 20262912
      },
      "token_bytes": 0,
      "virtual_utc": 1800001828,
      "wal_bytes": 4251872,
      "wall_secs": 22.0336955
    },
    {
      "active_tokens": 0,
      "frame": 24,
      "live_rows": 1000,
      "native": {
        "cpu_seconds": 8.78125,
        "handles": 114,
        "io_read_bytes": 521999152,
        "io_write_bytes": 38892732,
        "io_write_operations": 18006,
        "private_bytes": 10743808,
        "working_set_bytes": 20029440
      },
      "token_bytes": 0,
      "virtual_utc": 1800001829,
      "wal_bytes": 4251872,
      "wall_secs": 23.033849
    },
    {
      "active_tokens": 0,
      "frame": 25,
      "live_rows": 1000,
      "native": {
        "cpu_seconds": 8.8125,
        "handles": 114,
        "io_read_bytes": 526996472,
        "io_write_bytes": 39036932,
        "io_write_operations": 18076,
        "private_bytes": 12066816,
        "working_set_bytes": 20852736
      },
      "token_bytes": 0,
      "virtual_utc": 1800001830,
      "wal_bytes": 4251872,
      "wall_secs": 24.0383374
    },
    {
      "active_tokens": 0,
      "frame": 26,
      "live_rows": 1000,
      "native": {
        "cpu_seconds": 8.84375,
        "handles": 114,
        "io_read_bytes": 531911672,
        "io_write_bytes": 39181132,
        "io_write_operations": 18146,
        "private_bytes": 9707520,
        "working_set_bytes": 19222528
      },
      "token_bytes": 0,
      "virtual_utc": 1800001831,
      "wal_bytes": 4251872,
      "wall_secs": 25.0360634
    },
    {
      "active_tokens": 0,
      "frame": 27,
      "live_rows": 1000,
      "native": {
        "cpu_seconds": 8.875,
        "handles": 114,
        "io_read_bytes": 536826872,
        "io_write_bytes": 39325332,
        "io_write_operations": 18216,
        "private_bytes": 11603968,
        "working_set_bytes": 20262912
      },
      "token_bytes": 0,
      "virtual_utc": 1800001832,
      "wal_bytes": 4251872,
      "wall_secs": 26.0401237
    },
    {
      "active_tokens": 0,
      "frame": 28,
      "live_rows": 1000,
      "native": {
        "cpu_seconds": 8.90625,
        "handles": 114,
        "io_read_bytes": 541742072,
        "io_write_bytes": 39469532,
        "io_write_operations": 18286,
        "private_bytes": 9969664,
        "working_set_bytes": 19501056
      },
      "token_bytes": 0,
      "virtual_utc": 1800001833,
      "wal_bytes": 4251872,
      "wall_secs": 27.0339026
    },
    {
      "active_tokens": 0,
      "frame": 29,
      "live_rows": 1000,
      "native": {
        "cpu_seconds": 8.9375,
        "handles": 114,
        "io_read_bytes": 546657272,
        "io_write_bytes": 39613732,
        "io_write_operations": 18356,
        "private_bytes": 11014144,
        "working_set_bytes": 20303872
      },
      "token_bytes": 0,
      "virtual_utc": 1800001834,
      "wal_bytes": 4251872,
      "wall_secs": 28.038053
    },
    {
      "active_tokens": 0,
      "frame": 30,
      "live_rows": 1000,
      "native": {
        "cpu_seconds": 8.984375,
        "handles": 114,
        "io_read_bytes": 551654592,
        "io_write_bytes": 39757932,
        "io_write_operations": 18426,
        "private_bytes": 9822208,
        "working_set_bytes": 19345408
      },
      "token_bytes": 0,
      "virtual_utc": 1800001835,
      "wal_bytes": 4251872,
      "wall_secs": 29.0369755
    }
  ],
  "schedule_lag_frames_max": 0,
  "schema_version": 1,
  "simulated_secs": 30,
  "spool_write_bytes": null,
  "sqlite_application_file_write_bytes": 4907688,
  "sqlite_xwrite": {
    "db_bytes": 577536,
    "failed_calls": 0,
    "other_sqlite_file_bytes": 0,
    "successful_calls": 2244,
    "wal_bytes": 4330152
  },
  "synchronous": "FULL",
  "tables_and_indexes": {
    "dbstat_available": true,
    "objects": [
      {
        "bytes": 4096,
        "bytes_per_row": null,
        "kind": "table",
        "name": "alert_event",
        "rows": 0,
        "table": "alert_event"
      },
      {
        "bytes": 4096,
        "bytes_per_row": 585.1428571428571,
        "kind": "table",
        "name": "alert_instance",
        "rows": 7,
        "table": "alert_instance"
      },
      {
        "bytes": 4096,
        "bytes_per_row": null,
        "kind": "index",
        "name": "alert_instance_active_uniq",
        "rows": null,
        "table": "alert_instance"
      },
      {
        "bytes": 4096,
        "bytes_per_row": null,
        "kind": "index",
        "name": "alert_instance_identity",
        "rows": null,
        "table": "alert_instance"
      },
      {
        "bytes": 4096,
        "bytes_per_row": 585.1428571428571,
        "kind": "table",
        "name": "alert_rule",
        "rows": 7,
        "table": "alert_rule"
      },
      {
        "bytes": 4096,
        "bytes_per_row": null,
        "kind": "table",
        "name": "backup_manifest",
        "rows": 0,
        "table": "backup_manifest"
      },
      {
        "bytes": 4096,
        "bytes_per_row": 4096.0,
        "kind": "table",
        "name": "bundle_epoch",
        "rows": 1,
        "table": "bundle_epoch"
      },
      {
        "bytes": 4096,
        "bytes_per_row": 113.77777777777777,
        "kind": "table",
        "name": "committed_bundle",
        "rows": 36,
        "table": "committed_bundle"
      },
      {
        "bytes": 49152,
        "bytes_per_row": 24.576,
        "kind": "table",
        "name": "connection_chain",
        "rows": 2000,
        "table": "connection_chain"
      },
      {
        "bytes": 24576,
        "bytes_per_row": 24.576,
        "kind": "table",
        "name": "connection_minute",
        "rows": 1000,
        "table": "connection_minute"
      },
      {
        "bytes": 53248,
        "bytes_per_row": 53.248,
        "kind": "table",
        "name": "connection_session",
        "rows": 1000,
        "table": "connection_session"
      },
      {
        "bytes": 40960,
        "bytes_per_row": 40.96,
        "kind": "table",
        "name": "connection_session_attr",
        "rows": 1000,
        "table": "connection_session_attr"
      },
      {
        "bytes": 24576,
        "bytes_per_row": null,
        "kind": "index",
        "name": "connection_session_identity",
        "rows": null,
        "table": "connection_session"
      },
      {
        "bytes": 4096,
        "bytes_per_row": 4096.0,
        "kind": "table",
        "name": "controller_epoch",
        "rows": 1,
        "table": "controller_epoch"
      },
      {
        "bytes": 4096,
        "bytes_per_row": null,
        "kind": "table",
        "name": "coverage_daily",
        "rows": 0,
        "table": "coverage_daily"
      },
      {
        "bytes": 4096,
        "bytes_per_row": null,
        "kind": "table",
        "name": "coverage_interval",
        "rows": 0,
        "table": "coverage_interval"
      },
      {
        "bytes": 4096,
        "bytes_per_row": 4096.0,
        "kind": "table",
        "name": "data_version",
        "rows": 1,
        "table": "data_version"
      },
      {
        "bytes": 4096,
        "bytes_per_row": 39.00952380952381,
        "kind": "table",
        "name": "dimension_dict",
        "rows": 105,
        "table": "dimension_dict"
      },
      {
        "bytes": 4096,
        "bytes_per_row": null,
        "kind": "index",
        "name": "dimension_dict_value",
        "rows": null,
        "table": "dimension_dict"
      },
      {
        "bytes": 4096,
        "bytes_per_row": null,
        "kind": "index",
        "name": "idx_alert_event_retention",
        "rows": null,
        "table": "alert_event"
      },
      {
        "bytes": 4096,
        "bytes_per_row": null,
        "kind": "index",
        "name": "idx_alert_instance_center",
        "rows": null,
        "table": "alert_instance"
      },
      {
        "bytes": 20480,
        "bytes_per_row": null,
        "kind": "index",
        "name": "idx_connection_minute_utc",
        "rows": null,
        "table": "connection_minute"
      },
      {
        "bytes": 16384,
        "bytes_per_row": null,
        "kind": "index",
        "name": "idx_connection_session_started",
        "rows": null,
        "table": "connection_session"
      },
      {
        "bytes": 4096,
        "bytes_per_row": null,
        "kind": "index",
        "name": "idx_daily_core_day",
        "rows": null,
        "table": "traffic_daily_core"
      },
      {
        "bytes": 4096,
        "bytes_per_row": null,
        "kind": "index",
        "name": "idx_daily_dim_lookup",
        "rows": null,
        "table": "traffic_daily_dimension"
      },
      {
        "bytes": 4096,
        "bytes_per_row": null,
        "kind": "index",
        "name": "idx_hourly_dim_lookup",
        "rows": null,
        "table": "traffic_hourly_dimension"
      },
      {
        "bytes": 4096,
        "bytes_per_row": null,
        "kind": "index",
        "name": "idx_outbox_due",
        "rows": null,
        "table": "notification_outbox"
      },
      {
        "bytes": 4096,
        "bytes_per_row": null,
        "kind": "index",
        "name": "idx_outbox_lease",
        "rows": null,
        "table": "notification_outbox"
      },
      {
        "bytes": 28672,
        "bytes_per_row": null,
        "kind": "index",
        "name": "idx_report_archive_kind_start",
        "rows": null,
        "table": "report_archive"
      },
      {
        "bytes": 16384,
        "bytes_per_row": null,
        "kind": "index",
        "name": "idx_session_attr_host",
        "rows": null,
        "table": "connection_session_attr"
      },
      {
        "bytes": 4096,
        "bytes_per_row": null,
        "kind": "table",
        "name": "machine_setting",
        "rows": 0,
        "table": "machine_setting"
      },
      {
        "bytes": 4096,
        "bytes_per_row": null,
        "kind": "table",
        "name": "notification_outbox",
        "rows": 0,
        "table": "notification_outbox"
      },
      {
        "bytes": 2297856,
        "bytes_per_row": 2059.010752688172,
        "kind": "table",
        "name": "report_archive",
        "rows": 1116,
        "table": "report_archive"
      },
      {
        "bytes": 176128,
        "bytes_per_row": null,
        "kind": "index",
        "name": "report_archive_period_uniq",
        "rows": null,
        "table": "report_archive"
      },
      {
        "bytes": 4096,
        "bytes_per_row": null,
        "kind": "table",
        "name": "report_snapshot_meta",
        "rows": 0,
        "table": "report_snapshot_meta"
      },
      {
        "bytes": 4096,
        "bytes_per_row": null,
        "kind": "table",
        "name": "retention_state",
        "rows": 0,
        "table": "retention_state"
      },
      {
        "bytes": 4096,
        "bytes_per_row": 1024.0,
        "kind": "table",
        "name": "retention_watermark",
        "rows": 4,
        "table": "retention_watermark"
      },
      {
        "bytes": 4096,
        "bytes_per_row": 1024.0,
        "kind": "table",
        "name": "schema_migration",
        "rows": 4,
        "table": "schema_migration"
      },
      {
        "bytes": 4096,
        "bytes_per_row": null,
        "kind": "index",
        "name": "sqlite_autoindex_alert_event_1",
        "rows": null,
        "table": "alert_event"
      },
      {
        "bytes": 4096,
        "bytes_per_row": null,
        "kind": "index",
        "name": "sqlite_autoindex_alert_event_2",
        "rows": null,
        "table": "alert_event"
      },
      {
        "bytes": 4096,
        "bytes_per_row": null,
        "kind": "index",
        "name": "sqlite_autoindex_alert_instance_1",
        "rows": null,
        "table": "alert_instance"
      },
      {
        "bytes": 4096,
        "bytes_per_row": null,
        "kind": "index",
        "name": "sqlite_autoindex_alert_rule_1",
        "rows": null,
        "table": "alert_rule"
      },
      {
        "bytes": 4096,
        "bytes_per_row": null,
        "kind": "index",
        "name": "sqlite_autoindex_committed_bundle_1",
        "rows": null,
        "table": "committed_bundle"
      },
      {
        "bytes": 28672,
        "bytes_per_row": null,
        "kind": "index",
        "name": "sqlite_autoindex_connection_chain_1",
        "rows": null,
        "table": "connection_chain"
      },
      {
        "bytes": 20480,
        "bytes_per_row": null,
        "kind": "index",
        "name": "sqlite_autoindex_connection_minute_1",
        "rows": null,
        "table": "connection_minute"
      },
      {
        "bytes": 4096,
        "bytes_per_row": null,
        "kind": "index",
        "name": "sqlite_autoindex_dimension_dict_1",
        "rows": null,
        "table": "dimension_dict"
      },
      {
        "bytes": 4096,
        "bytes_per_row": null,
        "kind": "index",
        "name": "sqlite_autoindex_machine_setting_1",
        "rows": null,
        "table": "machine_setting"
      },
      {
        "bytes": 4096,
        "bytes_per_row": null,
        "kind": "index",
        "name": "sqlite_autoindex_notification_outbox_1",
        "rows": null,
        "table": "notification_outbox"
      },
      {
        "bytes": 4096,
        "bytes_per_row": null,
        "kind": "index",
        "name": "sqlite_autoindex_notification_outbox_2",
        "rows": null,
        "table": "notification_outbox"
      },
      {
        "bytes": 53248,
        "bytes_per_row": null,
        "kind": "index",
        "name": "sqlite_autoindex_report_archive_1",
        "rows": null,
        "table": "report_archive"
      },
      {
        "bytes": 4096,
        "bytes_per_row": null,
        "kind": "index",
        "name": "sqlite_autoindex_report_snapshot_meta_1",
        "rows": null,
        "table": "report_snapshot_meta"
      },
      {
        "bytes": 4096,
        "bytes_per_row": null,
        "kind": "index",
        "name": "sqlite_autoindex_retention_state_1",
        "rows": null,
        "table": "retention_state"
      },
      {
        "bytes": 4096,
        "bytes_per_row": null,
        "kind": "index",
        "name": "sqlite_autoindex_retention_watermark_1",
        "rows": null,
        "table": "retention_watermark"
      },
      {
        "bytes": 4096,
        "bytes_per_row": null,
        "kind": "index",
        "name": "sqlite_autoindex_target_item_1",
        "rows": null,
        "table": "target_item"
      },
      {
        "bytes": 4096,
        "bytes_per_row": null,
        "kind": "index",
        "name": "sqlite_autoindex_traffic_daily_core_1",
        "rows": null,
        "table": "traffic_daily_core"
      },
      {
        "bytes": 4096,
        "bytes_per_row": null,
        "kind": "index",
        "name": "sqlite_autoindex_traffic_daily_dimension_1",
        "rows": null,
        "table": "traffic_daily_dimension"
      },
      {
        "bytes": 4096,
        "bytes_per_row": null,
        "kind": "index",
        "name": "sqlite_autoindex_traffic_hourly_dimension_1",
        "rows": null,
        "table": "traffic_hourly_dimension"
      },
      {
        "bytes": 4096,
        "bytes_per_row": 4096.0,
        "kind": "table",
        "name": "target_item",
        "rows": 1,
        "table": "target_item"
      },
      {
        "bytes": 4096,
        "bytes_per_row": 4096.0,
        "kind": "table",
        "name": "target_set",
        "rows": 1,
        "table": "target_set"
      },
      {
        "bytes": 4096,
        "bytes_per_row": null,
        "kind": "table",
        "name": "traffic_daily_core",
        "rows": 0,
        "table": "traffic_daily_core"
      },
      {
        "bytes": 4096,
        "bytes_per_row": null,
        "kind": "table",
        "name": "traffic_daily_dimension",
        "rows": 0,
        "table": "traffic_daily_dimension"
      },
      {
        "bytes": 4096,
        "bytes_per_row": null,
        "kind": "table",
        "name": "traffic_hourly_dimension",
        "rows": 0,
        "table": "traffic_hourly_dimension"
      }
    ]
  },
  "traffic": {
    "conserved": true,
    "expected_added_download": 1407480,
    "expected_added_upload": 420120,
    "final_download": 1642060,
    "final_upload": 490140,
    "initial_download": 234580,
    "initial_upload": 70020
  },
  "warmup_wall_secs": 5.0000334,
  "writer_rows_changed": 180300
}
