{
  "all_application_file_write_bytes": null,
  "commits": 30,
  "executable_sha256": "06bac94fd88e37dcd8971893bf79c91a05e9775ceed4a06ab7e2f10b690f3dd9",
  "final_files_and_pages": {
    "active_page_bytes": 3010560,
    "archive_failed": 0,
    "archive_ok": 1116,
    "archive_spool_present_bytes": 0,
    "db_bytes": 3010560,
    "freelist_count": 0,
    "journal_mode": "wal",
    "page_count": 735,
    "page_size": 4096,
    "reusable_page_bytes": 0,
    "schema_version": 4,
    "shm_bytes": 32768,
    "spool_present_bytes": 0,
    "synchronous": 2,
    "wal_bytes": 4235392
  },
  "fixture_hash": "3b863d21eff492ec00e7c7238521690df4a0c099fa9295cda6880795af521739",
  "frame_budget_overruns": 0,
  "frames": 30,
  "initial_files_and_pages": {
    "active_page_bytes": 3002368,
    "archive_failed": 0,
    "archive_ok": 1116,
    "archive_spool_present_bytes": 0,
    "db_bytes": 2666496,
    "freelist_count": 1,
    "journal_mode": "wal",
    "page_count": 734,
    "page_size": 4096,
    "reusable_page_bytes": 4096,
    "schema_version": 4,
    "shm_bytes": 32768,
    "spool_present_bytes": 0,
    "synchronous": 2,
    "wal_bytes": 4161232
  },
  "kind": "isolated-real-facade",
  "latency": {
    "archive_tick": {
      "count": 30,
      "max_ms": 17.8001,
      "p50_ms": 12.7791,
      "p95_ms": 13.788699999999999,
      "p99_ms": 15.218499999999999
    },
    "facade_ingest_including_durable_commit": {
      "count": 30,
      "max_ms": 23.2612,
      "p50_ms": 18.0875,
      "p95_ms": 22.719900000000003,
      "p99_ms": 22.7454
    },
    "live_query": {
      "count": 6,
      "max_ms": 1.039,
      "p50_ms": 0.6357,
      "p95_ms": 0.8938,
      "p99_ms": 0.8938
    },
    "report_first_reader": {
      "count": 6,
      "max_ms": 1.9111,
      "p50_ms": 1.0798999999999999,
      "p95_ms": 1.1502000000000001,
      "p99_ms": 1.1502000000000001
    },
    "report_repeated_reader": {
      "count": 6,
      "max_ms": 2.0221,
      "p50_ms": 0.8241,
      "p95_ms": 0.8437,
      "p99_ms": 0.8437
    },
    "whole_tick": {
      "count": 30,
      "max_ms": 41.8421,
      "p50_ms": 31.7477,
      "p95_ms": 36.7375,
      "p99_ms": 39.495200000000004
    }
  },
  "limits": [
    "仅当前原生基准进程；没有 HTTP、Tauri 事件或 WebView，窗口为后台模拟状态。",
    "CPU/I/O/内存不含初始化、warmup、结果 JSON 写出及最终统计查询；采样开销包含在测量内。",
    "SQLite xWrite 只统计隔离目录内成功请求字节，不含 mmap/shm、spool、日志、系统缓存与物理设备写放大。",
    "process I/O 为 OS 当前进程计数，不能替代文件归属；spool 瞬时写入需要独立回归或文件跟踪。",
    "report first/repeated 每次均打开新 reader；未驱逐 OS page cache，不能宣称物理冷读。",
    "ingest 延迟包含 accounting、告警与提交；不是单独 SQLite commit 耗时。",
    "串行驱动没有 collector 输入队列；schedule_lag 不是实际队列深度。",
    "归档齐全 fixture 使用空历史的持久化结果；本回放不代替完整30天容量库或安装态 soak。",
    "failed 档案场景由隔离库 BEFORE INSERT 触发器拒绝持久化，非真实磁盘故障。"
  ],
  "local_utc_offset_seconds": -18000,
  "measured_wall_secs": 30.0003334,
  "native_after": {
    "cpu_seconds": 8.96875,
    "handles": 114,
    "io_read_bytes": 549983424,
    "io_write_bytes": 38893116,
    "io_write_operations": 18022,
    "private_bytes": 11018240,
    "working_set_bytes": 19832832
  },
  "native_before": {
    "cpu_seconds": 8.015625,
    "handles": 114,
    "io_read_bytes": 402939920,
    "io_write_bytes": 34685444,
    "io_write_operations": 16102,
    "private_bytes": 9400320,
    "working_set_bytes": 18714624
  },
  "native_cpu_seconds": 0.953125,
  "native_private_bytes": {
    "max": 11390976.0,
    "p95": 11030528.0,
    "samples": 30
  },
  "native_process_io_read_bytes": 147043504,
  "native_process_io_write_bytes": 4207672,
  "native_process_io_write_operations": 1920,
  "native_working_set_bytes": {
    "max": 20410368.0,
    "p95": 20135936.0,
    "samples": 30
  },
  "options": {
    "active": 1000,
    "archive": "complete",
    "dir": "C:\\Users\\lyh\\AppData\\Local\\Temp\\resiwatch-t05-20260930-q1lnvpml\\formal-matrix-20260930\\matrix-a1000-unchanged-baseline",
    "duration_secs": 30,
    "hz": 1,
    "metadata_change_percent": 100,
    "period_rule": false,
    "query_every_frames": 5,
    "seed": 20260919,
    "source_revision": "c278bb7b56603001e32e353d2ee589dccef0bfe9",
    "start_utc": 1800001800,
    "virtual_time": false,
    "warmup_secs": 5,
    "workload": "unchanged"
  },
  "platform": "windows",
  "process_id": 51560,
  "samples": [
    {
      "active_tokens": 0,
      "frame": 1,
      "live_rows": 1000,
      "native": {
        "cpu_seconds": 8.046875,
        "handles": 114,
        "io_read_bytes": 407805968,
        "io_write_bytes": 34804924,
        "io_write_operations": 16160,
        "private_bytes": 10489856,
        "working_set_bytes": 19533824
      },
      "token_bytes": 0,
      "virtual_utc": 1800001806,
      "wal_bytes": 4161232,
      "wall_secs": 0.0298628
    },
    {
      "active_tokens": 0,
      "frame": 2,
      "live_rows": 1000,
      "native": {
        "cpu_seconds": 8.078125,
        "handles": 114,
        "io_read_bytes": 412672016,
        "io_write_bytes": 34924404,
        "io_write_operations": 16218,
        "private_bytes": 9920512,
        "working_set_bytes": 18993152
      },
      "token_bytes": 0,
      "virtual_utc": 1800001807,
      "wal_bytes": 4161232,
      "wall_secs": 1.0320564
    },
    {
      "active_tokens": 0,
      "frame": 3,
      "live_rows": 1000,
      "native": {
        "cpu_seconds": 8.109375,
        "handles": 114,
        "io_read_bytes": 417538064,
        "io_write_bytes": 35043884,
        "io_write_operations": 16276,
        "private_bytes": 10428416,
        "working_set_bytes": 19374080
      },
      "token_bytes": 0,
      "virtual_utc": 1800001808,
      "wal_bytes": 4161232,
      "wall_secs": 2.0318684
    },
    {
      "active_tokens": 0,
      "frame": 4,
      "live_rows": 1000,
      "native": {
        "cpu_seconds": 8.140625,
        "handles": 114,
        "io_read_bytes": 422404112,
        "io_write_bytes": 35167484,
        "io_write_operations": 16336,
        "private_bytes": 9822208,
        "working_set_bytes": 18915328
      },
      "token_bytes": 0,
      "virtual_utc": 1800001809,
      "wal_bytes": 4161232,
      "wall_secs": 3.0288941
    },
    {
      "active_tokens": 0,
      "frame": 5,
      "live_rows": 1000,
      "native": {
        "cpu_seconds": 8.171875,
        "handles": 114,
        "io_read_bytes": 427348184,
        "io_write_bytes": 35291084,
        "io_write_operations": 16396,
        "private_bytes": 10977280,
        "working_set_bytes": 20135936
      },
      "token_bytes": 0,
      "virtual_utc": 1800001810,
      "wal_bytes": 4161232,
      "wall_secs": 4.0321073
    },
    {
      "active_tokens": 0,
      "frame": 6,
      "live_rows": 1000,
      "native": {
        "cpu_seconds": 8.203125,
        "handles": 114,
        "io_read_bytes": 432218328,
        "io_write_bytes": 35414684,
        "io_write_operations": 16456,
        "private_bytes": 9728000,
        "working_set_bytes": 19009536
      },
      "token_bytes": 0,
      "virtual_utc": 1800001811,
      "wal_bytes": 4161232,
      "wall_secs": 5.0288455
    },
    {
      "active_tokens": 0,
      "frame": 7,
      "live_rows": 1000,
      "native": {
        "cpu_seconds": 8.234375,
        "handles": 114,
        "io_read_bytes": 437088472,
        "io_write_bytes": 35538284,
        "io_write_operations": 16516,
        "private_bytes": 10403840,
        "working_set_bytes": 19533824
      },
      "token_bytes": 0,
      "virtual_utc": 1800001812,
      "wal_bytes": 4161232,
      "wall_secs": 6.0312131
    },
    {
      "active_tokens": 0,
      "frame": 8,
      "live_rows": 1000,
      "native": {
        "cpu_seconds": 8.265625,
        "handles": 114,
        "io_read_bytes": 441958616,
        "io_write_bytes": 35661884,
        "io_write_operations": 16576,
        "private_bytes": 9838592,
        "working_set_bytes": 19046400
      },
      "token_bytes": 0,
      "virtual_utc": 1800001813,
      "wal_bytes": 4161232,
      "wall_secs": 7.0294427
    },
    {
      "active_tokens": 0,
      "frame": 9,
      "live_rows": 1000,
      "native": {
        "cpu_seconds": 8.296875,
        "handles": 114,
        "io_read_bytes": 446828760,
        "io_write_bytes": 35785484,
        "io_write_operations": 16636,
        "private_bytes": 10526720,
        "working_set_bytes": 19599360
      },
      "token_bytes": 0,
      "virtual_utc": 1800001814,
      "wal_bytes": 4161232,
      "wall_secs": 8.0357953
    },
    {
      "active_tokens": 0,
      "frame": 10,
      "live_rows": 1000,
      "native": {
        "cpu_seconds": 8.328125,
        "handles": 114,
        "io_read_bytes": 451772832,
        "io_write_bytes": 35909084,
        "io_write_operations": 16696,
        "private_bytes": 11030528,
        "working_set_bytes": 19820544
      },
      "token_bytes": 0,
      "virtual_utc": 1800001815,
      "wal_bytes": 4161232,
      "wall_secs": 9.0423104
    },
    {
      "active_tokens": 0,
      "frame": 11,
      "live_rows": 1000,
      "native": {
        "cpu_seconds": 8.359375,
        "handles": 114,
        "io_read_bytes": 456642976,
        "io_write_bytes": 36032684,
        "io_write_operations": 16756,
        "private_bytes": 10608640,
        "working_set_bytes": 19771392
      },
      "token_bytes": 0,
      "virtual_utc": 1800001816,
      "wal_bytes": 4161232,
      "wall_secs": 10.0303404
    },
    {
      "active_tokens": 0,
      "frame": 12,
      "live_rows": 1000,
      "native": {
        "cpu_seconds": 8.390625,
        "handles": 114,
        "io_read_bytes": 461513120,
        "io_write_bytes": 36156284,
        "io_write_operations": 16816,
        "private_bytes": 10072064,
        "working_set_bytes": 19210240
      },
      "token_bytes": 0,
      "virtual_utc": 1800001817,
      "wal_bytes": 4161232,
      "wall_secs": 11.0347457
    },
    {
      "active_tokens": 0,
      "frame": 13,
      "live_rows": 1000,
      "native": {
        "cpu_seconds": 8.421875,
        "handles": 114,
        "io_read_bytes": 466895264,
        "io_write_bytes": 36791884,
        "io_write_operations": 17001,
        "private_bytes": 10674176,
        "working_set_bytes": 19623936
      },
      "token_bytes": 0,
      "virtual_utc": 1800001818,
      "wal_bytes": 4235392,
      "wall_secs": 12.0348164
    },
    {
      "active_tokens": 0,
      "frame": 14,
      "live_rows": 1000,
      "native": {
        "cpu_seconds": 8.453125,
        "handles": 114,
        "io_read_bytes": 471765408,
        "io_write_bytes": 36915516,
        "io_write_operations": 17062,
        "private_bytes": 10199040,
        "working_set_bytes": 19275776
      },
      "token_bytes": 0,
      "virtual_utc": 1800001819,
      "wal_bytes": 4235392,
      "wall_secs": 13.0320139
    },
    {
      "active_tokens": 0,
      "frame": 15,
      "live_rows": 1000,
      "native": {
        "cpu_seconds": 8.5,
        "handles": 114,
        "io_read_bytes": 476709480,
        "io_write_bytes": 37039116,
        "io_write_operations": 17122,
        "private_bytes": 11390976,
        "working_set_bytes": 20410368
      },
      "token_bytes": 0,
      "virtual_utc": 1800001820,
      "wal_bytes": 4235392,
      "wall_secs": 14.0396913
    },
    {
      "active_tokens": 0,
      "frame": 16,
      "live_rows": 1000,
      "native": {
        "cpu_seconds": 8.53125,
        "handles": 114,
        "io_read_bytes": 481579624,
        "io_write_bytes": 37162716,
        "io_write_operations": 17182,
        "private_bytes": 10256384,
        "working_set_bytes": 19312640
      },
      "token_bytes": 0,
      "virtual_utc": 1800001821,
      "wal_bytes": 4235392,
      "wall_secs": 15.0343847
    },
    {
      "active_tokens": 0,
      "frame": 17,
      "live_rows": 1000,
      "native": {
        "cpu_seconds": 8.5625,
        "handles": 114,
        "io_read_bytes": 486449768,
        "io_write_bytes": 37286316,
        "io_write_operations": 17242,
        "private_bytes": 10674176,
        "working_set_bytes": 19632128
      },
      "token_bytes": 0,
      "virtual_utc": 1800001822,
      "wal_bytes": 4235392,
      "wall_secs": 16.0304774
    },
    {
      "active_tokens": 0,
      "frame": 18,
      "live_rows": 1000,
      "native": {
        "cpu_seconds": 8.59375,
        "handles": 114,
        "io_read_bytes": 491319912,
        "io_write_bytes": 37409916,
        "io_write_operations": 17302,
        "private_bytes": 9891840,
        "working_set_bytes": 19181568
      },
      "token_bytes": 0,
      "virtual_utc": 1800001823,
      "wal_bytes": 4235392,
      "wall_secs": 17.0300652
    },
    {
      "active_tokens": 0,
      "frame": 19,
      "live_rows": 1000,
      "native": {
        "cpu_seconds": 8.625,
        "handles": 114,
        "io_read_bytes": 496190056,
        "io_write_bytes": 37533516,
        "io_write_operations": 17362,
        "private_bytes": 10301440,
        "working_set_bytes": 19599360
      },
      "token_bytes": 0,
      "virtual_utc": 1800001824,
      "wal_bytes": 4235392,
      "wall_secs": 18.0348046
    },
    {
      "active_tokens": 0,
      "frame": 20,
      "live_rows": 1000,
      "native": {
        "cpu_seconds": 8.65625,
        "handles": 114,
        "io_read_bytes": 501134128,
        "io_write_bytes": 37657116,
        "io_write_operations": 17422,
        "private_bytes": 10678272,
        "working_set_bytes": 19832832
      },
      "token_bytes": 0,
      "virtual_utc": 1800001825,
      "wal_bytes": 4235392,
      "wall_secs": 19.0319218
    },
    {
      "active_tokens": 0,
      "frame": 21,
      "live_rows": 1000,
      "native": {
        "cpu_seconds": 8.6875,
        "handles": 114,
        "io_read_bytes": 506004272,
        "io_write_bytes": 37780716,
        "io_write_operations": 17482,
        "private_bytes": 10612736,
        "working_set_bytes": 19738624
      },
      "token_bytes": 0,
      "virtual_utc": 1800001826,
      "wal_bytes": 4235392,
      "wall_secs": 20.0365047
    },
    {
      "active_tokens": 0,
      "frame": 22,
      "live_rows": 1000,
      "native": {
        "cpu_seconds": 8.71875,
        "handles": 114,
        "io_read_bytes": 510874416,
        "io_write_bytes": 37904316,
        "io_write_operations": 17542,
        "private_bytes": 10125312,
        "working_set_bytes": 19320832
      },
      "token_bytes": 0,
      "virtual_utc": 1800001827,
      "wal_bytes": 4235392,
      "wall_secs": 21.0344592
    },
    {
      "active_tokens": 0,
      "frame": 23,
      "live_rows": 1000,
      "native": {
        "cpu_seconds": 8.75,
        "handles": 114,
        "io_read_bytes": 515744560,
        "io_write_bytes": 38027916,
        "io_write_operations": 17602,
        "private_bytes": 10448896,
        "working_set_bytes": 19607552
      },
      "token_bytes": 0,
      "virtual_utc": 1800001828,
      "wal_bytes": 4235392,
      "wall_secs": 22.0355774
    },
    {
      "active_tokens": 0,
      "frame": 24,
      "live_rows": 1000,
      "native": {
        "cpu_seconds": 8.78125,
        "handles": 114,
        "io_read_bytes": 520614704,
        "io_write_bytes": 38151516,
        "io_write_operations": 17662,
        "private_bytes": 9809920,
        "working_set_bytes": 19206144
      },
      "token_bytes": 0,
      "virtual_utc": 1800001829,
      "wal_bytes": 4235392,
      "wall_secs": 23.031003
    },
    {
      "active_tokens": 0,
      "frame": 25,
      "live_rows": 1000,
      "native": {
        "cpu_seconds": 8.8125,
        "handles": 114,
        "io_read_bytes": 525558776,
        "io_write_bytes": 38275116,
        "io_write_operations": 17722,
        "private_bytes": 11161600,
        "working_set_bytes": 20385792
      },
      "token_bytes": 0,
      "virtual_utc": 1800001830,
      "wal_bytes": 4235392,
      "wall_secs": 24.0371047
    },
    {
      "active_tokens": 0,
      "frame": 26,
      "live_rows": 1000,
      "native": {
        "cpu_seconds": 8.84375,
        "handles": 114,
        "io_read_bytes": 530428920,
        "io_write_bytes": 38398716,
        "io_write_operations": 17782,
        "private_bytes": 9859072,
        "working_set_bytes": 19206144
      },
      "token_bytes": 0,
      "virtual_utc": 1800001831,
      "wal_bytes": 4235392,
      "wall_secs": 25.0352821
    },
    {
      "active_tokens": 0,
      "frame": 27,
      "live_rows": 1000,
      "native": {
        "cpu_seconds": 8.875,
        "handles": 114,
        "io_read_bytes": 535299064,
        "io_write_bytes": 38522316,
        "io_write_operations": 17842,
        "private_bytes": 10792960,
        "working_set_bytes": 19824640
      },
      "token_bytes": 0,
      "virtual_utc": 1800001832,
      "wal_bytes": 4235392,
      "wall_secs": 26.0346055
    },
    {
      "active_tokens": 0,
      "frame": 28,
      "live_rows": 1000,
      "native": {
        "cpu_seconds": 8.90625,
        "handles": 114,
        "io_read_bytes": 540169208,
        "io_write_bytes": 38645916,
        "io_write_operations": 17902,
        "private_bytes": 9838592,
        "working_set_bytes": 19218432
      },
      "token_bytes": 0,
      "virtual_utc": 1800001833,
      "wal_bytes": 4235392,
      "wall_secs": 27.0297711
    },
    {
      "active_tokens": 0,
      "frame": 29,
      "live_rows": 1000,
      "native": {
        "cpu_seconds": 8.9375,
        "handles": 114,
        "io_read_bytes": 545039352,
        "io_write_bytes": 38769516,
        "io_write_operations": 17962,
        "private_bytes": 10526720,
        "working_set_bytes": 19693568
      },
      "token_bytes": 0,
      "virtual_utc": 1800001834,
      "wal_bytes": 4235392,
      "wall_secs": 28.0301224
    },
    {
      "active_tokens": 0,
      "frame": 30,
      "live_rows": 1000,
      "native": {
        "cpu_seconds": 8.96875,
        "handles": 114,
        "io_read_bytes": 549983424,
        "io_write_bytes": 38893116,
        "io_write_operations": 18022,
        "private_bytes": 11018240,
        "working_set_bytes": 19832832
      },
      "token_bytes": 0,
      "virtual_utc": 1800001835,
      "wal_bytes": 4235392,
      "wall_secs": 29.0344998
    }
  ],
  "schedule_lag_frames_max": 0,
  "schema_version": 1,
  "simulated_secs": 30,
  "spool_write_bytes": null,
  "sqlite_application_file_write_bytes": 4207672,
  "sqlite_xwrite": {
    "db_bytes": 512000,
    "failed_calls": 0,
    "other_sqlite_file_bytes": 0,
    "successful_calls": 1920,
    "wal_bytes": 3695672
  },
  "synchronous": "FULL",
  "tables_and_indexes": {
    "dbstat_available": true,
    "objects": [
      {
        "bytes": 4096,
        "bytes_per_row": null,
        "kind": "table",
        "name": "alert_event",
        "rows": 0,
        "table": "alert_event"
      },
      {
        "bytes": 4096,
        "bytes_per_row": 585.1428571428571,
        "kind": "table",
        "name": "alert_instance",
        "rows": 7,
        "table": "alert_instance"
      },
      {
        "bytes": 4096,
        "bytes_per_row": null,
        "kind": "index",
        "name": "alert_instance_active_uniq",
        "rows": null,
        "table": "alert_instance"
      },
      {
        "bytes": 4096,
        "bytes_per_row": null,
        "kind": "index",
        "name": "alert_instance_identity",
        "rows": null,
        "table": "alert_instance"
      },
      {
        "bytes": 4096,
        "bytes_per_row": 585.1428571428571,
        "kind": "table",
        "name": "alert_rule",
        "rows": 7,
        "table": "alert_rule"
      },
      {
        "bytes": 4096,
        "bytes_per_row": null,
        "kind": "table",
        "name": "backup_manifest",
        "rows": 0,
        "table": "backup_manifest"
      },
      {
        "bytes": 4096,
        "bytes_per_row": 4096.0,
        "kind": "table",
        "name": "bundle_epoch",
        "rows": 1,
        "table": "bundle_epoch"
      },
      {
        "bytes": 4096,
        "bytes_per_row": 113.77777777777777,
        "kind": "table",
        "name": "committed_bundle",
        "rows": 36,
        "table": "committed_bundle"
      },
      {
        "bytes": 49152,
        "bytes_per_row": 24.576,
        "kind": "table",
        "name": "connection_chain",
        "rows": 2000,
        "table": "connection_chain"
      },
      {
        "bytes": 4096,
        "bytes_per_row": null,
        "kind": "table",
        "name": "connection_minute",
        "rows": 0,
        "table": "connection_minute"
      },
      {
        "bytes": 53248,
        "bytes_per_row": 53.248,
        "kind": "table",
        "name": "connection_session",
        "rows": 1000,
        "table": "connection_session"
      },
      {
        "bytes": 40960,
        "bytes_per_row": 40.96,
        "kind": "table",
        "name": "connection_session_attr",
        "rows": 1000,
        "table": "connection_session_attr"
      },
      {
        "bytes": 24576,
        "bytes_per_row": null,
        "kind": "index",
        "name": "connection_session_identity",
        "rows": null,
        "table": "connection_session"
      },
      {
        "bytes": 4096,
        "bytes_per_row": 4096.0,
        "kind": "table",
        "name": "controller_epoch",
        "rows": 1,
        "table": "controller_epoch"
      },
      {
        "bytes": 4096,
        "bytes_per_row": null,
        "kind": "table",
        "name": "coverage_daily",
        "rows": 0,
        "table": "coverage_daily"
      },
      {
        "bytes": 4096,
        "bytes_per_row": null,
        "kind": "table",
        "name": "coverage_interval",
        "rows": 0,
        "table": "coverage_interval"
      },
      {
        "bytes": 4096,
        "bytes_per_row": 4096.0,
        "kind": "table",
        "name": "data_version",
        "rows": 1,
        "table": "data_version"
      },
      {
        "bytes": 4096,
        "bytes_per_row": 39.00952380952381,
        "kind": "table",
        "name": "dimension_dict",
        "rows": 105,
        "table": "dimension_dict"
      },
      {
        "bytes": 4096,
        "bytes_per_row": null,
        "kind": "index",
        "name": "dimension_dict_value",
        "rows": null,
        "table": "dimension_dict"
      },
      {
        "bytes": 4096,
        "bytes_per_row": null,
        "kind": "index",
        "name": "idx_alert_event_retention",
        "rows": null,
        "table": "alert_event"
      },
      {
        "bytes": 4096,
        "bytes_per_row": null,
        "kind": "index",
        "name": "idx_alert_instance_center",
        "rows": null,
        "table": "alert_instance"
      },
      {
        "bytes": 4096,
        "bytes_per_row": null,
        "kind": "index",
        "name": "idx_connection_minute_utc",
        "rows": null,
        "table": "connection_minute"
      },
      {
        "bytes": 16384,
        "bytes_per_row": null,
        "kind": "index",
        "name": "idx_connection_session_started",
        "rows": null,
        "table": "connection_session"
      },
      {
        "bytes": 4096,
        "bytes_per_row": null,
        "kind": "index",
        "name": "idx_daily_core_day",
        "rows": null,
        "table": "traffic_daily_core"
      },
      {
        "bytes": 4096,
        "bytes_per_row": null,
        "kind": "index",
        "name": "idx_daily_dim_lookup",
        "rows": null,
        "table": "traffic_daily_dimension"
      },
      {
        "bytes": 4096,
        "bytes_per_row": null,
        "kind": "index",
        "name": "idx_hourly_dim_lookup",
        "rows": null,
        "table": "traffic_hourly_dimension"
      },
      {
        "bytes": 4096,
        "bytes_per_row": null,
        "kind": "index",
        "name": "idx_outbox_due",
        "rows": null,
        "table": "notification_outbox"
      },
      {
        "bytes": 4096,
        "bytes_per_row": null,
        "kind": "index",
        "name": "idx_outbox_lease",
        "rows": null,
        "table": "notification_outbox"
      },
      {
        "bytes": 28672,
        "bytes_per_row": null,
        "kind": "index",
        "name": "idx_report_archive_kind_start",
        "rows": null,
        "table": "report_archive"
      },
      {
        "bytes": 16384,
        "bytes_per_row": null,
        "kind": "index",
        "name": "idx_session_attr_host",
        "rows": null,
        "table": "connection_session_attr"
      },
      {
        "bytes": 4096,
        "bytes_per_row": null,
        "kind": "table",
        "name": "machine_setting",
        "rows": 0,
        "table": "machine_setting"
      },
      {
        "bytes": 4096,
        "bytes_per_row": null,
        "kind": "table",
        "name": "notification_outbox",
        "rows": 0,
        "table": "notification_outbox"
      },
      {
        "bytes": 2297856,
        "bytes_per_row": 2059.010752688172,
        "kind": "table",
        "name": "report_archive",
        "rows": 1116,
        "table": "report_archive"
      },
      {
        "bytes": 176128,
        "bytes_per_row": null,
        "kind": "index",
        "name": "report_archive_period_uniq",
        "rows": null,
        "table": "report_archive"
      },
      {
        "bytes": 4096,
        "bytes_per_row": null,
        "kind": "table",
        "name": "report_snapshot_meta",
        "rows": 0,
        "table": "report_snapshot_meta"
      },
      {
        "bytes": 4096,
        "bytes_per_row": null,
        "kind": "table",
        "name": "retention_state",
        "rows": 0,
        "table": "retention_state"
      },
      {
        "bytes": 4096,
        "bytes_per_row": 1024.0,
        "kind": "table",
        "name": "retention_watermark",
        "rows": 4,
        "table": "retention_watermark"
      },
      {
        "bytes": 4096,
        "bytes_per_row": 1024.0,
        "kind": "table",
        "name": "schema_migration",
        "rows": 4,
        "table": "schema_migration"
      },
      {
        "bytes": 4096,
        "bytes_per_row": null,
        "kind": "index",
        "name": "sqlite_autoindex_alert_event_1",
        "rows": null,
        "table": "alert_event"
      },
      {
        "bytes": 4096,
        "bytes_per_row": null,
        "kind": "index",
        "name": "sqlite_autoindex_alert_event_2",
        "rows": null,
        "table": "alert_event"
      },
      {
        "bytes": 4096,
        "bytes_per_row": null,
        "kind": "index",
        "name": "sqlite_autoindex_alert_instance_1",
        "rows": null,
        "table": "alert_instance"
      },
      {
        "bytes": 4096,
        "bytes_per_row": null,
        "kind": "index",
        "name": "sqlite_autoindex_alert_rule_1",
        "rows": null,
        "table": "alert_rule"
      },
      {
        "bytes": 4096,
        "bytes_per_row": null,
        "kind": "index",
        "name": "sqlite_autoindex_committed_bundle_1",
        "rows": null,
        "table": "committed_bundle"
      },
      {
        "bytes": 28672,
        "bytes_per_row": null,
        "kind": "index",
        "name": "sqlite_autoindex_connection_chain_1",
        "rows": null,
        "table": "connection_chain"
      },
      {
        "bytes": 4096,
        "bytes_per_row": null,
        "kind": "index",
        "name": "sqlite_autoindex_connection_minute_1",
        "rows": null,
        "table": "connection_minute"
      },
      {
        "bytes": 4096,
        "bytes_per_row": null,
        "kind": "index",
        "name": "sqlite_autoindex_dimension_dict_1",
        "rows": null,
        "table": "dimension_dict"
      },
      {
        "bytes": 4096,
        "bytes_per_row": null,
        "kind": "index",
        "name": "sqlite_autoindex_machine_setting_1",
        "rows": null,
        "table": "machine_setting"
      },
      {
        "bytes": 4096,
        "bytes_per_row": null,
        "kind": "index",
        "name": "sqlite_autoindex_notification_outbox_1",
        "rows": null,
        "table": "notification_outbox"
      },
      {
        "bytes": 4096,
        "bytes_per_row": null,
        "kind": "index",
        "name": "sqlite_autoindex_notification_outbox_2",
        "rows": null,
        "table": "notification_outbox"
      },
      {
        "bytes": 53248,
        "bytes_per_row": null,
        "kind": "index",
        "name": "sqlite_autoindex_report_archive_1",
        "rows": null,
        "table": "report_archive"
      },
      {
        "bytes": 4096,
        "bytes_per_row": null,
        "kind": "index",
        "name": "sqlite_autoindex_report_snapshot_meta_1",
        "rows": null,
        "table": "report_snapshot_meta"
      },
      {
        "bytes": 4096,
        "bytes_per_row": null,
        "kind": "index",
        "name": "sqlite_autoindex_retention_state_1",
        "rows": null,
        "table": "retention_state"
      },
      {
        "bytes": 4096,
        "bytes_per_row": null,
        "kind": "index",
        "name": "sqlite_autoindex_retention_watermark_1",
        "rows": null,
        "table": "retention_watermark"
      },
      {
        "bytes": 4096,
        "bytes_per_row": null,
        "kind": "index",
        "name": "sqlite_autoindex_target_item_1",
        "rows": null,
        "table": "target_item"
      },
      {
        "bytes": 4096,
        "bytes_per_row": null,
        "kind": "index",
        "name": "sqlite_autoindex_traffic_daily_core_1",
        "rows": null,
        "table": "traffic_daily_core"
      },
      {
        "bytes": 4096,
        "bytes_per_row": null,
        "kind": "index",
        "name": "sqlite_autoindex_traffic_daily_dimension_1",
        "rows": null,
        "table": "traffic_daily_dimension"
      },
      {
        "bytes": 4096,
        "bytes_per_row": null,
        "kind": "index",
        "name": "sqlite_autoindex_traffic_hourly_dimension_1",
        "rows": null,
        "table": "traffic_hourly_dimension"
      },
      {
        "bytes": 4096,
        "bytes_per_row": 4096.0,
        "kind": "table",
        "name": "target_item",
        "rows": 1,
        "table": "target_item"
      },
      {
        "bytes": 4096,
        "bytes_per_row": 4096.0,
        "kind": "table",
        "name": "target_set",
        "rows": 1,
        "table": "target_set"
      },
      {
        "bytes": 4096,
        "bytes_per_row": null,
        "kind": "table",
        "name": "traffic_daily_core",
        "rows": 0,
        "table": "traffic_daily_core"
      },
      {
        "bytes": 4096,
        "bytes_per_row": null,
        "kind": "table",
        "name": "traffic_daily_dimension",
        "rows": 0,
        "table": "traffic_daily_dimension"
      },
      {
        "bytes": 4096,
        "bytes_per_row": null,
        "kind": "table",
        "name": "traffic_hourly_dimension",
        "rows": 0,
        "table": "traffic_hourly_dimension"
      }
    ]
  },
  "traffic": {
    "conserved": true,
    "expected_added_download": 0,
    "expected_added_upload": 0,
    "final_download": 0,
    "final_upload": 0,
    "initial_download": 0,
    "initial_upload": 0
  },
  "warmup_wall_secs": 5.0002185,
  "writer_rows_changed": 150300
}
