{
  "all_application_file_write_bytes": null,
  "commits": 30,
  "executable_sha256": "06bac94fd88e37dcd8971893bf79c91a05e9775ceed4a06ab7e2f10b690f3dd9",
  "final_files_and_pages": {
    "active_page_bytes": 360448,
    "archive_failed": 0,
    "archive_ok": 0,
    "archive_spool_present_bytes": 0,
    "db_bytes": 364544,
    "freelist_count": 1,
    "journal_mode": "wal",
    "page_count": 89,
    "page_size": 4096,
    "reusable_page_bytes": 4096,
    "schema_version": 4,
    "shm_bytes": 32768,
    "spool_present_bytes": 0,
    "synchronous": 2,
    "wal_bytes": 4132392
  },
  "fixture_hash": "b82155e6b4c372e3741b0564a69f1b3fc13cc6ea1006f0bcb18a6a38ed5462b7",
  "frame_budget_overruns": 0,
  "frames": 30,
  "initial_files_and_pages": {
    "active_page_bytes": 360448,
    "archive_failed": 0,
    "archive_ok": 0,
    "archive_spool_present_bytes": 0,
    "db_bytes": 4096,
    "freelist_count": 0,
    "journal_mode": "wal",
    "page_count": 88,
    "page_size": 4096,
    "reusable_page_bytes": 0,
    "schema_version": 4,
    "shm_bytes": 32768,
    "spool_present_bytes": 0,
    "synchronous": 2,
    "wal_bytes": 1367872
  },
  "kind": "isolated-real-facade",
  "latency": {
    "archive_tick": {
      "count": 30,
      "max_ms": 11.2552,
      "p50_ms": 8.2003,
      "p95_ms": 9.246,
      "p99_ms": 10.2001
    },
    "facade_ingest_including_durable_commit": {
      "count": 30,
      "max_ms": 13.315999999999999,
      "p50_ms": 8.0294,
      "p95_ms": 13.2234,
      "p99_ms": 13.307599999999999
    },
    "live_query": {
      "count": 6,
      "max_ms": 0.29779999999999995,
      "p50_ms": 0.2521,
      "p95_ms": 0.262,
      "p99_ms": 0.262
    },
    "report_first_reader": {
      "count": 6,
      "max_ms": 0.9721000000000001,
      "p50_ms": 0.8997999999999999,
      "p95_ms": 0.9432,
      "p99_ms": 0.9432
    },
    "report_repeated_reader": {
      "count": 6,
      "max_ms": 1.0895,
      "p50_ms": 0.7787999999999999,
      "p95_ms": 1.0103,
      "p99_ms": 1.0103
    },
    "whole_tick": {
      "count": 30,
      "max_ms": 23.6967,
      "p50_ms": 17.383499999999998,
      "p95_ms": 22.4984,
      "p99_ms": 23.6277
    }
  },
  "limits": [
    "仅当前原生基准进程；没有 HTTP、Tauri 事件或 WebView，窗口为后台模拟状态。",
    "CPU/I/O/内存不含初始化、warmup、结果 JSON 写出及最终统计查询；采样开销包含在测量内。",
    "SQLite xWrite 只统计隔离目录内成功请求字节，不含 mmap/shm、spool、日志、系统缓存与物理设备写放大。",
    "process I/O 为 OS 当前进程计数，不能替代文件归属；spool 瞬时写入需要独立回归或文件跟踪。",
    "report first/repeated 每次均打开新 reader；未驱逐 OS page cache，不能宣称物理冷读。",
    "ingest 延迟包含 accounting、告警与提交；不是单独 SQLite commit 耗时。",
    "串行驱动没有 collector 输入队列；schedule_lag 不是实际队列深度。",
    "归档齐全 fixture 使用空历史的持久化结果；本回放不代替完整30天容量库或安装态 soak。",
    "failed 档案场景由隔离库 BEFORE INSERT 触发器拒绝持久化，非真实磁盘故障。"
  ],
  "local_utc_offset_seconds": -18000,
  "measured_wall_secs": 30.0003828,
  "native_after": {
    "cpu_seconds": 0.546875,
    "handles": 114,
    "io_read_bytes": 2380596,
    "io_write_bytes": 4655394,
    "io_write_operations": 2187,
    "private_bytes": 4595712,
    "working_set_bytes": 14106624
  },
  "native_before": {
    "cpu_seconds": 0.125,
    "handles": 114,
    "io_read_bytes": 291532,
    "io_write_bytes": 1382080,
    "io_write_operations": 675,
    "private_bytes": 4341760,
    "working_set_bytes": 13774848
  },
  "native_cpu_seconds": 0.421875,
  "native_private_bytes": {
    "max": 5402624.0,
    "p95": 5345280.0,
    "samples": 30
  },
  "native_process_io_read_bytes": 2089064,
  "native_process_io_write_bytes": 3273314,
  "native_process_io_write_operations": 1512,
  "native_working_set_bytes": {
    "max": 14491648.0,
    "p95": 14237696.0,
    "samples": 30
  },
  "options": {
    "active": 250,
    "archive": "failed",
    "dir": "C:\\Users\\lyh\\AppData\\Local\\Temp\\resiwatch-t05-20260930-q1lnvpml\\formal-matrix-20260930\\matrix-a250-failed-baseline",
    "duration_secs": 30,
    "hz": 1,
    "metadata_change_percent": 100,
    "period_rule": true,
    "query_every_frames": 5,
    "seed": 20260919,
    "source_revision": "c278bb7b56603001e32e353d2ee589dccef0bfe9",
    "start_utc": 1800001800,
    "virtual_time": false,
    "warmup_secs": 5,
    "workload": "metadata"
  },
  "platform": "windows",
  "process_id": 14716,
  "samples": [
    {
      "active_tokens": 0,
      "frame": 1,
      "live_rows": 250,
      "native": {
        "cpu_seconds": 0.140625,
        "handles": 114,
        "io_read_bytes": 332592,
        "io_write_bytes": 1478213,
        "io_write_operations": 722,
        "private_bytes": 4685824,
        "working_set_bytes": 13852672
      },
      "token_bytes": 0,
      "virtual_utc": 1800001806,
      "wal_bytes": 1462632,
      "wall_secs": 0.0204328
    },
    {
      "active_tokens": 0,
      "frame": 2,
      "live_rows": 250,
      "native": {
        "cpu_seconds": 0.15625,
        "handles": 114,
        "io_read_bytes": 373652,
        "io_write_bytes": 1574346,
        "io_write_operations": 769,
        "private_bytes": 4251648,
        "working_set_bytes": 13688832
      },
      "token_bytes": 0,
      "virtual_utc": 1800001807,
      "wal_bytes": 1557392,
      "wall_secs": 1.0159689
    },
    {
      "active_tokens": 0,
      "frame": 3,
      "live_rows": 250,
      "native": {
        "cpu_seconds": 0.15625,
        "handles": 114,
        "io_read_bytes": 414712,
        "io_write_bytes": 1670480,
        "io_write_operations": 816,
        "private_bytes": 4423680,
        "working_set_bytes": 13828096
      },
      "token_bytes": 0,
      "virtual_utc": 1800001808,
      "wal_bytes": 1652152,
      "wall_secs": 2.0217058
    },
    {
      "active_tokens": 0,
      "frame": 4,
      "live_rows": 250,
      "native": {
        "cpu_seconds": 0.171875,
        "handles": 114,
        "io_read_bytes": 455772,
        "io_write_bytes": 1766614,
        "io_write_operations": 863,
        "private_bytes": 5148672,
        "working_set_bytes": 13852672
      },
      "token_bytes": 0,
      "virtual_utc": 1800001809,
      "wal_bytes": 1746912,
      "wall_secs": 3.0216641
    },
    {
      "active_tokens": 0,
      "frame": 5,
      "live_rows": 250,
      "native": {
        "cpu_seconds": 0.1875,
        "handles": 114,
        "io_read_bytes": 578952,
        "io_write_bytes": 1862748,
        "io_write_operations": 910,
        "private_bytes": 4464640,
        "working_set_bytes": 13877248
      },
      "token_bytes": 0,
      "virtual_utc": 1800001810,
      "wal_bytes": 1841672,
      "wall_secs": 4.0228029
    },
    {
      "active_tokens": 0,
      "frame": 6,
      "live_rows": 250,
      "native": {
        "cpu_seconds": 0.1875,
        "handles": 114,
        "io_read_bytes": 620012,
        "io_write_bytes": 1958882,
        "io_write_operations": 957,
        "private_bytes": 4063232,
        "working_set_bytes": 13570048
      },
      "token_bytes": 0,
      "virtual_utc": 1800001811,
      "wal_bytes": 1936432,
      "wall_secs": 5.0217868
    },
    {
      "active_tokens": 0,
      "frame": 7,
      "live_rows": 250,
      "native": {
        "cpu_seconds": 0.203125,
        "handles": 114,
        "io_read_bytes": 661072,
        "io_write_bytes": 2055016,
        "io_write_operations": 1004,
        "private_bytes": 4538368,
        "working_set_bytes": 14041088
      },
      "token_bytes": 0,
      "virtual_utc": 1800001812,
      "wal_bytes": 2031192,
      "wall_secs": 6.0187829
    },
    {
      "active_tokens": 0,
      "frame": 8,
      "live_rows": 250,
      "native": {
        "cpu_seconds": 0.21875,
        "handles": 114,
        "io_read_bytes": 702132,
        "io_write_bytes": 2151150,
        "io_write_operations": 1051,
        "private_bytes": 4521984,
        "working_set_bytes": 13787136
      },
      "token_bytes": 0,
      "virtual_utc": 1800001813,
      "wal_bytes": 2125952,
      "wall_secs": 7.0166276
    },
    {
      "active_tokens": 0,
      "frame": 9,
      "live_rows": 250,
      "native": {
        "cpu_seconds": 0.234375,
        "handles": 114,
        "io_read_bytes": 743192,
        "io_write_bytes": 2247284,
        "io_write_operations": 1098,
        "private_bytes": 4628480,
        "working_set_bytes": 13959168
      },
      "token_bytes": 0,
      "virtual_utc": 1800001814,
      "wal_bytes": 2220712,
      "wall_secs": 8.0219413
    },
    {
      "active_tokens": 0,
      "frame": 10,
      "live_rows": 250,
      "native": {
        "cpu_seconds": 0.25,
        "handles": 114,
        "io_read_bytes": 866372,
        "io_write_bytes": 2343418,
        "io_write_operations": 1145,
        "private_bytes": 4538368,
        "working_set_bytes": 14049280
      },
      "token_bytes": 0,
      "virtual_utc": 1800001815,
      "wal_bytes": 2315472,
      "wall_secs": 9.0184634
    },
    {
      "active_tokens": 0,
      "frame": 11,
      "live_rows": 250,
      "native": {
        "cpu_seconds": 0.265625,
        "handles": 114,
        "io_read_bytes": 907432,
        "io_write_bytes": 2439552,
        "io_write_operations": 1192,
        "private_bytes": 5398528,
        "working_set_bytes": 14053376
      },
      "token_bytes": 0,
      "virtual_utc": 1800001816,
      "wal_bytes": 2410232,
      "wall_secs": 10.0155053
    },
    {
      "active_tokens": 0,
      "frame": 12,
      "live_rows": 250,
      "native": {
        "cpu_seconds": 0.28125,
        "handles": 114,
        "io_read_bytes": 948492,
        "io_write_bytes": 2535686,
        "io_write_operations": 1239,
        "private_bytes": 4087808,
        "working_set_bytes": 13602816
      },
      "token_bytes": 0,
      "virtual_utc": 1800001817,
      "wal_bytes": 2504992,
      "wall_secs": 11.0213304
    },
    {
      "active_tokens": 0,
      "frame": 13,
      "live_rows": 250,
      "native": {
        "cpu_seconds": 0.296875,
        "handles": 114,
        "io_read_bytes": 989552,
        "io_write_bytes": 2631820,
        "io_write_operations": 1286,
        "private_bytes": 5271552,
        "working_set_bytes": 14114816
      },
      "token_bytes": 0,
      "virtual_utc": 1800001818,
      "wal_bytes": 2599752,
      "wall_secs": 12.0165056
    },
    {
      "active_tokens": 0,
      "frame": 14,
      "live_rows": 250,
      "native": {
        "cpu_seconds": 0.3125,
        "handles": 114,
        "io_read_bytes": 1030612,
        "io_write_bytes": 2727954,
        "io_write_operations": 1333,
        "private_bytes": 4251648,
        "working_set_bytes": 13709312
      },
      "token_bytes": 0,
      "virtual_utc": 1800001819,
      "wal_bytes": 2694512,
      "wall_secs": 13.0154254
    },
    {
      "active_tokens": 0,
      "frame": 15,
      "live_rows": 250,
      "native": {
        "cpu_seconds": 0.328125,
        "handles": 114,
        "io_read_bytes": 1153792,
        "io_write_bytes": 2824088,
        "io_write_operations": 1380,
        "private_bytes": 5345280,
        "working_set_bytes": 14151680
      },
      "token_bytes": 0,
      "virtual_utc": 1800001820,
      "wal_bytes": 2789272,
      "wall_secs": 14.0237868
    },
    {
      "active_tokens": 0,
      "frame": 16,
      "live_rows": 250,
      "native": {
        "cpu_seconds": 0.34375,
        "handles": 114,
        "io_read_bytes": 1194852,
        "io_write_bytes": 2920222,
        "io_write_operations": 1427,
        "private_bytes": 4509696,
        "working_set_bytes": 13950976
      },
      "token_bytes": 0,
      "virtual_utc": 1800001821,
      "wal_bytes": 2884032,
      "wall_secs": 15.0155491
    },
    {
      "active_tokens": 0,
      "frame": 17,
      "live_rows": 250,
      "native": {
        "cpu_seconds": 0.359375,
        "handles": 114,
        "io_read_bytes": 1235912,
        "io_write_bytes": 3016356,
        "io_write_operations": 1474,
        "private_bytes": 5332992,
        "working_set_bytes": 14295040
      },
      "token_bytes": 0,
      "virtual_utc": 1800001822,
      "wal_bytes": 2978792,
      "wall_secs": 16.0177411
    },
    {
      "active_tokens": 0,
      "frame": 18,
      "live_rows": 250,
      "native": {
        "cpu_seconds": 0.359375,
        "handles": 114,
        "io_read_bytes": 1276972,
        "io_write_bytes": 3112490,
        "io_write_operations": 1521,
        "private_bytes": 4419584,
        "working_set_bytes": 13844480
      },
      "token_bytes": 0,
      "virtual_utc": 1800001823,
      "wal_bytes": 3073552,
      "wall_secs": 17.0222414
    },
    {
      "active_tokens": 0,
      "frame": 19,
      "live_rows": 250,
      "native": {
        "cpu_seconds": 0.375,
        "handles": 114,
        "io_read_bytes": 1318032,
        "io_write_bytes": 3208624,
        "io_write_operations": 1568,
        "private_bytes": 5345280,
        "working_set_bytes": 14237696
      },
      "token_bytes": 0,
      "virtual_utc": 1800001824,
      "wal_bytes": 3168312,
      "wall_secs": 18.0152718
    },
    {
      "active_tokens": 0,
      "frame": 20,
      "live_rows": 250,
      "native": {
        "cpu_seconds": 0.390625,
        "handles": 114,
        "io_read_bytes": 1441212,
        "io_write_bytes": 3304758,
        "io_write_operations": 1615,
        "private_bytes": 5074944,
        "working_set_bytes": 13963264
      },
      "token_bytes": 0,
      "virtual_utc": 1800001825,
      "wal_bytes": 3263072,
      "wall_secs": 19.0241672
    },
    {
      "active_tokens": 0,
      "frame": 21,
      "live_rows": 250,
      "native": {
        "cpu_seconds": 0.40625,
        "handles": 114,
        "io_read_bytes": 1482272,
        "io_write_bytes": 3400892,
        "io_write_operations": 1662,
        "private_bytes": 5074944,
        "working_set_bytes": 14221312
      },
      "token_bytes": 0,
      "virtual_utc": 1800001826,
      "wal_bytes": 3357832,
      "wall_secs": 20.0151921
    },
    {
      "active_tokens": 0,
      "frame": 22,
      "live_rows": 250,
      "native": {
        "cpu_seconds": 0.421875,
        "handles": 114,
        "io_read_bytes": 1523332,
        "io_write_bytes": 3497026,
        "io_write_operations": 1709,
        "private_bytes": 4415488,
        "working_set_bytes": 13828096
      },
      "token_bytes": 0,
      "virtual_utc": 1800001827,
      "wal_bytes": 3452592,
      "wall_secs": 21.0157083
    },
    {
      "active_tokens": 0,
      "frame": 23,
      "live_rows": 250,
      "native": {
        "cpu_seconds": 0.4375,
        "handles": 114,
        "io_read_bytes": 1564392,
        "io_write_bytes": 3593160,
        "io_write_operations": 1756,
        "private_bytes": 4915200,
        "working_set_bytes": 14106624
      },
      "token_bytes": 0,
      "virtual_utc": 1800001828,
      "wal_bytes": 3547352,
      "wall_secs": 22.0174277
    },
    {
      "active_tokens": 0,
      "frame": 24,
      "live_rows": 250,
      "native": {
        "cpu_seconds": 0.453125,
        "handles": 114,
        "io_read_bytes": 1605452,
        "io_write_bytes": 3689294,
        "io_write_operations": 1803,
        "private_bytes": 4268032,
        "working_set_bytes": 13737984
      },
      "token_bytes": 0,
      "virtual_utc": 1800001829,
      "wal_bytes": 3642112,
      "wall_secs": 23.0165674
    },
    {
      "active_tokens": 0,
      "frame": 25,
      "live_rows": 250,
      "native": {
        "cpu_seconds": 0.46875,
        "handles": 114,
        "io_read_bytes": 1728632,
        "io_write_bytes": 3785428,
        "io_write_operations": 1850,
        "private_bytes": 4751360,
        "working_set_bytes": 14036992
      },
      "token_bytes": 0,
      "virtual_utc": 1800001830,
      "wal_bytes": 3736872,
      "wall_secs": 24.0183434
    },
    {
      "active_tokens": 0,
      "frame": 26,
      "live_rows": 250,
      "native": {
        "cpu_seconds": 0.484375,
        "handles": 114,
        "io_read_bytes": 1769692,
        "io_write_bytes": 3881562,
        "io_write_operations": 1897,
        "private_bytes": 4349952,
        "working_set_bytes": 13864960
      },
      "token_bytes": 0,
      "virtual_utc": 1800001831,
      "wal_bytes": 3831632,
      "wall_secs": 25.0154209
    },
    {
      "active_tokens": 0,
      "frame": 27,
      "live_rows": 250,
      "native": {
        "cpu_seconds": 0.5,
        "handles": 114,
        "io_read_bytes": 1810752,
        "io_write_bytes": 3977696,
        "io_write_operations": 1944,
        "private_bytes": 4771840,
        "working_set_bytes": 14090240
      },
      "token_bytes": 0,
      "virtual_utc": 1800001832,
      "wal_bytes": 3926392,
      "wall_secs": 26.015735
    },
    {
      "active_tokens": 0,
      "frame": 28,
      "live_rows": 250,
      "native": {
        "cpu_seconds": 0.515625,
        "handles": 114,
        "io_read_bytes": 1851812,
        "io_write_bytes": 4082070,
        "io_write_operations": 1995,
        "private_bytes": 4239360,
        "working_set_bytes": 13791232
      },
      "token_bytes": 0,
      "virtual_utc": 1800001833,
      "wal_bytes": 4029392,
      "wall_secs": 27.0151053
    },
    {
      "active_tokens": 0,
      "frame": 29,
      "live_rows": 250,
      "native": {
        "cpu_seconds": 0.53125,
        "handles": 114,
        "io_read_bytes": 2257416,
        "io_write_bytes": 4550988,
        "io_write_operations": 2135,
        "private_bytes": 5402624,
        "working_set_bytes": 14491648
      },
      "token_bytes": 0,
      "virtual_utc": 1800001834,
      "wal_bytes": 4132392,
      "wall_secs": 28.0214659
    },
    {
      "active_tokens": 0,
      "frame": 30,
      "live_rows": 250,
      "native": {
        "cpu_seconds": 0.546875,
        "handles": 114,
        "io_read_bytes": 2380596,
        "io_write_bytes": 4655394,
        "io_write_operations": 2187,
        "private_bytes": 4595712,
        "working_set_bytes": 14106624
      },
      "token_bytes": 0,
      "virtual_utc": 1800001835,
      "wal_bytes": 4132392,
      "wall_secs": 29.0180841
    }
  ],
  "schedule_lag_frames_max": 0,
  "schema_version": 1,
  "simulated_secs": 30,
  "spool_write_bytes": null,
  "sqlite_application_file_write_bytes": 3232096,
  "sqlite_xwrite": {
    "db_bytes": 364544,
    "failed_calls": 0,
    "other_sqlite_file_bytes": 0,
    "successful_calls": 1482,
    "wal_bytes": 2867552
  },
  "synchronous": "FULL",
  "tables_and_indexes": {
    "dbstat_available": true,
    "objects": [
      {
        "bytes": 4096,
        "bytes_per_row": null,
        "kind": "table",
        "name": "alert_event",
        "rows": 0,
        "table": "alert_event"
      },
      {
        "bytes": 12288,
        "bytes_per_row": 1536.0,
        "kind": "table",
        "name": "alert_instance",
        "rows": 8,
        "table": "alert_instance"
      },
      {
        "bytes": 4096,
        "bytes_per_row": null,
        "kind": "index",
        "name": "alert_instance_active_uniq",
        "rows": null,
        "table": "alert_instance"
      },
      {
        "bytes": 4096,
        "bytes_per_row": null,
        "kind": "index",
        "name": "alert_instance_identity",
        "rows": null,
        "table": "alert_instance"
      },
      {
        "bytes": 4096,
        "bytes_per_row": 512.0,
        "kind": "table",
        "name": "alert_rule",
        "rows": 8,
        "table": "alert_rule"
      },
      {
        "bytes": 4096,
        "bytes_per_row": null,
        "kind": "table",
        "name": "backup_manifest",
        "rows": 0,
        "table": "backup_manifest"
      },
      {
        "bytes": 4096,
        "bytes_per_row": 4096.0,
        "kind": "table",
        "name": "bundle_epoch",
        "rows": 1,
        "table": "bundle_epoch"
      },
      {
        "bytes": 4096,
        "bytes_per_row": 110.70270270270271,
        "kind": "table",
        "name": "committed_bundle",
        "rows": 37,
        "table": "committed_bundle"
      },
      {
        "bytes": 16384,
        "bytes_per_row": 32.768,
        "kind": "table",
        "name": "connection_chain",
        "rows": 500,
        "table": "connection_chain"
      },
      {
        "bytes": 12288,
        "bytes_per_row": 49.152,
        "kind": "table",
        "name": "connection_minute",
        "rows": 250,
        "table": "connection_minute"
      },
      {
        "bytes": 16384,
        "bytes_per_row": 65.536,
        "kind": "table",
        "name": "connection_session",
        "rows": 250,
        "table": "connection_session"
      },
      {
        "bytes": 16384,
        "bytes_per_row": 65.536,
        "kind": "table",
        "name": "connection_session_attr",
        "rows": 250,
        "table": "connection_session_attr"
      },
      {
        "bytes": 12288,
        "bytes_per_row": null,
        "kind": "index",
        "name": "connection_session_identity",
        "rows": null,
        "table": "connection_session"
      },
      {
        "bytes": 4096,
        "bytes_per_row": 4096.0,
        "kind": "table",
        "name": "controller_epoch",
        "rows": 1,
        "table": "controller_epoch"
      },
      {
        "bytes": 4096,
        "bytes_per_row": null,
        "kind": "table",
        "name": "coverage_daily",
        "rows": 0,
        "table": "coverage_daily"
      },
      {
        "bytes": 4096,
        "bytes_per_row": null,
        "kind": "table",
        "name": "coverage_interval",
        "rows": 0,
        "table": "coverage_interval"
      },
      {
        "bytes": 4096,
        "bytes_per_row": 4096.0,
        "kind": "table",
        "name": "data_version",
        "rows": 1,
        "table": "data_version"
      },
      {
        "bytes": 12288,
        "bytes_per_row": 60.83168316831683,
        "kind": "table",
        "name": "dimension_dict",
        "rows": 202,
        "table": "dimension_dict"
      },
      {
        "bytes": 12288,
        "bytes_per_row": null,
        "kind": "index",
        "name": "dimension_dict_value",
        "rows": null,
        "table": "dimension_dict"
      },
      {
        "bytes": 4096,
        "bytes_per_row": null,
        "kind": "index",
        "name": "idx_alert_event_retention",
        "rows": null,
        "table": "alert_event"
      },
      {
        "bytes": 4096,
        "bytes_per_row": null,
        "kind": "index",
        "name": "idx_alert_instance_center",
        "rows": null,
        "table": "alert_instance"
      },
      {
        "bytes": 4096,
        "bytes_per_row": null,
        "kind": "index",
        "name": "idx_connection_minute_utc",
        "rows": null,
        "table": "connection_minute"
      },
      {
        "bytes": 4096,
        "bytes_per_row": null,
        "kind": "index",
        "name": "idx_connection_session_started",
        "rows": null,
        "table": "connection_session"
      },
      {
        "bytes": 4096,
        "bytes_per_row": null,
        "kind": "index",
        "name": "idx_daily_core_day",
        "rows": null,
        "table": "traffic_daily_core"
      },
      {
        "bytes": 4096,
        "bytes_per_row": null,
        "kind": "index",
        "name": "idx_daily_dim_lookup",
        "rows": null,
        "table": "traffic_daily_dimension"
      },
      {
        "bytes": 4096,
        "bytes_per_row": null,
        "kind": "index",
        "name": "idx_hourly_dim_lookup",
        "rows": null,
        "table": "traffic_hourly_dimension"
      },
      {
        "bytes": 4096,
        "bytes_per_row": null,
        "kind": "index",
        "name": "idx_outbox_due",
        "rows": null,
        "table": "notification_outbox"
      },
      {
        "bytes": 4096,
        "bytes_per_row": null,
        "kind": "index",
        "name": "idx_outbox_lease",
        "rows": null,
        "table": "notification_outbox"
      },
      {
        "bytes": 4096,
        "bytes_per_row": null,
        "kind": "index",
        "name": "idx_report_archive_kind_start",
        "rows": null,
        "table": "report_archive"
      },
      {
        "bytes": 4096,
        "bytes_per_row": null,
        "kind": "index",
        "name": "idx_session_attr_host",
        "rows": null,
        "table": "connection_session_attr"
      },
      {
        "bytes": 4096,
        "bytes_per_row": null,
        "kind": "table",
        "name": "machine_setting",
        "rows": 0,
        "table": "machine_setting"
      },
      {
        "bytes": 4096,
        "bytes_per_row": null,
        "kind": "table",
        "name": "notification_outbox",
        "rows": 0,
        "table": "notification_outbox"
      },
      {
        "bytes": 4096,
        "bytes_per_row": null,
        "kind": "table",
        "name": "report_archive",
        "rows": 0,
        "table": "report_archive"
      },
      {
        "bytes": 4096,
        "bytes_per_row": null,
        "kind": "index",
        "name": "report_archive_period_uniq",
        "rows": null,
        "table": "report_archive"
      },
      {
        "bytes": 4096,
        "bytes_per_row": null,
        "kind": "table",
        "name": "report_snapshot_meta",
        "rows": 0,
        "table": "report_snapshot_meta"
      },
      {
        "bytes": 4096,
        "bytes_per_row": null,
        "kind": "table",
        "name": "retention_state",
        "rows": 0,
        "table": "retention_state"
      },
      {
        "bytes": 4096,
        "bytes_per_row": 1024.0,
        "kind": "table",
        "name": "retention_watermark",
        "rows": 4,
        "table": "retention_watermark"
      },
      {
        "bytes": 4096,
        "bytes_per_row": 1024.0,
        "kind": "table",
        "name": "schema_migration",
        "rows": 4,
        "table": "schema_migration"
      },
      {
        "bytes": 4096,
        "bytes_per_row": null,
        "kind": "index",
        "name": "sqlite_autoindex_alert_event_1",
        "rows": null,
        "table": "alert_event"
      },
      {
        "bytes": 4096,
        "bytes_per_row": null,
        "kind": "index",
        "name": "sqlite_autoindex_alert_event_2",
        "rows": null,
        "table": "alert_event"
      },
      {
        "bytes": 4096,
        "bytes_per_row": null,
        "kind": "index",
        "name": "sqlite_autoindex_alert_instance_1",
        "rows": null,
        "table": "alert_instance"
      },
      {
        "bytes": 4096,
        "bytes_per_row": null,
        "kind": "index",
        "name": "sqlite_autoindex_alert_rule_1",
        "rows": null,
        "table": "alert_rule"
      },
      {
        "bytes": 4096,
        "bytes_per_row": null,
        "kind": "index",
        "name": "sqlite_autoindex_committed_bundle_1",
        "rows": null,
        "table": "committed_bundle"
      },
      {
        "bytes": 12288,
        "bytes_per_row": null,
        "kind": "index",
        "name": "sqlite_autoindex_connection_chain_1",
        "rows": null,
        "table": "connection_chain"
      },
      {
        "bytes": 4096,
        "bytes_per_row": null,
        "kind": "index",
        "name": "sqlite_autoindex_connection_minute_1",
        "rows": null,
        "table": "connection_minute"
      },
      {
        "bytes": 4096,
        "bytes_per_row": null,
        "kind": "index",
        "name": "sqlite_autoindex_dimension_dict_1",
        "rows": null,
        "table": "dimension_dict"
      },
      {
        "bytes": 4096,
        "bytes_per_row": null,
        "kind": "index",
        "name": "sqlite_autoindex_machine_setting_1",
        "rows": null,
        "table": "machine_setting"
      },
      {
        "bytes": 4096,
        "bytes_per_row": null,
        "kind": "index",
        "name": "sqlite_autoindex_notification_outbox_1",
        "rows": null,
        "table": "notification_outbox"
      },
      {
        "bytes": 4096,
        "bytes_per_row": null,
        "kind": "index",
        "name": "sqlite_autoindex_notification_outbox_2",
        "rows": null,
        "table": "notification_outbox"
      },
      {
        "bytes": 4096,
        "bytes_per_row": null,
        "kind": "index",
        "name": "sqlite_autoindex_report_archive_1",
        "rows": null,
        "table": "report_archive"
      },
      {
        "bytes": 4096,
        "bytes_per_row": null,
        "kind": "index",
        "name": "sqlite_autoindex_report_snapshot_meta_1",
        "rows": null,
        "table": "report_snapshot_meta"
      },
      {
        "bytes": 4096,
        "bytes_per_row": null,
        "kind": "index",
        "name": "sqlite_autoindex_retention_state_1",
        "rows": null,
        "table": "retention_state"
      },
      {
        "bytes": 4096,
        "bytes_per_row": null,
        "kind": "index",
        "name": "sqlite_autoindex_retention_watermark_1",
        "rows": null,
        "table": "retention_watermark"
      },
      {
        "bytes": 4096,
        "bytes_per_row": null,
        "kind": "index",
        "name": "sqlite_autoindex_target_item_1",
        "rows": null,
        "table": "target_item"
      },
      {
        "bytes": 4096,
        "bytes_per_row": null,
        "kind": "index",
        "name": "sqlite_autoindex_traffic_daily_core_1",
        "rows": null,
        "table": "traffic_daily_core"
      },
      {
        "bytes": 4096,
        "bytes_per_row": null,
        "kind": "index",
        "name": "sqlite_autoindex_traffic_daily_dimension_1",
        "rows": null,
        "table": "traffic_daily_dimension"
      },
      {
        "bytes": 4096,
        "bytes_per_row": null,
        "kind": "index",
        "name": "sqlite_autoindex_traffic_hourly_dimension_1",
        "rows": null,
        "table": "traffic_hourly_dimension"
      },
      {
        "bytes": 4096,
        "bytes_per_row": 4096.0,
        "kind": "table",
        "name": "target_item",
        "rows": 1,
        "table": "target_item"
      },
      {
        "bytes": 4096,
        "bytes_per_row": 4096.0,
        "kind": "table",
        "name": "target_set",
        "rows": 1,
        "table": "target_set"
      },
      {
        "bytes": 4096,
        "bytes_per_row": null,
        "kind": "table",
        "name": "traffic_daily_core",
        "rows": 0,
        "table": "traffic_daily_core"
      },
      {
        "bytes": 4096,
        "bytes_per_row": null,
        "kind": "table",
        "name": "traffic_daily_dimension",
        "rows": 0,
        "table": "traffic_daily_dimension"
      },
      {
        "bytes": 4096,
        "bytes_per_row": null,
        "kind": "table",
        "name": "traffic_hourly_dimension",
        "rows": 0,
        "table": "traffic_hourly_dimension"
      }
    ]
  },
  "traffic": {
    "conserved": true,
    "expected_added_download": 351690,
    "expected_added_upload": 104820,
    "final_download": 410305,
    "final_upload": 122290,
    "initial_download": 58615,
    "initial_upload": 17470
  },
  "warmup_wall_secs": 5.0001226,
  "writer_rows_changed": 52800
}
