{
  "all_application_file_write_bytes": null,
  "commits": 30,
  "executable_sha256": "d590ef1082718856f0f92f865a260fe99d530f8dc05ae2db4501157fe110f8a4",
  "final_files_and_pages": {
    "active_page_bytes": 2863104,
    "archive_failed": 0,
    "archive_ok": 1116,
    "archive_spool_present_bytes": 0,
    "db_bytes": 2666496,
    "freelist_count": 1,
    "journal_mode": "wal",
    "page_count": 700,
    "page_size": 4096,
    "reusable_page_bytes": 4096,
    "schema_version": 4,
    "shm_bytes": 32768,
    "spool_present_bytes": 0,
    "synchronous": 2,
    "wal_bytes": 4161232
  },
  "fixture_hash": "e779598d1e51d163d7a3c9f73934ccc219fdd33f7a0c3407996b01aff92f0977",
  "frame_budget_overruns": 0,
  "frames": 30,
  "initial_files_and_pages": {
    "active_page_bytes": 2863104,
    "archive_failed": 0,
    "archive_ok": 1116,
    "archive_spool_present_bytes": 0,
    "db_bytes": 2666496,
    "freelist_count": 0,
    "journal_mode": "wal",
    "page_count": 699,
    "page_size": 4096,
    "reusable_page_bytes": 0,
    "schema_version": 4,
    "shm_bytes": 32768,
    "spool_present_bytes": 0,
    "synchronous": 2,
    "wal_bytes": 4161232
  },
  "kind": "isolated-real-facade",
  "latency": {
    "archive_tick": {
      "count": 30,
      "max_ms": 40.547399999999996,
      "p50_ms": 19.0583,
      "p95_ms": 23.3643,
      "p99_ms": 23.8477
    },
    "facade_ingest_including_durable_commit": {
      "count": 30,
      "max_ms": 20.188100000000002,
      "p50_ms": 16.225099999999998,
      "p95_ms": 17.8626,
      "p99_ms": 18.0501
    },
    "live_query": {
      "count": 6,
      "max_ms": 0.3501,
      "p50_ms": 0.3404,
      "p95_ms": 0.3456,
      "p99_ms": 0.3456
    },
    "report_first_reader": {
      "count": 6,
      "max_ms": 1.9078000000000002,
      "p50_ms": 1.426,
      "p95_ms": 1.5065,
      "p99_ms": 1.5065
    },
    "report_repeated_reader": {
      "count": 6,
      "max_ms": 0.9527,
      "p50_ms": 0.934,
      "p95_ms": 0.9514,
      "p99_ms": 0.9514
    },
    "whole_tick": {
      "count": 30,
      "max_ms": 56.379400000000004,
      "p50_ms": 35.4698,
      "p95_ms": 40.5077,
      "p99_ms": 41.3284
    }
  },
  "limits": [
    "仅当前原生基准进程；没有 HTTP、Tauri 事件或 WebView，窗口为后台模拟状态。",
    "CPU/I/O/内存不含初始化、warmup、结果 JSON 写出及最终统计查询；采样开销包含在测量内。",
    "SQLite xWrite 只统计隔离目录内成功请求字节，不含 mmap/shm、spool、日志、系统缓存与物理设备写放大。",
    "process I/O 为 OS 当前进程计数，不能替代文件归属；spool 瞬时写入需要独立回归或文件跟踪。",
    "report first/repeated 每次均打开新 reader；未驱逐 OS page cache，不能宣称物理冷读。",
    "ingest 延迟包含 accounting、告警与提交；不是单独 SQLite commit 耗时。",
    "串行驱动没有 collector 输入队列；schedule_lag 不是实际队列深度。",
    "归档齐全 fixture 使用空历史的持久化结果；本回放不代替完整30天容量库或安装态 soak。",
    "failed 档案场景由隔离库 BEFORE INSERT 触发器拒绝持久化，非真实磁盘故障。"
  ],
  "local_utc_offset_seconds": -18000,
  "measured_wall_secs": 30.0001515,
  "native_after": {
    "cpu_seconds": 9.9375,
    "handles": 114,
    "io_read_bytes": 544785600,
    "io_write_bytes": 35991484,
    "io_write_operations": 16736,
    "private_bytes": 6864896,
    "working_set_bytes": 16179200
  },
  "native_before": {
    "cpu_seconds": 8.828125,
    "handles": 114,
    "io_read_bytes": 402284560,
    "io_write_bytes": 34236364,
    "io_write_operations": 15884,
    "private_bytes": 6037504,
    "working_set_bytes": 15458304
  },
  "native_cpu_seconds": 1.109375,
  "native_private_bytes": {
    "max": 7065600.0,
    "p95": 6836224.0,
    "samples": 30
  },
  "native_process_io_read_bytes": 142501040,
  "native_process_io_write_bytes": 1755120,
  "native_process_io_write_operations": 852,
  "native_working_set_bytes": {
    "max": 16179200.0,
    "p95": 15994880.0,
    "samples": 30
  },
  "options": {
    "active": 250,
    "archive": "complete",
    "dir": "D:\\Documents\\Code\\Github\\clash-verge-ai-residential\\bench-data\\t05-rebuild-20261002-4f8a8c68\\data\\matrix\\matrix-a250-unchanged-baseline",
    "duration_secs": 30,
    "hz": 1,
    "metadata_change_percent": 100,
    "period_rule": false,
    "query_every_frames": 5,
    "seed": 20260919,
    "source_revision": "c278bb7b56603001e32e353d2ee589dccef0bfe9",
    "start_utc": 1800001800,
    "virtual_time": false,
    "warmup_secs": 5,
    "workload": "unchanged"
  },
  "platform": "windows",
  "process_id": 29788,
  "samples": [
    {
      "active_tokens": 0,
      "frame": 1,
      "live_rows": 250,
      "native": {
        "cpu_seconds": 8.84375,
        "handles": 114,
        "io_read_bytes": 407019536,
        "io_write_bytes": 34294044,
        "io_write_operations": 15912,
        "private_bytes": 5656576,
        "working_set_bytes": 15114240
      },
      "token_bytes": 0,
      "virtual_utc": 1800001806,
      "wal_bytes": 4161232,
      "wall_secs": 0.0283952
    },
    {
      "active_tokens": 0,
      "frame": 2,
      "live_rows": 250,
      "native": {
        "cpu_seconds": 8.875,
        "handles": 114,
        "io_read_bytes": 411754512,
        "io_write_bytes": 34351724,
        "io_write_operations": 15940,
        "private_bytes": 6000640,
        "working_set_bytes": 15380480
      },
      "token_bytes": 0,
      "virtual_utc": 1800001807,
      "wal_bytes": 4161232,
      "wall_secs": 1.0326042
    },
    {
      "active_tokens": 0,
      "frame": 3,
      "live_rows": 250,
      "native": {
        "cpu_seconds": 8.921875,
        "handles": 114,
        "io_read_bytes": 416489488,
        "io_write_bytes": 34409404,
        "io_write_operations": 15968,
        "private_bytes": 6135808,
        "working_set_bytes": 15204352
      },
      "token_bytes": 0,
      "virtual_utc": 1800001808,
      "wal_bytes": 4161232,
      "wall_secs": 2.0366551
    },
    {
      "active_tokens": 0,
      "frame": 4,
      "live_rows": 250,
      "native": {
        "cpu_seconds": 8.9375,
        "handles": 114,
        "io_read_bytes": 421224464,
        "io_write_bytes": 34467084,
        "io_write_operations": 15996,
        "private_bytes": 6070272,
        "working_set_bytes": 15491072
      },
      "token_bytes": 0,
      "virtual_utc": 1800001809,
      "wal_bytes": 4161232,
      "wall_secs": 3.0285905
    },
    {
      "active_tokens": 0,
      "frame": 5,
      "live_rows": 250,
      "native": {
        "cpu_seconds": 8.953125,
        "handles": 114,
        "io_read_bytes": 426033368,
        "io_write_bytes": 34524764,
        "io_write_operations": 16024,
        "private_bytes": 5914624,
        "working_set_bytes": 15400960
      },
      "token_bytes": 0,
      "virtual_utc": 1800001810,
      "wal_bytes": 4161232,
      "wall_secs": 4.0326119
    },
    {
      "active_tokens": 0,
      "frame": 6,
      "live_rows": 250,
      "native": {
        "cpu_seconds": 8.984375,
        "handles": 114,
        "io_read_bytes": 430768344,
        "io_write_bytes": 34582444,
        "io_write_operations": 16052,
        "private_bytes": 6836224,
        "working_set_bytes": 15642624
      },
      "token_bytes": 0,
      "virtual_utc": 1800001811,
      "wal_bytes": 4161232,
      "wall_secs": 5.0312781
    },
    {
      "active_tokens": 0,
      "frame": 7,
      "live_rows": 250,
      "native": {
        "cpu_seconds": 9.015625,
        "handles": 114,
        "io_read_bytes": 435503320,
        "io_write_bytes": 34640124,
        "io_write_operations": 16080,
        "private_bytes": 6586368,
        "working_set_bytes": 15417344
      },
      "token_bytes": 0,
      "virtual_utc": 1800001812,
      "wal_bytes": 4161232,
      "wall_secs": 6.0358379
    },
    {
      "active_tokens": 0,
      "frame": 8,
      "live_rows": 250,
      "native": {
        "cpu_seconds": 9.0625,
        "handles": 114,
        "io_read_bytes": 440238296,
        "io_write_bytes": 34697804,
        "io_write_operations": 16108,
        "private_bytes": 6815744,
        "working_set_bytes": 15646720
      },
      "token_bytes": 0,
      "virtual_utc": 1800001813,
      "wal_bytes": 4161232,
      "wall_secs": 7.0361096
    },
    {
      "active_tokens": 0,
      "frame": 9,
      "live_rows": 250,
      "native": {
        "cpu_seconds": 9.140625,
        "handles": 114,
        "io_read_bytes": 444973272,
        "io_write_bytes": 34755484,
        "io_write_operations": 16136,
        "private_bytes": 5611520,
        "working_set_bytes": 15187968
      },
      "token_bytes": 0,
      "virtual_utc": 1800001814,
      "wal_bytes": 4161232,
      "wall_secs": 8.0566482
    },
    {
      "active_tokens": 0,
      "frame": 10,
      "live_rows": 250,
      "native": {
        "cpu_seconds": 9.15625,
        "handles": 114,
        "io_read_bytes": 449782176,
        "io_write_bytes": 34813164,
        "io_write_operations": 16164,
        "private_bytes": 7065600,
        "working_set_bytes": 15921152
      },
      "token_bytes": 0,
      "virtual_utc": 1800001815,
      "wal_bytes": 4161232,
      "wall_secs": 9.0320539
    },
    {
      "active_tokens": 0,
      "frame": 11,
      "live_rows": 250,
      "native": {
        "cpu_seconds": 9.171875,
        "handles": 114,
        "io_read_bytes": 454517152,
        "io_write_bytes": 34870844,
        "io_write_operations": 16192,
        "private_bytes": 6578176,
        "working_set_bytes": 15380480
      },
      "token_bytes": 0,
      "virtual_utc": 1800001816,
      "wal_bytes": 4161232,
      "wall_secs": 10.033688
    },
    {
      "active_tokens": 0,
      "frame": 12,
      "live_rows": 250,
      "native": {
        "cpu_seconds": 9.1875,
        "handles": 114,
        "io_read_bytes": 459252128,
        "io_write_bytes": 34928524,
        "io_write_operations": 16220,
        "private_bytes": 6057984,
        "working_set_bytes": 15491072
      },
      "token_bytes": 0,
      "virtual_utc": 1800001817,
      "wal_bytes": 4161232,
      "wall_secs": 11.0285226
    },
    {
      "active_tokens": 0,
      "frame": 13,
      "live_rows": 250,
      "native": {
        "cpu_seconds": 9.234375,
        "handles": 114,
        "io_read_bytes": 463987104,
        "io_write_bytes": 34986204,
        "io_write_operations": 16248,
        "private_bytes": 5713920,
        "working_set_bytes": 15314944
      },
      "token_bytes": 0,
      "virtual_utc": 1800001818,
      "wal_bytes": 4161232,
      "wall_secs": 12.0378143
    },
    {
      "active_tokens": 0,
      "frame": 14,
      "live_rows": 250,
      "native": {
        "cpu_seconds": 9.265625,
        "handles": 114,
        "io_read_bytes": 468722080,
        "io_write_bytes": 35043884,
        "io_write_operations": 16276,
        "private_bytes": 6115328,
        "working_set_bytes": 15704064
      },
      "token_bytes": 0,
      "virtual_utc": 1800001819,
      "wal_bytes": 4161232,
      "wall_secs": 13.0358741
    },
    {
      "active_tokens": 0,
      "frame": 15,
      "live_rows": 250,
      "native": {
        "cpu_seconds": 9.328125,
        "handles": 114,
        "io_read_bytes": 473530984,
        "io_write_bytes": 35101564,
        "io_write_operations": 16304,
        "private_bytes": 5947392,
        "working_set_bytes": 15523840
      },
      "token_bytes": 0,
      "virtual_utc": 1800001820,
      "wal_bytes": 4161232,
      "wall_secs": 14.0403579
    },
    {
      "active_tokens": 0,
      "frame": 16,
      "live_rows": 250,
      "native": {
        "cpu_seconds": 9.359375,
        "handles": 114,
        "io_read_bytes": 478265960,
        "io_write_bytes": 35159244,
        "io_write_operations": 16332,
        "private_bytes": 6111232,
        "working_set_bytes": 15699968
      },
      "token_bytes": 0,
      "virtual_utc": 1800001821,
      "wal_bytes": 4161232,
      "wall_secs": 15.0363129
    },
    {
      "active_tokens": 0,
      "frame": 17,
      "live_rows": 250,
      "native": {
        "cpu_seconds": 9.390625,
        "handles": 114,
        "io_read_bytes": 483000936,
        "io_write_bytes": 35216924,
        "io_write_operations": 16360,
        "private_bytes": 5533696,
        "working_set_bytes": 15179776
      },
      "token_bytes": 0,
      "virtual_utc": 1800001822,
      "wal_bytes": 4161232,
      "wall_secs": 16.0352316
    },
    {
      "active_tokens": 0,
      "frame": 18,
      "live_rows": 250,
      "native": {
        "cpu_seconds": 9.453125,
        "handles": 114,
        "io_read_bytes": 487735912,
        "io_write_bytes": 35274604,
        "io_write_operations": 16388,
        "private_bytes": 6098944,
        "working_set_bytes": 15650816
      },
      "token_bytes": 0,
      "virtual_utc": 1800001823,
      "wal_bytes": 4161232,
      "wall_secs": 17.0366852
    },
    {
      "active_tokens": 0,
      "frame": 19,
      "live_rows": 250,
      "native": {
        "cpu_seconds": 9.46875,
        "handles": 114,
        "io_read_bytes": 492470888,
        "io_write_bytes": 35332284,
        "io_write_operations": 16416,
        "private_bytes": 5763072,
        "working_set_bytes": 15347712
      },
      "token_bytes": 0,
      "virtual_utc": 1800001824,
      "wal_bytes": 4161232,
      "wall_secs": 18.0316621
    },
    {
      "active_tokens": 0,
      "frame": 20,
      "live_rows": 250,
      "native": {
        "cpu_seconds": 9.515625,
        "handles": 114,
        "io_read_bytes": 497279792,
        "io_write_bytes": 35389964,
        "io_write_operations": 16444,
        "private_bytes": 6742016,
        "working_set_bytes": 16011264
      },
      "token_bytes": 0,
      "virtual_utc": 1800001825,
      "wal_bytes": 4161232,
      "wall_secs": 19.0378644
    },
    {
      "active_tokens": 0,
      "frame": 21,
      "live_rows": 250,
      "native": {
        "cpu_seconds": 9.5625,
        "handles": 114,
        "io_read_bytes": 502014768,
        "io_write_bytes": 35447644,
        "io_write_operations": 16472,
        "private_bytes": 5672960,
        "working_set_bytes": 15253504
      },
      "token_bytes": 0,
      "virtual_utc": 1800001826,
      "wal_bytes": 4161232,
      "wall_secs": 20.04056
    },
    {
      "active_tokens": 0,
      "frame": 22,
      "live_rows": 250,
      "native": {
        "cpu_seconds": 9.59375,
        "handles": 114,
        "io_read_bytes": 506749744,
        "io_write_bytes": 35505324,
        "io_write_operations": 16500,
        "private_bytes": 6078464,
        "working_set_bytes": 15601664
      },
      "token_bytes": 0,
      "virtual_utc": 1800001827,
      "wal_bytes": 4161232,
      "wall_secs": 21.0354008
    },
    {
      "active_tokens": 0,
      "frame": 23,
      "live_rows": 250,
      "native": {
        "cpu_seconds": 9.625,
        "handles": 114,
        "io_read_bytes": 511484720,
        "io_write_bytes": 35563004,
        "io_write_operations": 16528,
        "private_bytes": 5791744,
        "working_set_bytes": 15376384
      },
      "token_bytes": 0,
      "virtual_utc": 1800001828,
      "wal_bytes": 4161232,
      "wall_secs": 22.029817
    },
    {
      "active_tokens": 0,
      "frame": 24,
      "live_rows": 250,
      "native": {
        "cpu_seconds": 9.671875,
        "handles": 114,
        "io_read_bytes": 516219696,
        "io_write_bytes": 35620684,
        "io_write_operations": 16556,
        "private_bytes": 5824512,
        "working_set_bytes": 15446016
      },
      "token_bytes": 0,
      "virtual_utc": 1800001829,
      "wal_bytes": 4161232,
      "wall_secs": 23.0415945
    },
    {
      "active_tokens": 0,
      "frame": 25,
      "live_rows": 250,
      "native": {
        "cpu_seconds": 9.71875,
        "handles": 114,
        "io_read_bytes": 521028600,
        "io_write_bytes": 35678364,
        "io_write_operations": 16584,
        "private_bytes": 6410240,
        "working_set_bytes": 15740928
      },
      "token_bytes": 0,
      "virtual_utc": 1800001830,
      "wal_bytes": 4161232,
      "wall_secs": 24.0405958
    },
    {
      "active_tokens": 0,
      "frame": 26,
      "live_rows": 250,
      "native": {
        "cpu_seconds": 9.75,
        "handles": 114,
        "io_read_bytes": 525763576,
        "io_write_bytes": 35736044,
        "io_write_operations": 16612,
        "private_bytes": 6631424,
        "working_set_bytes": 15994880
      },
      "token_bytes": 0,
      "virtual_utc": 1800001831,
      "wal_bytes": 4161232,
      "wall_secs": 25.0321636
    },
    {
      "active_tokens": 0,
      "frame": 27,
      "live_rows": 250,
      "native": {
        "cpu_seconds": 9.796875,
        "handles": 114,
        "io_read_bytes": 530498552,
        "io_write_bytes": 35793724,
        "io_write_operations": 16640,
        "private_bytes": 6410240,
        "working_set_bytes": 15364096
      },
      "token_bytes": 0,
      "virtual_utc": 1800001832,
      "wal_bytes": 4161232,
      "wall_secs": 26.0367542
    },
    {
      "active_tokens": 0,
      "frame": 28,
      "live_rows": 250,
      "native": {
        "cpu_seconds": 9.84375,
        "handles": 114,
        "io_read_bytes": 535233528,
        "io_write_bytes": 35859644,
        "io_write_operations": 16672,
        "private_bytes": 5705728,
        "working_set_bytes": 15351808
      },
      "token_bytes": 0,
      "virtual_utc": 1800001833,
      "wal_bytes": 4161232,
      "wall_secs": 27.0383828
    },
    {
      "active_tokens": 0,
      "frame": 29,
      "live_rows": 250,
      "native": {
        "cpu_seconds": 9.890625,
        "handles": 114,
        "io_read_bytes": 539972600,
        "io_write_bytes": 35925564,
        "io_write_operations": 16704,
        "private_bytes": 5693440,
        "working_set_bytes": 15335424
      },
      "token_bytes": 0,
      "virtual_utc": 1800001834,
      "wal_bytes": 4161232,
      "wall_secs": 28.0369978
    },
    {
      "active_tokens": 0,
      "frame": 30,
      "live_rows": 250,
      "native": {
        "cpu_seconds": 9.9375,
        "handles": 114,
        "io_read_bytes": 544785600,
        "io_write_bytes": 35991484,
        "io_write_operations": 16736,
        "private_bytes": 6864896,
        "working_set_bytes": 16179200
      },
      "token_bytes": 0,
      "virtual_utc": 1800001835,
      "wal_bytes": 4161232,
      "wall_secs": 29.0387552
    }
  ],
  "schedule_lag_frames_max": 0,
  "schema_version": 1,
  "simulated_secs": 30,
  "spool_write_bytes": null,
  "sqlite_application_file_write_bytes": 1755120,
  "sqlite_xwrite": {
    "db_bytes": 0,
    "failed_calls": 0,
    "other_sqlite_file_bytes": 0,
    "successful_calls": 852,
    "wal_bytes": 1755120
  },
  "synchronous": "FULL",
  "tables_and_indexes": {
    "dbstat_available": true,
    "objects": [
      {
        "bytes": 4096,
        "bytes_per_row": null,
        "kind": "table",
        "name": "alert_event",
        "rows": 0,
        "table": "alert_event"
      },
      {
        "bytes": 4096,
        "bytes_per_row": 585.1428571428571,
        "kind": "table",
        "name": "alert_instance",
        "rows": 7,
        "table": "alert_instance"
      },
      {
        "bytes": 4096,
        "bytes_per_row": null,
        "kind": "index",
        "name": "alert_instance_active_uniq",
        "rows": null,
        "table": "alert_instance"
      },
      {
        "bytes": 4096,
        "bytes_per_row": null,
        "kind": "index",
        "name": "alert_instance_identity",
        "rows": null,
        "table": "alert_instance"
      },
      {
        "bytes": 4096,
        "bytes_per_row": 585.1428571428571,
        "kind": "table",
        "name": "alert_rule",
        "rows": 7,
        "table": "alert_rule"
      },
      {
        "bytes": 4096,
        "bytes_per_row": null,
        "kind": "table",
        "name": "backup_manifest",
        "rows": 0,
        "table": "backup_manifest"
      },
      {
        "bytes": 4096,
        "bytes_per_row": 4096.0,
        "kind": "table",
        "name": "bundle_epoch",
        "rows": 1,
        "table": "bundle_epoch"
      },
      {
        "bytes": 4096,
        "bytes_per_row": 113.77777777777777,
        "kind": "table",
        "name": "committed_bundle",
        "rows": 36,
        "table": "committed_bundle"
      },
      {
        "bytes": 16384,
        "bytes_per_row": 32.768,
        "kind": "table",
        "name": "connection_chain",
        "rows": 500,
        "table": "connection_chain"
      },
      {
        "bytes": 4096,
        "bytes_per_row": null,
        "kind": "table",
        "name": "connection_minute",
        "rows": 0,
        "table": "connection_minute"
      },
      {
        "bytes": 16384,
        "bytes_per_row": 65.536,
        "kind": "table",
        "name": "connection_session",
        "rows": 250,
        "table": "connection_session"
      },
      {
        "bytes": 16384,
        "bytes_per_row": 65.536,
        "kind": "table",
        "name": "connection_session_attr",
        "rows": 250,
        "table": "connection_session_attr"
      },
      {
        "bytes": 12288,
        "bytes_per_row": null,
        "kind": "index",
        "name": "connection_session_identity",
        "rows": null,
        "table": "connection_session"
      },
      {
        "bytes": 4096,
        "bytes_per_row": 4096.0,
        "kind": "table",
        "name": "controller_epoch",
        "rows": 1,
        "table": "controller_epoch"
      },
      {
        "bytes": 4096,
        "bytes_per_row": null,
        "kind": "table",
        "name": "coverage_daily",
        "rows": 0,
        "table": "coverage_daily"
      },
      {
        "bytes": 4096,
        "bytes_per_row": null,
        "kind": "table",
        "name": "coverage_interval",
        "rows": 0,
        "table": "coverage_interval"
      },
      {
        "bytes": 4096,
        "bytes_per_row": 4096.0,
        "kind": "table",
        "name": "data_version",
        "rows": 1,
        "table": "data_version"
      },
      {
        "bytes": 4096,
        "bytes_per_row": 39.00952380952381,
        "kind": "table",
        "name": "dimension_dict",
        "rows": 105,
        "table": "dimension_dict"
      },
      {
        "bytes": 4096,
        "bytes_per_row": null,
        "kind": "index",
        "name": "dimension_dict_value",
        "rows": null,
        "table": "dimension_dict"
      },
      {
        "bytes": 4096,
        "bytes_per_row": null,
        "kind": "index",
        "name": "idx_alert_event_retention",
        "rows": null,
        "table": "alert_event"
      },
      {
        "bytes": 4096,
        "bytes_per_row": null,
        "kind": "index",
        "name": "idx_alert_instance_center",
        "rows": null,
        "table": "alert_instance"
      },
      {
        "bytes": 4096,
        "bytes_per_row": null,
        "kind": "index",
        "name": "idx_connection_minute_utc",
        "rows": null,
        "table": "connection_minute"
      },
      {
        "bytes": 4096,
        "bytes_per_row": null,
        "kind": "index",
        "name": "idx_connection_session_started",
        "rows": null,
        "table": "connection_session"
      },
      {
        "bytes": 4096,
        "bytes_per_row": null,
        "kind": "index",
        "name": "idx_daily_core_day",
        "rows": null,
        "table": "traffic_daily_core"
      },
      {
        "bytes": 4096,
        "bytes_per_row": null,
        "kind": "index",
        "name": "idx_daily_dim_lookup",
        "rows": null,
        "table": "traffic_daily_dimension"
      },
      {
        "bytes": 4096,
        "bytes_per_row": null,
        "kind": "index",
        "name": "idx_hourly_dim_lookup",
        "rows": null,
        "table": "traffic_hourly_dimension"
      },
      {
        "bytes": 4096,
        "bytes_per_row": null,
        "kind": "index",
        "name": "idx_outbox_due",
        "rows": null,
        "table": "notification_outbox"
      },
      {
        "bytes": 4096,
        "bytes_per_row": null,
        "kind": "index",
        "name": "idx_outbox_lease",
        "rows": null,
        "table": "notification_outbox"
      },
      {
        "bytes": 28672,
        "bytes_per_row": null,
        "kind": "index",
        "name": "idx_report_archive_kind_start",
        "rows": null,
        "table": "report_archive"
      },
      {
        "bytes": 4096,
        "bytes_per_row": null,
        "kind": "index",
        "name": "idx_session_attr_host",
        "rows": null,
        "table": "connection_session_attr"
      },
      {
        "bytes": 4096,
        "bytes_per_row": null,
        "kind": "table",
        "name": "machine_setting",
        "rows": 0,
        "table": "machine_setting"
      },
      {
        "bytes": 4096,
        "bytes_per_row": null,
        "kind": "table",
        "name": "notification_outbox",
        "rows": 0,
        "table": "notification_outbox"
      },
      {
        "bytes": 2297856,
        "bytes_per_row": 2059.010752688172,
        "kind": "table",
        "name": "report_archive",
        "rows": 1116,
        "table": "report_archive"
      },
      {
        "bytes": 176128,
        "bytes_per_row": null,
        "kind": "index",
        "name": "report_archive_period_uniq",
        "rows": null,
        "table": "report_archive"
      },
      {
        "bytes": 4096,
        "bytes_per_row": null,
        "kind": "table",
        "name": "report_snapshot_meta",
        "rows": 0,
        "table": "report_snapshot_meta"
      },
      {
        "bytes": 4096,
        "bytes_per_row": null,
        "kind": "table",
        "name": "retention_state",
        "rows": 0,
        "table": "retention_state"
      },
      {
        "bytes": 4096,
        "bytes_per_row": 1024.0,
        "kind": "table",
        "name": "retention_watermark",
        "rows": 4,
        "table": "retention_watermark"
      },
      {
        "bytes": 4096,
        "bytes_per_row": 1024.0,
        "kind": "table",
        "name": "schema_migration",
        "rows": 4,
        "table": "schema_migration"
      },
      {
        "bytes": 4096,
        "bytes_per_row": null,
        "kind": "index",
        "name": "sqlite_autoindex_alert_event_1",
        "rows": null,
        "table": "alert_event"
      },
      {
        "bytes": 4096,
        "bytes_per_row": null,
        "kind": "index",
        "name": "sqlite_autoindex_alert_event_2",
        "rows": null,
        "table": "alert_event"
      },
      {
        "bytes": 4096,
        "bytes_per_row": null,
        "kind": "index",
        "name": "sqlite_autoindex_alert_instance_1",
        "rows": null,
        "table": "alert_instance"
      },
      {
        "bytes": 4096,
        "bytes_per_row": null,
        "kind": "index",
        "name": "sqlite_autoindex_alert_rule_1",
        "rows": null,
        "table": "alert_rule"
      },
      {
        "bytes": 4096,
        "bytes_per_row": null,
        "kind": "index",
        "name": "sqlite_autoindex_committed_bundle_1",
        "rows": null,
        "table": "committed_bundle"
      },
      {
        "bytes": 12288,
        "bytes_per_row": null,
        "kind": "index",
        "name": "sqlite_autoindex_connection_chain_1",
        "rows": null,
        "table": "connection_chain"
      },
      {
        "bytes": 4096,
        "bytes_per_row": null,
        "kind": "index",
        "name": "sqlite_autoindex_connection_minute_1",
        "rows": null,
        "table": "connection_minute"
      },
      {
        "bytes": 4096,
        "bytes_per_row": null,
        "kind": "index",
        "name": "sqlite_autoindex_dimension_dict_1",
        "rows": null,
        "table": "dimension_dict"
      },
      {
        "bytes": 4096,
        "bytes_per_row": null,
        "kind": "index",
        "name": "sqlite_autoindex_machine_setting_1",
        "rows": null,
        "table": "machine_setting"
      },
      {
        "bytes": 4096,
        "bytes_per_row": null,
        "kind": "index",
        "name": "sqlite_autoindex_notification_outbox_1",
        "rows": null,
        "table": "notification_outbox"
      },
      {
        "bytes": 4096,
        "bytes_per_row": null,
        "kind": "index",
        "name": "sqlite_autoindex_notification_outbox_2",
        "rows": null,
        "table": "notification_outbox"
      },
      {
        "bytes": 53248,
        "bytes_per_row": null,
        "kind": "index",
        "name": "sqlite_autoindex_report_archive_1",
        "rows": null,
        "table": "report_archive"
      },
      {
        "bytes": 4096,
        "bytes_per_row": null,
        "kind": "index",
        "name": "sqlite_autoindex_report_snapshot_meta_1",
        "rows": null,
        "table": "report_snapshot_meta"
      },
      {
        "bytes": 4096,
        "bytes_per_row": null,
        "kind": "index",
        "name": "sqlite_autoindex_retention_state_1",
        "rows": null,
        "table": "retention_state"
      },
      {
        "bytes": 4096,
        "bytes_per_row": null,
        "kind": "index",
        "name": "sqlite_autoindex_retention_watermark_1",
        "rows": null,
        "table": "retention_watermark"
      },
      {
        "bytes": 4096,
        "bytes_per_row": null,
        "kind": "index",
        "name": "sqlite_autoindex_target_item_1",
        "rows": null,
        "table": "target_item"
      },
      {
        "bytes": 4096,
        "bytes_per_row": null,
        "kind": "index",
        "name": "sqlite_autoindex_traffic_daily_core_1",
        "rows": null,
        "table": "traffic_daily_core"
      },
      {
        "bytes": 4096,
        "bytes_per_row": null,
        "kind": "index",
        "name": "sqlite_autoindex_traffic_daily_dimension_1",
        "rows": null,
        "table": "traffic_daily_dimension"
      },
      {
        "bytes": 4096,
        "bytes_per_row": null,
        "kind": "index",
        "name": "sqlite_autoindex_traffic_hourly_dimension_1",
        "rows": null,
        "table": "traffic_hourly_dimension"
      },
      {
        "bytes": 4096,
        "bytes_per_row": 4096.0,
        "kind": "table",
        "name": "target_item",
        "rows": 1,
        "table": "target_item"
      },
      {
        "bytes": 4096,
        "bytes_per_row": 4096.0,
        "kind": "table",
        "name": "target_set",
        "rows": 1,
        "table": "target_set"
      },
      {
        "bytes": 4096,
        "bytes_per_row": null,
        "kind": "table",
        "name": "traffic_daily_core",
        "rows": 0,
        "table": "traffic_daily_core"
      },
      {
        "bytes": 4096,
        "bytes_per_row": null,
        "kind": "table",
        "name": "traffic_daily_dimension",
        "rows": 0,
        "table": "traffic_daily_dimension"
      },
      {
        "bytes": 4096,
        "bytes_per_row": null,
        "kind": "table",
        "name": "traffic_hourly_dimension",
        "rows": 0,
        "table": "traffic_hourly_dimension"
      }
    ]
  },
  "traffic": {
    "conserved": true,
    "expected_added_download": 0,
    "expected_added_upload": 0,
    "final_download": 0,
    "final_upload": 0,
    "initial_download": 0,
    "initial_upload": 0
  },
  "warmup_wall_secs": 5.000286,
  "writer_rows_changed": 37800
}
