{
  "all_application_file_write_bytes": null,
  "commits": 30,
  "executable_sha256": "aaf4a5ed3626ffa0502948f1911027eca888e2f09460c1d86ad94f7cffb51b9b",
  "final_files_and_pages": {
    "active_page_bytes": 2953216,
    "archive_failed": 0,
    "archive_ok": 1116,
    "archive_spool_present_bytes": 0,
    "db_bytes": 2740224,
    "freelist_count": 0,
    "journal_mode": "wal",
    "page_count": 721,
    "page_size": 4096,
    "reusable_page_bytes": 0,
    "schema_version": 5,
    "shm_bytes": 32768,
    "spool_present_bytes": 0,
    "synchronous": 2,
    "wal_bytes": 4140632
  },
  "fixture_hash": "e779598d1e51d163d7a3c9f73934ccc219fdd33f7a0c3407996b01aff92f0977",
  "frame_budget_overruns": 0,
  "frames": 30,
  "initial_files_and_pages": {
    "active_page_bytes": 2953216,
    "archive_failed": 0,
    "archive_ok": 1116,
    "archive_spool_present_bytes": 0,
    "db_bytes": 2740224,
    "freelist_count": 0,
    "journal_mode": "wal",
    "page_count": 721,
    "page_size": 4096,
    "reusable_page_bytes": 0,
    "schema_version": 5,
    "shm_bytes": 32768,
    "spool_present_bytes": 0,
    "synchronous": 2,
    "wal_bytes": 4140632
  },
  "kind": "isolated-real-facade",
  "latency": {
    "archive_tick": {
      "count": 30,
      "max_ms": 0.0021,
      "p50_ms": 0.0015,
      "p95_ms": 0.0018,
      "p99_ms": 0.002
    },
    "facade_ingest_including_durable_commit": {
      "count": 30,
      "max_ms": 144.0854,
      "p50_ms": 13.6028,
      "p95_ms": 14.2249,
      "p99_ms": 14.2307
    },
    "live_query": {
      "count": 6,
      "max_ms": 0.2679,
      "p50_ms": 0.18000000000000002,
      "p95_ms": 0.1964,
      "p99_ms": 0.1964
    },
    "report_first_reader": {
      "count": 6,
      "max_ms": 1.6273,
      "p50_ms": 1.4353,
      "p95_ms": 1.5176,
      "p99_ms": 1.5176
    },
    "report_repeated_reader": {
      "count": 6,
      "max_ms": 1.646,
      "p50_ms": 1.0196,
      "p95_ms": 1.2146,
      "p99_ms": 1.2146
    },
    "whole_tick": {
      "count": 30,
      "max_ms": 144.1852,
      "p50_ms": 13.7789,
      "p95_ms": 16.8356,
      "p99_ms": 17.3936
    }
  },
  "limits": [
    "仅当前原生基准进程；没有 HTTP、Tauri 事件或 WebView，窗口为后台模拟状态。",
    "CPU/I/O/内存不含初始化、warmup、结果 JSON 写出及最终统计查询；采样开销包含在测量内。",
    "SQLite xWrite 只统计隔离目录内成功请求字节，不含 mmap/shm、spool、日志、系统缓存与物理设备写放大。",
    "process I/O 为 OS 当前进程计数，不能替代文件归属；spool 瞬时写入需要独立回归或文件跟踪。",
    "report first/repeated 每次均打开新 reader；未驱逐 OS page cache，不能宣称物理冷读。",
    "ingest 延迟包含 accounting、告警与提交；不是单独 SQLite commit 耗时。",
    "串行驱动没有 collector 输入队列；schedule_lag 不是实际队列深度。",
    "归档齐全 fixture 使用空历史的持久化结果；本回放不代替完整30天容量库或安装态 soak。",
    "failed 档案场景由隔离库 BEFORE INSERT 触发器拒绝持久化，非真实磁盘故障。"
  ],
  "local_utc_offset_seconds": -18000,
  "measured_wall_secs": 30.0005241,
  "native_after": {
    "cpu_seconds": 9.453125,
    "handles": 114,
    "io_read_bytes": 379704612,
    "io_write_bytes": 35154812,
    "io_write_operations": 16317,
    "private_bytes": 7163904,
    "working_set_bytes": 16719872
  },
  "native_before": {
    "cpu_seconds": 9.359375,
    "handles": 114,
    "io_read_bytes": 378945652,
    "io_write_bytes": 34413212,
    "io_write_operations": 15957,
    "private_bytes": 6868992,
    "working_set_bytes": 16330752
  },
  "native_cpu_seconds": 0.09375,
  "native_private_bytes": {
    "max": 7262208.0,
    "p95": 7262208.0,
    "samples": 30
  },
  "native_process_io_read_bytes": 758960,
  "native_process_io_write_bytes": 741600,
  "native_process_io_write_operations": 360,
  "native_working_set_bytes": {
    "max": 16912384.0,
    "p95": 16846848.0,
    "samples": 30
  },
  "options": {
    "active": 250,
    "archive": "complete",
    "dir": "D:\\Documents\\Code\\Github\\clash-verge-ai-residential\\bench-data\\t05-rebuild-20261002-4f8a8c68\\data\\matrix\\matrix-a250-unchanged-candidate",
    "duration_secs": 30,
    "hz": 1,
    "metadata_change_percent": 100,
    "period_rule": false,
    "query_every_frames": 5,
    "seed": 20260919,
    "source_revision": "manifest-sha256:fb0aa37772bc274ff8637bd5ad049c322b569cbf62bd27c6123651a1fc1fa35b",
    "start_utc": 1800001800,
    "virtual_time": false,
    "warmup_secs": 5,
    "workload": "unchanged"
  },
  "platform": "windows",
  "process_id": 45132,
  "samples": [
    {
      "active_tokens": 0,
      "frame": 1,
      "live_rows": 250,
      "native": {
        "cpu_seconds": 9.359375,
        "handles": 114,
        "io_read_bytes": 379015284,
        "io_write_bytes": 34437932,
        "io_write_operations": 15969,
        "private_bytes": 6062080,
        "working_set_bytes": 15597568
      },
      "token_bytes": 0,
      "virtual_utc": 1800001806,
      "wal_bytes": 4140632,
      "wall_secs": 0.013835
    },
    {
      "active_tokens": 0,
      "frame": 2,
      "live_rows": 250,
      "native": {
        "cpu_seconds": 9.359375,
        "handles": 114,
        "io_read_bytes": 379015284,
        "io_write_bytes": 34462652,
        "io_write_operations": 15981,
        "private_bytes": 6868992,
        "working_set_bytes": 16232448
      },
      "token_bytes": 0,
      "virtual_utc": 1800001807,
      "wal_bytes": 4140632,
      "wall_secs": 1.0125484
    },
    {
      "active_tokens": 0,
      "frame": 3,
      "live_rows": 250,
      "native": {
        "cpu_seconds": 9.359375,
        "handles": 114,
        "io_read_bytes": 379015284,
        "io_write_bytes": 34487372,
        "io_write_operations": 15993,
        "private_bytes": 6868992,
        "working_set_bytes": 16297984
      },
      "token_bytes": 0,
      "virtual_utc": 1800001808,
      "wal_bytes": 4140632,
      "wall_secs": 2.0142458
    },
    {
      "active_tokens": 0,
      "frame": 4,
      "live_rows": 250,
      "native": {
        "cpu_seconds": 9.359375,
        "handles": 114,
        "io_read_bytes": 379015284,
        "io_write_bytes": 34512092,
        "io_write_operations": 16005,
        "private_bytes": 6025216,
        "working_set_bytes": 15622144
      },
      "token_bytes": 0,
      "virtual_utc": 1800001809,
      "wal_bytes": 4140632,
      "wall_secs": 3.013868
    },
    {
      "active_tokens": 0,
      "frame": 5,
      "live_rows": 250,
      "native": {
        "cpu_seconds": 9.359375,
        "handles": 114,
        "io_read_bytes": 379130172,
        "io_write_bytes": 34536812,
        "io_write_operations": 16017,
        "private_bytes": 6868992,
        "working_set_bytes": 16486400
      },
      "token_bytes": 0,
      "virtual_utc": 1800001810,
      "wal_bytes": 4140632,
      "wall_secs": 4.0159917
    },
    {
      "active_tokens": 0,
      "frame": 6,
      "live_rows": 250,
      "native": {
        "cpu_seconds": 9.375,
        "handles": 114,
        "io_read_bytes": 379130172,
        "io_write_bytes": 34561532,
        "io_write_operations": 16029,
        "private_bytes": 7135232,
        "working_set_bytes": 16773120
      },
      "token_bytes": 0,
      "virtual_utc": 1800001811,
      "wal_bytes": 4140632,
      "wall_secs": 5.0146097
    },
    {
      "active_tokens": 0,
      "frame": 7,
      "live_rows": 250,
      "native": {
        "cpu_seconds": 9.375,
        "handles": 114,
        "io_read_bytes": 379130172,
        "io_write_bytes": 34586252,
        "io_write_operations": 16041,
        "private_bytes": 7262208,
        "working_set_bytes": 16900096
      },
      "token_bytes": 0,
      "virtual_utc": 1800001812,
      "wal_bytes": 4140632,
      "wall_secs": 6.0140156
    },
    {
      "active_tokens": 0,
      "frame": 8,
      "live_rows": 250,
      "native": {
        "cpu_seconds": 9.375,
        "handles": 114,
        "io_read_bytes": 379130172,
        "io_write_bytes": 34610972,
        "io_write_operations": 16053,
        "private_bytes": 7262208,
        "working_set_bytes": 16912384
      },
      "token_bytes": 0,
      "virtual_utc": 1800001813,
      "wal_bytes": 4140632,
      "wall_secs": 7.0136508
    },
    {
      "active_tokens": 0,
      "frame": 9,
      "live_rows": 250,
      "native": {
        "cpu_seconds": 9.375,
        "handles": 114,
        "io_read_bytes": 379130172,
        "io_write_bytes": 34635692,
        "io_write_operations": 16065,
        "private_bytes": 6344704,
        "working_set_bytes": 16035840
      },
      "token_bytes": 0,
      "virtual_utc": 1800001814,
      "wal_bytes": 4140632,
      "wall_secs": 8.0141025
    },
    {
      "active_tokens": 0,
      "frame": 10,
      "live_rows": 250,
      "native": {
        "cpu_seconds": 9.390625,
        "handles": 114,
        "io_read_bytes": 379245060,
        "io_write_bytes": 34660412,
        "io_write_operations": 16077,
        "private_bytes": 7032832,
        "working_set_bytes": 16629760
      },
      "token_bytes": 0,
      "virtual_utc": 1800001815,
      "wal_bytes": 4140632,
      "wall_secs": 9.0163801
    },
    {
      "active_tokens": 0,
      "frame": 11,
      "live_rows": 250,
      "native": {
        "cpu_seconds": 9.390625,
        "handles": 114,
        "io_read_bytes": 379245060,
        "io_write_bytes": 34685132,
        "io_write_operations": 16089,
        "private_bytes": 6803456,
        "working_set_bytes": 16203776
      },
      "token_bytes": 0,
      "virtual_utc": 1800001816,
      "wal_bytes": 4140632,
      "wall_secs": 10.1446208
    },
    {
      "active_tokens": 0,
      "frame": 12,
      "live_rows": 250,
      "native": {
        "cpu_seconds": 9.390625,
        "handles": 114,
        "io_read_bytes": 379245060,
        "io_write_bytes": 34709852,
        "io_write_operations": 16101,
        "private_bytes": 7262208,
        "working_set_bytes": 16392192
      },
      "token_bytes": 0,
      "virtual_utc": 1800001817,
      "wal_bytes": 4140632,
      "wall_secs": 11.0148619
    },
    {
      "active_tokens": 0,
      "frame": 13,
      "live_rows": 250,
      "native": {
        "cpu_seconds": 9.390625,
        "handles": 114,
        "io_read_bytes": 379245060,
        "io_write_bytes": 34734572,
        "io_write_operations": 16113,
        "private_bytes": 7262208,
        "working_set_bytes": 16617472
      },
      "token_bytes": 0,
      "virtual_utc": 1800001818,
      "wal_bytes": 4140632,
      "wall_secs": 12.0143456
    },
    {
      "active_tokens": 0,
      "frame": 14,
      "live_rows": 250,
      "native": {
        "cpu_seconds": 9.390625,
        "handles": 114,
        "io_read_bytes": 379245060,
        "io_write_bytes": 34759292,
        "io_write_operations": 16125,
        "private_bytes": 7262208,
        "working_set_bytes": 16621568
      },
      "token_bytes": 0,
      "virtual_utc": 1800001819,
      "wal_bytes": 4140632,
      "wall_secs": 13.0142641
    },
    {
      "active_tokens": 0,
      "frame": 15,
      "live_rows": 250,
      "native": {
        "cpu_seconds": 9.40625,
        "handles": 114,
        "io_read_bytes": 379359948,
        "io_write_bytes": 34784012,
        "io_write_operations": 16137,
        "private_bytes": 7163904,
        "working_set_bytes": 16777216
      },
      "token_bytes": 0,
      "virtual_utc": 1800001820,
      "wal_bytes": 4140632,
      "wall_secs": 14.018004
    },
    {
      "active_tokens": 0,
      "frame": 16,
      "live_rows": 250,
      "native": {
        "cpu_seconds": 9.40625,
        "handles": 114,
        "io_read_bytes": 379359948,
        "io_write_bytes": 34808732,
        "io_write_operations": 16149,
        "private_bytes": 6709248,
        "working_set_bytes": 16367616
      },
      "token_bytes": 0,
      "virtual_utc": 1800001821,
      "wal_bytes": 4140632,
      "wall_secs": 15.01457
    },
    {
      "active_tokens": 0,
      "frame": 17,
      "live_rows": 250,
      "native": {
        "cpu_seconds": 9.40625,
        "handles": 114,
        "io_read_bytes": 379359948,
        "io_write_bytes": 34833452,
        "io_write_operations": 16161,
        "private_bytes": 6918144,
        "working_set_bytes": 16560128
      },
      "token_bytes": 0,
      "virtual_utc": 1800001822,
      "wal_bytes": 4140632,
      "wall_secs": 16.0140498
    },
    {
      "active_tokens": 0,
      "frame": 18,
      "live_rows": 250,
      "native": {
        "cpu_seconds": 9.40625,
        "handles": 114,
        "io_read_bytes": 379359948,
        "io_write_bytes": 34858172,
        "io_write_operations": 16173,
        "private_bytes": 7163904,
        "working_set_bytes": 16805888
      },
      "token_bytes": 0,
      "virtual_utc": 1800001823,
      "wal_bytes": 4140632,
      "wall_secs": 17.013161
    },
    {
      "active_tokens": 0,
      "frame": 19,
      "live_rows": 250,
      "native": {
        "cpu_seconds": 9.40625,
        "handles": 114,
        "io_read_bytes": 379359948,
        "io_write_bytes": 34882892,
        "io_write_operations": 16185,
        "private_bytes": 7163904,
        "working_set_bytes": 16502784
      },
      "token_bytes": 0,
      "virtual_utc": 1800001824,
      "wal_bytes": 4140632,
      "wall_secs": 18.0139638
    },
    {
      "active_tokens": 0,
      "frame": 20,
      "live_rows": 250,
      "native": {
        "cpu_seconds": 9.40625,
        "handles": 114,
        "io_read_bytes": 379474836,
        "io_write_bytes": 34907612,
        "io_write_operations": 16197,
        "private_bytes": 7163904,
        "working_set_bytes": 16687104
      },
      "token_bytes": 0,
      "virtual_utc": 1800001825,
      "wal_bytes": 4140632,
      "wall_secs": 19.0156968
    },
    {
      "active_tokens": 0,
      "frame": 21,
      "live_rows": 250,
      "native": {
        "cpu_seconds": 9.421875,
        "handles": 114,
        "io_read_bytes": 379474836,
        "io_write_bytes": 34932332,
        "io_write_operations": 16209,
        "private_bytes": 6221824,
        "working_set_bytes": 15945728
      },
      "token_bytes": 0,
      "virtual_utc": 1800001826,
      "wal_bytes": 4140632,
      "wall_secs": 20.0142497
    },
    {
      "active_tokens": 0,
      "frame": 22,
      "live_rows": 250,
      "native": {
        "cpu_seconds": 9.421875,
        "handles": 114,
        "io_read_bytes": 379474836,
        "io_write_bytes": 34957052,
        "io_write_operations": 16221,
        "private_bytes": 7163904,
        "working_set_bytes": 16658432
      },
      "token_bytes": 0,
      "virtual_utc": 1800001827,
      "wal_bytes": 4140632,
      "wall_secs": 21.0143432
    },
    {
      "active_tokens": 0,
      "frame": 23,
      "live_rows": 250,
      "native": {
        "cpu_seconds": 9.421875,
        "handles": 114,
        "io_read_bytes": 379474836,
        "io_write_bytes": 34981772,
        "io_write_operations": 16233,
        "private_bytes": 7163904,
        "working_set_bytes": 16732160
      },
      "token_bytes": 0,
      "virtual_utc": 1800001828,
      "wal_bytes": 4140632,
      "wall_secs": 22.0140793
    },
    {
      "active_tokens": 0,
      "frame": 24,
      "live_rows": 250,
      "native": {
        "cpu_seconds": 9.421875,
        "handles": 114,
        "io_read_bytes": 379474836,
        "io_write_bytes": 35006492,
        "io_write_operations": 16245,
        "private_bytes": 7163904,
        "working_set_bytes": 16756736
      },
      "token_bytes": 0,
      "virtual_utc": 1800001829,
      "wal_bytes": 4140632,
      "wall_secs": 23.0138587
    },
    {
      "active_tokens": 0,
      "frame": 25,
      "live_rows": 250,
      "native": {
        "cpu_seconds": 9.4375,
        "handles": 114,
        "io_read_bytes": 379589724,
        "io_write_bytes": 35031212,
        "io_write_operations": 16257,
        "private_bytes": 7163904,
        "working_set_bytes": 16805888
      },
      "token_bytes": 0,
      "virtual_utc": 1800001830,
      "wal_bytes": 4140632,
      "wall_secs": 24.0171339
    },
    {
      "active_tokens": 0,
      "frame": 26,
      "live_rows": 250,
      "native": {
        "cpu_seconds": 9.4375,
        "handles": 114,
        "io_read_bytes": 379589724,
        "io_write_bytes": 35055932,
        "io_write_operations": 16269,
        "private_bytes": 7163904,
        "working_set_bytes": 16838656
      },
      "token_bytes": 0,
      "virtual_utc": 1800001831,
      "wal_bytes": 4140632,
      "wall_secs": 25.0141216
    },
    {
      "active_tokens": 0,
      "frame": 27,
      "live_rows": 250,
      "native": {
        "cpu_seconds": 9.4375,
        "handles": 114,
        "io_read_bytes": 379589724,
        "io_write_bytes": 35080652,
        "io_write_operations": 16281,
        "private_bytes": 7163904,
        "working_set_bytes": 16846848
      },
      "token_bytes": 0,
      "virtual_utc": 1800001832,
      "wal_bytes": 4140632,
      "wall_secs": 26.0143873
    },
    {
      "active_tokens": 0,
      "frame": 28,
      "live_rows": 250,
      "native": {
        "cpu_seconds": 9.4375,
        "handles": 114,
        "io_read_bytes": 379589724,
        "io_write_bytes": 35105372,
        "io_write_operations": 16293,
        "private_bytes": 7163904,
        "working_set_bytes": 16846848
      },
      "token_bytes": 0,
      "virtual_utc": 1800001833,
      "wal_bytes": 4140632,
      "wall_secs": 27.0142306
    },
    {
      "active_tokens": 0,
      "frame": 29,
      "live_rows": 250,
      "native": {
        "cpu_seconds": 9.4375,
        "handles": 114,
        "io_read_bytes": 379589724,
        "io_write_bytes": 35130092,
        "io_write_operations": 16305,
        "private_bytes": 6332416,
        "working_set_bytes": 16076800
      },
      "token_bytes": 0,
      "virtual_utc": 1800001834,
      "wal_bytes": 4140632,
      "wall_secs": 28.0141332
    },
    {
      "active_tokens": 0,
      "frame": 30,
      "live_rows": 250,
      "native": {
        "cpu_seconds": 9.453125,
        "handles": 114,
        "io_read_bytes": 379704612,
        "io_write_bytes": 35154812,
        "io_write_operations": 16317,
        "private_bytes": 7163904,
        "working_set_bytes": 16719872
      },
      "token_bytes": 0,
      "virtual_utc": 1800001835,
      "wal_bytes": 4140632,
      "wall_secs": 29.0173936
    }
  ],
  "schedule_lag_frames_max": 0,
  "schema_version": 1,
  "simulated_secs": 30,
  "spool_write_bytes": null,
  "sqlite_application_file_write_bytes": 741600,
  "sqlite_xwrite": {
    "db_bytes": 0,
    "failed_calls": 0,
    "other_sqlite_file_bytes": 0,
    "successful_calls": 360,
    "wal_bytes": 741600
  },
  "synchronous": "FULL",
  "tables_and_indexes": {
    "dbstat_available": true,
    "objects": [
      {
        "bytes": 4096,
        "bytes_per_row": null,
        "kind": "table",
        "name": "alert_event",
        "rows": 0,
        "table": "alert_event"
      },
      {
        "bytes": 4096,
        "bytes_per_row": 585.1428571428571,
        "kind": "table",
        "name": "alert_instance",
        "rows": 7,
        "table": "alert_instance"
      },
      {
        "bytes": 4096,
        "bytes_per_row": null,
        "kind": "index",
        "name": "alert_instance_active_uniq",
        "rows": null,
        "table": "alert_instance"
      },
      {
        "bytes": 4096,
        "bytes_per_row": null,
        "kind": "index",
        "name": "alert_instance_identity",
        "rows": null,
        "table": "alert_instance"
      },
      {
        "bytes": 4096,
        "bytes_per_row": 585.1428571428571,
        "kind": "table",
        "name": "alert_rule",
        "rows": 7,
        "table": "alert_rule"
      },
      {
        "bytes": 4096,
        "bytes_per_row": null,
        "kind": "table",
        "name": "backup_manifest",
        "rows": 0,
        "table": "backup_manifest"
      },
      {
        "bytes": 4096,
        "bytes_per_row": 4096.0,
        "kind": "table",
        "name": "bundle_epoch",
        "rows": 1,
        "table": "bundle_epoch"
      },
      {
        "bytes": 4096,
        "bytes_per_row": 113.77777777777777,
        "kind": "table",
        "name": "committed_bundle",
        "rows": 36,
        "table": "committed_bundle"
      },
      {
        "bytes": 12288,
        "bytes_per_row": 24.576,
        "kind": "table",
        "name": "connection_chain",
        "rows": 500,
        "table": "connection_chain"
      },
      {
        "bytes": 4096,
        "bytes_per_row": null,
        "kind": "table",
        "name": "connection_minute",
        "rows": 0,
        "table": "connection_minute"
      },
      {
        "bytes": 16384,
        "bytes_per_row": 65.536,
        "kind": "table",
        "name": "connection_session",
        "rows": 250,
        "table": "connection_session"
      },
      {
        "bytes": 16384,
        "bytes_per_row": 65.536,
        "kind": "table",
        "name": "connection_session_attr",
        "rows": 250,
        "table": "connection_session_attr"
      },
      {
        "bytes": 12288,
        "bytes_per_row": null,
        "kind": "index",
        "name": "connection_session_identity",
        "rows": null,
        "table": "connection_session"
      },
      {
        "bytes": 4096,
        "bytes_per_row": 4096.0,
        "kind": "table",
        "name": "controller_epoch",
        "rows": 1,
        "table": "controller_epoch"
      },
      {
        "bytes": 4096,
        "bytes_per_row": null,
        "kind": "table",
        "name": "coverage_daily",
        "rows": 0,
        "table": "coverage_daily"
      },
      {
        "bytes": 4096,
        "bytes_per_row": 4096.0,
        "kind": "table",
        "name": "coverage_interval",
        "rows": 1,
        "table": "coverage_interval"
      },
      {
        "bytes": 4096,
        "bytes_per_row": 4096.0,
        "kind": "table",
        "name": "data_version",
        "rows": 1,
        "table": "data_version"
      },
      {
        "bytes": 4096,
        "bytes_per_row": 39.00952380952381,
        "kind": "table",
        "name": "dimension_dict",
        "rows": 105,
        "table": "dimension_dict"
      },
      {
        "bytes": 4096,
        "bytes_per_row": null,
        "kind": "index",
        "name": "dimension_dict_value",
        "rows": null,
        "table": "dimension_dict"
      },
      {
        "bytes": 4096,
        "bytes_per_row": null,
        "kind": "index",
        "name": "idx_alert_event_retention",
        "rows": null,
        "table": "alert_event"
      },
      {
        "bytes": 4096,
        "bytes_per_row": null,
        "kind": "index",
        "name": "idx_alert_instance_center",
        "rows": null,
        "table": "alert_instance"
      },
      {
        "bytes": 4096,
        "bytes_per_row": null,
        "kind": "index",
        "name": "idx_connection_minute_session",
        "rows": null,
        "table": "connection_minute"
      },
      {
        "bytes": 4096,
        "bytes_per_row": null,
        "kind": "index",
        "name": "idx_connection_session_started",
        "rows": null,
        "table": "connection_session"
      },
      {
        "bytes": 4096,
        "bytes_per_row": null,
        "kind": "index",
        "name": "idx_coverage_sample_tail",
        "rows": null,
        "table": "coverage_interval"
      },
      {
        "bytes": 4096,
        "bytes_per_row": null,
        "kind": "index",
        "name": "idx_daily_core_category",
        "rows": null,
        "table": "traffic_daily_core"
      },
      {
        "bytes": 4096,
        "bytes_per_row": null,
        "kind": "index",
        "name": "idx_daily_core_day",
        "rows": null,
        "table": "traffic_daily_core"
      },
      {
        "bytes": 4096,
        "bytes_per_row": null,
        "kind": "index",
        "name": "idx_daily_dim_lookup",
        "rows": null,
        "table": "traffic_daily_dimension"
      },
      {
        "bytes": 4096,
        "bytes_per_row": null,
        "kind": "index",
        "name": "idx_daily_dimension_category",
        "rows": null,
        "table": "traffic_daily_dimension"
      },
      {
        "bytes": 4096,
        "bytes_per_row": null,
        "kind": "index",
        "name": "idx_daily_dimension_identity",
        "rows": null,
        "table": "traffic_daily_dimension"
      },
      {
        "bytes": 4096,
        "bytes_per_row": null,
        "kind": "index",
        "name": "idx_hourly_category",
        "rows": null,
        "table": "traffic_hourly_dimension"
      },
      {
        "bytes": 4096,
        "bytes_per_row": null,
        "kind": "index",
        "name": "idx_hourly_dim_lookup",
        "rows": null,
        "table": "traffic_hourly_dimension"
      },
      {
        "bytes": 4096,
        "bytes_per_row": null,
        "kind": "index",
        "name": "idx_hourly_dimension_identity",
        "rows": null,
        "table": "traffic_hourly_dimension"
      },
      {
        "bytes": 4096,
        "bytes_per_row": null,
        "kind": "index",
        "name": "idx_outbox_due",
        "rows": null,
        "table": "notification_outbox"
      },
      {
        "bytes": 4096,
        "bytes_per_row": null,
        "kind": "index",
        "name": "idx_outbox_lease",
        "rows": null,
        "table": "notification_outbox"
      },
      {
        "bytes": 28672,
        "bytes_per_row": null,
        "kind": "index",
        "name": "idx_report_archive_kind_start",
        "rows": null,
        "table": "report_archive"
      },
      {
        "bytes": 4096,
        "bytes_per_row": null,
        "kind": "index",
        "name": "idx_retention_build_member_session",
        "rows": null,
        "table": "retention_build_member"
      },
      {
        "bytes": 4096,
        "bytes_per_row": null,
        "kind": "index",
        "name": "idx_retention_coverage_source",
        "rows": null,
        "table": "coverage_interval"
      },
      {
        "bytes": 4096,
        "bytes_per_row": null,
        "kind": "index",
        "name": "idx_session_attr_category",
        "rows": null,
        "table": "connection_session_attr"
      },
      {
        "bytes": 4096,
        "bytes_per_row": null,
        "kind": "index",
        "name": "idx_session_attr_chain_identity",
        "rows": null,
        "table": "connection_session_attr"
      },
      {
        "bytes": 4096,
        "bytes_per_row": null,
        "kind": "index",
        "name": "idx_session_attr_host",
        "rows": null,
        "table": "connection_session_attr"
      },
      {
        "bytes": 4096,
        "bytes_per_row": null,
        "kind": "index",
        "name": "idx_session_attr_network",
        "rows": null,
        "table": "connection_session_attr"
      },
      {
        "bytes": 4096,
        "bytes_per_row": null,
        "kind": "index",
        "name": "idx_session_attr_process",
        "rows": null,
        "table": "connection_session_attr"
      },
      {
        "bytes": 4096,
        "bytes_per_row": null,
        "kind": "index",
        "name": "idx_session_attr_rule",
        "rows": null,
        "table": "connection_session_attr"
      },
      {
        "bytes": 4096,
        "bytes_per_row": null,
        "kind": "index",
        "name": "idx_session_attr_rule_group",
        "rows": null,
        "table": "connection_session_attr"
      },
      {
        "bytes": 4096,
        "bytes_per_row": null,
        "kind": "table",
        "name": "machine_setting",
        "rows": 0,
        "table": "machine_setting"
      },
      {
        "bytes": 4096,
        "bytes_per_row": null,
        "kind": "table",
        "name": "notification_outbox",
        "rows": 0,
        "table": "notification_outbox"
      },
      {
        "bytes": 2297856,
        "bytes_per_row": 2059.010752688172,
        "kind": "table",
        "name": "report_archive",
        "rows": 1116,
        "table": "report_archive"
      },
      {
        "bytes": 176128,
        "bytes_per_row": null,
        "kind": "index",
        "name": "report_archive_period_uniq",
        "rows": null,
        "table": "report_archive"
      },
      {
        "bytes": 4096,
        "bytes_per_row": null,
        "kind": "table",
        "name": "report_snapshot_meta",
        "rows": 0,
        "table": "report_snapshot_meta"
      },
      {
        "bytes": 4096,
        "bytes_per_row": null,
        "kind": "table",
        "name": "retention_build",
        "rows": 0,
        "table": "retention_build"
      },
      {
        "bytes": 4096,
        "bytes_per_row": null,
        "kind": "table",
        "name": "retention_build_aggregate",
        "rows": 0,
        "table": "retention_build_aggregate"
      },
      {
        "bytes": 4096,
        "bytes_per_row": null,
        "kind": "table",
        "name": "retention_build_member",
        "rows": 0,
        "table": "retention_build_member"
      },
      {
        "bytes": 4096,
        "bytes_per_row": null,
        "kind": "table",
        "name": "retention_state",
        "rows": 0,
        "table": "retention_state"
      },
      {
        "bytes": 4096,
        "bytes_per_row": 1024.0,
        "kind": "table",
        "name": "retention_watermark",
        "rows": 4,
        "table": "retention_watermark"
      },
      {
        "bytes": 4096,
        "bytes_per_row": 819.2,
        "kind": "table",
        "name": "schema_migration",
        "rows": 5,
        "table": "schema_migration"
      },
      {
        "bytes": 4096,
        "bytes_per_row": null,
        "kind": "index",
        "name": "sqlite_autoindex_alert_event_1",
        "rows": null,
        "table": "alert_event"
      },
      {
        "bytes": 4096,
        "bytes_per_row": null,
        "kind": "index",
        "name": "sqlite_autoindex_alert_event_2",
        "rows": null,
        "table": "alert_event"
      },
      {
        "bytes": 4096,
        "bytes_per_row": null,
        "kind": "index",
        "name": "sqlite_autoindex_alert_instance_1",
        "rows": null,
        "table": "alert_instance"
      },
      {
        "bytes": 4096,
        "bytes_per_row": null,
        "kind": "index",
        "name": "sqlite_autoindex_alert_rule_1",
        "rows": null,
        "table": "alert_rule"
      },
      {
        "bytes": 4096,
        "bytes_per_row": null,
        "kind": "index",
        "name": "sqlite_autoindex_committed_bundle_1",
        "rows": null,
        "table": "committed_bundle"
      },
      {
        "bytes": 12288,
        "bytes_per_row": null,
        "kind": "index",
        "name": "sqlite_autoindex_connection_chain_1",
        "rows": null,
        "table": "connection_chain"
      },
      {
        "bytes": 4096,
        "bytes_per_row": null,
        "kind": "index",
        "name": "sqlite_autoindex_connection_minute_1",
        "rows": null,
        "table": "connection_minute"
      },
      {
        "bytes": 4096,
        "bytes_per_row": null,
        "kind": "index",
        "name": "sqlite_autoindex_dimension_dict_1",
        "rows": null,
        "table": "dimension_dict"
      },
      {
        "bytes": 4096,
        "bytes_per_row": null,
        "kind": "index",
        "name": "sqlite_autoindex_machine_setting_1",
        "rows": null,
        "table": "machine_setting"
      },
      {
        "bytes": 4096,
        "bytes_per_row": null,
        "kind": "index",
        "name": "sqlite_autoindex_notification_outbox_1",
        "rows": null,
        "table": "notification_outbox"
      },
      {
        "bytes": 4096,
        "bytes_per_row": null,
        "kind": "index",
        "name": "sqlite_autoindex_notification_outbox_2",
        "rows": null,
        "table": "notification_outbox"
      },
      {
        "bytes": 57344,
        "bytes_per_row": null,
        "kind": "index",
        "name": "sqlite_autoindex_report_archive_1",
        "rows": null,
        "table": "report_archive"
      },
      {
        "bytes": 4096,
        "bytes_per_row": null,
        "kind": "index",
        "name": "sqlite_autoindex_report_snapshot_meta_1",
        "rows": null,
        "table": "report_snapshot_meta"
      },
      {
        "bytes": 4096,
        "bytes_per_row": null,
        "kind": "index",
        "name": "sqlite_autoindex_retention_build_aggregate_1",
        "rows": null,
        "table": "retention_build_aggregate"
      },
      {
        "bytes": 4096,
        "bytes_per_row": null,
        "kind": "index",
        "name": "sqlite_autoindex_retention_build_member_1",
        "rows": null,
        "table": "retention_build_member"
      },
      {
        "bytes": 4096,
        "bytes_per_row": null,
        "kind": "index",
        "name": "sqlite_autoindex_retention_state_1",
        "rows": null,
        "table": "retention_state"
      },
      {
        "bytes": 4096,
        "bytes_per_row": null,
        "kind": "index",
        "name": "sqlite_autoindex_retention_watermark_1",
        "rows": null,
        "table": "retention_watermark"
      },
      {
        "bytes": 4096,
        "bytes_per_row": null,
        "kind": "index",
        "name": "sqlite_autoindex_target_item_1",
        "rows": null,
        "table": "target_item"
      },
      {
        "bytes": 4096,
        "bytes_per_row": null,
        "kind": "index",
        "name": "sqlite_autoindex_traffic_daily_core_1",
        "rows": null,
        "table": "traffic_daily_core"
      },
      {
        "bytes": 4096,
        "bytes_per_row": null,
        "kind": "index",
        "name": "sqlite_autoindex_traffic_daily_dimension_1",
        "rows": null,
        "table": "traffic_daily_dimension"
      },
      {
        "bytes": 4096,
        "bytes_per_row": null,
        "kind": "index",
        "name": "sqlite_autoindex_traffic_hourly_dimension_1",
        "rows": null,
        "table": "traffic_hourly_dimension"
      },
      {
        "bytes": 4096,
        "bytes_per_row": 4096.0,
        "kind": "table",
        "name": "target_item",
        "rows": 1,
        "table": "target_item"
      },
      {
        "bytes": 4096,
        "bytes_per_row": 4096.0,
        "kind": "table",
        "name": "target_set",
        "rows": 1,
        "table": "target_set"
      },
      {
        "bytes": 4096,
        "bytes_per_row": null,
        "kind": "table",
        "name": "traffic_daily_core",
        "rows": 0,
        "table": "traffic_daily_core"
      },
      {
        "bytes": 4096,
        "bytes_per_row": null,
        "kind": "table",
        "name": "traffic_daily_dimension",
        "rows": 0,
        "table": "traffic_daily_dimension"
      },
      {
        "bytes": 4096,
        "bytes_per_row": null,
        "kind": "table",
        "name": "traffic_hourly_dimension",
        "rows": 0,
        "table": "traffic_hourly_dimension"
      }
    ]
  },
  "traffic": {
    "conserved": true,
    "expected_added_download": 0,
    "expected_added_upload": 0,
    "final_download": 0,
    "final_upload": 0,
    "initial_download": 0,
    "initial_upload": 0
  },
  "warmup_wall_secs": 5.0002686,
  "writer_rows_changed": 330
}
