{
  "all_application_file_write_bytes": null,
  "commits": 30,
  "executable_sha256": "d590ef1082718856f0f92f865a260fe99d530f8dc05ae2db4501157fe110f8a4",
  "final_files_and_pages": {
    "active_page_bytes": 2871296,
    "archive_failed": 0,
    "archive_ok": 1116,
    "archive_spool_present_bytes": 0,
    "db_bytes": 2875392,
    "freelist_count": 1,
    "journal_mode": "wal",
    "page_count": 702,
    "page_size": 4096,
    "reusable_page_bytes": 4096,
    "schema_version": 4,
    "shm_bytes": 32768,
    "spool_present_bytes": 0,
    "synchronous": 2,
    "wal_bytes": 4177712
  },
  "fixture_hash": "9b25931e3cfc8abf7fbf10b72a3b4e9ba70e6bef289eafab7a0996ad61d8dd5f",
  "frame_budget_overruns": 0,
  "frames": 30,
  "initial_files_and_pages": {
    "active_page_bytes": 2871296,
    "archive_failed": 0,
    "archive_ok": 1116,
    "archive_spool_present_bytes": 0,
    "db_bytes": 2666496,
    "freelist_count": 0,
    "journal_mode": "wal",
    "page_count": 701,
    "page_size": 4096,
    "reusable_page_bytes": 0,
    "schema_version": 4,
    "shm_bytes": 32768,
    "spool_present_bytes": 0,
    "synchronous": 2,
    "wal_bytes": 4161232
  },
  "kind": "isolated-real-facade",
  "latency": {
    "archive_tick": {
      "count": 30,
      "max_ms": 20.2262,
      "p50_ms": 19.0336,
      "p95_ms": 20.139,
      "p99_ms": 20.2217
    },
    "facade_ingest_including_durable_commit": {
      "count": 30,
      "max_ms": 20.2636,
      "p50_ms": 17.3179,
      "p95_ms": 19.4077,
      "p99_ms": 19.569300000000002
    },
    "live_query": {
      "count": 6,
      "max_ms": 0.32949999999999996,
      "p50_ms": 0.2958,
      "p95_ms": 0.3106,
      "p99_ms": 0.3106
    },
    "report_first_reader": {
      "count": 6,
      "max_ms": 1.5117,
      "p50_ms": 1.1184999999999998,
      "p95_ms": 1.4649,
      "p99_ms": 1.4649
    },
    "report_repeated_reader": {
      "count": 6,
      "max_ms": 0.9844,
      "p50_ms": 0.928,
      "p95_ms": 0.9509,
      "p99_ms": 0.9509
    },
    "whole_tick": {
      "count": 30,
      "max_ms": 41.1966,
      "p50_ms": 36.4749,
      "p95_ms": 39.9295,
      "p99_ms": 40.3426
    }
  },
  "limits": [
    "仅当前原生基准进程；没有 HTTP、Tauri 事件或 WebView，窗口为后台模拟状态。",
    "CPU/I/O/内存不含初始化、warmup、结果 JSON 写出及最终统计查询；采样开销包含在测量内。",
    "SQLite xWrite 只统计隔离目录内成功请求字节，不含 mmap/shm、spool、日志、系统缓存与物理设备写放大。",
    "process I/O 为 OS 当前进程计数，不能替代文件归属；spool 瞬时写入需要独立回归或文件跟踪。",
    "report first/repeated 每次均打开新 reader；未驱逐 OS page cache，不能宣称物理冷读。",
    "ingest 延迟包含 accounting、告警与提交；不是单独 SQLite commit 耗时。",
    "串行驱动没有 collector 输入队列；schedule_lag 不是实际队列深度。",
    "归档齐全 fixture 使用空历史的持久化结果；本回放不代替完整30天容量库或安装态 soak。",
    "failed 档案场景由隔离库 BEFORE INSERT 触发器拒绝持久化，非真实磁盘故障。"
  ],
  "local_utc_offset_seconds": -18000,
  "measured_wall_secs": 30.000395,
  "native_after": {
    "cpu_seconds": 10.765625,
    "handles": 114,
    "io_read_bytes": 545739968,
    "io_write_bytes": 36685516,
    "io_write_operations": 16980,
    "private_bytes": 7213056,
    "working_set_bytes": 16228352
  },
  "native_before": {
    "cpu_seconds": 9.8125,
    "handles": 114,
    "io_read_bytes": 402370576,
    "io_write_bytes": 34294044,
    "io_write_operations": 15912,
    "private_bytes": 6352896,
    "working_set_bytes": 15265792
  },
  "native_cpu_seconds": 0.953125,
  "native_private_bytes": {
    "max": 7446528.0,
    "p95": 7069696.0,
    "samples": 30
  },
  "native_process_io_read_bytes": 143369392,
  "native_process_io_write_bytes": 2391472,
  "native_process_io_write_operations": 1068,
  "native_working_set_bytes": {
    "max": 16699392.0,
    "p95": 16375808.0,
    "samples": 30
  },
  "options": {
    "active": 250,
    "archive": "complete",
    "dir": "D:\\Documents\\Code\\Github\\clash-verge-ai-residential\\bench-data\\t05-rebuild-20261002-4f8a8c68\\data\\matrix\\matrix-a250-counters-baseline",
    "duration_secs": 30,
    "hz": 1,
    "metadata_change_percent": 100,
    "period_rule": false,
    "query_every_frames": 5,
    "seed": 20260919,
    "source_revision": "c278bb7b56603001e32e353d2ee589dccef0bfe9",
    "start_utc": 1800001800,
    "virtual_time": false,
    "warmup_secs": 5,
    "workload": "counters"
  },
  "platform": "windows",
  "process_id": 45288,
  "samples": [
    {
      "active_tokens": 0,
      "frame": 1,
      "live_rows": 250,
      "native": {
        "cpu_seconds": 9.859375,
        "handles": 114,
        "io_read_bytes": 407109648,
        "io_write_bytes": 34359964,
        "io_write_operations": 15944,
        "private_bytes": 5984256,
        "working_set_bytes": 15380480
      },
      "token_bytes": 0,
      "virtual_utc": 1800001806,
      "wal_bytes": 4161232,
      "wall_secs": 0.0362608
    },
    {
      "active_tokens": 0,
      "frame": 2,
      "live_rows": 250,
      "native": {
        "cpu_seconds": 9.890625,
        "handles": 114,
        "io_read_bytes": 411861008,
        "io_write_bytes": 34425884,
        "io_write_operations": 15976,
        "private_bytes": 5767168,
        "working_set_bytes": 15216640
      },
      "token_bytes": 0,
      "virtual_utc": 1800001807,
      "wal_bytes": 4161232,
      "wall_secs": 1.0381609
    },
    {
      "active_tokens": 0,
      "frame": 3,
      "live_rows": 250,
      "native": {
        "cpu_seconds": 9.921875,
        "handles": 114,
        "io_read_bytes": 416612368,
        "io_write_bytes": 34491804,
        "io_write_operations": 16008,
        "private_bytes": 6414336,
        "working_set_bytes": 15691776
      },
      "token_bytes": 0,
      "virtual_utc": 1800001808,
      "wal_bytes": 4161232,
      "wall_secs": 2.0373121
    },
    {
      "active_tokens": 0,
      "frame": 4,
      "live_rows": 250,
      "native": {
        "cpu_seconds": 9.953125,
        "handles": 114,
        "io_read_bytes": 421363728,
        "io_write_bytes": 34557724,
        "io_write_operations": 16040,
        "private_bytes": 5804032,
        "working_set_bytes": 15290368
      },
      "token_bytes": 0,
      "virtual_utc": 1800001809,
      "wal_bytes": 4161232,
      "wall_secs": 3.0296245
    },
    {
      "active_tokens": 0,
      "frame": 5,
      "live_rows": 250,
      "native": {
        "cpu_seconds": 9.984375,
        "handles": 114,
        "io_read_bytes": 426189016,
        "io_write_bytes": 34623644,
        "io_write_operations": 16072,
        "private_bytes": 7069696,
        "working_set_bytes": 16175104
      },
      "token_bytes": 0,
      "virtual_utc": 1800001810,
      "wal_bytes": 4161232,
      "wall_secs": 4.0404757
    },
    {
      "active_tokens": 0,
      "frame": 6,
      "live_rows": 250,
      "native": {
        "cpu_seconds": 10.015625,
        "handles": 114,
        "io_read_bytes": 430940376,
        "io_write_bytes": 34689564,
        "io_write_operations": 16104,
        "private_bytes": 6389760,
        "working_set_bytes": 15417344
      },
      "token_bytes": 0,
      "virtual_utc": 1800001811,
      "wal_bytes": 4161232,
      "wall_secs": 5.0392287
    },
    {
      "active_tokens": 0,
      "frame": 7,
      "live_rows": 250,
      "native": {
        "cpu_seconds": 10.046875,
        "handles": 114,
        "io_read_bytes": 435691736,
        "io_write_bytes": 34755484,
        "io_write_operations": 16136,
        "private_bytes": 6504448,
        "working_set_bytes": 15958016
      },
      "token_bytes": 0,
      "virtual_utc": 1800001812,
      "wal_bytes": 4161232,
      "wall_secs": 6.0366981
    },
    {
      "active_tokens": 0,
      "frame": 8,
      "live_rows": 250,
      "native": {
        "cpu_seconds": 10.078125,
        "handles": 114,
        "io_read_bytes": 440443096,
        "io_write_bytes": 34821404,
        "io_write_operations": 16168,
        "private_bytes": 6365184,
        "working_set_bytes": 15839232
      },
      "token_bytes": 0,
      "virtual_utc": 1800001813,
      "wal_bytes": 4161232,
      "wall_secs": 7.0373363
    },
    {
      "active_tokens": 0,
      "frame": 9,
      "live_rows": 250,
      "native": {
        "cpu_seconds": 10.09375,
        "handles": 114,
        "io_read_bytes": 445194456,
        "io_write_bytes": 34887324,
        "io_write_operations": 16200,
        "private_bytes": 6832128,
        "working_set_bytes": 15831040
      },
      "token_bytes": 0,
      "virtual_utc": 1800001814,
      "wal_bytes": 4161232,
      "wall_secs": 8.0297458
    },
    {
      "active_tokens": 0,
      "frame": 10,
      "live_rows": 250,
      "native": {
        "cpu_seconds": 10.125,
        "handles": 114,
        "io_read_bytes": 450019744,
        "io_write_bytes": 34953244,
        "io_write_operations": 16232,
        "private_bytes": 5976064,
        "working_set_bytes": 15585280
      },
      "token_bytes": 0,
      "virtual_utc": 1800001815,
      "wal_bytes": 4161232,
      "wall_secs": 9.0322054
    },
    {
      "active_tokens": 0,
      "frame": 11,
      "live_rows": 250,
      "native": {
        "cpu_seconds": 10.171875,
        "handles": 114,
        "io_read_bytes": 454771104,
        "io_write_bytes": 35019164,
        "io_write_operations": 16264,
        "private_bytes": 6520832,
        "working_set_bytes": 15933440
      },
      "token_bytes": 0,
      "virtual_utc": 1800001816,
      "wal_bytes": 4161232,
      "wall_secs": 10.0289383
    },
    {
      "active_tokens": 0,
      "frame": 12,
      "live_rows": 250,
      "native": {
        "cpu_seconds": 10.203125,
        "handles": 114,
        "io_read_bytes": 459522464,
        "io_write_bytes": 35085084,
        "io_write_operations": 16296,
        "private_bytes": 5779456,
        "working_set_bytes": 15396864
      },
      "token_bytes": 0,
      "virtual_utc": 1800001817,
      "wal_bytes": 4161232,
      "wall_secs": 11.0201073
    },
    {
      "active_tokens": 0,
      "frame": 13,
      "live_rows": 250,
      "native": {
        "cpu_seconds": 10.234375,
        "handles": 114,
        "io_read_bytes": 464273824,
        "io_write_bytes": 35151004,
        "io_write_operations": 16328,
        "private_bytes": 6684672,
        "working_set_bytes": 16101376
      },
      "token_bytes": 0,
      "virtual_utc": 1800001818,
      "wal_bytes": 4161232,
      "wall_secs": 12.0378107
    },
    {
      "active_tokens": 0,
      "frame": 14,
      "live_rows": 250,
      "native": {
        "cpu_seconds": 10.265625,
        "handles": 114,
        "io_read_bytes": 469025184,
        "io_write_bytes": 35216924,
        "io_write_operations": 16360,
        "private_bytes": 5881856,
        "working_set_bytes": 15503360
      },
      "token_bytes": 0,
      "virtual_utc": 1800001819,
      "wal_bytes": 4161232,
      "wall_secs": 13.0391136
    },
    {
      "active_tokens": 0,
      "frame": 15,
      "live_rows": 250,
      "native": {
        "cpu_seconds": 10.296875,
        "handles": 114,
        "io_read_bytes": 473850472,
        "io_write_bytes": 35282844,
        "io_write_operations": 16392,
        "private_bytes": 6463488,
        "working_set_bytes": 16064512
      },
      "token_bytes": 0,
      "virtual_utc": 1800001820,
      "wal_bytes": 4161232,
      "wall_secs": 14.0319799
    },
    {
      "active_tokens": 0,
      "frame": 16,
      "live_rows": 250,
      "native": {
        "cpu_seconds": 10.34375,
        "handles": 114,
        "io_read_bytes": 478601832,
        "io_write_bytes": 35348764,
        "io_write_operations": 16424,
        "private_bytes": 5787648,
        "working_set_bytes": 15446016
      },
      "token_bytes": 0,
      "virtual_utc": 1800001821,
      "wal_bytes": 4161232,
      "wall_secs": 15.0386881
    },
    {
      "active_tokens": 0,
      "frame": 17,
      "live_rows": 250,
      "native": {
        "cpu_seconds": 10.375,
        "handles": 114,
        "io_read_bytes": 483353192,
        "io_write_bytes": 35414684,
        "io_write_operations": 16456,
        "private_bytes": 6557696,
        "working_set_bytes": 16003072
      },
      "token_bytes": 0,
      "virtual_utc": 1800001822,
      "wal_bytes": 4161232,
      "wall_secs": 16.0284314
    },
    {
      "active_tokens": 0,
      "frame": 18,
      "live_rows": 250,
      "native": {
        "cpu_seconds": 10.40625,
        "handles": 114,
        "io_read_bytes": 488104552,
        "io_write_bytes": 35480604,
        "io_write_operations": 16488,
        "private_bytes": 6135808,
        "working_set_bytes": 15761408
      },
      "token_bytes": 0,
      "virtual_utc": 1800001823,
      "wal_bytes": 4161232,
      "wall_secs": 17.0372242
    },
    {
      "active_tokens": 0,
      "frame": 19,
      "live_rows": 250,
      "native": {
        "cpu_seconds": 10.4375,
        "handles": 114,
        "io_read_bytes": 492855912,
        "io_write_bytes": 35546524,
        "io_write_operations": 16520,
        "private_bytes": 6647808,
        "working_set_bytes": 16097280
      },
      "token_bytes": 0,
      "virtual_utc": 1800001824,
      "wal_bytes": 4161232,
      "wall_secs": 18.0369699
    },
    {
      "active_tokens": 0,
      "frame": 20,
      "live_rows": 250,
      "native": {
        "cpu_seconds": 10.46875,
        "handles": 114,
        "io_read_bytes": 497681200,
        "io_write_bytes": 35612444,
        "io_write_operations": 16552,
        "private_bytes": 6930432,
        "working_set_bytes": 16429056
      },
      "token_bytes": 0,
      "virtual_utc": 1800001825,
      "wal_bytes": 4161232,
      "wall_secs": 19.0402061
    },
    {
      "active_tokens": 0,
      "frame": 21,
      "live_rows": 250,
      "native": {
        "cpu_seconds": 10.5,
        "handles": 114,
        "io_read_bytes": 502432560,
        "io_write_bytes": 35678364,
        "io_write_operations": 16584,
        "private_bytes": 6860800,
        "working_set_bytes": 16375808
      },
      "token_bytes": 0,
      "virtual_utc": 1800001826,
      "wal_bytes": 4161232,
      "wall_secs": 20.0292546
    },
    {
      "active_tokens": 0,
      "frame": 22,
      "live_rows": 250,
      "native": {
        "cpu_seconds": 10.53125,
        "handles": 114,
        "io_read_bytes": 507183920,
        "io_write_bytes": 35744284,
        "io_write_operations": 16616,
        "private_bytes": 6901760,
        "working_set_bytes": 16166912
      },
      "token_bytes": 0,
      "virtual_utc": 1800001827,
      "wal_bytes": 4161232,
      "wall_secs": 21.0190788
    },
    {
      "active_tokens": 0,
      "frame": 23,
      "live_rows": 250,
      "native": {
        "cpu_seconds": 10.5625,
        "handles": 114,
        "io_read_bytes": 511935280,
        "io_write_bytes": 35810204,
        "io_write_operations": 16648,
        "private_bytes": 6922240,
        "working_set_bytes": 16113664
      },
      "token_bytes": 0,
      "virtual_utc": 1800001828,
      "wal_bytes": 4161232,
      "wall_secs": 22.0376579
    },
    {
      "active_tokens": 0,
      "frame": 24,
      "live_rows": 250,
      "native": {
        "cpu_seconds": 10.59375,
        "handles": 114,
        "io_read_bytes": 516686640,
        "io_write_bytes": 35876124,
        "io_write_operations": 16680,
        "private_bytes": 6356992,
        "working_set_bytes": 15998976
      },
      "token_bytes": 0,
      "virtual_utc": 1800001829,
      "wal_bytes": 4161232,
      "wall_secs": 23.0402928
    },
    {
      "active_tokens": 0,
      "frame": 25,
      "live_rows": 250,
      "native": {
        "cpu_seconds": 10.625,
        "handles": 114,
        "io_read_bytes": 521511928,
        "io_write_bytes": 35942044,
        "io_write_operations": 16712,
        "private_bytes": 7446528,
        "working_set_bytes": 16699392
      },
      "token_bytes": 0,
      "virtual_utc": 1800001830,
      "wal_bytes": 4161232,
      "wall_secs": 24.0415587
    },
    {
      "active_tokens": 0,
      "frame": 26,
      "live_rows": 250,
      "native": {
        "cpu_seconds": 10.65625,
        "handles": 114,
        "io_read_bytes": 526263288,
        "io_write_bytes": 36007964,
        "io_write_operations": 16744,
        "private_bytes": 6709248,
        "working_set_bytes": 16289792
      },
      "token_bytes": 0,
      "virtual_utc": 1800001831,
      "wal_bytes": 4161232,
      "wall_secs": 25.0291755
    },
    {
      "active_tokens": 0,
      "frame": 27,
      "live_rows": 250,
      "native": {
        "cpu_seconds": 10.6875,
        "handles": 114,
        "io_read_bytes": 531014648,
        "io_write_bytes": 36073884,
        "io_write_operations": 16776,
        "private_bytes": 6344704,
        "working_set_bytes": 15982592
      },
      "token_bytes": 0,
      "virtual_utc": 1800001832,
      "wal_bytes": 4161232,
      "wall_secs": 26.0201077
    },
    {
      "active_tokens": 0,
      "frame": 28,
      "live_rows": 250,
      "native": {
        "cpu_seconds": 10.71875,
        "handles": 114,
        "io_read_bytes": 535766008,
        "io_write_bytes": 36148044,
        "io_write_operations": 16812,
        "private_bytes": 6168576,
        "working_set_bytes": 15806464
      },
      "token_bytes": 0,
      "virtual_utc": 1800001833,
      "wal_bytes": 4161232,
      "wall_secs": 27.0384246
    },
    {
      "active_tokens": 0,
      "frame": 29,
      "live_rows": 250,
      "native": {
        "cpu_seconds": 10.75,
        "handles": 114,
        "io_read_bytes": 540910584,
        "io_write_bytes": 36611324,
        "io_write_operations": 16943,
        "private_bytes": 6766592,
        "working_set_bytes": 16232448
      },
      "token_bytes": 0,
      "virtual_utc": 1800001834,
      "wal_bytes": 4177712,
      "wall_secs": 28.0378843
    },
    {
      "active_tokens": 0,
      "frame": 30,
      "live_rows": 250,
      "native": {
        "cpu_seconds": 10.765625,
        "handles": 114,
        "io_read_bytes": 545739968,
        "io_write_bytes": 36685516,
        "io_write_operations": 16980,
        "private_bytes": 7213056,
        "working_set_bytes": 16228352
      },
      "token_bytes": 0,
      "virtual_utc": 1800001835,
      "wal_bytes": 4177712,
      "wall_secs": 29.0333317
    }
  ],
  "schedule_lag_frames_max": 0,
  "schema_version": 1,
  "simulated_secs": 30,
  "spool_write_bytes": null,
  "sqlite_application_file_write_bytes": 2391472,
  "sqlite_xwrite": {
    "db_bytes": 389120,
    "failed_calls": 0,
    "other_sqlite_file_bytes": 0,
    "successful_calls": 1068,
    "wal_bytes": 2002352
  },
  "synchronous": "FULL",
  "tables_and_indexes": {
    "dbstat_available": true,
    "objects": [
      {
        "bytes": 4096,
        "bytes_per_row": null,
        "kind": "table",
        "name": "alert_event",
        "rows": 0,
        "table": "alert_event"
      },
      {
        "bytes": 4096,
        "bytes_per_row": 585.1428571428571,
        "kind": "table",
        "name": "alert_instance",
        "rows": 7,
        "table": "alert_instance"
      },
      {
        "bytes": 4096,
        "bytes_per_row": null,
        "kind": "index",
        "name": "alert_instance_active_uniq",
        "rows": null,
        "table": "alert_instance"
      },
      {
        "bytes": 4096,
        "bytes_per_row": null,
        "kind": "index",
        "name": "alert_instance_identity",
        "rows": null,
        "table": "alert_instance"
      },
      {
        "bytes": 4096,
        "bytes_per_row": 585.1428571428571,
        "kind": "table",
        "name": "alert_rule",
        "rows": 7,
        "table": "alert_rule"
      },
      {
        "bytes": 4096,
        "bytes_per_row": null,
        "kind": "table",
        "name": "backup_manifest",
        "rows": 0,
        "table": "backup_manifest"
      },
      {
        "bytes": 4096,
        "bytes_per_row": 4096.0,
        "kind": "table",
        "name": "bundle_epoch",
        "rows": 1,
        "table": "bundle_epoch"
      },
      {
        "bytes": 4096,
        "bytes_per_row": 113.77777777777777,
        "kind": "table",
        "name": "committed_bundle",
        "rows": 36,
        "table": "committed_bundle"
      },
      {
        "bytes": 16384,
        "bytes_per_row": 32.768,
        "kind": "table",
        "name": "connection_chain",
        "rows": 500,
        "table": "connection_chain"
      },
      {
        "bytes": 12288,
        "bytes_per_row": 49.152,
        "kind": "table",
        "name": "connection_minute",
        "rows": 250,
        "table": "connection_minute"
      },
      {
        "bytes": 16384,
        "bytes_per_row": 65.536,
        "kind": "table",
        "name": "connection_session",
        "rows": 250,
        "table": "connection_session"
      },
      {
        "bytes": 16384,
        "bytes_per_row": 65.536,
        "kind": "table",
        "name": "connection_session_attr",
        "rows": 250,
        "table": "connection_session_attr"
      },
      {
        "bytes": 12288,
        "bytes_per_row": null,
        "kind": "index",
        "name": "connection_session_identity",
        "rows": null,
        "table": "connection_session"
      },
      {
        "bytes": 4096,
        "bytes_per_row": 4096.0,
        "kind": "table",
        "name": "controller_epoch",
        "rows": 1,
        "table": "controller_epoch"
      },
      {
        "bytes": 4096,
        "bytes_per_row": null,
        "kind": "table",
        "name": "coverage_daily",
        "rows": 0,
        "table": "coverage_daily"
      },
      {
        "bytes": 4096,
        "bytes_per_row": null,
        "kind": "table",
        "name": "coverage_interval",
        "rows": 0,
        "table": "coverage_interval"
      },
      {
        "bytes": 4096,
        "bytes_per_row": 4096.0,
        "kind": "table",
        "name": "data_version",
        "rows": 1,
        "table": "data_version"
      },
      {
        "bytes": 4096,
        "bytes_per_row": 39.00952380952381,
        "kind": "table",
        "name": "dimension_dict",
        "rows": 105,
        "table": "dimension_dict"
      },
      {
        "bytes": 4096,
        "bytes_per_row": null,
        "kind": "index",
        "name": "dimension_dict_value",
        "rows": null,
        "table": "dimension_dict"
      },
      {
        "bytes": 4096,
        "bytes_per_row": null,
        "kind": "index",
        "name": "idx_alert_event_retention",
        "rows": null,
        "table": "alert_event"
      },
      {
        "bytes": 4096,
        "bytes_per_row": null,
        "kind": "index",
        "name": "idx_alert_instance_center",
        "rows": null,
        "table": "alert_instance"
      },
      {
        "bytes": 4096,
        "bytes_per_row": null,
        "kind": "index",
        "name": "idx_connection_minute_utc",
        "rows": null,
        "table": "connection_minute"
      },
      {
        "bytes": 4096,
        "bytes_per_row": null,
        "kind": "index",
        "name": "idx_connection_session_started",
        "rows": null,
        "table": "connection_session"
      },
      {
        "bytes": 4096,
        "bytes_per_row": null,
        "kind": "index",
        "name": "idx_daily_core_day",
        "rows": null,
        "table": "traffic_daily_core"
      },
      {
        "bytes": 4096,
        "bytes_per_row": null,
        "kind": "index",
        "name": "idx_daily_dim_lookup",
        "rows": null,
        "table": "traffic_daily_dimension"
      },
      {
        "bytes": 4096,
        "bytes_per_row": null,
        "kind": "index",
        "name": "idx_hourly_dim_lookup",
        "rows": null,
        "table": "traffic_hourly_dimension"
      },
      {
        "bytes": 4096,
        "bytes_per_row": null,
        "kind": "index",
        "name": "idx_outbox_due",
        "rows": null,
        "table": "notification_outbox"
      },
      {
        "bytes": 4096,
        "bytes_per_row": null,
        "kind": "index",
        "name": "idx_outbox_lease",
        "rows": null,
        "table": "notification_outbox"
      },
      {
        "bytes": 28672,
        "bytes_per_row": null,
        "kind": "index",
        "name": "idx_report_archive_kind_start",
        "rows": null,
        "table": "report_archive"
      },
      {
        "bytes": 4096,
        "bytes_per_row": null,
        "kind": "index",
        "name": "idx_session_attr_host",
        "rows": null,
        "table": "connection_session_attr"
      },
      {
        "bytes": 4096,
        "bytes_per_row": null,
        "kind": "table",
        "name": "machine_setting",
        "rows": 0,
        "table": "machine_setting"
      },
      {
        "bytes": 4096,
        "bytes_per_row": null,
        "kind": "table",
        "name": "notification_outbox",
        "rows": 0,
        "table": "notification_outbox"
      },
      {
        "bytes": 2297856,
        "bytes_per_row": 2059.010752688172,
        "kind": "table",
        "name": "report_archive",
        "rows": 1116,
        "table": "report_archive"
      },
      {
        "bytes": 176128,
        "bytes_per_row": null,
        "kind": "index",
        "name": "report_archive_period_uniq",
        "rows": null,
        "table": "report_archive"
      },
      {
        "bytes": 4096,
        "bytes_per_row": null,
        "kind": "table",
        "name": "report_snapshot_meta",
        "rows": 0,
        "table": "report_snapshot_meta"
      },
      {
        "bytes": 4096,
        "bytes_per_row": null,
        "kind": "table",
        "name": "retention_state",
        "rows": 0,
        "table": "retention_state"
      },
      {
        "bytes": 4096,
        "bytes_per_row": 1024.0,
        "kind": "table",
        "name": "retention_watermark",
        "rows": 4,
        "table": "retention_watermark"
      },
      {
        "bytes": 4096,
        "bytes_per_row": 1024.0,
        "kind": "table",
        "name": "schema_migration",
        "rows": 4,
        "table": "schema_migration"
      },
      {
        "bytes": 4096,
        "bytes_per_row": null,
        "kind": "index",
        "name": "sqlite_autoindex_alert_event_1",
        "rows": null,
        "table": "alert_event"
      },
      {
        "bytes": 4096,
        "bytes_per_row": null,
        "kind": "index",
        "name": "sqlite_autoindex_alert_event_2",
        "rows": null,
        "table": "alert_event"
      },
      {
        "bytes": 4096,
        "bytes_per_row": null,
        "kind": "index",
        "name": "sqlite_autoindex_alert_instance_1",
        "rows": null,
        "table": "alert_instance"
      },
      {
        "bytes": 4096,
        "bytes_per_row": null,
        "kind": "index",
        "name": "sqlite_autoindex_alert_rule_1",
        "rows": null,
        "table": "alert_rule"
      },
      {
        "bytes": 4096,
        "bytes_per_row": null,
        "kind": "index",
        "name": "sqlite_autoindex_committed_bundle_1",
        "rows": null,
        "table": "committed_bundle"
      },
      {
        "bytes": 12288,
        "bytes_per_row": null,
        "kind": "index",
        "name": "sqlite_autoindex_connection_chain_1",
        "rows": null,
        "table": "connection_chain"
      },
      {
        "bytes": 4096,
        "bytes_per_row": null,
        "kind": "index",
        "name": "sqlite_autoindex_connection_minute_1",
        "rows": null,
        "table": "connection_minute"
      },
      {
        "bytes": 4096,
        "bytes_per_row": null,
        "kind": "index",
        "name": "sqlite_autoindex_dimension_dict_1",
        "rows": null,
        "table": "dimension_dict"
      },
      {
        "bytes": 4096,
        "bytes_per_row": null,
        "kind": "index",
        "name": "sqlite_autoindex_machine_setting_1",
        "rows": null,
        "table": "machine_setting"
      },
      {
        "bytes": 4096,
        "bytes_per_row": null,
        "kind": "index",
        "name": "sqlite_autoindex_notification_outbox_1",
        "rows": null,
        "table": "notification_outbox"
      },
      {
        "bytes": 4096,
        "bytes_per_row": null,
        "kind": "index",
        "name": "sqlite_autoindex_notification_outbox_2",
        "rows": null,
        "table": "notification_outbox"
      },
      {
        "bytes": 53248,
        "bytes_per_row": null,
        "kind": "index",
        "name": "sqlite_autoindex_report_archive_1",
        "rows": null,
        "table": "report_archive"
      },
      {
        "bytes": 4096,
        "bytes_per_row": null,
        "kind": "index",
        "name": "sqlite_autoindex_report_snapshot_meta_1",
        "rows": null,
        "table": "report_snapshot_meta"
      },
      {
        "bytes": 4096,
        "bytes_per_row": null,
        "kind": "index",
        "name": "sqlite_autoindex_retention_state_1",
        "rows": null,
        "table": "retention_state"
      },
      {
        "bytes": 4096,
        "bytes_per_row": null,
        "kind": "index",
        "name": "sqlite_autoindex_retention_watermark_1",
        "rows": null,
        "table": "retention_watermark"
      },
      {
        "bytes": 4096,
        "bytes_per_row": null,
        "kind": "index",
        "name": "sqlite_autoindex_target_item_1",
        "rows": null,
        "table": "target_item"
      },
      {
        "bytes": 4096,
        "bytes_per_row": null,
        "kind": "index",
        "name": "sqlite_autoindex_traffic_daily_core_1",
        "rows": null,
        "table": "traffic_daily_core"
      },
      {
        "bytes": 4096,
        "bytes_per_row": null,
        "kind": "index",
        "name": "sqlite_autoindex_traffic_daily_dimension_1",
        "rows": null,
        "table": "traffic_daily_dimension"
      },
      {
        "bytes": 4096,
        "bytes_per_row": null,
        "kind": "index",
        "name": "sqlite_autoindex_traffic_hourly_dimension_1",
        "rows": null,
        "table": "traffic_hourly_dimension"
      },
      {
        "bytes": 4096,
        "bytes_per_row": 4096.0,
        "kind": "table",
        "name": "target_item",
        "rows": 1,
        "table": "target_item"
      },
      {
        "bytes": 4096,
        "bytes_per_row": 4096.0,
        "kind": "table",
        "name": "target_set",
        "rows": 1,
        "table": "target_set"
      },
      {
        "bytes": 4096,
        "bytes_per_row": null,
        "kind": "table",
        "name": "traffic_daily_core",
        "rows": 0,
        "table": "traffic_daily_core"
      },
      {
        "bytes": 4096,
        "bytes_per_row": null,
        "kind": "table",
        "name": "traffic_daily_dimension",
        "rows": 0,
        "table": "traffic_daily_dimension"
      },
      {
        "bytes": 4096,
        "bytes_per_row": null,
        "kind": "table",
        "name": "traffic_hourly_dimension",
        "rows": 0,
        "table": "traffic_hourly_dimension"
      }
    ]
  },
  "traffic": {
    "conserved": true,
    "expected_added_download": 351690,
    "expected_added_upload": 104820,
    "final_download": 410305,
    "final_upload": 122290,
    "initial_download": 58615,
    "initial_upload": 17470
  },
  "warmup_wall_secs": 5.0002377,
  "writer_rows_changed": 45300
}
