{
  "all_application_file_write_bytes": null,
  "commits": 30,
  "executable_sha256": "aaf4a5ed3626ffa0502948f1911027eca888e2f09460c1d86ad94f7cffb51b9b",
  "final_files_and_pages": {
    "active_page_bytes": 2981888,
    "archive_failed": 0,
    "archive_ok": 1116,
    "archive_spool_present_bytes": 0,
    "db_bytes": 2981888,
    "freelist_count": 1,
    "journal_mode": "wal",
    "page_count": 729,
    "page_size": 4096,
    "reusable_page_bytes": 4096,
    "schema_version": 5,
    "shm_bytes": 32768,
    "spool_present_bytes": 0,
    "synchronous": 2,
    "wal_bytes": 4173592
  },
  "fixture_hash": "2ac3520c826064ec990044729e4f184bcbae4f9ce38e16aa90a1507c295dc8a6",
  "frame_budget_overruns": 0,
  "frames": 30,
  "initial_files_and_pages": {
    "active_page_bytes": 2981888,
    "archive_failed": 0,
    "archive_ok": 1116,
    "archive_spool_present_bytes": 0,
    "db_bytes": 2740224,
    "freelist_count": 0,
    "journal_mode": "wal",
    "page_count": 728,
    "page_size": 4096,
    "reusable_page_bytes": 0,
    "schema_version": 5,
    "shm_bytes": 32768,
    "spool_present_bytes": 0,
    "synchronous": 2,
    "wal_bytes": 4140632
  },
  "kind": "isolated-real-facade",
  "latency": {
    "archive_tick": {
      "count": 30,
      "max_ms": 0.0023,
      "p50_ms": 0.0014,
      "p95_ms": 0.0018,
      "p99_ms": 0.002
    },
    "facade_ingest_including_durable_commit": {
      "count": 30,
      "max_ms": 21.036800000000003,
      "p50_ms": 18.147199999999998,
      "p95_ms": 19.106,
      "p99_ms": 19.8431
    },
    "live_query": {
      "count": 6,
      "max_ms": 0.3153,
      "p50_ms": 0.1754,
      "p95_ms": 0.2515,
      "p99_ms": 0.2515
    },
    "report_first_reader": {
      "count": 6,
      "max_ms": 1.8351000000000002,
      "p50_ms": 1.2843,
      "p95_ms": 1.6164,
      "p99_ms": 1.6164
    },
    "report_repeated_reader": {
      "count": 6,
      "max_ms": 1.3959000000000001,
      "p50_ms": 0.9447,
      "p95_ms": 1.2836,
      "p99_ms": 1.2836
    },
    "whole_tick": {
      "count": 30,
      "max_ms": 22.1856,
      "p50_ms": 18.2998,
      "p95_ms": 21.5709,
      "p99_ms": 21.9561
    }
  },
  "limits": [
    "仅当前原生基准进程；没有 HTTP、Tauri 事件或 WebView，窗口为后台模拟状态。",
    "CPU/I/O/内存不含初始化、warmup、结果 JSON 写出及最终统计查询；采样开销包含在测量内。",
    "SQLite xWrite 只统计隔离目录内成功请求字节，不含 mmap/shm、spool、日志、系统缓存与物理设备写放大。",
    "process I/O 为 OS 当前进程计数，不能替代文件归属；spool 瞬时写入需要独立回归或文件跟踪。",
    "report first/repeated 每次均打开新 reader；未驱逐 OS page cache，不能宣称物理冷读。",
    "ingest 延迟包含 accounting、告警与提交；不是单独 SQLite commit 耗时。",
    "串行驱动没有 collector 输入队列；schedule_lag 不是实际队列深度。",
    "归档齐全 fixture 使用空历史的持久化结果；本回放不代替完整30天容量库或安装态 soak。",
    "failed 档案场景由隔离库 BEFORE INSERT 触发器拒绝持久化，非真实磁盘故障。"
  ],
  "local_utc_offset_seconds": -18000,
  "measured_wall_secs": 30.0002716,
  "native_after": {
    "cpu_seconds": 10.234375,
    "handles": 114,
    "io_read_bytes": 380507428,
    "io_write_bytes": 38287476,
    "io_write_operations": 17728,
    "private_bytes": 7733248,
    "working_set_bytes": 17154048
  },
  "native_before": {
    "cpu_seconds": 9.59375,
    "handles": 114,
    "io_read_bytes": 379068532,
    "io_write_bytes": 34837572,
    "io_write_operations": 16163,
    "private_bytes": 7573504,
    "working_set_bytes": 16560128
  },
  "native_cpu_seconds": 0.640625,
  "native_private_bytes": {
    "max": 7847936.0,
    "p95": 7749632.0,
    "samples": 30
  },
  "native_process_io_read_bytes": 1438896,
  "native_process_io_write_bytes": 3449904,
  "native_process_io_write_operations": 1565,
  "native_working_set_bytes": {
    "max": 17436672.0,
    "p95": 17326080.0,
    "samples": 30
  },
  "options": {
    "active": 250,
    "archive": "complete",
    "dir": "D:\\Documents\\Code\\Github\\clash-verge-ai-residential\\bench-data\\t05-rebuild-20261002-4f8a8c68\\data\\matrix\\matrix-a250-metadata-candidate",
    "duration_secs": 30,
    "hz": 1,
    "metadata_change_percent": 100,
    "period_rule": false,
    "query_every_frames": 5,
    "seed": 20260919,
    "source_revision": "manifest-sha256:fb0aa37772bc274ff8637bd5ad049c322b569cbf62bd27c6123651a1fc1fa35b",
    "start_utc": 1800001800,
    "virtual_time": false,
    "warmup_secs": 5,
    "workload": "metadata"
  },
  "platform": "windows",
  "process_id": 17428,
  "samples": [
    {
      "active_tokens": 0,
      "frame": 1,
      "live_rows": 250,
      "native": {
        "cpu_seconds": 9.609375,
        "handles": 114,
        "io_read_bytes": 379256948,
        "io_write_bytes": 34936452,
        "io_write_operations": 16211,
        "private_bytes": 7581696,
        "working_set_bytes": 16736256
      },
      "token_bytes": 0,
      "virtual_utc": 1800001806,
      "wal_bytes": 4140632,
      "wall_secs": 0.0188868
    },
    {
      "active_tokens": 0,
      "frame": 2,
      "live_rows": 250,
      "native": {
        "cpu_seconds": 9.625,
        "handles": 114,
        "io_read_bytes": 379261044,
        "io_write_bytes": 35035332,
        "io_write_operations": 16259,
        "private_bytes": 6365184,
        "working_set_bytes": 15986688
      },
      "token_bytes": 0,
      "virtual_utc": 1800001807,
      "wal_bytes": 4140632,
      "wall_secs": 1.0172528
    },
    {
      "active_tokens": 0,
      "frame": 3,
      "live_rows": 250,
      "native": {
        "cpu_seconds": 9.640625,
        "handles": 114,
        "io_read_bytes": 379261044,
        "io_write_bytes": 35134212,
        "io_write_operations": 16307,
        "private_bytes": 7569408,
        "working_set_bytes": 16269312
      },
      "token_bytes": 0,
      "virtual_utc": 1800001808,
      "wal_bytes": 4140632,
      "wall_secs": 2.0193752
    },
    {
      "active_tokens": 0,
      "frame": 4,
      "live_rows": 250,
      "native": {
        "cpu_seconds": 9.65625,
        "handles": 114,
        "io_read_bytes": 379261044,
        "io_write_bytes": 35233092,
        "io_write_operations": 16355,
        "private_bytes": 7581696,
        "working_set_bytes": 16605184
      },
      "token_bytes": 0,
      "virtual_utc": 1800001809,
      "wal_bytes": 4140632,
      "wall_secs": 3.0185653
    },
    {
      "active_tokens": 0,
      "frame": 5,
      "live_rows": 250,
      "native": {
        "cpu_seconds": 9.671875,
        "handles": 114,
        "io_read_bytes": 379392316,
        "io_write_bytes": 35331972,
        "io_write_operations": 16403,
        "private_bytes": 6950912,
        "working_set_bytes": 16613376
      },
      "token_bytes": 0,
      "virtual_utc": 1800001810,
      "wal_bytes": 4140632,
      "wall_secs": 4.0103204
    },
    {
      "active_tokens": 0,
      "frame": 6,
      "live_rows": 250,
      "native": {
        "cpu_seconds": 9.6875,
        "handles": 114,
        "io_read_bytes": 379392316,
        "io_write_bytes": 35430852,
        "io_write_operations": 16451,
        "private_bytes": 7581696,
        "working_set_bytes": 17125376
      },
      "token_bytes": 0,
      "virtual_utc": 1800001811,
      "wal_bytes": 4140632,
      "wall_secs": 5.0174132
    },
    {
      "active_tokens": 0,
      "frame": 7,
      "live_rows": 250,
      "native": {
        "cpu_seconds": 9.71875,
        "handles": 114,
        "io_read_bytes": 379392316,
        "io_write_bytes": 35529732,
        "io_write_operations": 16499,
        "private_bytes": 7487488,
        "working_set_bytes": 16744448
      },
      "token_bytes": 0,
      "virtual_utc": 1800001812,
      "wal_bytes": 4140632,
      "wall_secs": 6.0175188
    },
    {
      "active_tokens": 0,
      "frame": 8,
      "live_rows": 250,
      "native": {
        "cpu_seconds": 9.75,
        "handles": 114,
        "io_read_bytes": 379392316,
        "io_write_bytes": 35628612,
        "io_write_operations": 16547,
        "private_bytes": 6823936,
        "working_set_bytes": 16637952
      },
      "token_bytes": 0,
      "virtual_utc": 1800001813,
      "wal_bytes": 4140632,
      "wall_secs": 7.0082527
    },
    {
      "active_tokens": 0,
      "frame": 9,
      "live_rows": 250,
      "native": {
        "cpu_seconds": 9.765625,
        "handles": 114,
        "io_read_bytes": 379392316,
        "io_write_bytes": 35727492,
        "io_write_operations": 16595,
        "private_bytes": 7548928,
        "working_set_bytes": 16990208
      },
      "token_bytes": 0,
      "virtual_utc": 1800001814,
      "wal_bytes": 4140632,
      "wall_secs": 8.0202289
    },
    {
      "active_tokens": 0,
      "frame": 10,
      "live_rows": 250,
      "native": {
        "cpu_seconds": 9.78125,
        "handles": 114,
        "io_read_bytes": 379523588,
        "io_write_bytes": 35826372,
        "io_write_operations": 16643,
        "private_bytes": 6819840,
        "working_set_bytes": 16588800
      },
      "token_bytes": 0,
      "virtual_utc": 1800001815,
      "wal_bytes": 4140632,
      "wall_secs": 9.0177307
    },
    {
      "active_tokens": 0,
      "frame": 11,
      "live_rows": 250,
      "native": {
        "cpu_seconds": 9.8125,
        "handles": 114,
        "io_read_bytes": 379523588,
        "io_write_bytes": 35925252,
        "io_write_operations": 16691,
        "private_bytes": 7634944,
        "working_set_bytes": 17186816
      },
      "token_bytes": 0,
      "virtual_utc": 1800001816,
      "wal_bytes": 4140632,
      "wall_secs": 10.0185666
    },
    {
      "active_tokens": 0,
      "frame": 12,
      "live_rows": 250,
      "native": {
        "cpu_seconds": 9.84375,
        "handles": 114,
        "io_read_bytes": 379523588,
        "io_write_bytes": 36024132,
        "io_write_operations": 16739,
        "private_bytes": 7847936,
        "working_set_bytes": 17362944
      },
      "token_bytes": 0,
      "virtual_utc": 1800001817,
      "wal_bytes": 4140632,
      "wall_secs": 11.0187916
    },
    {
      "active_tokens": 0,
      "frame": 13,
      "live_rows": 250,
      "native": {
        "cpu_seconds": 9.859375,
        "handles": 114,
        "io_read_bytes": 379523588,
        "io_write_bytes": 36123012,
        "io_write_operations": 16787,
        "private_bytes": 7245824,
        "working_set_bytes": 16871424
      },
      "token_bytes": 0,
      "virtual_utc": 1800001818,
      "wal_bytes": 4140632,
      "wall_secs": 12.0176194
    },
    {
      "active_tokens": 0,
      "frame": 14,
      "live_rows": 250,
      "native": {
        "cpu_seconds": 9.90625,
        "handles": 114,
        "io_read_bytes": 379982340,
        "io_write_bytes": 36680644,
        "io_write_operations": 16947,
        "private_bytes": 6807552,
        "working_set_bytes": 16543744
      },
      "token_bytes": 0,
      "virtual_utc": 1800001819,
      "wal_bytes": 4173592,
      "wall_secs": 13.0216317
    },
    {
      "active_tokens": 0,
      "frame": 15,
      "live_rows": 250,
      "native": {
        "cpu_seconds": 9.921875,
        "handles": 114,
        "io_read_bytes": 380113612,
        "io_write_bytes": 36779556,
        "io_write_operations": 16996,
        "private_bytes": 7376896,
        "working_set_bytes": 17027072
      },
      "token_bytes": 0,
      "virtual_utc": 1800001820,
      "wal_bytes": 4173592,
      "wall_secs": 14.0128634
    },
    {
      "active_tokens": 0,
      "frame": 16,
      "live_rows": 250,
      "native": {
        "cpu_seconds": 9.9375,
        "handles": 114,
        "io_read_bytes": 380113612,
        "io_write_bytes": 36878436,
        "io_write_operations": 17044,
        "private_bytes": 7749632,
        "working_set_bytes": 17436672
      },
      "token_bytes": 0,
      "virtual_utc": 1800001821,
      "wal_bytes": 4173592,
      "wall_secs": 15.0176241
    },
    {
      "active_tokens": 0,
      "frame": 17,
      "live_rows": 250,
      "native": {
        "cpu_seconds": 9.96875,
        "handles": 114,
        "io_read_bytes": 380113612,
        "io_write_bytes": 36977316,
        "io_write_operations": 17092,
        "private_bytes": 6172672,
        "working_set_bytes": 16097280
      },
      "token_bytes": 0,
      "virtual_utc": 1800001822,
      "wal_bytes": 4173592,
      "wall_secs": 16.0196482
    },
    {
      "active_tokens": 0,
      "frame": 18,
      "live_rows": 250,
      "native": {
        "cpu_seconds": 9.984375,
        "handles": 114,
        "io_read_bytes": 380113612,
        "io_write_bytes": 37076196,
        "io_write_operations": 17140,
        "private_bytes": 7749632,
        "working_set_bytes": 16945152
      },
      "token_bytes": 0,
      "virtual_utc": 1800001823,
      "wal_bytes": 4173592,
      "wall_secs": 17.0185113
    },
    {
      "active_tokens": 0,
      "frame": 19,
      "live_rows": 250,
      "native": {
        "cpu_seconds": 10.0,
        "handles": 114,
        "io_read_bytes": 380113612,
        "io_write_bytes": 37175076,
        "io_write_operations": 17188,
        "private_bytes": 6602752,
        "working_set_bytes": 16441344
      },
      "token_bytes": 0,
      "virtual_utc": 1800001824,
      "wal_bytes": 4173592,
      "wall_secs": 18.0188178
    },
    {
      "active_tokens": 0,
      "frame": 20,
      "live_rows": 250,
      "native": {
        "cpu_seconds": 10.015625,
        "handles": 114,
        "io_read_bytes": 380244884,
        "io_write_bytes": 37273956,
        "io_write_operations": 17236,
        "private_bytes": 7000064,
        "working_set_bytes": 16793600
      },
      "token_bytes": 0,
      "virtual_utc": 1800001825,
      "wal_bytes": 4173592,
      "wall_secs": 19.0223916
    },
    {
      "active_tokens": 0,
      "frame": 21,
      "live_rows": 250,
      "native": {
        "cpu_seconds": 10.03125,
        "handles": 114,
        "io_read_bytes": 380244884,
        "io_write_bytes": 37372836,
        "io_write_operations": 17284,
        "private_bytes": 7630848,
        "working_set_bytes": 16965632
      },
      "token_bytes": 0,
      "virtual_utc": 1800001826,
      "wal_bytes": 4173592,
      "wall_secs": 20.0183972
    },
    {
      "active_tokens": 0,
      "frame": 22,
      "live_rows": 250,
      "native": {
        "cpu_seconds": 10.0625,
        "handles": 114,
        "io_read_bytes": 380244884,
        "io_write_bytes": 37471716,
        "io_write_operations": 17332,
        "private_bytes": 6885376,
        "working_set_bytes": 16715776
      },
      "token_bytes": 0,
      "virtual_utc": 1800001827,
      "wal_bytes": 4173592,
      "wall_secs": 21.0189125
    },
    {
      "active_tokens": 0,
      "frame": 23,
      "live_rows": 250,
      "native": {
        "cpu_seconds": 10.078125,
        "handles": 114,
        "io_read_bytes": 380244884,
        "io_write_bytes": 37570596,
        "io_write_operations": 17380,
        "private_bytes": 6758400,
        "working_set_bytes": 16527360
      },
      "token_bytes": 0,
      "virtual_utc": 1800001828,
      "wal_bytes": 4173592,
      "wall_secs": 22.0188242
    },
    {
      "active_tokens": 0,
      "frame": 24,
      "live_rows": 250,
      "native": {
        "cpu_seconds": 10.09375,
        "handles": 114,
        "io_read_bytes": 380244884,
        "io_write_bytes": 37669476,
        "io_write_operations": 17428,
        "private_bytes": 7589888,
        "working_set_bytes": 17092608
      },
      "token_bytes": 0,
      "virtual_utc": 1800001829,
      "wal_bytes": 4173592,
      "wall_secs": 23.0191433
    },
    {
      "active_tokens": 0,
      "frame": 25,
      "live_rows": 250,
      "native": {
        "cpu_seconds": 10.109375,
        "handles": 114,
        "io_read_bytes": 380376156,
        "io_write_bytes": 37768356,
        "io_write_operations": 17476,
        "private_bytes": 7720960,
        "working_set_bytes": 16932864
      },
      "token_bytes": 0,
      "virtual_utc": 1800001830,
      "wal_bytes": 4173592,
      "wall_secs": 24.0221672
    },
    {
      "active_tokens": 0,
      "frame": 26,
      "live_rows": 250,
      "native": {
        "cpu_seconds": 10.140625,
        "handles": 114,
        "io_read_bytes": 380376156,
        "io_write_bytes": 37867236,
        "io_write_operations": 17524,
        "private_bytes": 7696384,
        "working_set_bytes": 17035264
      },
      "token_bytes": 0,
      "virtual_utc": 1800001831,
      "wal_bytes": 4173592,
      "wall_secs": 25.0180428
    },
    {
      "active_tokens": 0,
      "frame": 27,
      "live_rows": 250,
      "native": {
        "cpu_seconds": 10.15625,
        "handles": 114,
        "io_read_bytes": 380376156,
        "io_write_bytes": 37966116,
        "io_write_operations": 17572,
        "private_bytes": 6918144,
        "working_set_bytes": 16826368
      },
      "token_bytes": 0,
      "virtual_utc": 1800001832,
      "wal_bytes": 4173592,
      "wall_secs": 26.0192909
    },
    {
      "active_tokens": 0,
      "frame": 28,
      "live_rows": 250,
      "native": {
        "cpu_seconds": 10.171875,
        "handles": 114,
        "io_read_bytes": 380376156,
        "io_write_bytes": 38073236,
        "io_write_operations": 17624,
        "private_bytes": 7741440,
        "working_set_bytes": 17326080
      },
      "token_bytes": 0,
      "virtual_utc": 1800001833,
      "wal_bytes": 4173592,
      "wall_secs": 27.0180365
    },
    {
      "active_tokens": 0,
      "frame": 29,
      "live_rows": 250,
      "native": {
        "cpu_seconds": 10.203125,
        "handles": 114,
        "io_read_bytes": 380376156,
        "io_write_bytes": 38180356,
        "io_write_operations": 17676,
        "private_bytes": 7589888,
        "working_set_bytes": 16527360
      },
      "token_bytes": 0,
      "virtual_utc": 1800001834,
      "wal_bytes": 4173592,
      "wall_secs": 28.0182133
    },
    {
      "active_tokens": 0,
      "frame": 30,
      "live_rows": 250,
      "native": {
        "cpu_seconds": 10.234375,
        "handles": 114,
        "io_read_bytes": 380507428,
        "io_write_bytes": 38287476,
        "io_write_operations": 17728,
        "private_bytes": 7733248,
        "working_set_bytes": 17154048
      },
      "token_bytes": 0,
      "virtual_utc": 1800001835,
      "wal_bytes": 4173592,
      "wall_secs": 29.0219765
    }
  ],
  "schedule_lag_frames_max": 0,
  "schema_version": 1,
  "simulated_secs": 30,
  "spool_write_bytes": null,
  "sqlite_application_file_write_bytes": 3449904,
  "sqlite_xwrite": {
    "db_bytes": 458752,
    "failed_calls": 0,
    "other_sqlite_file_bytes": 0,
    "successful_calls": 1565,
    "wal_bytes": 2991152
  },
  "synchronous": "FULL",
  "tables_and_indexes": {
    "dbstat_available": true,
    "objects": [
      {
        "bytes": 4096,
        "bytes_per_row": null,
        "kind": "table",
        "name": "alert_event",
        "rows": 0,
        "table": "alert_event"
      },
      {
        "bytes": 4096,
        "bytes_per_row": 585.1428571428571,
        "kind": "table",
        "name": "alert_instance",
        "rows": 7,
        "table": "alert_instance"
      },
      {
        "bytes": 4096,
        "bytes_per_row": null,
        "kind": "index",
        "name": "alert_instance_active_uniq",
        "rows": null,
        "table": "alert_instance"
      },
      {
        "bytes": 4096,
        "bytes_per_row": null,
        "kind": "index",
        "name": "alert_instance_identity",
        "rows": null,
        "table": "alert_instance"
      },
      {
        "bytes": 4096,
        "bytes_per_row": 585.1428571428571,
        "kind": "table",
        "name": "alert_rule",
        "rows": 7,
        "table": "alert_rule"
      },
      {
        "bytes": 4096,
        "bytes_per_row": null,
        "kind": "table",
        "name": "backup_manifest",
        "rows": 0,
        "table": "backup_manifest"
      },
      {
        "bytes": 4096,
        "bytes_per_row": 4096.0,
        "kind": "table",
        "name": "bundle_epoch",
        "rows": 1,
        "table": "bundle_epoch"
      },
      {
        "bytes": 4096,
        "bytes_per_row": 113.77777777777777,
        "kind": "table",
        "name": "committed_bundle",
        "rows": 36,
        "table": "committed_bundle"
      },
      {
        "bytes": 16384,
        "bytes_per_row": 32.768,
        "kind": "table",
        "name": "connection_chain",
        "rows": 500,
        "table": "connection_chain"
      },
      {
        "bytes": 12288,
        "bytes_per_row": 49.152,
        "kind": "table",
        "name": "connection_minute",
        "rows": 250,
        "table": "connection_minute"
      },
      {
        "bytes": 16384,
        "bytes_per_row": 65.536,
        "kind": "table",
        "name": "connection_session",
        "rows": 250,
        "table": "connection_session"
      },
      {
        "bytes": 16384,
        "bytes_per_row": 65.536,
        "kind": "table",
        "name": "connection_session_attr",
        "rows": 250,
        "table": "connection_session_attr"
      },
      {
        "bytes": 12288,
        "bytes_per_row": null,
        "kind": "index",
        "name": "connection_session_identity",
        "rows": null,
        "table": "connection_session"
      },
      {
        "bytes": 4096,
        "bytes_per_row": 4096.0,
        "kind": "table",
        "name": "controller_epoch",
        "rows": 1,
        "table": "controller_epoch"
      },
      {
        "bytes": 4096,
        "bytes_per_row": null,
        "kind": "table",
        "name": "coverage_daily",
        "rows": 0,
        "table": "coverage_daily"
      },
      {
        "bytes": 4096,
        "bytes_per_row": 4096.0,
        "kind": "table",
        "name": "coverage_interval",
        "rows": 1,
        "table": "coverage_interval"
      },
      {
        "bytes": 4096,
        "bytes_per_row": 4096.0,
        "kind": "table",
        "name": "data_version",
        "rows": 1,
        "table": "data_version"
      },
      {
        "bytes": 12288,
        "bytes_per_row": 60.83168316831683,
        "kind": "table",
        "name": "dimension_dict",
        "rows": 202,
        "table": "dimension_dict"
      },
      {
        "bytes": 12288,
        "bytes_per_row": null,
        "kind": "index",
        "name": "dimension_dict_value",
        "rows": null,
        "table": "dimension_dict"
      },
      {
        "bytes": 4096,
        "bytes_per_row": null,
        "kind": "index",
        "name": "idx_alert_event_retention",
        "rows": null,
        "table": "alert_event"
      },
      {
        "bytes": 4096,
        "bytes_per_row": null,
        "kind": "index",
        "name": "idx_alert_instance_center",
        "rows": null,
        "table": "alert_instance"
      },
      {
        "bytes": 4096,
        "bytes_per_row": null,
        "kind": "index",
        "name": "idx_connection_minute_session",
        "rows": null,
        "table": "connection_minute"
      },
      {
        "bytes": 4096,
        "bytes_per_row": null,
        "kind": "index",
        "name": "idx_connection_session_started",
        "rows": null,
        "table": "connection_session"
      },
      {
        "bytes": 4096,
        "bytes_per_row": null,
        "kind": "index",
        "name": "idx_coverage_sample_tail",
        "rows": null,
        "table": "coverage_interval"
      },
      {
        "bytes": 4096,
        "bytes_per_row": null,
        "kind": "index",
        "name": "idx_daily_core_category",
        "rows": null,
        "table": "traffic_daily_core"
      },
      {
        "bytes": 4096,
        "bytes_per_row": null,
        "kind": "index",
        "name": "idx_daily_core_day",
        "rows": null,
        "table": "traffic_daily_core"
      },
      {
        "bytes": 4096,
        "bytes_per_row": null,
        "kind": "index",
        "name": "idx_daily_dim_lookup",
        "rows": null,
        "table": "traffic_daily_dimension"
      },
      {
        "bytes": 4096,
        "bytes_per_row": null,
        "kind": "index",
        "name": "idx_daily_dimension_category",
        "rows": null,
        "table": "traffic_daily_dimension"
      },
      {
        "bytes": 4096,
        "bytes_per_row": null,
        "kind": "index",
        "name": "idx_daily_dimension_identity",
        "rows": null,
        "table": "traffic_daily_dimension"
      },
      {
        "bytes": 4096,
        "bytes_per_row": null,
        "kind": "index",
        "name": "idx_hourly_category",
        "rows": null,
        "table": "traffic_hourly_dimension"
      },
      {
        "bytes": 4096,
        "bytes_per_row": null,
        "kind": "index",
        "name": "idx_hourly_dim_lookup",
        "rows": null,
        "table": "traffic_hourly_dimension"
      },
      {
        "bytes": 4096,
        "bytes_per_row": null,
        "kind": "index",
        "name": "idx_hourly_dimension_identity",
        "rows": null,
        "table": "traffic_hourly_dimension"
      },
      {
        "bytes": 4096,
        "bytes_per_row": null,
        "kind": "index",
        "name": "idx_outbox_due",
        "rows": null,
        "table": "notification_outbox"
      },
      {
        "bytes": 4096,
        "bytes_per_row": null,
        "kind": "index",
        "name": "idx_outbox_lease",
        "rows": null,
        "table": "notification_outbox"
      },
      {
        "bytes": 28672,
        "bytes_per_row": null,
        "kind": "index",
        "name": "idx_report_archive_kind_start",
        "rows": null,
        "table": "report_archive"
      },
      {
        "bytes": 4096,
        "bytes_per_row": null,
        "kind": "index",
        "name": "idx_retention_build_member_session",
        "rows": null,
        "table": "retention_build_member"
      },
      {
        "bytes": 4096,
        "bytes_per_row": null,
        "kind": "index",
        "name": "idx_retention_coverage_source",
        "rows": null,
        "table": "coverage_interval"
      },
      {
        "bytes": 4096,
        "bytes_per_row": null,
        "kind": "index",
        "name": "idx_session_attr_category",
        "rows": null,
        "table": "connection_session_attr"
      },
      {
        "bytes": 4096,
        "bytes_per_row": null,
        "kind": "index",
        "name": "idx_session_attr_chain_identity",
        "rows": null,
        "table": "connection_session_attr"
      },
      {
        "bytes": 4096,
        "bytes_per_row": null,
        "kind": "index",
        "name": "idx_session_attr_host",
        "rows": null,
        "table": "connection_session_attr"
      },
      {
        "bytes": 4096,
        "bytes_per_row": null,
        "kind": "index",
        "name": "idx_session_attr_network",
        "rows": null,
        "table": "connection_session_attr"
      },
      {
        "bytes": 4096,
        "bytes_per_row": null,
        "kind": "index",
        "name": "idx_session_attr_process",
        "rows": null,
        "table": "connection_session_attr"
      },
      {
        "bytes": 4096,
        "bytes_per_row": null,
        "kind": "index",
        "name": "idx_session_attr_rule",
        "rows": null,
        "table": "connection_session_attr"
      },
      {
        "bytes": 4096,
        "bytes_per_row": null,
        "kind": "index",
        "name": "idx_session_attr_rule_group",
        "rows": null,
        "table": "connection_session_attr"
      },
      {
        "bytes": 4096,
        "bytes_per_row": null,
        "kind": "table",
        "name": "machine_setting",
        "rows": 0,
        "table": "machine_setting"
      },
      {
        "bytes": 4096,
        "bytes_per_row": null,
        "kind": "table",
        "name": "notification_outbox",
        "rows": 0,
        "table": "notification_outbox"
      },
      {
        "bytes": 2297856,
        "bytes_per_row": 2059.010752688172,
        "kind": "table",
        "name": "report_archive",
        "rows": 1116,
        "table": "report_archive"
      },
      {
        "bytes": 176128,
        "bytes_per_row": null,
        "kind": "index",
        "name": "report_archive_period_uniq",
        "rows": null,
        "table": "report_archive"
      },
      {
        "bytes": 4096,
        "bytes_per_row": null,
        "kind": "table",
        "name": "report_snapshot_meta",
        "rows": 0,
        "table": "report_snapshot_meta"
      },
      {
        "bytes": 4096,
        "bytes_per_row": null,
        "kind": "table",
        "name": "retention_build",
        "rows": 0,
        "table": "retention_build"
      },
      {
        "bytes": 4096,
        "bytes_per_row": null,
        "kind": "table",
        "name": "retention_build_aggregate",
        "rows": 0,
        "table": "retention_build_aggregate"
      },
      {
        "bytes": 4096,
        "bytes_per_row": null,
        "kind": "table",
        "name": "retention_build_member",
        "rows": 0,
        "table": "retention_build_member"
      },
      {
        "bytes": 4096,
        "bytes_per_row": null,
        "kind": "table",
        "name": "retention_state",
        "rows": 0,
        "table": "retention_state"
      },
      {
        "bytes": 4096,
        "bytes_per_row": 1024.0,
        "kind": "table",
        "name": "retention_watermark",
        "rows": 4,
        "table": "retention_watermark"
      },
      {
        "bytes": 4096,
        "bytes_per_row": 819.2,
        "kind": "table",
        "name": "schema_migration",
        "rows": 5,
        "table": "schema_migration"
      },
      {
        "bytes": 4096,
        "bytes_per_row": null,
        "kind": "index",
        "name": "sqlite_autoindex_alert_event_1",
        "rows": null,
        "table": "alert_event"
      },
      {
        "bytes": 4096,
        "bytes_per_row": null,
        "kind": "index",
        "name": "sqlite_autoindex_alert_event_2",
        "rows": null,
        "table": "alert_event"
      },
      {
        "bytes": 4096,
        "bytes_per_row": null,
        "kind": "index",
        "name": "sqlite_autoindex_alert_instance_1",
        "rows": null,
        "table": "alert_instance"
      },
      {
        "bytes": 4096,
        "bytes_per_row": null,
        "kind": "index",
        "name": "sqlite_autoindex_alert_rule_1",
        "rows": null,
        "table": "alert_rule"
      },
      {
        "bytes": 4096,
        "bytes_per_row": null,
        "kind": "index",
        "name": "sqlite_autoindex_committed_bundle_1",
        "rows": null,
        "table": "committed_bundle"
      },
      {
        "bytes": 12288,
        "bytes_per_row": null,
        "kind": "index",
        "name": "sqlite_autoindex_connection_chain_1",
        "rows": null,
        "table": "connection_chain"
      },
      {
        "bytes": 4096,
        "bytes_per_row": null,
        "kind": "index",
        "name": "sqlite_autoindex_connection_minute_1",
        "rows": null,
        "table": "connection_minute"
      },
      {
        "bytes": 4096,
        "bytes_per_row": null,
        "kind": "index",
        "name": "sqlite_autoindex_dimension_dict_1",
        "rows": null,
        "table": "dimension_dict"
      },
      {
        "bytes": 4096,
        "bytes_per_row": null,
        "kind": "index",
        "name": "sqlite_autoindex_machine_setting_1",
        "rows": null,
        "table": "machine_setting"
      },
      {
        "bytes": 4096,
        "bytes_per_row": null,
        "kind": "index",
        "name": "sqlite_autoindex_notification_outbox_1",
        "rows": null,
        "table": "notification_outbox"
      },
      {
        "bytes": 4096,
        "bytes_per_row": null,
        "kind": "index",
        "name": "sqlite_autoindex_notification_outbox_2",
        "rows": null,
        "table": "notification_outbox"
      },
      {
        "bytes": 57344,
        "bytes_per_row": null,
        "kind": "index",
        "name": "sqlite_autoindex_report_archive_1",
        "rows": null,
        "table": "report_archive"
      },
      {
        "bytes": 4096,
        "bytes_per_row": null,
        "kind": "index",
        "name": "sqlite_autoindex_report_snapshot_meta_1",
        "rows": null,
        "table": "report_snapshot_meta"
      },
      {
        "bytes": 4096,
        "bytes_per_row": null,
        "kind": "index",
        "name": "sqlite_autoindex_retention_build_aggregate_1",
        "rows": null,
        "table": "retention_build_aggregate"
      },
      {
        "bytes": 4096,
        "bytes_per_row": null,
        "kind": "index",
        "name": "sqlite_autoindex_retention_build_member_1",
        "rows": null,
        "table": "retention_build_member"
      },
      {
        "bytes": 4096,
        "bytes_per_row": null,
        "kind": "index",
        "name": "sqlite_autoindex_retention_state_1",
        "rows": null,
        "table": "retention_state"
      },
      {
        "bytes": 4096,
        "bytes_per_row": null,
        "kind": "index",
        "name": "sqlite_autoindex_retention_watermark_1",
        "rows": null,
        "table": "retention_watermark"
      },
      {
        "bytes": 4096,
        "bytes_per_row": null,
        "kind": "index",
        "name": "sqlite_autoindex_target_item_1",
        "rows": null,
        "table": "target_item"
      },
      {
        "bytes": 4096,
        "bytes_per_row": null,
        "kind": "index",
        "name": "sqlite_autoindex_traffic_daily_core_1",
        "rows": null,
        "table": "traffic_daily_core"
      },
      {
        "bytes": 4096,
        "bytes_per_row": null,
        "kind": "index",
        "name": "sqlite_autoindex_traffic_daily_dimension_1",
        "rows": null,
        "table": "traffic_daily_dimension"
      },
      {
        "bytes": 4096,
        "bytes_per_row": null,
        "kind": "index",
        "name": "sqlite_autoindex_traffic_hourly_dimension_1",
        "rows": null,
        "table": "traffic_hourly_dimension"
      },
      {
        "bytes": 4096,
        "bytes_per_row": 4096.0,
        "kind": "table",
        "name": "target_item",
        "rows": 1,
        "table": "target_item"
      },
      {
        "bytes": 4096,
        "bytes_per_row": 4096.0,
        "kind": "table",
        "name": "target_set",
        "rows": 1,
        "table": "target_set"
      },
      {
        "bytes": 4096,
        "bytes_per_row": null,
        "kind": "table",
        "name": "traffic_daily_core",
        "rows": 0,
        "table": "traffic_daily_core"
      },
      {
        "bytes": 4096,
        "bytes_per_row": null,
        "kind": "table",
        "name": "traffic_daily_dimension",
        "rows": 0,
        "table": "traffic_daily_dimension"
      },
      {
        "bytes": 4096,
        "bytes_per_row": null,
        "kind": "table",
        "name": "traffic_hourly_dimension",
        "rows": 0,
        "table": "traffic_hourly_dimension"
      }
    ]
  },
  "traffic": {
    "conserved": true,
    "expected_added_download": 351690,
    "expected_added_upload": 104820,
    "final_download": 410305,
    "final_upload": 122290,
    "initial_download": 58615,
    "initial_upload": 17470
  },
  "warmup_wall_secs": 5.0002947,
  "writer_rows_changed": 52830
}
