    Checking windows-link v0.2.1
    Checking serde_core v1.0.229
    Checking zerofrom v0.1.8
    Checking stable_deref_trait v1.2.1
    Checking windows-link v0.1.3
    Checking cfg-if v1.0.4
    Checking itoa v1.0.18
    Checking smallvec v1.16.0
    Checking memchr v2.8.3
    Checking writeable v0.6.4
    Checking litemap v0.8.3
    Checking bytes v1.12.1
    Checking utf8_iter v1.0.4
    Checking thiserror v2.0.20
    Checking pin-project-lite v0.2.17
    Checking icu_properties_data v2.3.0
    Checking icu_normalizer_data v2.3.0
    Checking log v0.4.34
    Checking foldhash v0.2.0
    Checking zmij v1.0.23
    Checking percent-encoding v2.3.2
    Checking raw-window-handle v0.6.2
    Checking num-conv v0.2.2
    Checking time-core v0.1.9
    Checking windows-sys v0.61.2
    Checking powerfmt v0.2.0
    Checking yoke v0.8.3
    Checking windows-version v0.1.7
    Checking windows-result v0.3.4
    Checking windows-strings v0.4.2
    Checking windows-threading v0.1.0
    Checking alloc-no-stdlib v2.0.4
    Checking unic-char-range v0.9.0
    Checking once_cell v1.21.4
    Checking unic-common v0.9.0
    Checking regex-syntax v0.8.11
    Checking aho-corasick v1.1.5
    Checking thiserror v1.0.69
    Checking typeid v1.0.3
    Checking http v1.5.0
    Checking hashbrown v0.17.1
    Checking crossbeam-utils v0.8.22
    Checking form_urlencoded v1.2.2
    Checking winnow v1.0.4
    Checking unicode-segmentation v1.13.3
    Checking siphasher v1.0.3
    Checking equivalent v1.0.2
    Checking fnv v1.0.7
    Checking byteorder v1.5.0
    Checking zerovec v0.11.8
    Checking zerotrie v0.2.5
    Checking quick-xml v0.41.0
    Checking alloc-stdlib v0.2.4
    Checking unic-char-property v0.9.0
    Checking windows-core v0.61.2
    Checking serde v1.0.229
    Checking deranged v0.5.8
    Checking serde_json v1.0.151
    Checking bitflags v2.13.1
    Checking unic-ucd-version v0.9.0
    Checking uuid v1.26.0
    Checking erased-serde v0.4.10
    Checking phf_shared v0.13.1
    Checking toml_datetime v1.1.1+spec-1.1.0
    Checking crossbeam-channel v0.5.16
    Checking toml_parser v1.1.3+spec-1.1.0
    Checking indexmap v2.14.1
    Checking serde_spanned v1.1.1
    Checking scopeguard v1.2.0
    Checking dunce v1.0.5
    Checking brotli-decompressor v5.0.3
    Checking toml_writer v1.1.2+spec-1.1.0
    Checking base64 v0.22.1
    Checking parking_lot_core v0.9.12
    Checking tinystr v0.8.4
    Checking potential_utf v0.1.6
    Checking unic-ucd-ident v0.9.0
    Checking anyhow v1.0.104
    Checking phf v0.13.1
    Checking windows-future v0.2.1
    Checking windows-collections v0.2.0
    Checking windows-numerics v0.2.0
    Checking regex-automata v0.4.18
    Checking cfb v0.7.3
    Checking dpi v0.1.2
    Checking serde-untagged v0.1.9
    Checking lock_api v0.4.14
    Checking windows_x86_64_msvc v0.52.6
    Checking serde_with v3.22.0
    Checking getrandom v0.3.4
    Checking toml v1.1.5+spec-1.1.0
    Checking jsonptr v0.6.3
    Checking ctor v0.8.0
    Checking semver v1.0.28
    Checking icu_collections v2.3.0
    Checking time v0.3.55
    Checking typenum v1.20.1
    Checking icu_locale_core v2.3.0
    Checking tracing-core v0.1.36
    Checking glob v0.3.4
    Checking libc v0.2.189
    Checking keyboard-types v0.7.0
    Checking option-ext v0.2.0
    Checking windows v0.61.3
    Checking brotli v8.0.4
    Checking windows-targets v0.52.6
    Checking rand_core v0.10.1
    Checking parking_lot v0.12.5
    Checking cpufeatures v0.3.1
    Checking infer v0.19.0
    Checking futures-core v0.3.34
    Checking serialize-to-javascript v0.1.2
    Checking json-patch v3.0.1
    Checking mime v0.3.17
    Checking heck v0.5.0
    Checking const-oid v0.10.2
    Checking zerocopy v0.8.56
    Checking tracing v0.1.44
    Checking windows_x86_64_msvc v0.53.1
    Checking windows-sys v0.59.0
    Checking httparse v1.10.1
    Checking winapi-util v0.1.11
    Checking socket2 v0.6.5
    Checking mio v1.2.3
    Checking dirs-sys v0.5.0
    Checking hybrid-array v0.4.14
    Checking getrandom v0.4.3
    Checking utf8parse v0.2.2
    Checking icu_provider v2.3.1
    Checking once_cell_polyfill v1.70.2
    Checking muda v0.19.3
    Checking anstyle v1.0.14
    Checking chacha20 v0.10.2
    Checking anstyle-query v1.1.5
    Checking winapi v0.3.9
    Checking regex v1.13.1
    Checking rand_core v0.9.5
    Checking windows-targets v0.53.5
    Checking softbuffer v0.4.8
    Checking http-body v1.1.0
    Checking same-file v1.0.6
    Checking dirs v6.0.0
    Checking try-lock v0.2.5
    Checking anstyle-parse v1.0.0
    Checking is_terminal_polyfill v1.70.2
    Checking colorchoice v1.0.5
    Checking cookie v0.18.2
    Checking tokio v1.53.1
    Checking plist v1.10.0
    Checking icu_properties v2.3.0
    Checking icu_normalizer v2.3.0
    Checking crypto-common v0.2.2
    Checking block-buffer v0.12.1
    Checking window-vibrancy v0.6.0
    Checking anstyle-wincon v3.0.11
    Checking windows-sys v0.60.2
    Checking rand v0.10.2
    Checking futures-channel v0.3.34
    Checking walkdir v2.5.0
    Checking data-encoding v2.11.1
    Checking futures-sink v0.3.34
    Checking want v0.3.1
    Checking futures-task v0.3.34
    Checking tray-icon v0.24.2
    Checking clap_lex v1.1.0
    Checking httpdate v1.0.3
    Checking slab v0.4.12
    Checking winreg v0.10.1
    Checking strsim v0.11.1
    Checking atomic-waker v1.1.2
    Checking libsqlite3-sys v0.38.2
    Checking num-traits v0.2.19
    Checking anstream v1.0.0
    Checking hashlink v0.12.1
   Compiling residential-monitor v0.3.0 (D:\Documents\Code\Github\clash-verge-ai-residential\residential-monitor\src-tauri)
    Checking fallible-iterator v0.3.0
    Checking fallible-streaming-iterator v0.1.9
    Checking digest v0.11.3
    Checking http-body-util v0.1.5
    Checking hex v0.4.3
    Checking fastrand v2.5.0
    Checking futures-util v0.3.34
    Checking idna_adapter v1.2.2
    Checking auto-launch v0.5.0
    Checking ppv-lite86 v0.2.21
    Checking clap_builder v4.6.6
    Checking rusqlite v0.40.2
    Checking sha1 v0.11.0
    Checking sha2 v0.11.0
    Checking chrono v0.4.45
    Checking tempfile v3.27.0
    Checking idna v1.1.0
    Checking rfd v0.16.0
    Checking rand_chacha v0.9.0
    Checking tungstenite v0.30.0
    Checking url v2.5.8
    Checking rand v0.9.5
    Checking clap v4.6.6
    Checking urlpattern v0.3.0
    Checking hyper v1.11.1
    Checking tokio-tungstenite v0.30.0
    Checking tauri-utils v2.9.3
    Checking hyper-util v0.1.20
mbx[progress]: 15s elapsed; 0 hits, 0 misses, 0 bypassed, 204 not looked up; ~0s compiler work saved
    Checking webview2-com-sys v0.38.2
    Checking tao v0.35.3
    Checking tauri-winrt-notification v0.7.3
    Checking notify-rust v4.18.0
    Checking webview2-com v0.38.2
    Checking tauri-runtime v2.11.3
    Checking wry v0.55.1
    Checking tauri-runtime-wry v2.11.4
    Checking tauri v2.11.5
mbx[progress]: 30s elapsed; 0 hits, 0 misses, 0 bypassed, 213 not looked up; ~0s compiler work saved
    Checking tauri-plugin-fs v2.5.2
    Checking tauri-plugin-notification v2.4.0
    Checking tauri-plugin-autostart v2.5.1
    Checking tauri-plugin-dialog v2.7.3
mbx[warning]: result was not stored: compiler input was modified during compilation: C:\Users\lyh\AppData\Local\Temp\resiwatch-t05-20260930-q1lnvpml\candidate-target\x86_64-pc-windows-msvc\release\build\residential-monitor-a662e77c1fa31282\out\275eda49e673e7089b3c4c8440e4a4ba6f3d39d918b57de9e72aa04bb328a5f2
    Finished `release` profile [optimized] target(s) in 38.92s
mbx[cache]: 0 hits, 0 misses, 226 not looked up; 0 B downloaded, 0 B uploaded, 229.6 MiB stored locally
mbx[savings]: 35m 5s of compilation avoided across 946 builds. imagine the fan noise. now stop.
