    Fetching advisory database from `https://github.com/RustSec/advisory-db.git`
      Loaded 1277 security advisories (from C:\Users\lyh\.cargo\advisory-db)
    Updating crates.io index
    Scanning residential-monitor/src-tauri/Cargo.lock for vulnerabilities (536 crate dependencies)
Crate:     proc-macro-error
Version:   1.0.4
Warning:   unmaintained
Title:     proc-macro-error is unmaintained
Date:      2024-09-01
ID:        RUSTSEC-2024-0370
URL:       https://rustsec.org/advisories/RUSTSEC-2024-0370

Crate:     unic-char-property
Version:   0.9.0
Warning:   unmaintained
Title:     `unic-char-property` is unmaintained
Date:      2025-10-18
ID:        RUSTSEC-2025-0081
URL:       https://rustsec.org/advisories/RUSTSEC-2025-0081

Crate:     unic-char-range
Version:   0.9.0
Warning:   unmaintained
Title:     `unic-char-range` is unmaintained
Date:      2025-10-18
ID:        RUSTSEC-2025-0075
URL:       https://rustsec.org/advisories/RUSTSEC-2025-0075

Crate:     unic-common
Version:   0.9.0
Warning:   unmaintained
Title:     `unic-common` is unmaintained
Date:      2025-10-18
ID:        RUSTSEC-2025-0080
URL:       https://rustsec.org/advisories/RUSTSEC-2025-0080

Crate:     unic-ucd-ident
Version:   0.9.0
Warning:   unmaintained
Title:     `unic-ucd-ident` is unmaintained
Date:      2025-10-18
ID:        RUSTSEC-2025-0100
URL:       https://rustsec.org/advisories/RUSTSEC-2025-0100

Crate:     unic-ucd-version
Version:   0.9.0
Warning:   unmaintained
Title:     `unic-ucd-version` is unmaintained
Date:      2025-10-18
ID:        RUSTSEC-2025-0098
URL:       https://rustsec.org/advisories/RUSTSEC-2025-0098

Crate:     glib
Version:   0.18.5
Warning:   unsound
Title:     Unsoundness in `Iterator` and `DoubleEndedIterator` impls for `glib::VariantStrIter`
Date:      2024-03-30
ID:        RUSTSEC-2024-0429
URL:       https://rustsec.org/advisories/RUSTSEC-2024-0429

warning: 7 allowed warnings found
