npm warn install-scripts .npmrc allow-scripts setting is being ignored because package.json declares its own allowScripts field
{
  "auditReportVersion": 2,
  "vulnerabilities": {
    "brace-expansion": {
      "name": "brace-expansion",
      "severity": "high",
      "isDirect": false,
      "via": [
        {
          "source": 1240100,
          "name": "brace-expansion",
          "dependency": "brace-expansion",
          "title": "brace-expansion: Quadratic-time expansion of the `{a},b}` rewrite causes CPU denial of service",
          "url": "https://github.com/advisories/GHSA-q2hr-2g5m-vwhr",
          "severity": "moderate",
          "cwe": [
            "CWE-400",
            "CWE-407"
          ],
          "cvss": {
            "score": 5.3,
            "vectorString": "CVSS:3.1/AV:N/AC:L/PR:N/UI:N/S:U/C:N/I:N/A:L"
          },
          "range": "<1.1.21"
        },
        {
          "source": 1240103,
          "name": "brace-expansion",
          "dependency": "brace-expansion",
          "title": "brace-expansion: Quadratic-time expansion of the `{a},b}` rewrite causes CPU denial of service",
          "url": "https://github.com/advisories/GHSA-q2hr-2g5m-vwhr",
          "severity": "moderate",
          "cwe": [
            "CWE-400",
            "CWE-407"
          ],
          "cvss": {
            "score": 5.3,
            "vectorString": "CVSS:3.1/AV:N/AC:L/PR:N/UI:N/S:U/C:N/I:N/A:L"
          },
          "range": ">=4.0.0 <5.0.12"
        },
        {
          "source": 1240104,
          "name": "brace-expansion",
          "dependency": "brace-expansion",
          "title": "brace-expansion: DoS via uncontrolled recursion on nested brace groups causing stack exhaustion",
          "url": "https://github.com/advisories/GHSA-qhr7-859c-m2p7",
          "severity": "high",
          "cwe": [
            "CWE-400",
            "CWE-674"
          ],
          "cvss": {
            "score": 7.5,
            "vectorString": "CVSS:3.1/AV:N/AC:L/PR:N/UI:N/S:U/C:N/I:N/A:H"
          },
          "range": "<1.1.20"
        },
        {
          "source": 1240107,
          "name": "brace-expansion",
          "dependency": "brace-expansion",
          "title": "brace-expansion: DoS via uncontrolled recursion on nested brace groups causing stack exhaustion",
          "url": "https://github.com/advisories/GHSA-qhr7-859c-m2p7",
          "severity": "high",
          "cwe": [
            "CWE-400",
            "CWE-674"
          ],
          "cvss": {
            "score": 7.5,
            "vectorString": "CVSS:3.1/AV:N/AC:L/PR:N/UI:N/S:U/C:N/I:N/A:H"
          },
          "range": ">=4.0.0 <5.0.11"
        },
        {
          "source": 1240108,
          "name": "brace-expansion",
          "dependency": "brace-expansion",
          "title": "brace-expansion: DoS via uncontrolled recursion in parseCommaParts causing stack exhaustion",
          "url": "https://github.com/advisories/GHSA-6j4f-fj2g-mc7p",
          "severity": "high",
          "cwe": [
            "CWE-400",
            "CWE-674"
          ],
          "cvss": {
            "score": 7.5,
            "vectorString": "CVSS:3.1/AV:N/AC:L/PR:N/UI:N/S:U/C:N/I:N/A:H"
          },
          "range": "<1.1.19"
        },
        {
          "source": 1240111,
          "name": "brace-expansion",
          "dependency": "brace-expansion",
          "title": "brace-expansion: DoS via uncontrolled recursion in parseCommaParts causing stack exhaustion",
          "url": "https://github.com/advisories/GHSA-6j4f-fj2g-mc7p",
          "severity": "high",
          "cwe": [
            "CWE-400",
            "CWE-674"
          ],
          "cvss": {
            "score": 7.5,
            "vectorString": "CVSS:3.1/AV:N/AC:L/PR:N/UI:N/S:U/C:N/I:N/A:H"
          },
          "range": ">=4.0.0 <5.0.10"
        }
      ],
      "effects": [],
      "range": "<=1.1.20 || 4.0.0 - 5.0.11",
      "nodes": [
        "node_modules/@typescript-eslint/typescript-estree/node_modules/brace-expansion",
        "node_modules/brace-expansion"
      ],
      "fixAvailable": true
    },
    "js-yaml": {
      "name": "js-yaml",
      "severity": "high",
      "isDirect": false,
      "via": [
        {
          "source": 1193727,
          "name": "js-yaml",
          "dependency": "js-yaml",
          "title": "js-yaml: maxTotalMergeKeys does not limit CPU use for empty merge sources",
          "url": "https://github.com/advisories/GHSA-2883-xcg3-v3hh",
          "severity": "high",
          "cwe": [
            "CWE-400",
            "CWE-407"
          ],
          "cvss": {
            "score": 7.5,
            "vectorString": "CVSS:3.1/AV:N/AC:L/PR:N/UI:N/S:U/C:N/I:N/A:H"
          },
          "range": ">=4.0.0 <4.3.2"
        }
      ],
      "effects": [],
      "range": "4.0.0 - 4.3.1",
      "nodes": [
        "node_modules/js-yaml"
      ],
      "fixAvailable": true
    }
  },
  "metadata": {
    "vulnerabilities": {
      "info": 0,
      "low": 0,
      "moderate": 0,
      "high": 2,
      "critical": 0,
      "total": 2
    },
    "dependencies": {
      "prod": 98,
      "dev": 413,
      "optional": 87,
      "peer": 1,
      "peerOptional": 0,
      "total": 511
    }
  }
}
